[0.005s][info][gc,init] CardTable entry size: 512
[0.005s][info][gc     ] Using Parallel
[0.011s][info][gc,init] Version: 21.0.3+9-LTS (release)
[0.011s][info][gc,init] CPUs: 4 total, 4 available
[0.011s][info][gc,init] Memory: 15991M
[0.011s][info][gc,init] Large Page Support: Disabled
[0.011s][info][gc,init] NUMA Support: Disabled
[0.011s][info][gc,init] Compressed Oops: Enabled (Zero based)
[0.011s][info][gc,init] Alignments: Space 512K, Generation 512K, Heap 2M
[0.011s][info][gc,init] Heap Min Capacity: 2054M
[0.011s][info][gc,init] Heap Initial Capacity: 2054M
[0.011s][info][gc,init] Heap Max Capacity: 5G
[0.011s][info][gc,init] Pre-touch: Disabled
[0.011s][info][gc,init] Parallel Workers: 4
[0.021s][info][gc,metaspace] CDS archive(s) mapped at: [0x00007f026c000000-0x00007f026ccaa000-0x00007f026ccaa000), size 13279232, SharedBaseAddress: 0x00007f026c000000, ArchiveRelocationMode: 1.
[0.021s][info][gc,metaspace] Compressed class space mapped at: 0x00007f026d000000-0x00007f02ad000000, reserved size: 1073741824
[0.021s][info][gc,metaspace] Narrow klass base: 0x00007f026c000000, Narrow klass shift: 0, Narrow klass range: 0x100000000
[0.300s][info][safepoint   ] Safepoint "ICBufferFull", Time since last: 255093891 ns, Reaching safepoint: 87601 ns, Cleanup: 113501 ns, At safepoint: 15300 ns, Total: 216402 ns
[0.464s][info][safepoint   ] Safepoint "RedefineClasses", Time since last: 157784231 ns, Reaching safepoint: 3900 ns, Cleanup: 104901 ns, At safepoint: 5599144 ns, Total: 5707945 ns
[0.577s][info][safepoint   ] Safepoint "JFRCheckpoint", Time since last: 112805380 ns, Reaching safepoint: 78400 ns, Cleanup: 53101 ns, At safepoint: 12200 ns, Total: 143701 ns
[1.182s][info][safepoint   ] Safepoint "ICBufferFull", Time since last: 605242423 ns, Reaching safepoint: 3100 ns, Cleanup: 113301 ns, At safepoint: 7500 ns, Total: 123901 ns
[1.533s][info][safepoint   ] Safepoint "ICBufferFull", Time since last: 350199633 ns, Reaching safepoint: 82501 ns, Cleanup: 124401 ns, At safepoint: 8400 ns, Total: 215302 ns
[1.851s][info][gc,start    ] GC(0) Pause Young (Metadata GC Threshold)
[1.866s][debug][gc,phases   ] GC(0) Scavenge 14.962ms
[1.866s][debug][gc,ref      ] GC(0) ReferenceProcessor::execute queues: 3, RefProcThreadModel::Multi, marks_oops_alive: false
[1.867s][debug][gc,ref      ] GC(0) Skipped KeepAliveFinalRefsPhase of Reference Processing: no references
[1.867s][debug][gc,ref      ] GC(0) ReferenceProcessor::execute queues: 1, RefProcThreadModel::Single, marks_oops_alive: false
[1.867s][debug][gc,phases   ] GC(0) Reference Processing 0.267ms
[1.867s][debug][gc,phases   ] GC(0)   VM Weak                        Min:  0.0, Avg:  0.0, Max:  0.0, Diff:  0.0, Sum:  0.0, Workers: 4
[1.867s][debug][gc,phases   ] GC(0)     Dead                           Min: 0, Avg:  0.0, Max: 0, Diff: 0, Sum: 0, Workers: 4
[1.867s][debug][gc,phases   ] GC(0)     Total                          Min: 0, Avg: 62.2, Max: 249, Diff: 249, Sum: 249, Workers: 4
[1.867s][debug][gc,phases   ] GC(0)   ObjectSynchronizer Weak        Min:  0.0, Avg:  0.0, Max:  0.0, Diff:  0.0, Sum:  0.0, Workers: 4
[1.867s][debug][gc,phases   ] GC(0)     Dead                           Min: 0, Avg:  0.5, Max: 2, Diff: 2, Sum: 2, Workers: 4
[1.867s][debug][gc,phases   ] GC(0)     Total                          Min: 0, Avg:  2.5, Max: 10, Diff: 10, Sum: 10, Workers: 4
[1.867s][debug][gc,phases   ] GC(0)   JVMTI Tag Weak OopStorage      Min:  0.0, Avg:  0.0, Max:  0.0, Diff:  0.0, Sum:  0.0, Workers: 4
[1.867s][debug][gc,phases   ] GC(0)     Dead                           Min: 0, Avg:  0.0, Max: 0, Diff: 0, Sum: 0, Workers: 4
[1.867s][debug][gc,phases   ] GC(0)     Total                          Min: 0, Avg:  0.0, Max: 0, Diff: 0, Sum: 0, Workers: 4
[1.867s][debug][gc,phases   ] GC(0)   StringTable Weak               Min:  0.0, Avg:  0.0, Max:  0.1, Diff:  0.1, Sum:  0.2, Workers: 4
[1.867s][debug][gc,phases   ] GC(0)     Dead                           Min: 0, Avg:  7.5, Max: 16, Diff: 16, Sum: 30, Workers: 4
[1.867s][debug][gc,phases   ] GC(0)     Total                          Min: 0, Avg: 1895.8, Max: 3359, Diff: 3359, Sum: 7583, Workers: 4
[1.867s][debug][gc,phases   ] GC(0)   ResolvedMethodTable Weak       Min:  0.0, Avg:  0.0, Max:  0.0, Diff:  0.0, Sum:  0.1, Workers: 4
[1.867s][debug][gc,phases   ] GC(0)     Dead                           Min: 0, Avg: 87.8, Max: 152, Diff: 152, Sum: 351, Workers: 4
[1.867s][debug][gc,phases   ] GC(0)     Total                          Min: 0, Avg: 463.5, Max: 832, Diff: 832, Sum: 1854, Workers: 4
[1.867s][debug][gc,phases   ] GC(0)   JNI Weak                       Min:  0.0, Avg:  0.0, Max:  0.0, Diff:  0.0, Sum:  0.0, Workers: 4
[1.867s][debug][gc,phases   ] GC(0)     Dead                           Min: 0, Avg:  0.0, Max: 0, Diff: 0, Sum: 0, Workers: 4
[1.867s][debug][gc,phases   ] GC(0)     Total                          Min: 0, Avg: 12.0, Max: 48, Diff: 48, Sum: 48, Workers: 4
[1.867s][debug][gc,phases   ] GC(0)   StringDedup Table Weak         Min:  0.0, Avg:  0.0, Max:  0.0, Diff:  0.0, Sum:  0.0, Workers: 4
[1.867s][debug][gc,phases   ] GC(0)     Dead                           Min: 0, Avg:  0.0, Max: 0, Diff: 0, Sum: 0, Workers: 4
[1.867s][debug][gc,phases   ] GC(0)     Total                          Min: 0, Avg:  0.0, Max: 0, Diff: 0, Sum: 0, Workers: 4
[1.867s][debug][gc,phases   ] GC(0)   StringDedup Requests0 Weak     Min:  0.0, Avg:  0.0, Max:  0.0, Diff:  0.0, Sum:  0.0, Workers: 4
[1.867s][debug][gc,phases   ] GC(0)     Dead                           Min: 0, Avg:  0.0, Max: 0, Diff: 0, Sum: 0, Workers: 4
[1.867s][debug][gc,phases   ] GC(0)     Total                          Min: 0, Avg:  0.0, Max: 0, Diff: 0, Sum: 0, Workers: 4
[1.867s][debug][gc,phases   ] GC(0)   StringDedup Requests1 Weak     Min:  0.0, Avg:  0.0, Max:  0.0, Diff:  0.0, Sum:  0.0, Workers: 4
[1.867s][debug][gc,phases   ] GC(0)     Dead                           Min: 0, Avg:  0.0, Max: 0, Diff: 0, Sum: 0, Workers: 4
[1.867s][debug][gc,phases   ] GC(0)     Total                          Min: 0, Avg:  0.0, Max: 0, Diff: 0, Sum: 0, Workers: 4
[1.867s][debug][gc,phases   ] GC(0)   Weak JFR Old Object Samples    Min:  0.0, Avg:  0.0, Max:  0.0, Diff:  0.0, Sum:  0.0, Workers: 4
[1.867s][debug][gc,phases   ] GC(0)     Dead                           Min: 0, Avg:  0.0, Max: 0, Diff: 0, Sum: 0, Workers: 4
[1.867s][debug][gc,phases   ] GC(0)     Total                          Min: 0, Avg:  0.0, Max: 0, Diff: 0, Sum: 0, Workers: 4
[1.867s][debug][gc,phases   ] GC(0) Weak Processing 0.281ms
[1.867s][debug][gc,age      ] GC(0) Desired survivor size 536870912 bytes, new threshold 7 (max threshold 15)
[1.867s][info ][gc,heap     ] GC(0) PSYoungGen: 359863K(1572864K)->36630K(1572864K) Eden: 359863K(1048576K)->0K(1048576K) From: 0K(524288K)->36630K(524288K)
[1.867s][info ][gc,heap     ] GC(0) ParOldGen: 1054K(6144K)->1134K(6144K)
[1.867s][info ][gc,metaspace] GC(0) Metaspace: 21039K(21504K)->21039K(21504K) NonClass: 18690K(18944K)->18690K(18944K) Class: 2349K(2560K)->2349K(2560K)
[1.867s][info ][gc          ] GC(0) Pause Young (Metadata GC Threshold) 352M->36M(1542M) 15.877ms
[1.867s][info ][gc,cpu      ] GC(0) User=0.06s Sys=0.00s Real=0.02s
[1.867s][debug][gc,phases   ] GC(1) Pre Compact 0.012ms
[1.867s][info ][gc,start    ] GC(1) Pause Full (Metadata GC Threshold)
[1.867s][info ][gc,phases,start] GC(1) Marking Phase
[1.875s][debug][gc,phases      ] GC(1) Par Mark 8.426ms
[1.875s][debug][gc,ref         ] GC(1) ReferenceProcessor::execute queues: 1, RefProcThreadModel::Single, marks_oops_alive: false
[1.875s][debug][gc,ref         ] GC(1) ReferenceProcessor::execute queues: 4, RefProcThreadModel::Multi, marks_oops_alive: true
[1.876s][debug][gc,ref         ] GC(1) ReferenceProcessor::execute queues: 1, RefProcThreadModel::Single, marks_oops_alive: false
[1.876s][debug][gc,phases      ] GC(1) Reference Processing 0.125ms
[1.876s][debug][gc,phases      ] GC(1)   VM Weak                        Min:  0.0, Avg:  0.0, Max:  0.0, Diff:  0.0, Sum:  0.0, Workers: 4
[1.876s][debug][gc,phases      ] GC(1)     Dead                           Min: 0, Avg:  0.0, Max: 0, Diff: 0, Sum: 0, Workers: 4
[1.876s][debug][gc,phases      ] GC(1)     Total                          Min: 0, Avg: 62.2, Max: 128, Diff: 128, Sum: 249, Workers: 4
[1.876s][debug][gc,phases      ] GC(1)   ObjectSynchronizer Weak        Min:  0.0, Avg:  0.0, Max:  0.0, Diff:  0.0, Sum:  0.0, Workers: 4
[1.876s][debug][gc,phases      ] GC(1)     Dead                           Min: 0, Avg:  0.0, Max: 0, Diff: 0, Sum: 0, Workers: 4
[1.876s][debug][gc,phases      ] GC(1)     Total                          Min: 0, Avg:  2.5, Max: 10, Diff: 10, Sum: 10, Workers: 4
[1.876s][debug][gc,phases      ] GC(1)   JVMTI Tag Weak OopStorage      Min:  0.0, Avg:  0.0, Max:  0.0, Diff:  0.0, Sum:  0.0, Workers: 4
[1.876s][debug][gc,phases      ] GC(1)     Dead                           Min: 0, Avg:  0.0, Max: 0, Diff: 0, Sum: 0, Workers: 4
[1.876s][debug][gc,phases      ] GC(1)     Total                          Min: 0, Avg:  0.0, Max: 0, Diff: 0, Sum: 0, Workers: 4
[1.876s][debug][gc,phases      ] GC(1)   StringTable Weak               Min:  0.0, Avg:  0.0, Max:  0.0, Diff:  0.0, Sum:  0.1, Workers: 4
[1.876s][debug][gc,phases      ] GC(1)     Dead                           Min: 0, Avg:  0.0, Max: 0, Diff: 0, Sum: 0, Workers: 4
[1.876s][debug][gc,phases      ] GC(1)     Total                          Min: 0, Avg: 1895.8, Max: 2688, Diff: 2688, Sum: 7583, Workers: 4
[1.876s][debug][gc,phases      ] GC(1)   ResolvedMethodTable Weak       Min:  0.0, Avg:  0.0, Max:  0.0, Diff:  0.0, Sum:  0.0, Workers: 4
[1.876s][debug][gc,phases      ] GC(1)     Dead                           Min: 0, Avg:  0.0, Max: 0, Diff: 0, Sum: 0, Workers: 4
[1.876s][debug][gc,phases      ] GC(1)     Total                          Min: 0, Avg: 463.5, Max: 640, Diff: 640, Sum: 1854, Workers: 4
[1.876s][debug][gc,phases      ] GC(1)   JNI Weak                       Min:  0.0, Avg:  0.0, Max:  0.0, Diff:  0.0, Sum:  0.0, Workers: 4
[1.876s][debug][gc,phases      ] GC(1)     Dead                           Min: 0, Avg:  0.0, Max: 0, Diff: 0, Sum: 0, Workers: 4
[1.876s][debug][gc,phases      ] GC(1)     Total                          Min: 0, Avg: 12.0, Max: 48, Diff: 48, Sum: 48, Workers: 4
[1.876s][debug][gc,phases      ] GC(1)   StringDedup Table Weak         Min:  0.0, Avg:  0.0, Max:  0.0, Diff:  0.0, Sum:  0.0, Workers: 4
[1.876s][debug][gc,phases      ] GC(1)     Dead                           Min: 0, Avg:  0.0, Max: 0, Diff: 0, Sum: 0, Workers: 4
[1.876s][debug][gc,phases      ] GC(1)     Total                          Min: 0, Avg:  0.0, Max: 0, Diff: 0, Sum: 0, Workers: 4
[1.876s][debug][gc,phases      ] GC(1)   StringDedup Requests0 Weak     Min:  0.0, Avg:  0.0, Max:  0.0, Diff:  0.0, Sum:  0.0, Workers: 4
[1.876s][debug][gc,phases      ] GC(1)     Dead                           Min: 0, Avg:  0.0, Max: 0, Diff: 0, Sum: 0, Workers: 4
[1.876s][debug][gc,phases      ] GC(1)     Total                          Min: 0, Avg:  0.0, Max: 0, Diff: 0, Sum: 0, Workers: 4
[1.876s][debug][gc,phases      ] GC(1)   StringDedup Requests1 Weak     Min:  0.0, Avg:  0.0, Max:  0.0, Diff:  0.0, Sum:  0.0, Workers: 4
[1.876s][debug][gc,phases      ] GC(1)     Dead                           Min: 0, Avg:  0.0, Max: 0, Diff: 0, Sum: 0, Workers: 4
[1.876s][debug][gc,phases      ] GC(1)     Total                          Min: 0, Avg:  0.0, Max: 0, Diff: 0, Sum: 0, Workers: 4
[1.876s][debug][gc,phases      ] GC(1)   Weak JFR Old Object Samples    Min:  0.0, Avg:  0.0, Max:  0.0, Diff:  0.0, Sum:  0.0, Workers: 4
[1.876s][debug][gc,phases      ] GC(1)     Dead                           Min: 0, Avg:  0.0, Max: 0, Diff: 0, Sum: 0, Workers: 4
[1.876s][debug][gc,phases      ] GC(1)     Total                          Min: 0, Avg:  0.0, Max: 0, Diff: 0, Sum: 0, Workers: 4
[1.876s][debug][gc,phases      ] GC(1) Weak Processing 0.228ms
[1.876s][debug][gc,phases      ] GC(1) ClassLoaderData 0.009ms
[1.876s][debug][gc,phases      ] GC(1) Trigger cleanups 0.000ms
[1.881s][debug][gc,phases      ] GC(1) Class Unloading 5.376ms
[1.881s][debug][gc,phases      ] GC(1) Report Object Count 0.001ms
[1.881s][info ][gc,phases      ] GC(1) Marking Phase 14.210ms
[1.881s][info ][gc,phases,start] GC(1) Summary Phase
[1.881s][info ][gc,phases      ] GC(1) Summary Phase 0.006ms
[1.881s][info ][gc,phases,start] GC(1) Adjust Roots
[1.885s][info ][gc,phases      ] GC(1) Adjust Roots 4.253ms
[1.885s][info ][gc,phases,start] GC(1) Compaction Phase
[1.903s][info ][gc,phases      ] GC(1) Compaction Phase 17.585ms
[1.903s][info ][gc,phases,start] GC(1) Post Compact
[1.905s][info ][gc,phases      ] GC(1) Post Compact 1.523ms
[1.905s][info ][gc,heap        ] GC(1) PSYoungGen: 36630K(1572864K)->31409K(1572864K) Eden: 0K(1048576K)->0K(1048576K) From: 36630K(524288K)->31409K(524288K)
[1.905s][info ][gc,heap        ] GC(1) ParOldGen: 1134K(6144K)->6058K(6144K)
[1.905s][info ][gc,metaspace   ] GC(1) Metaspace: 21039K(21504K)->21039K(21504K) NonClass: 18690K(18944K)->18690K(18944K) Class: 2349K(2560K)->2349K(2560K)
[1.905s][info ][gc             ] GC(1) Pause Full (Metadata GC Threshold) 36M->36M(1542M) 37.691ms
[1.905s][info ][gc,cpu         ] GC(1) User=0.09s Sys=0.02s Real=0.03s
[1.905s][info ][safepoint      ] Safepoint "CollectForMetadataAllocation", Time since last: 318116782 ns, Reaching safepoint: 79601 ns, Cleanup: 91000 ns, At safepoint: 53681119 ns, Total: 53851720 ns
[2.286s][info ][safepoint      ] Safepoint "ICBufferFull", Time since last: 371642001 ns, Reaching safepoint: 9336472 ns, Cleanup: 129001 ns, At safepoint: 14401 ns, Total: 9479874 ns
[2.478s][info ][safepoint      ] Safepoint "ICBufferFull", Time since last: 191615195 ns, Reaching safepoint: 3600 ns, Cleanup: 118901 ns, At safepoint: 2500 ns, Total: 125001 ns
[2.618s][info ][safepoint      ] Safepoint "ICBufferFull", Time since last: 140731298 ns, Reaching safepoint: 3700 ns, Cleanup: 131101 ns, At safepoint: 2300 ns, Total: 137101 ns
[3.152s][info ][safepoint      ] Safepoint "ICBufferFull", Time since last: 533406163 ns, Reaching safepoint: 82500 ns, Cleanup: 138001 ns, At safepoint: 6400 ns, Total: 226901 ns
[3.236s][info ][safepoint      ] Safepoint "ICBufferFull", Time since last: 84138757 ns, Reaching safepoint: 4300 ns, Cleanup: 110801 ns, At safepoint: 7400 ns, Total: 122501 ns
[3.344s][info ][safepoint      ] Safepoint "ICBufferFull", Time since last: 108004143 ns, Reaching safepoint: 3400 ns, Cleanup: 110201 ns, At safepoint: 1900 ns, Total: 115501 ns
[3.538s][info ][safepoint      ] Safepoint "ICBufferFull", Time since last: 193851512 ns, Reaching safepoint: 77701 ns, Cleanup: 138601 ns, At safepoint: 8800 ns, Total: 225102 ns
[3.778s][info ][gc,start       ] GC(2) Pause Young (Metadata GC Threshold)
[3.822s][debug][gc,phases      ] GC(2) Scavenge 44.412ms
[3.823s][debug][gc,ref         ] GC(2) ReferenceProcessor::execute queues: 4, RefProcThreadModel::Multi, marks_oops_alive: false
[3.823s][debug][gc,ref         ] GC(2) ReferenceProcessor::execute queues: 4, RefProcThreadModel::Multi, marks_oops_alive: true
[3.823s][debug][gc,ref         ] GC(2) ReferenceProcessor::execute queues: 2, RefProcThreadModel::Multi, marks_oops_alive: false
[3.823s][debug][gc,phases      ] GC(2) Reference Processing 0.580ms
[3.823s][debug][gc,phases      ] GC(2)   VM Weak                        Min:  0.0, Avg:  0.0, Max:  0.0, Diff:  0.0, Sum:  0.0, Workers: 4
[3.823s][debug][gc,phases      ] GC(2)     Dead                           Min: 0, Avg:  0.0, Max: 0, Diff: 0, Sum: 0, Workers: 4
[3.823s][debug][gc,phases      ] GC(2)     Total                          Min: 0, Avg: 78.8, Max: 187, Diff: 187, Sum: 315, Workers: 4
[3.823s][debug][gc,phases      ] GC(2)   ObjectSynchronizer Weak        Min:  0.0, Avg:  0.0, Max:  0.0, Diff:  0.0, Sum:  0.0, Workers: 4
[3.823s][debug][gc,phases      ] GC(2)     Dead                           Min: 0, Avg:  0.2, Max: 1, Diff: 1, Sum: 1, Workers: 4
[3.823s][debug][gc,phases      ] GC(2)     Total                          Min: 0, Avg:  3.0, Max: 12, Diff: 12, Sum: 12, Workers: 4
[3.823s][debug][gc,phases      ] GC(2)   JVMTI Tag Weak OopStorage      Min:  0.0, Avg:  0.0, Max:  0.0, Diff:  0.0, Sum:  0.0, Workers: 4
[3.823s][debug][gc,phases      ] GC(2)     Dead                           Min: 0, Avg:  0.0, Max: 0, Diff: 0, Sum: 0, Workers: 4
[3.823s][debug][gc,phases      ] GC(2)     Total                          Min: 0, Avg:  0.0, Max: 0, Diff: 0, Sum: 0, Workers: 4
[3.823s][debug][gc,phases      ] GC(2)   StringTable Weak               Min:  0.0, Avg:  0.1, Max:  0.1, Diff:  0.1, Sum:  0.3, Workers: 4
[3.823s][debug][gc,phases      ] GC(2)     Dead                           Min: 0, Avg:  2.5, Max: 5, Diff: 5, Sum: 10, Workers: 4
[3.823s][debug][gc,phases      ] GC(2)     Total                          Min: 0, Avg: 3486.5, Max: 5626, Diff: 5626, Sum: 13946, Workers: 4
[3.823s][debug][gc,phases      ] GC(2)   ResolvedMethodTable Weak       Min:  0.0, Avg:  0.0, Max:  0.0, Diff:  0.0, Sum:  0.1, Workers: 4
[3.823s][debug][gc,phases      ] GC(2)     Dead                           Min: 0, Avg: 252.2, Max: 487, Diff: 487, Sum: 1009, Workers: 4
[3.823s][debug][gc,phases      ] GC(2)     Total                          Min: 0, Avg: 935.8, Max: 1567, Diff: 1567, Sum: 3743, Workers: 4
[3.823s][debug][gc,phases      ] GC(2)   JNI Weak                       Min:  0.0, Avg:  0.0, Max:  0.0, Diff:  0.0, Sum:  0.0, Workers: 4
[3.823s][debug][gc,phases      ] GC(2)     Dead                           Min: 0, Avg:  0.0, Max: 0, Diff: 0, Sum: 0, Workers: 4
[3.823s][debug][gc,phases      ] GC(2)     Total                          Min: 0, Avg: 19.0, Max: 52, Diff: 52, Sum: 76, Workers: 4
[3.823s][debug][gc,phases      ] GC(2)   StringDedup Table Weak         Min:  0.0, Avg:  0.0, Max:  0.0, Diff:  0.0, Sum:  0.0, Workers: 4
[3.823s][debug][gc,phases      ] GC(2)     Dead                           Min: 0, Avg:  0.0, Max: 0, Diff: 0, Sum: 0, Workers: 4
[3.823s][debug][gc,phases      ] GC(2)     Total                          Min: 0, Avg:  0.0, Max: 0, Diff: 0, Sum: 0, Workers: 4
[3.823s][debug][gc,phases      ] GC(2)   StringDedup Requests0 Weak     Min:  0.0, Avg:  0.0, Max:  0.0, Diff:  0.0, Sum:  0.0, Workers: 4
[3.823s][debug][gc,phases      ] GC(2)     Dead                           Min: 0, Avg:  0.0, Max: 0, Diff: 0, Sum: 0, Workers: 4
[3.823s][debug][gc,phases      ] GC(2)     Total                          Min: 0, Avg:  0.0, Max: 0, Diff: 0, Sum: 0, Workers: 4
[3.823s][debug][gc,phases      ] GC(2)   StringDedup Requests1 Weak     Min:  0.0, Avg:  0.0, Max:  0.0, Diff:  0.0, Sum:  0.0, Workers: 4
[3.823s][debug][gc,phases      ] GC(2)     Dead                           Min: 0, Avg:  0.0, Max: 0, Diff: 0, Sum: 0, Workers: 4
[3.823s][debug][gc,phases      ] GC(2)     Total                          Min: 0, Avg:  0.0, Max: 0, Diff: 0, Sum: 0, Workers: 4
[3.823s][debug][gc,phases      ] GC(2)   Weak JFR Old Object Samples    Min:  0.0, Avg:  0.0, Max:  0.0, Diff:  0.0, Sum:  0.0, Workers: 4
[3.823s][debug][gc,phases      ] GC(2)     Dead                           Min: 0, Avg:  0.0, Max: 0, Diff: 0, Sum: 0, Workers: 4
[3.823s][debug][gc,phases      ] GC(2)     Total                          Min: 0, Avg:  0.0, Max: 0, Diff: 0, Sum: 0, Workers: 4
[3.823s][debug][gc,phases      ] GC(2) Weak Processing 0.342ms
[3.823s][debug][gc,age         ] GC(2) Desired survivor size 536870912 bytes, new threshold 7 (max threshold 15)
[3.823s][info ][gc,heap        ] GC(2) PSYoungGen: 597641K(1572864K)->75732K(1572864K) Eden: 566231K(1048576K)->0K(1048576K) From: 31409K(524288K)->75732K(524288K)
[3.823s][info ][gc,heap        ] GC(2) ParOldGen: 6058K(6144K)->6082K(6144K)
[3.823s][info ][gc,metaspace   ] GC(2) Metaspace: 35372K(35840K)->35372K(35840K) NonClass: 31007K(31296K)->31007K(31296K) Class: 4365K(4544K)->4365K(4544K)
[3.823s][info ][gc             ] GC(2) Pause Young (Metadata GC Threshold) 589M->79M(1542M) 45.459ms
[3.823s][info ][gc,cpu         ] GC(2) User=0.12s Sys=0.05s Real=0.04s
[3.823s][debug][gc,phases      ] GC(3) Pre Compact 0.008ms
[3.823s][info ][gc,start       ] GC(3) Pause Full (Metadata GC Threshold)
[3.823s][info ][gc,phases,start] GC(3) Marking Phase
[3.853s][debug][gc,phases      ] GC(3) Par Mark 30.005ms
[3.853s][debug][gc,ref         ] GC(3) ReferenceProcessor::execute queues: 3, RefProcThreadModel::Multi, marks_oops_alive: false
[3.854s][debug][gc,ref         ] GC(3) ReferenceProcessor::execute queues: 4, RefProcThreadModel::Multi, marks_oops_alive: true
[3.854s][debug][gc,ref         ] GC(3) ReferenceProcessor::execute queues: 1, RefProcThreadModel::Single, marks_oops_alive: false
[3.854s][debug][gc,phases      ] GC(3) Reference Processing 0.269ms
[3.854s][debug][gc,phases      ] GC(3)   VM Weak                        Min:  0.0, Avg:  0.0, Max:  0.0, Diff:  0.0, Sum:  0.0, Workers: 4
[3.854s][debug][gc,phases      ] GC(3)     Dead                           Min: 0, Avg:  0.0, Max: 0, Diff: 0, Sum: 0, Workers: 4
[3.854s][debug][gc,phases      ] GC(3)     Total                          Min: 0, Avg: 78.8, Max: 192, Diff: 192, Sum: 315, Workers: 4
[3.854s][debug][gc,phases      ] GC(3)   ObjectSynchronizer Weak        Min:  0.0, Avg:  0.0, Max:  0.0, Diff:  0.0, Sum:  0.0, Workers: 4
[3.854s][debug][gc,phases      ] GC(3)     Dead                           Min: 0, Avg:  0.0, Max: 0, Diff: 0, Sum: 0, Workers: 4
[3.854s][debug][gc,phases      ] GC(3)     Total                          Min: 0, Avg:  3.0, Max: 12, Diff: 12, Sum: 12, Workers: 4
[3.854s][debug][gc,phases      ] GC(3)   JVMTI Tag Weak OopStorage      Min:  0.0, Avg:  0.0, Max:  0.0, Diff:  0.0, Sum:  0.0, Workers: 4
[3.854s][debug][gc,phases      ] GC(3)     Dead                           Min: 0, Avg:  0.0, Max: 0, Diff: 0, Sum: 0, Workers: 4
[3.854s][debug][gc,phases      ] GC(3)     Total                          Min: 0, Avg:  0.0, Max: 0, Diff: 0, Sum: 0, Workers: 4
[3.854s][debug][gc,phases      ] GC(3)   StringTable Weak               Min:  0.0, Avg:  0.0, Max:  0.1, Diff:  0.1, Sum:  0.2, Workers: 4
[3.854s][debug][gc,phases      ] GC(3)     Dead                           Min: 0, Avg:  0.0, Max: 0, Diff: 0, Sum: 0, Workers: 4
[3.854s][debug][gc,phases      ] GC(3)     Total                          Min: 0, Avg: 3486.5, Max: 5248, Diff: 5248, Sum: 13946, Workers: 4
[3.854s][debug][gc,phases      ] GC(3)   ResolvedMethodTable Weak       Min:  0.0, Avg:  0.0, Max:  0.0, Diff:  0.0, Sum:  0.0, Workers: 4
[3.854s][debug][gc,phases      ] GC(3)     Dead                           Min: 0, Avg:  0.0, Max: 0, Diff: 0, Sum: 0, Workers: 4
[3.854s][debug][gc,phases      ] GC(3)     Total                          Min: 0, Avg: 935.8, Max: 1280, Diff: 1280, Sum: 3743, Workers: 4
[3.854s][debug][gc,phases      ] GC(3)   JNI Weak                       Min:  0.0, Avg:  0.0, Max:  0.0, Diff:  0.0, Sum:  0.0, Workers: 4
[3.854s][debug][gc,phases      ] GC(3)     Dead                           Min: 0, Avg:  0.0, Max: 0, Diff: 0, Sum: 0, Workers: 4
[3.854s][debug][gc,phases      ] GC(3)     Total                          Min: 0, Avg: 19.0, Max: 52, Diff: 52, Sum: 76, Workers: 4
[3.854s][debug][gc,phases      ] GC(3)   StringDedup Table Weak         Min:  0.0, Avg:  0.0, Max:  0.0, Diff:  0.0, Sum:  0.0, Workers: 4
[3.854s][debug][gc,phases      ] GC(3)     Dead                           Min: 0, Avg:  0.0, Max: 0, Diff: 0, Sum: 0, Workers: 4
[3.854s][debug][gc,phases      ] GC(3)     Total                          Min: 0, Avg:  0.0, Max: 0, Diff: 0, Sum: 0, Workers: 4
[3.854s][debug][gc,phases      ] GC(3)   StringDedup Requests0 Weak     Min:  0.0, Avg:  0.0, Max:  0.0, Diff:  0.0, Sum:  0.0, Workers: 4
[3.854s][debug][gc,phases      ] GC(3)     Dead                           Min: 0, Avg:  0.0, Max: 0, Diff: 0, Sum: 0, Workers: 4
[3.854s][debug][gc,phases      ] GC(3)     Total                          Min: 0, Avg:  0.0, Max: 0, Diff: 0, Sum: 0, Workers: 4
[3.854s][debug][gc,phases      ] GC(3)   StringDedup Requests1 Weak     Min:  0.0, Avg:  0.0, Max:  0.0, Diff:  0.0, Sum:  0.0, Workers: 4
[3.854s][debug][gc,phases      ] GC(3)     Dead                           Min: 0, Avg:  0.0, Max: 0, Diff: 0, Sum: 0, Workers: 4
[3.854s][debug][gc,phases      ] GC(3)     Total                          Min: 0, Avg:  0.0, Max: 0, Diff: 0, Sum: 0, Workers: 4
[3.854s][debug][gc,phases      ] GC(3)   Weak JFR Old Object Samples    Min:  0.0, Avg:  0.0, Max:  0.0, Diff:  0.0, Sum:  0.0, Workers: 4
[3.854s][debug][gc,phases      ] GC(3)     Dead                           Min: 0, Avg:  0.0, Max: 0, Diff: 0, Sum: 0, Workers: 4
[3.854s][debug][gc,phases      ] GC(3)     Total                          Min: 0, Avg:  0.0, Max: 0, Diff: 0, Sum: 0, Workers: 4
[3.854s][debug][gc,phases      ] GC(3) Weak Processing 0.266ms
[3.854s][debug][gc,phases      ] GC(3) ClassLoaderData 0.038ms
[3.854s][debug][gc,phases      ] GC(3) Trigger cleanups 0.000ms
[3.862s][debug][gc,phases      ] GC(3) Class Unloading 8.394ms
[3.862s][debug][gc,phases      ] GC(3) Report Object Count 0.001ms
[3.862s][info ][gc,phases      ] GC(3) Marking Phase 39.001ms
[3.862s][info ][gc,phases,start] GC(3) Summary Phase
[3.862s][info ][gc,phases      ] GC(3) Summary Phase 0.011ms
[3.862s][info ][gc,phases,start] GC(3) Adjust Roots
[3.868s][info ][gc,phases      ] GC(3) Adjust Roots 5.389ms
[3.868s][info ][gc,phases,start] GC(3) Compaction Phase
[4.127s][info ][gc,phases      ] GC(3) Compaction Phase 259.633ms
[4.797s][info ][gc,phases,start] GC(3) Post Compact
[4.800s][info ][gc,phases      ] GC(3) Post Compact 2.259ms
[4.800s][info ][gc,heap        ] GC(3) PSYoungGen: 75732K(1572864K)->75520K(1572864K) Eden: 0K(1048576K)->0K(1048576K) From: 75732K(524288K)->75520K(524288K)
[4.800s][info ][gc,heap        ] GC(3) ParOldGen: 6082K(6144K)->6046K(6144K)
[4.800s][info ][gc,metaspace   ] GC(3) Metaspace: 35372K(35840K)->35372K(35840K) NonClass: 31007K(31296K)->31007K(31296K) Class: 4365K(4544K)->4365K(4544K)
[4.800s][info ][gc             ] GC(3) Pause Full (Metadata GC Threshold) 79M->79M(1542M) 976.228ms
[4.800s][info ][gc,cpu         ] GC(3) User=0.65s Sys=0.01s Real=0.98s
[4.800s][info ][safepoint      ] Safepoint "CollectForMetadataAllocation", Time since last: 239194467 ns, Reaching safepoint: 3700 ns, Cleanup: 119001 ns, At safepoint: 1021842774 ns, Total: 1021965475 ns
[5.112s][info ][safepoint      ] Safepoint "ICBufferFull", Time since last: 312431040 ns, Reaching safepoint: 78001 ns, Cleanup: 127301 ns, At safepoint: 10900 ns, Total: 216202 ns
[5.691s][info ][safepoint      ] Safepoint "ICBufferFull", Time since last: 578630621 ns, Reaching safepoint: 78901 ns, Cleanup: 123501 ns, At safepoint: 10300 ns, Total: 212702 ns
[5.830s][info ][safepoint      ] Safepoint "ICBufferFull", Time since last: 138628183 ns, Reaching safepoint: 75401 ns, Cleanup: 132101 ns, At safepoint: 7700 ns, Total: 215202 ns
[6.009s][info ][safepoint      ] Safepoint "ICBufferFull", Time since last: 178826398 ns, Reaching safepoint: 3500 ns, Cleanup: 133201 ns, At safepoint: 5200 ns, Total: 141901 ns
[6.415s][info ][safepoint      ] Safepoint "ICBufferFull", Time since last: 406246274 ns, Reaching safepoint: 3200 ns, Cleanup: 149402 ns, At safepoint: 1800 ns, Total: 154402 ns
[7.674s][info ][safepoint      ] Safepoint "Cleanup", Time since last: 1258276933 ns, Reaching safepoint: 2700 ns, Cleanup: 109200 ns, At safepoint: 5400 ns, Total: 117300 ns
[7.731s][info ][gc,start       ] GC(4) Pause Young (Metadata GC Threshold)
[7.803s][debug][gc,phases      ] GC(4) Scavenge 72.777ms
[7.804s][debug][gc,ref         ] GC(4) ReferenceProcessor::execute queues: 4, RefProcThreadModel::Multi, marks_oops_alive: false
[7.806s][debug][gc,ref         ] GC(4) Skipped KeepAliveFinalRefsPhase of Reference Processing: no references
[7.806s][debug][gc,ref         ] GC(4) ReferenceProcessor::execute queues: 4, RefProcThreadModel::Multi, marks_oops_alive: false
[7.807s][debug][gc,phases      ] GC(4) Reference Processing 3.149ms
[7.807s][debug][gc,phases      ] GC(4)   VM Weak                        Min:  0.0, Avg:  0.0, Max:  0.0, Diff:  0.0, Sum:  0.0, Workers: 4
[7.807s][debug][gc,phases      ] GC(4)     Dead                           Min: 0, Avg:  0.0, Max: 0, Diff: 0, Sum: 0, Workers: 4
[7.807s][debug][gc,phases      ] GC(4)     Total                          Min: 0, Avg: 141.8, Max: 439, Diff: 439, Sum: 567, Workers: 4
[7.807s][debug][gc,phases      ] GC(4)   ObjectSynchronizer Weak        Min:  0.0, Avg:  0.0, Max:  0.0, Diff:  0.0, Sum:  0.0, Workers: 4
[7.807s][debug][gc,phases      ] GC(4)     Dead                           Min: 0, Avg:  0.5, Max: 2, Diff: 2, Sum: 2, Workers: 4
[7.807s][debug][gc,phases      ] GC(4)     Total                          Min: 0, Avg:  3.5, Max: 14, Diff: 14, Sum: 14, Workers: 4
[7.807s][debug][gc,phases      ] GC(4)   JVMTI Tag Weak OopStorage      Min:  0.0, Avg:  0.0, Max:  0.0, Diff:  0.0, Sum:  0.0, Workers: 4
[7.807s][debug][gc,phases      ] GC(4)     Dead                           Min: 0, Avg:  0.0, Max: 0, Diff: 0, Sum: 0, Workers: 4
[7.807s][debug][gc,phases      ] GC(4)     Total                          Min: 0, Avg:  0.0, Max: 0, Diff: 0, Sum: 0, Workers: 4
[7.807s][debug][gc,phases      ] GC(4)   StringTable Weak               Min:  0.0, Avg:  0.2, Max:  0.3, Diff:  0.3, Sum:  0.9, Workers: 4
[7.807s][debug][gc,phases      ] GC(4)     Dead                           Min: 0, Avg:  4.2, Max: 8, Diff: 8, Sum: 17, Workers: 4
[7.807s][debug][gc,phases      ] GC(4)     Total                          Min: 0, Avg: 8818.8, Max: 13835, Diff: 13835, Sum: 35275, Workers: 4
[7.807s][debug][gc,phases      ] GC(4)   ResolvedMethodTable Weak       Min:  0.0, Avg:  0.1, Max:  0.1, Diff:  0.1, Sum:  0.3, Workers: 4
[7.807s][debug][gc,phases      ] GC(4)     Dead                           Min: 0, Avg: 901.8, Max: 1302, Diff: 1302, Sum: 3607, Workers: 4
[7.807s][debug][gc,phases      ] GC(4)     Total                          Min: 0, Avg: 2681.2, Max: 3648, Diff: 3648, Sum: 10725, Workers: 4
[7.807s][debug][gc,phases      ] GC(4)   JNI Weak                       Min:  0.0, Avg:  0.0, Max:  0.0, Diff:  0.0, Sum:  0.0, Workers: 4
[7.807s][debug][gc,phases      ] GC(4)     Dead                           Min: 0, Avg:  0.0, Max: 0, Diff: 0, Sum: 0, Workers: 4
[7.807s][debug][gc,phases      ] GC(4)     Total                          Min: 0, Avg: 13.2, Max: 53, Diff: 53, Sum: 53, Workers: 4
[7.807s][debug][gc,phases      ] GC(4)   StringDedup Table Weak         Min:  0.0, Avg:  0.0, Max:  0.0, Diff:  0.0, Sum:  0.0, Workers: 4
[7.807s][debug][gc,phases      ] GC(4)     Dead                           Min: 0, Avg:  0.0, Max: 0, Diff: 0, Sum: 0, Workers: 4
[7.807s][debug][gc,phases      ] GC(4)     Total                          Min: 0, Avg:  0.0, Max: 0, Diff: 0, Sum: 0, Workers: 4
[7.807s][debug][gc,phases      ] GC(4)   StringDedup Requests0 Weak     Min:  0.0, Avg:  0.0, Max:  0.0, Diff:  0.0, Sum:  0.0, Workers: 4
[7.807s][debug][gc,phases      ] GC(4)     Dead                           Min: 0, Avg:  0.0, Max: 0, Diff: 0, Sum: 0, Workers: 4
[7.808s][debug][gc,phases      ] GC(4)     Total                          Min: 0, Avg:  0.0, Max: 0, Diff: 0, Sum: 0, Workers: 4
[7.808s][debug][gc,phases      ] GC(4)   StringDedup Requests1 Weak     Min:  0.0, Avg:  0.0, Max:  0.0, Diff:  0.0, Sum:  0.0, Workers: 4
[7.808s][debug][gc,phases      ] GC(4)     Dead                           Min: 0, Avg:  0.0, Max: 0, Diff: 0, Sum: 0, Workers: 4
[7.808s][debug][gc,phases      ] GC(4)     Total                          Min: 0, Avg:  0.0, Max: 0, Diff: 0, Sum: 0, Workers: 4
[7.808s][debug][gc,phases      ] GC(4)   Weak JFR Old Object Samples    Min:  0.0, Avg:  0.0, Max:  0.0, Diff:  0.0, Sum:  0.0, Workers: 4
[7.808s][debug][gc,phases      ] GC(4)     Dead                           Min: 0, Avg:  0.0, Max: 0, Diff: 0, Sum: 0, Workers: 4
[7.808s][debug][gc,phases      ] GC(4)     Total                          Min: 0, Avg:  0.0, Max: 0, Diff: 0, Sum: 0, Workers: 4
[7.808s][debug][gc,phases      ] GC(4) Weak Processing 1.081ms
[7.808s][debug][gc,age         ] GC(4) Desired survivor size 536870912 bytes, new threshold 7 (max threshold 15)
[7.808s][info ][gc,heap        ] GC(4) PSYoungGen: 417285K(1572864K)->111536K(1572864K) Eden: 341764K(1048576K)->0K(1048576K) From: 75520K(524288K)->111536K(524288K)
[7.808s][info ][gc,heap        ] GC(4) ParOldGen: 6046K(6144K)->6078K(6144K)
[7.808s][info ][gc,metaspace   ] GC(4) Metaspace: 58997K(59776K)->58997K(59776K) NonClass: 49911K(50304K)->49911K(50304K) Class: 9086K(9472K)->9086K(9472K)
[7.808s][info ][gc             ] GC(4) Pause Young (Metadata GC Threshold) 413M->114M(1542M) 77.132ms
[7.808s][info ][gc,cpu         ] GC(4) User=0.18s Sys=0.04s Real=0.08s
[7.808s][debug][gc,phases      ] GC(5) Pre Compact 0.080ms
[7.808s][info ][gc,start       ] GC(5) Pause Full (Metadata GC Threshold)
[7.808s][info ][gc,phases,start] GC(5) Marking Phase
[7.900s][debug][gc,phases      ] GC(5) Par Mark 92.421ms
[7.900s][debug][gc,ref         ] GC(5) ReferenceProcessor::execute queues: 2, RefProcThreadModel::Multi, marks_oops_alive: false
[7.901s][debug][gc,ref         ] GC(5) Skipped KeepAliveFinalRefsPhase of Reference Processing: no references
[7.901s][debug][gc,ref         ] GC(5) ReferenceProcessor::execute queues: 1, RefProcThreadModel::Single, marks_oops_alive: false
[7.901s][debug][gc,phases      ] GC(5) Reference Processing 0.514ms
[7.901s][debug][gc,phases      ] GC(5)   VM Weak                        Min:  0.0, Avg:  0.0, Max:  0.0, Diff:  0.0, Sum:  0.0, Workers: 4
[7.901s][debug][gc,phases      ] GC(5)     Dead                           Min: 0, Avg:  0.0, Max: 0, Diff: 0, Sum: 0, Workers: 4
[7.901s][debug][gc,phases      ] GC(5)     Total                          Min: 0, Avg: 141.8, Max: 567, Diff: 567, Sum: 567, Workers: 4
[7.901s][debug][gc,phases      ] GC(5)   ObjectSynchronizer Weak        Min:  0.0, Avg:  0.0, Max:  0.0, Diff:  0.0, Sum:  0.0, Workers: 4
[7.901s][debug][gc,phases      ] GC(5)     Dead                           Min: 0, Avg:  0.0, Max: 0, Diff: 0, Sum: 0, Workers: 4
[7.901s][debug][gc,phases      ] GC(5)     Total                          Min: 0, Avg:  3.5, Max: 14, Diff: 14, Sum: 14, Workers: 4
[7.902s][debug][gc,phases      ] GC(5)   JVMTI Tag Weak OopStorage      Min:  0.0, Avg:  0.0, Max:  0.0, Diff:  0.0, Sum:  0.0, Workers: 4
[7.902s][debug][gc,phases      ] GC(5)     Dead                           Min: 0, Avg:  0.0, Max: 0, Diff: 0, Sum: 0, Workers: 4
[7.902s][debug][gc,phases      ] GC(5)     Total                          Min: 0, Avg:  0.0, Max: 0, Diff: 0, Sum: 0, Workers: 4
[7.902s][debug][gc,phases      ] GC(5)   StringTable Weak               Min:  0.0, Avg:  0.1, Max:  0.5, Diff:  0.5, Sum:  0.5, Workers: 4
[7.902s][debug][gc,phases      ] GC(5)     Dead                           Min: 0, Avg:  0.0, Max: 0, Diff: 0, Sum: 0, Workers: 4
[7.902s][debug][gc,phases      ] GC(5)     Total                          Min: 0, Avg: 8818.8, Max: 35275, Diff: 35275, Sum: 35275, Workers: 4
[7.902s][debug][gc,phases      ] GC(5)   ResolvedMethodTable Weak       Min:  0.0, Avg:  0.0, Max:  0.1, Diff:  0.1, Sum:  0.1, Workers: 4
[7.902s][debug][gc,phases      ] GC(5)     Dead                           Min: 0, Avg:  0.0, Max: 0, Diff: 0, Sum: 0, Workers: 4
[7.902s][debug][gc,phases      ] GC(5)     Total                          Min: 0, Avg: 2681.2, Max: 10725, Diff: 10725, Sum: 10725, Workers: 4
[7.902s][debug][gc,phases      ] GC(5)   JNI Weak                       Min:  0.0, Avg:  0.0, Max:  0.0, Diff:  0.0, Sum:  0.0, Workers: 4
[7.902s][debug][gc,phases      ] GC(5)     Dead                           Min: 0, Avg:  0.0, Max: 0, Diff: 0, Sum: 0, Workers: 4
[7.902s][debug][gc,phases      ] GC(5)     Total                          Min: 0, Avg: 13.2, Max: 53, Diff: 53, Sum: 53, Workers: 4
[7.902s][debug][gc,phases      ] GC(5)   StringDedup Table Weak         Min:  0.0, Avg:  0.0, Max:  0.0, Diff:  0.0, Sum:  0.0, Workers: 4
[7.902s][debug][gc,phases      ] GC(5)     Dead                           Min: 0, Avg:  0.0, Max: 0, Diff: 0, Sum: 0, Workers: 4
[7.902s][debug][gc,phases      ] GC(5)     Total                          Min: 0, Avg:  0.0, Max: 0, Diff: 0, Sum: 0, Workers: 4
[7.902s][debug][gc,phases      ] GC(5)   StringDedup Requests0 Weak     Min:  0.0, Avg:  0.0, Max:  0.0, Diff:  0.0, Sum:  0.0, Workers: 4
[7.902s][debug][gc,phases      ] GC(5)     Dead                           Min: 0, Avg:  0.0, Max: 0, Diff: 0, Sum: 0, Workers: 4
[7.902s][debug][gc,phases      ] GC(5)     Total                          Min: 0, Avg:  0.0, Max: 0, Diff: 0, Sum: 0, Workers: 4
[7.902s][debug][gc,phases      ] GC(5)   StringDedup Requests1 Weak     Min:  0.0, Avg:  0.0, Max:  0.0, Diff:  0.0, Sum:  0.0, Workers: 4
[7.902s][debug][gc,phases      ] GC(5)     Dead                           Min: 0, Avg:  0.0, Max: 0, Diff: 0, Sum: 0, Workers: 4
[7.902s][debug][gc,phases      ] GC(5)     Total                          Min: 0, Avg:  0.0, Max: 0, Diff: 0, Sum: 0, Workers: 4
[7.902s][debug][gc,phases      ] GC(5)   Weak JFR Old Object Samples    Min:  0.0, Avg:  0.0, Max:  0.0, Diff:  0.0, Sum:  0.0, Workers: 4
[7.902s][debug][gc,phases      ] GC(5)     Dead                           Min: 0, Avg:  0.0, Max: 0, Diff: 0, Sum: 0, Workers: 4
[7.902s][debug][gc,phases      ] GC(5)     Total                          Min: 0, Avg:  0.0, Max: 0, Diff: 0, Sum: 0, Workers: 4
[7.902s][debug][gc,phases      ] GC(5) Weak Processing 0.930ms
[7.902s][debug][gc,phases      ] GC(5) ClassLoaderData 0.083ms
[7.902s][debug][gc,phases      ] GC(5) Trigger cleanups 0.000ms
[7.917s][debug][gc,phases      ] GC(5) Class Unloading 14.938ms
[7.917s][debug][gc,phases      ] GC(5) Report Object Count 0.002ms
[7.917s][info ][gc,phases      ] GC(5) Marking Phase 108.897ms
[7.917s][info ][gc,phases,start] GC(5) Summary Phase
[7.917s][info ][gc,phases      ] GC(5) Summary Phase 0.011ms
[7.917s][info ][gc,phases,start] GC(5) Adjust Roots
[7.937s][info ][gc,phases      ] GC(5) Adjust Roots 20.234ms
[7.937s][info ][gc,phases,start] GC(5) Compaction Phase
[8.392s][info ][gc,phases      ] GC(5) Compaction Phase 455.214ms
[8.902s][info ][gc,phases,start] GC(5) Post Compact
[8.903s][info ][gc,phases      ] GC(5) Post Compact 0.920ms
[8.903s][info ][gc,heap        ] GC(5) PSYoungGen: 111536K(1572864K)->111275K(1572864K) Eden: 0K(1048576K)->0K(1048576K) From: 111536K(524288K)->111275K(524288K)
[8.903s][info ][gc,heap        ] GC(5) ParOldGen: 6078K(6144K)->6025K(6144K)
[8.903s][info ][gc,metaspace   ] GC(5) Metaspace: 58997K(59776K)->58997K(59776K) NonClass: 49911K(50304K)->49911K(50304K) Class: 9086K(9472K)->9086K(9472K)
[8.903s][info ][gc             ] GC(5) Pause Full (Metadata GC Threshold) 114M->114M(1542M) 1095.224ms
[8.903s][info ][gc,cpu         ] GC(5) User=1.18s Sys=0.01s Real=1.09s
[8.903s][info ][safepoint      ] Safepoint "CollectForMetadataAllocation", Time since last: 56717344 ns, Reaching safepoint: 3900 ns, Cleanup: 25200 ns, At safepoint: 1172606763 ns, Total: 1172635863 ns
[9.310s][info ][safepoint      ] Safepoint "ICBufferFull", Time since last: 406911480 ns, Reaching safepoint: 3100 ns, Cleanup: 141401 ns, At safepoint: 7400 ns, Total: 151901 ns
[9.438s][info ][safepoint      ] Safepoint "ICBufferFull", Time since last: 127153294 ns, Reaching safepoint: 81901 ns, Cleanup: 115301 ns, At safepoint: 7200 ns, Total: 204402 ns
[9.673s][info ][safepoint      ] Safepoint "ICBufferFull", Time since last: 234855035 ns, Reaching safepoint: 4200 ns, Cleanup: 129201 ns, At safepoint: 2700 ns, Total: 136101 ns
[9.941s][info ][safepoint      ] Safepoint "ICBufferFull", Time since last: 268711100 ns, Reaching safepoint: 5000 ns, Cleanup: 126101 ns, At safepoint: 6700 ns, Total: 137801 ns
[10.219s][info ][safepoint      ] Safepoint "ICBufferFull", Time since last: 277150866 ns, Reaching safepoint: 4700 ns, Cleanup: 153501 ns, At safepoint: 2700 ns, Total: 160901 ns
[10.548s][info ][safepoint      ] Safepoint "ICBufferFull", Time since last: 329262173 ns, Reaching safepoint: 5100 ns, Cleanup: 151601 ns, At safepoint: 10401 ns, Total: 167102 ns
[10.548s][info ][safepoint      ] Safepoint "ICBufferFull", Time since last: 77400 ns, Reaching safepoint: 1700 ns, Cleanup: 1000 ns, At safepoint: 6600 ns, Total: 9300 ns
[10.565s][info ][safepoint      ] Safepoint "ICBufferFull", Time since last: 16452029 ns, Reaching safepoint: 488804 ns, Cleanup: 12200 ns, At safepoint: 7400 ns, Total: 508404 ns
[10.852s][info ][safepoint      ] Safepoint "ICBufferFull", Time since last: 286373738 ns, Reaching safepoint: 5100 ns, Cleanup: 131001 ns, At safepoint: 2000 ns, Total: 138101 ns
[11.106s][info ][safepoint      ] Safepoint "ICBufferFull", Time since last: 253689782 ns, Reaching safepoint: 80301 ns, Cleanup: 134801 ns, At safepoint: 5800 ns, Total: 220902 ns
[11.954s][info ][safepoint      ] Safepoint "ICBufferFull", Time since last: 848273229 ns, Reaching safepoint: 4100 ns, Cleanup: 155101 ns, At safepoint: 2400 ns, Total: 161601 ns
[12.302s][info ][safepoint      ] Safepoint "ICBufferFull", Time since last: 345995904 ns, Reaching safepoint: 2101216 ns, Cleanup: 146102 ns, At safepoint: 8700 ns, Total: 2256018 ns
[12.303s][info ][safepoint      ] Safepoint "ICBufferFull", Time since last: 1096608 ns, Reaching safepoint: 76601 ns, Cleanup: 4300 ns, At safepoint: 6900 ns, Total: 87801 ns
[13.306s][info ][safepoint      ] Safepoint "Cleanup", Time since last: 1000092162 ns, Reaching safepoint: 2112215 ns, Cleanup: 31300 ns, At safepoint: 11601 ns, Total: 2155116 ns
[14.882s][info ][safepoint      ] Safepoint "Cleanup", Time since last: 1575956424 ns, Reaching safepoint: 74300 ns, Cleanup: 35701 ns, At safepoint: 9800 ns, Total: 119801 ns
[15.069s][info ][safepoint      ] Safepoint "ICBufferFull", Time since last: 186749577 ns, Reaching safepoint: 82601 ns, Cleanup: 103500 ns, At safepoint: 9801 ns, Total: 195902 ns
[15.069s][info ][safepoint      ] Safepoint "ICBufferFull", Time since last: 115500 ns, Reaching safepoint: 75401 ns, Cleanup: 1300 ns, At safepoint: 7900 ns, Total: 84601 ns
[15.297s][info ][safepoint      ] Safepoint "ICBufferFull", Time since last: 227598679 ns, Reaching safepoint: 5400 ns, Cleanup: 103501 ns, At safepoint: 11600 ns, Total: 120501 ns
[15.489s][info ][safepoint      ] Safepoint "ICBufferFull", Time since last: 192666921 ns, Reaching safepoint: 4600 ns, Cleanup: 130501 ns, At safepoint: 2200 ns, Total: 137301 ns
[16.490s][info ][safepoint      ] Safepoint "Cleanup", Time since last: 1000100576 ns, Reaching safepoint: 6700 ns, Cleanup: 124901 ns, At safepoint: 8300 ns, Total: 139901 ns
[17.494s][info ][safepoint      ] Safepoint "Cleanup", Time since last: 1003969806 ns, Reaching safepoint: 6200 ns, Cleanup: 30900 ns, At safepoint: 2800 ns, Total: 39900 ns
[19.010s][info ][safepoint      ] Safepoint "Cleanup", Time since last: 1516130283 ns, Reaching safepoint: 7400 ns, Cleanup: 73800 ns, At safepoint: 2500 ns, Total: 83700 ns
[20.010s][info ][safepoint      ] Safepoint "Cleanup", Time since last: 1000099477 ns, Reaching safepoint: 85001 ns, Cleanup: 97800 ns, At safepoint: 8901 ns, Total: 191702 ns
[20.257s][info ][safepoint      ] Safepoint "ICBufferFull", Time since last: 246729219 ns, Reaching safepoint: 85301 ns, Cleanup: 129001 ns, At safepoint: 7600 ns, Total: 221902 ns
[20.382s][info ][safepoint      ] Safepoint "ICBufferFull", Time since last: 119206779 ns, Reaching safepoint: 768806 ns, Cleanup: 4552134 ns, At safepoint: 17200 ns, Total: 5338140 ns
[20.382s][info ][safepoint      ] Safepoint "ICBufferFull", Time since last: 62400 ns, Reaching safepoint: 82401 ns, Cleanup: 3800 ns, At safepoint: 19600 ns, Total: 105801 ns
[20.382s][info ][safepoint      ] Safepoint "ICBufferFull", Time since last: 88701 ns, Reaching safepoint: 225001 ns, Cleanup: 5200 ns, At safepoint: 13700 ns, Total: 243901 ns
[20.634s][info ][safepoint      ] Safepoint "ICBufferFull", Time since last: 252059860 ns, Reaching safepoint: 77800 ns, Cleanup: 126801 ns, At safepoint: 9800 ns, Total: 214401 ns
[21.268s][info ][safepoint      ] Safepoint "ICBufferFull", Time since last: 632912126 ns, Reaching safepoint: 5400 ns, Cleanup: 162601 ns, At safepoint: 4600 ns, Total: 172601 ns
[21.268s][info ][safepoint      ] Safepoint "ICBufferFull", Time since last: 63801 ns, Reaching safepoint: 307402 ns, Cleanup: 3700 ns, At safepoint: 9700 ns, Total: 320802 ns
[21.606s][info ][gc,start       ] GC(6) Pause Young (Allocation Failure)
[21.751s][debug][gc,phases      ] GC(6) Scavenge 144.230ms
[21.751s][debug][gc,ref         ] GC(6) ReferenceProcessor::execute queues: 4, RefProcThreadModel::Multi, marks_oops_alive: false
[21.753s][debug][gc,ref         ] GC(6) Skipped KeepAliveFinalRefsPhase of Reference Processing: no references
[21.753s][debug][gc,ref         ] GC(6) ReferenceProcessor::execute queues: 4, RefProcThreadModel::Multi, marks_oops_alive: false
[21.753s][debug][gc,phases      ] GC(6) Reference Processing 2.567ms
[21.754s][debug][gc,phases      ] GC(6)   VM Weak                        Min:  0.0, Avg:  0.0, Max:  0.0, Diff:  0.0, Sum:  0.0, Workers: 4
[21.754s][debug][gc,phases      ] GC(6)     Dead                           Min: 0, Avg:  0.0, Max: 0, Diff: 0, Sum: 0, Workers: 4
[21.754s][debug][gc,phases      ] GC(6)     Total                          Min: 0, Avg: 191.8, Max: 575, Diff: 575, Sum: 767, Workers: 4
[21.754s][debug][gc,phases      ] GC(6)   ObjectSynchronizer Weak        Min:  0.0, Avg:  0.0, Max:  0.0, Diff:  0.0, Sum:  0.0, Workers: 4
[21.754s][debug][gc,phases      ] GC(6)     Dead                           Min: 0, Avg:  1.8, Max: 7, Diff: 7, Sum: 7, Workers: 4
[21.754s][debug][gc,phases      ] GC(6)     Total                          Min: 0, Avg:  7.2, Max: 29, Diff: 29, Sum: 29, Workers: 4
[21.754s][debug][gc,phases      ] GC(6)   JVMTI Tag Weak OopStorage      Min:  0.0, Avg:  0.0, Max:  0.0, Diff:  0.0, Sum:  0.0, Workers: 4
[21.754s][debug][gc,phases      ] GC(6)     Dead                           Min: 0, Avg:  0.0, Max: 0, Diff: 0, Sum: 0, Workers: 4
[21.754s][debug][gc,phases      ] GC(6)     Total                          Min: 0, Avg:  0.0, Max: 0, Diff: 0, Sum: 0, Workers: 4
[21.754s][debug][gc,phases      ] GC(6)   StringTable Weak               Min:  0.0, Avg:  0.4, Max:  0.7, Diff:  0.7, Sum:  1.7, Workers: 4
[21.754s][debug][gc,phases      ] GC(6)     Dead                           Min: 0, Avg:  6.8, Max: 19, Diff: 19, Sum: 27, Workers: 4
[21.754s][debug][gc,phases      ] GC(6)     Total                          Min: 0, Avg: 11402.0, Max: 26240, Diff: 26240, Sum: 45608, Workers: 4
[21.754s][debug][gc,phases      ] GC(6)   ResolvedMethodTable Weak       Min:  0.0, Avg:  0.2, Max:  0.3, Diff:  0.3, Sum:  0.8, Workers: 4
[21.754s][debug][gc,phases      ] GC(6)     Dead                           Min: 0, Avg: 703.5, Max: 1511, Diff: 1511, Sum: 2814, Workers: 4
[21.754s][debug][gc,phases      ] GC(6)     Total                          Min: 0, Avg: 3535.5, Max: 7934, Diff: 7934, Sum: 14142, Workers: 4
[21.754s][debug][gc,phases      ] GC(6)   JNI Weak                       Min:  0.0, Avg:  0.0, Max:  0.0, Diff:  0.0, Sum:  0.0, Workers: 4
[21.754s][debug][gc,phases      ] GC(6)     Dead                           Min: 0, Avg:  0.0, Max: 0, Diff: 0, Sum: 0, Workers: 4
[21.754s][debug][gc,phases      ] GC(6)     Total                          Min: 0, Avg: 19.0, Max: 76, Diff: 76, Sum: 76, Workers: 4
[21.754s][debug][gc,phases      ] GC(6)   StringDedup Table Weak         Min:  0.0, Avg:  0.0, Max:  0.0, Diff:  0.0, Sum:  0.0, Workers: 4
[21.754s][debug][gc,phases      ] GC(6)     Dead                           Min: 0, Avg:  0.0, Max: 0, Diff: 0, Sum: 0, Workers: 4
[21.754s][debug][gc,phases      ] GC(6)     Total                          Min: 0, Avg:  0.0, Max: 0, Diff: 0, Sum: 0, Workers: 4
[21.754s][debug][gc,phases      ] GC(6)   StringDedup Requests0 Weak     Min:  0.0, Avg:  0.0, Max:  0.0, Diff:  0.0, Sum:  0.0, Workers: 4
[21.754s][debug][gc,phases      ] GC(6)     Dead                           Min: 0, Avg:  0.0, Max: 0, Diff: 0, Sum: 0, Workers: 4
[21.754s][debug][gc,phases      ] GC(6)     Total                          Min: 0, Avg:  0.0, Max: 0, Diff: 0, Sum: 0, Workers: 4
[21.755s][debug][gc,phases      ] GC(6)   StringDedup Requests1 Weak     Min:  0.0, Avg:  0.0, Max:  0.0, Diff:  0.0, Sum:  0.0, Workers: 4
[21.755s][debug][gc,phases      ] GC(6)     Dead                           Min: 0, Avg:  0.0, Max: 0, Diff: 0, Sum: 0, Workers: 4
[21.755s][debug][gc,phases      ] GC(6)     Total                          Min: 0, Avg:  0.0, Max: 0, Diff: 0, Sum: 0, Workers: 4
[21.755s][debug][gc,phases      ] GC(6)   Weak JFR Old Object Samples    Min:  0.0, Avg:  0.0, Max:  0.0, Diff:  0.0, Sum:  0.0, Workers: 4
[21.755s][debug][gc,phases      ] GC(6)     Dead                           Min: 0, Avg:  0.0, Max: 0, Diff: 0, Sum: 0, Workers: 4
[21.755s][debug][gc,phases      ] GC(6)     Total                          Min: 0, Avg:  0.0, Max: 0, Diff: 0, Sum: 0, Workers: 4
[21.755s][debug][gc,phases      ] GC(6) Weak Processing 1.357ms
[21.755s][debug][gc,age         ] GC(6) Desired survivor size 536870912 bytes, new threshold 7 (max threshold 15)
[21.755s][info ][gc,heap        ] GC(6) PSYoungGen: 1159851K(1572864K)->161884K(1572864K) Eden: 1048576K(1048576K)->0K(1048576K) From: 111275K(524288K)->161884K(524288K)
[21.755s][info ][gc,heap        ] GC(6) ParOldGen: 6025K(6144K)->6081K(6144K)
[21.755s][info ][gc,metaspace   ] GC(6) Metaspace: 86958K(88000K)->86958K(88000K) NonClass: 73728K(74304K)->73728K(74304K) Class: 13229K(13696K)->13229K(13696K)
[21.755s][info ][gc             ] GC(6) Pause Young (Allocation Failure) 1138M->164M(1542M) 148.397ms
[21.755s][info ][gc,cpu         ] GC(6) User=0.29s Sys=0.01s Real=0.14s
[21.755s][debug][gc,phases      ] GC(7) Pre Compact 0.015ms
[21.755s][info ][gc,start       ] GC(7) Pause Full (Ergonomics)
[21.755s][info ][gc,phases,start] GC(7) Marking Phase
[21.839s][debug][gc,phases      ] GC(7) Par Mark 84.608ms
[21.840s][debug][gc,ref         ] GC(7) ReferenceProcessor::execute queues: 3, RefProcThreadModel::Multi, marks_oops_alive: false
[21.840s][debug][gc,ref         ] GC(7) Skipped KeepAliveFinalRefsPhase of Reference Processing: no references
[21.840s][debug][gc,ref         ] GC(7) ReferenceProcessor::execute queues: 1, RefProcThreadModel::Single, marks_oops_alive: false
[21.840s][debug][gc,phases      ] GC(7) Reference Processing 0.673ms
[21.840s][debug][gc,phases      ] GC(7)   VM Weak                        Min:  0.0, Avg:  0.0, Max:  0.0, Diff:  0.0, Sum:  0.0, Workers: 4
[21.840s][debug][gc,phases      ] GC(7)     Dead                           Min: 0, Avg:  0.2, Max: 1, Diff: 1, Sum: 1, Workers: 4
[21.840s][debug][gc,phases      ] GC(7)     Total                          Min: 0, Avg: 191.8, Max: 447, Diff: 447, Sum: 767, Workers: 4
[21.840s][debug][gc,phases      ] GC(7)   ObjectSynchronizer Weak        Min:  0.0, Avg:  0.0, Max:  0.0, Diff:  0.0, Sum:  0.0, Workers: 4
[21.840s][debug][gc,phases      ] GC(7)     Dead                           Min: 0, Avg:  0.0, Max: 0, Diff: 0, Sum: 0, Workers: 4
[21.840s][debug][gc,phases      ] GC(7)     Total                          Min: 0, Avg:  7.2, Max: 29, Diff: 29, Sum: 29, Workers: 4
[21.841s][debug][gc,phases      ] GC(7)   JVMTI Tag Weak OopStorage      Min:  0.0, Avg:  0.0, Max:  0.0, Diff:  0.0, Sum:  0.0, Workers: 4
[21.841s][debug][gc,phases      ] GC(7)     Dead                           Min: 0, Avg:  0.0, Max: 0, Diff: 0, Sum: 0, Workers: 4
[21.841s][debug][gc,phases      ] GC(7)     Total                          Min: 0, Avg:  0.0, Max: 0, Diff: 0, Sum: 0, Workers: 4
[21.841s][debug][gc,phases      ] GC(7)   StringTable Weak               Min:  0.0, Avg:  0.2, Max:  0.2, Diff:  0.2, Sum:  0.7, Workers: 4
[21.841s][debug][gc,phases      ] GC(7)     Dead                           Min: 0, Avg:  0.0, Max: 0, Diff: 0, Sum: 0, Workers: 4
[21.841s][debug][gc,phases      ] GC(7)     Total                          Min: 0, Avg: 11402.0, Max: 16896, Diff: 16896, Sum: 45608, Workers: 4
[21.841s][debug][gc,phases      ] GC(7)   ResolvedMethodTable Weak       Min:  0.0, Avg:  0.1, Max:  0.1, Diff:  0.1, Sum:  0.2, Workers: 4
[21.841s][debug][gc,phases      ] GC(7)     Dead                           Min: 0, Avg:  0.2, Max: 1, Diff: 1, Sum: 1, Workers: 4
[21.841s][debug][gc,phases      ] GC(7)     Total                          Min: 0, Avg: 3535.5, Max: 5822, Diff: 5822, Sum: 14142, Workers: 4
[21.841s][debug][gc,phases      ] GC(7)   JNI Weak                       Min:  0.0, Avg:  0.0, Max:  0.0, Diff:  0.0, Sum:  0.0, Workers: 4
[21.841s][debug][gc,phases      ] GC(7)     Dead                           Min: 0, Avg:  0.0, Max: 0, Diff: 0, Sum: 0, Workers: 4
[21.841s][debug][gc,phases      ] GC(7)     Total                          Min: 0, Avg: 19.0, Max: 54, Diff: 54, Sum: 76, Workers: 4
[21.841s][debug][gc,phases      ] GC(7)   StringDedup Table Weak         Min:  0.0, Avg:  0.0, Max:  0.0, Diff:  0.0, Sum:  0.0, Workers: 4
[21.841s][debug][gc,phases      ] GC(7)     Dead                           Min: 0, Avg:  0.0, Max: 0, Diff: 0, Sum: 0, Workers: 4
[21.841s][debug][gc,phases      ] GC(7)     Total                          Min: 0, Avg:  0.0, Max: 0, Diff: 0, Sum: 0, Workers: 4
[21.841s][debug][gc,phases      ] GC(7)   StringDedup Requests0 Weak     Min:  0.0, Avg:  0.0, Max:  0.0, Diff:  0.0, Sum:  0.0, Workers: 4
[21.841s][debug][gc,phases      ] GC(7)     Dead                           Min: 0, Avg:  0.0, Max: 0, Diff: 0, Sum: 0, Workers: 4
[21.841s][debug][gc,phases      ] GC(7)     Total                          Min: 0, Avg:  0.0, Max: 0, Diff: 0, Sum: 0, Workers: 4
[21.841s][debug][gc,phases      ] GC(7)   StringDedup Requests1 Weak     Min:  0.0, Avg:  0.0, Max:  0.0, Diff:  0.0, Sum:  0.0, Workers: 4
[21.841s][debug][gc,phases      ] GC(7)     Dead                           Min: 0, Avg:  0.0, Max: 0, Diff: 0, Sum: 0, Workers: 4
[21.841s][debug][gc,phases      ] GC(7)     Total                          Min: 0, Avg:  0.0, Max: 0, Diff: 0, Sum: 0, Workers: 4
[21.841s][debug][gc,phases      ] GC(7)   Weak JFR Old Object Samples    Min:  0.0, Avg:  0.0, Max:  0.0, Diff:  0.0, Sum:  0.0, Workers: 4
[21.841s][debug][gc,phases      ] GC(7)     Dead                           Min: 0, Avg:  0.0, Max: 0, Diff: 0, Sum: 0, Workers: 4
[21.841s][debug][gc,phases      ] GC(7)     Total                          Min: 0, Avg:  0.0, Max: 0, Diff: 0, Sum: 0, Workers: 4
[21.841s][debug][gc,phases      ] GC(7) Weak Processing 0.600ms
[21.841s][debug][gc,phases      ] GC(7) ClassLoaderData 0.259ms
[21.841s][debug][gc,phases      ] GC(7) Trigger cleanups 0.001ms
[21.877s][debug][gc,phases      ] GC(7) Class Unloading 35.857ms
[21.877s][debug][gc,phases      ] GC(7) Report Object Count 0.002ms
[21.877s][info ][gc,phases      ] GC(7) Marking Phase 121.882ms
[21.877s][info ][gc,phases,start] GC(7) Summary Phase
[21.877s][info ][gc,phases      ] GC(7) Summary Phase 0.010ms
[21.877s][info ][gc,phases,start] GC(7) Adjust Roots
[21.896s][info ][gc,phases      ] GC(7) Adjust Roots 19.051ms
[21.896s][info ][gc,phases,start] GC(7) Compaction Phase
[22.510s][info ][gc,phases      ] GC(7) Compaction Phase 614.177ms
[22.510s][info ][gc,phases,start] GC(7) Post Compact
[22.512s][info ][gc,phases      ] GC(7) Post Compact 2.469ms
[22.513s][info ][gc,heap        ] GC(7) PSYoungGen: 161884K(1572864K)->161236K(1572864K) Eden: 0K(1048576K)->0K(1048576K) From: 161884K(524288K)->161236K(524288K)
[22.513s][info ][gc,heap        ] GC(7) ParOldGen: 6081K(6144K)->6059K(17920K)
[22.513s][info ][gc,metaspace   ] GC(7) Metaspace: 86958K(88000K)->86956K(88000K) NonClass: 73728K(74304K)->73727K(74304K) Class: 13229K(13696K)->13229K(13696K)
[22.513s][info ][gc             ] GC(7) Pause Full (Ergonomics) 164M->163M(1553M) 757.787ms
[22.513s][info ][gc,cpu         ] GC(7) User=1.46s Sys=0.00s Real=0.76s
[22.513s][info ][safepoint      ] Safepoint "ParallelGCFailedAllocation", Time since last: 338158158 ns, Reaching safepoint: 6200 ns, Cleanup: 127901 ns, At safepoint: 906362557 ns, Total: 906496658 ns
[22.881s][info ][safepoint      ] Safepoint "ICBufferFull", Time since last: 368210085 ns, Reaching safepoint: 120701 ns, Cleanup: 174602 ns, At safepoint: 8700 ns, Total: 304003 ns
[23.086s][info ][safepoint      ] Safepoint "ICBufferFull", Time since last: 204864349 ns, Reaching safepoint: 80101 ns, Cleanup: 153201 ns, At safepoint: 14000 ns, Total: 247302 ns
[23.239s][info ][safepoint      ] Safepoint "ICBufferFull", Time since last: 152205852 ns, Reaching safepoint: 5600 ns, Cleanup: 138801 ns, At safepoint: 9200 ns, Total: 153601 ns
[23.421s][info ][safepoint      ] Safepoint "ICBufferFull", Time since last: 182645081 ns, Reaching safepoint: 83601 ns, Cleanup: 141301 ns, At safepoint: 10100 ns, Total: 235002 ns
[23.598s][info ][safepoint      ] Safepoint "ICBufferFull", Time since last: 176276934 ns, Reaching safepoint: 6800 ns, Cleanup: 149701 ns, At safepoint: 7000 ns, Total: 163501 ns
[23.879s][info ][safepoint      ] Safepoint "ICBufferFull", Time since last: 280931425 ns, Reaching safepoint: 82801 ns, Cleanup: 143001 ns, At safepoint: 9300 ns, Total: 235102 ns
[23.972s][info ][safepoint      ] Safepoint "ICBufferFull", Time since last: 93174605 ns, Reaching safepoint: 6100 ns, Cleanup: 169801 ns, At safepoint: 8500 ns, Total: 184401 ns
[24.238s][info ][safepoint      ] Safepoint "ICBufferFull", Time since last: 265230307 ns, Reaching safepoint: 6200 ns, Cleanup: 149801 ns, At safepoint: 2400 ns, Total: 158401 ns
[24.533s][info ][safepoint      ] Safepoint "ICBufferFull", Time since last: 295257333 ns, Reaching safepoint: 85301 ns, Cleanup: 161101 ns, At safepoint: 14800 ns, Total: 261202 ns
[24.907s][info ][safepoint      ] Safepoint "ICBufferFull", Time since last: 372314117 ns, Reaching safepoint: 944307 ns, Cleanup: 162601 ns, At safepoint: 10900 ns, Total: 1117808 ns
[25.228s][info ][safepoint      ] Safepoint "ICBufferFull", Time since last: 321074429 ns, Reaching safepoint: 5800 ns, Cleanup: 105201 ns, At safepoint: 2400 ns, Total: 113401 ns
[26.083s][info ][safepoint      ] Safepoint "ICBufferFull", Time since last: 854790666 ns, Reaching safepoint: 6300 ns, Cleanup: 151101 ns, At safepoint: 2101 ns, Total: 159502 ns
[26.867s][info ][safepoint      ] Safepoint "ICBufferFull", Time since last: 783862429 ns, Reaching safepoint: 5400 ns, Cleanup: 153801 ns, At safepoint: 2600 ns, Total: 161801 ns
[27.618s][info ][gc,start       ] GC(8) Pause Young (Allocation Failure)
[27.754s][debug][gc,phases      ] GC(8) Scavenge 135.886ms
[27.754s][debug][gc,ref         ] GC(8) ReferenceProcessor::execute queues: 4, RefProcThreadModel::Multi, marks_oops_alive: false
[27.756s][debug][gc,ref         ] GC(8) Skipped KeepAliveFinalRefsPhase of Reference Processing: no references
[27.756s][debug][gc,ref         ] GC(8) ReferenceProcessor::execute queues: 1, RefProcThreadModel::Single, marks_oops_alive: false
[27.756s][debug][gc,phases      ] GC(8) Reference Processing 1.460ms
[27.757s][debug][gc,phases      ] GC(8)   VM Weak                        Min:  0.0, Avg:  0.0, Max:  0.0, Diff:  0.0, Sum:  0.0, Workers: 4
[27.757s][debug][gc,phases      ] GC(8)     Dead                           Min: 0, Avg:  0.0, Max: 0, Diff: 0, Sum: 0, Workers: 4
[27.757s][debug][gc,phases      ] GC(8)     Total                          Min: 0, Avg: 214.5, Max: 858, Diff: 858, Sum: 858, Workers: 4
[27.757s][debug][gc,phases      ] GC(8)   ObjectSynchronizer Weak        Min:  0.0, Avg:  0.0, Max:  0.0, Diff:  0.0, Sum:  0.0, Workers: 4
[27.757s][debug][gc,phases      ] GC(8)     Dead                           Min: 0, Avg:  0.0, Max: 0, Diff: 0, Sum: 0, Workers: 4
[27.757s][debug][gc,phases      ] GC(8)     Total                          Min: 0, Avg:  7.2, Max: 29, Diff: 29, Sum: 29, Workers: 4
[27.757s][debug][gc,phases      ] GC(8)   JVMTI Tag Weak OopStorage      Min:  0.0, Avg:  0.0, Max:  0.0, Diff:  0.0, Sum:  0.0, Workers: 4
[27.757s][debug][gc,phases      ] GC(8)     Dead                           Min: 0, Avg:  0.0, Max: 0, Diff: 0, Sum: 0, Workers: 4
[27.757s][debug][gc,phases      ] GC(8)     Total                          Min: 0, Avg:  0.0, Max: 0, Diff: 0, Sum: 0, Workers: 4
[27.757s][debug][gc,phases      ] GC(8)   StringTable Weak               Min:  0.0, Avg:  0.3, Max:  1.1, Diff:  1.1, Sum:  1.1, Workers: 4
[27.757s][debug][gc,phases      ] GC(8)     Dead                           Min: 0, Avg:  1.8, Max: 7, Diff: 7, Sum: 7, Workers: 4
[27.757s][debug][gc,phases      ] GC(8)     Total                          Min: 0, Avg: 11621.0, Max: 46484, Diff: 46484, Sum: 46484, Workers: 4
[27.757s][debug][gc,phases      ] GC(8)   ResolvedMethodTable Weak       Min:  0.0, Avg:  0.1, Max:  0.4, Diff:  0.4, Sum:  0.5, Workers: 4
[27.757s][debug][gc,phases      ] GC(8)     Dead                           Min: 0, Avg: 50.0, Max: 120, Diff: 120, Sum: 200, Workers: 4
[27.757s][debug][gc,phases      ] GC(8)     Total                          Min: 0, Avg: 3032.0, Max: 7117, Diff: 7117, Sum: 12128, Workers: 4
[27.757s][debug][gc,phases      ] GC(8)   JNI Weak                       Min:  0.0, Avg:  0.0, Max:  0.0, Diff:  0.0, Sum:  0.0, Workers: 4
[27.757s][debug][gc,phases      ] GC(8)     Dead                           Min: 0, Avg:  0.0, Max: 0, Diff: 0, Sum: 0, Workers: 4
[27.757s][debug][gc,phases      ] GC(8)     Total                          Min: 0, Avg: 14.5, Max: 51, Diff: 51, Sum: 58, Workers: 4
[27.757s][debug][gc,phases      ] GC(8)   StringDedup Table Weak         Min:  0.0, Avg:  0.0, Max:  0.0, Diff:  0.0, Sum:  0.0, Workers: 4
[27.757s][debug][gc,phases      ] GC(8)     Dead                           Min: 0, Avg:  0.0, Max: 0, Diff: 0, Sum: 0, Workers: 4
[27.757s][debug][gc,phases      ] GC(8)     Total                          Min: 0, Avg:  0.0, Max: 0, Diff: 0, Sum: 0, Workers: 4
[27.757s][debug][gc,phases      ] GC(8)   StringDedup Requests0 Weak     Min:  0.0, Avg:  0.0, Max:  0.0, Diff:  0.0, Sum:  0.0, Workers: 4
[27.757s][debug][gc,phases      ] GC(8)     Dead                           Min: 0, Avg:  0.0, Max: 0, Diff: 0, Sum: 0, Workers: 4
[27.757s][debug][gc,phases      ] GC(8)     Total                          Min: 0, Avg:  0.0, Max: 0, Diff: 0, Sum: 0, Workers: 4
[27.758s][debug][gc,phases      ] GC(8)   StringDedup Requests1 Weak     Min:  0.0, Avg:  0.0, Max:  0.0, Diff:  0.0, Sum:  0.0, Workers: 4
[27.758s][debug][gc,phases      ] GC(8)     Dead                           Min: 0, Avg:  0.0, Max: 0, Diff: 0, Sum: 0, Workers: 4
[27.758s][debug][gc,phases      ] GC(8)     Total                          Min: 0, Avg:  0.0, Max: 0, Diff: 0, Sum: 0, Workers: 4
[27.758s][debug][gc,phases      ] GC(8)   Weak JFR Old Object Samples    Min:  0.0, Avg:  0.0, Max:  0.0, Diff:  0.0, Sum:  0.0, Workers: 4
[27.758s][debug][gc,phases      ] GC(8)     Dead                           Min: 0, Avg:  0.0, Max: 0, Diff: 0, Sum: 0, Workers: 4
[27.758s][debug][gc,phases      ] GC(8)     Total                          Min: 0, Avg:  0.0, Max: 0, Diff: 0, Sum: 0, Workers: 4
[27.758s][debug][gc,phases      ] GC(8) Weak Processing 1.776ms
[27.758s][debug][gc,age         ] GC(8) Desired survivor size 251133952 bytes, new threshold 8 (max threshold 15)
[27.758s][info ][gc,heap        ] GC(8) PSYoungGen: 1209812K(1572864K)->207079K(1572864K) Eden: 1048576K(1048576K)->0K(1048576K) From: 161236K(524288K)->207079K(524288K)
[27.758s][info ][gc,heap        ] GC(8) ParOldGen: 6059K(17920K)->6088K(17920K)
[27.758s][info ][gc,metaspace   ] GC(8) Metaspace: 90145K(91264K)->90145K(91264K) NonClass: 76585K(77248K)->76585K(77248K) Class: 13560K(14016K)->13560K(14016K)
[27.758s][info ][gc             ] GC(8) Pause Young (Allocation Failure) 1187M->208M(1553M) 139.260ms
[27.758s][info ][gc,cpu         ] GC(8) User=0.22s Sys=0.06s Real=0.14s
[27.758s][info ][safepoint      ] Safepoint "ParallelGCFailedAllocation", Time since last: 751251884 ns, Reaching safepoint: 7200 ns, Cleanup: 125601 ns, At safepoint: 139387054 ns, Total: 139519855 ns
[28.364s][info ][safepoint      ] Safepoint "ICBufferFull", Time since last: 605363079 ns, Reaching safepoint: 544705 ns, Cleanup: 139701 ns, At safepoint: 21000 ns, Total: 705406 ns
[28.834s][info ][safepoint      ] Safepoint "ICBufferFull", Time since last: 469973255 ns, Reaching safepoint: 81701 ns, Cleanup: 143201 ns, At safepoint: 10600 ns, Total: 235502 ns
[29.523s][info ][safepoint      ] Safepoint "ICBufferFull", Time since last: 688936700 ns, Reaching safepoint: 7000 ns, Cleanup: 169101 ns, At safepoint: 3400 ns, Total: 179501 ns
[30.531s][info ][safepoint      ] Safepoint "Cleanup", Time since last: 1006558264 ns, Reaching safepoint: 1490010 ns, Cleanup: 126601 ns, At safepoint: 11000 ns, Total: 1627611 ns
[30.824s][info ][gc,start       ] GC(9) Pause Young (Allocation Failure)
[30.970s][debug][gc,phases      ] GC(9) Scavenge 146.224ms
[30.970s][debug][gc,ref         ] GC(9) ReferenceProcessor::execute queues: 4, RefProcThreadModel::Multi, marks_oops_alive: false
[30.971s][debug][gc,ref         ] GC(9) Skipped KeepAliveFinalRefsPhase of Reference Processing: no references
[30.971s][debug][gc,ref         ] GC(9) ReferenceProcessor::execute queues: 1, RefProcThreadModel::Single, marks_oops_alive: false
[30.971s][debug][gc,phases      ] GC(9) Reference Processing 0.868ms
[30.972s][debug][gc,phases      ] GC(9)   VM Weak                        Min:  0.0, Avg:  0.0, Max:  0.0, Diff:  0.0, Sum:  0.0, Workers: 4
[30.972s][debug][gc,phases      ] GC(9)     Dead                           Min: 0, Avg:  0.0, Max: 0, Diff: 0, Sum: 0, Workers: 4
[30.972s][debug][gc,phases      ] GC(9)     Total                          Min: 0, Avg: 214.8, Max: 539, Diff: 539, Sum: 859, Workers: 4
[30.972s][debug][gc,phases      ] GC(9)   ObjectSynchronizer Weak        Min:  0.0, Avg:  0.0, Max:  0.0, Diff:  0.0, Sum:  0.0, Workers: 4
[30.972s][debug][gc,phases      ] GC(9)     Dead                           Min: 0, Avg:  0.0, Max: 0, Diff: 0, Sum: 0, Workers: 4
[30.972s][debug][gc,phases      ] GC(9)     Total                          Min: 0, Avg:  7.2, Max: 29, Diff: 29, Sum: 29, Workers: 4
[30.972s][debug][gc,phases      ] GC(9)   JVMTI Tag Weak OopStorage      Min:  0.0, Avg:  0.0, Max:  0.0, Diff:  0.0, Sum:  0.0, Workers: 4
[30.972s][debug][gc,phases      ] GC(9)     Dead                           Min: 0, Avg:  0.0, Max: 0, Diff: 0, Sum: 0, Workers: 4
[30.972s][debug][gc,phases      ] GC(9)     Total                          Min: 0, Avg:  0.0, Max: 0, Diff: 0, Sum: 0, Workers: 4
[30.972s][debug][gc,phases      ] GC(9)   StringTable Weak               Min:  0.0, Avg:  0.3, Max:  0.6, Diff:  0.6, Sum:  1.1, Workers: 4
[30.972s][debug][gc,phases      ] GC(9)     Dead                           Min: 0, Avg:  0.2, Max: 1, Diff: 1, Sum: 1, Workers: 4
[30.972s][debug][gc,phases      ] GC(9)     Total                          Min: 0, Avg: 11655.5, Max: 24192, Diff: 24192, Sum: 46622, Workers: 4
[30.972s][debug][gc,phases      ] GC(9)   ResolvedMethodTable Weak       Min:  0.0, Avg:  0.1, Max:  0.2, Diff:  0.2, Sum:  0.3, Workers: 4
[30.972s][debug][gc,phases      ] GC(9)     Dead                           Min: 0, Avg:  1.0, Max: 3, Diff: 3, Sum: 4, Workers: 4
[30.972s][debug][gc,phases      ] GC(9)     Total                          Min: 0, Avg: 3038.8, Max: 6118, Diff: 6118, Sum: 12155, Workers: 4
[30.972s][debug][gc,phases      ] GC(9)   JNI Weak                       Min:  0.0, Avg:  0.0, Max:  0.0, Diff:  0.0, Sum:  0.0, Workers: 4
[30.972s][debug][gc,phases      ] GC(9)     Dead                           Min: 0, Avg:  0.0, Max: 0, Diff: 0, Sum: 0, Workers: 4
[30.972s][debug][gc,phases      ] GC(9)     Total                          Min: 0, Avg: 15.2, Max: 60, Diff: 60, Sum: 61, Workers: 4
[30.972s][debug][gc,phases      ] GC(9)   StringDedup Table Weak         Min:  0.0, Avg:  0.0, Max:  0.0, Diff:  0.0, Sum:  0.0, Workers: 4
[30.972s][debug][gc,phases      ] GC(9)     Dead                           Min: 0, Avg:  0.0, Max: 0, Diff: 0, Sum: 0, Workers: 4
[30.972s][debug][gc,phases      ] GC(9)     Total                          Min: 0, Avg:  0.0, Max: 0, Diff: 0, Sum: 0, Workers: 4
[30.972s][debug][gc,phases      ] GC(9)   StringDedup Requests0 Weak     Min:  0.0, Avg:  0.0, Max:  0.0, Diff:  0.0, Sum:  0.0, Workers: 4
[30.972s][debug][gc,phases      ] GC(9)     Dead                           Min: 0, Avg:  0.0, Max: 0, Diff: 0, Sum: 0, Workers: 4
[30.972s][debug][gc,phases      ] GC(9)     Total                          Min: 0, Avg:  0.0, Max: 0, Diff: 0, Sum: 0, Workers: 4
[30.972s][debug][gc,phases      ] GC(9)   StringDedup Requests1 Weak     Min:  0.0, Avg:  0.0, Max:  0.0, Diff:  0.0, Sum:  0.0, Workers: 4
[30.972s][debug][gc,phases      ] GC(9)     Dead                           Min: 0, Avg:  0.0, Max: 0, Diff: 0, Sum: 0, Workers: 4
[30.972s][debug][gc,phases      ] GC(9)     Total                          Min: 0, Avg:  0.0, Max: 0, Diff: 0, Sum: 0, Workers: 4
[30.972s][debug][gc,phases      ] GC(9)   Weak JFR Old Object Samples    Min:  0.0, Avg:  0.0, Max:  0.0, Diff:  0.0, Sum:  0.0, Workers: 4
[30.972s][debug][gc,phases      ] GC(9)     Dead                           Min: 0, Avg:  0.0, Max: 0, Diff: 0, Sum: 0, Workers: 4
[30.972s][debug][gc,phases      ] GC(9)     Total                          Min: 0, Avg:  0.0, Max: 0, Diff: 0, Sum: 0, Workers: 4
[30.972s][debug][gc,phases      ] GC(9) Weak Processing 0.935ms
[30.972s][debug][gc,age         ] GC(9) Desired survivor size 306708480 bytes, new threshold 7 (max threshold 15)
[30.972s][info ][gc,heap        ] GC(9) PSYoungGen: 1255655K(1572864K)->245235K(1743360K) Eden: 1048576K(1048576K)->0K(1498112K) From: 207079K(524288K)->245235K(245248K)
[30.972s][info ][gc,heap        ] GC(9) ParOldGen: 6088K(17920K)->11704K(17920K)
[30.972s][info ][gc,metaspace   ] GC(9) Metaspace: 90575K(91712K)->90575K(91712K) NonClass: 76996K(77632K)->76996K(77632K) Class: 13578K(14080K)->13578K(14080K)
[30.972s][info ][gc             ] GC(9) Pause Young (Allocation Failure) 1232M->250M(1720M) 148.148ms
[30.972s][info ][gc,cpu         ] GC(9) User=0.34s Sys=0.05s Real=0.15s
[30.972s][info ][safepoint      ] Safepoint "ParallelGCFailedAllocation", Time since last: 292390694 ns, Reaching safepoint: 6000 ns, Cleanup: 24900 ns, At safepoint: 148225511 ns, Total: 148256411 ns
[31.972s][info ][safepoint      ] Safepoint "Cleanup", Time since last: 1000095219 ns, Reaching safepoint: 7100 ns, Cleanup: 137301 ns, At safepoint: 8700 ns, Total: 153101 ns
[32.972s][info ][safepoint      ] Safepoint "Cleanup", Time since last: 1000110220 ns, Reaching safepoint: 6200 ns, Cleanup: 143601 ns, At safepoint: 4900 ns, Total: 154701 ns
[33.973s][info ][safepoint      ] Safepoint "Cleanup", Time since last: 1000112220 ns, Reaching safepoint: 6700 ns, Cleanup: 63800 ns, At safepoint: 10200 ns, Total: 80700 ns
[34.973s][info ][safepoint      ] Safepoint "Cleanup", Time since last: 1000116120 ns, Reaching safepoint: 7400 ns, Cleanup: 54301 ns, At safepoint: 8500 ns, Total: 70201 ns
[35.973s][info ][safepoint      ] Safepoint "Cleanup", Time since last: 1000114884 ns, Reaching safepoint: 8800 ns, Cleanup: 32201 ns, At safepoint: 3000 ns, Total: 44001 ns
[36.973s][info ][safepoint      ] Safepoint "Cleanup", Time since last: 1000112575 ns, Reaching safepoint: 6500 ns, Cleanup: 41000 ns, At safepoint: 2400 ns, Total: 49900 ns
[37.973s][info ][safepoint      ] Safepoint "Cleanup", Time since last: 1000109586 ns, Reaching safepoint: 7000 ns, Cleanup: 25600 ns, At safepoint: 3100 ns, Total: 35700 ns
[38.973s][info ][safepoint      ] Safepoint "Cleanup", Time since last: 1000110256 ns, Reaching safepoint: 6600 ns, Cleanup: 39300 ns, At safepoint: 2700 ns, Total: 48600 ns
[39.974s][info ][safepoint      ] Safepoint "Cleanup", Time since last: 1000120056 ns, Reaching safepoint: 6300 ns, Cleanup: 34300 ns, At safepoint: 2600 ns, Total: 43200 ns
[40.974s][info ][safepoint      ] Safepoint "Cleanup", Time since last: 1000139393 ns, Reaching safepoint: 7000 ns, Cleanup: 21601 ns, At safepoint: 2900 ns, Total: 31501 ns
[41.974s][info ][safepoint      ] Safepoint "Cleanup", Time since last: 1000104916 ns, Reaching safepoint: 6300 ns, Cleanup: 15300 ns, At safepoint: 2200 ns, Total: 23800 ns
[42.974s][info ][safepoint      ] Safepoint "Cleanup", Time since last: 1000060416 ns, Reaching safepoint: 5900 ns, Cleanup: 7200 ns, At safepoint: 2300 ns, Total: 15400 ns
[43.974s][info ][safepoint      ] Safepoint "Cleanup", Time since last: 1000090417 ns, Reaching safepoint: 6400 ns, Cleanup: 29500 ns, At safepoint: 2100 ns, Total: 38000 ns
[44.974s][info ][safepoint      ] Safepoint "Cleanup", Time since last: 1000101416 ns, Reaching safepoint: 6600 ns, Cleanup: 13901 ns, At safepoint: 2200 ns, Total: 22701 ns
[45.974s][info ][safepoint      ] Safepoint "Cleanup", Time since last: 1000101926 ns, Reaching safepoint: 6800 ns, Cleanup: 18600 ns, At safepoint: 2500 ns, Total: 27900 ns
[46.974s][info ][safepoint      ] Safepoint "Cleanup", Time since last: 1000096474 ns, Reaching safepoint: 6100 ns, Cleanup: 14500 ns, At safepoint: 2100 ns, Total: 22700 ns
[47.975s][info ][safepoint      ] Safepoint "Cleanup", Time since last: 1000110774 ns, Reaching safepoint: 5100 ns, Cleanup: 36700 ns, At safepoint: 2000 ns, Total: 43800 ns
[48.975s][info ][safepoint      ] Safepoint "Cleanup", Time since last: 1000102339 ns, Reaching safepoint: 6500 ns, Cleanup: 133301 ns, At safepoint: 7200 ns, Total: 147001 ns
[49.975s][info ][safepoint      ] Safepoint "Cleanup", Time since last: 1000102889 ns, Reaching safepoint: 6100 ns, Cleanup: 50000 ns, At safepoint: 4900 ns, Total: 61000 ns
[50.975s][info ][safepoint      ] Safepoint "Cleanup", Time since last: 1000115290 ns, Reaching safepoint: 6800 ns, Cleanup: 16700 ns, At safepoint: 2400 ns, Total: 25900 ns
[51.975s][info ][safepoint      ] Safepoint "Cleanup", Time since last: 1000114589 ns, Reaching safepoint: 7400 ns, Cleanup: 31700 ns, At safepoint: 2500 ns, Total: 41600 ns
[52.975s][info ][safepoint      ] Safepoint "Cleanup", Time since last: 1000106690 ns, Reaching safepoint: 7500 ns, Cleanup: 17200 ns, At safepoint: 3000 ns, Total: 27700 ns
[53.976s][info ][safepoint      ] Safepoint "Cleanup", Time since last: 1000114734 ns, Reaching safepoint: 7000 ns, Cleanup: 9600 ns, At safepoint: 3000 ns, Total: 19600 ns
[54.976s][info ][safepoint      ] Safepoint "Cleanup", Time since last: 1000129915 ns, Reaching safepoint: 8300 ns, Cleanup: 61700 ns, At safepoint: 8401 ns, Total: 78401 ns
[55.976s][info ][safepoint      ] Safepoint "Cleanup", Time since last: 1000119015 ns, Reaching safepoint: 7600 ns, Cleanup: 33800 ns, At safepoint: 7800 ns, Total: 49200 ns
[56.976s][info ][safepoint      ] Safepoint "Cleanup", Time since last: 1000130715 ns, Reaching safepoint: 7100 ns, Cleanup: 47001 ns, At safepoint: 3800 ns, Total: 57901 ns
[57.976s][info ][safepoint      ] Safepoint "Cleanup", Time since last: 1000114615 ns, Reaching safepoint: 5700 ns, Cleanup: 16800 ns, At safepoint: 2300 ns, Total: 24800 ns
[58.976s][info ][safepoint      ] Safepoint "Cleanup", Time since last: 1000107315 ns, Reaching safepoint: 6400 ns, Cleanup: 22601 ns, At safepoint: 2200 ns, Total: 31201 ns
[59.977s][info ][safepoint      ] Safepoint "Cleanup", Time since last: 1000108315 ns, Reaching safepoint: 6700 ns, Cleanup: 30900 ns, At safepoint: 2400 ns, Total: 40000 ns
[61.138s][info ][safepoint      ] Safepoint "Cleanup", Time since last: 1161367920 ns, Reaching safepoint: 7400 ns, Cleanup: 42800 ns, At safepoint: 11600 ns, Total: 61800 ns
[62.138s][info ][safepoint      ] Safepoint "Cleanup", Time since last: 1000118363 ns, Reaching safepoint: 6900 ns, Cleanup: 22500 ns, At safepoint: 2700 ns, Total: 32100 ns
[63.138s][info ][safepoint      ] Safepoint "Cleanup", Time since last: 1000112463 ns, Reaching safepoint: 6600 ns, Cleanup: 27000 ns, At safepoint: 2700 ns, Total: 36300 ns
[64.142s][info ][safepoint      ] Safepoint "Cleanup", Time since last: 1003323885 ns, Reaching safepoint: 230902 ns, Cleanup: 77400 ns, At safepoint: 11500 ns, Total: 319802 ns
[65.142s][info ][safepoint      ] Safepoint "Cleanup", Time since last: 1000120163 ns, Reaching safepoint: 7200 ns, Cleanup: 67901 ns, At safepoint: 2500 ns, Total: 77601 ns
[66.142s][info ][safepoint      ] Safepoint "Cleanup", Time since last: 1000107862 ns, Reaching safepoint: 7100 ns, Cleanup: 46901 ns, At safepoint: 2400 ns, Total: 56401 ns
[67.142s][info ][safepoint      ] Safepoint "Cleanup", Time since last: 1000107262 ns, Reaching safepoint: 7000 ns, Cleanup: 17800 ns, At safepoint: 3201 ns, Total: 28001 ns
[68.143s][info ][safepoint      ] Safepoint "Cleanup", Time since last: 1000186263 ns, Reaching safepoint: 5300 ns, Cleanup: 33200 ns, At safepoint: 2600 ns, Total: 41100 ns
[69.008s][info ][safepoint      ] Safepoint "ICBufferFull", Time since last: 864636019 ns, Reaching safepoint: 6401 ns, Cleanup: 155701 ns, At safepoint: 2400 ns, Total: 164502 ns
[70.008s][info ][safepoint      ] Safepoint "Cleanup", Time since last: 1000120627 ns, Reaching safepoint: 80400 ns, Cleanup: 31500 ns, At safepoint: 7600 ns, Total: 119500 ns
[71.008s][info ][safepoint      ] Safepoint "Cleanup", Time since last: 1000470029 ns, Reaching safepoint: 82301 ns, Cleanup: 31700 ns, At safepoint: 6800 ns, Total: 120801 ns
[72.009s][info ][safepoint      ] Safepoint "Cleanup", Time since last: 1000131226 ns, Reaching safepoint: 81601 ns, Cleanup: 20300 ns, At safepoint: 10000 ns, Total: 111901 ns
[73.009s][info ][safepoint      ] Safepoint "Cleanup", Time since last: 1000120326 ns, Reaching safepoint: 6800 ns, Cleanup: 14800 ns, At safepoint: 2400 ns, Total: 24000 ns
[74.009s][info ][safepoint      ] Safepoint "Cleanup", Time since last: 1000112127 ns, Reaching safepoint: 79800 ns, Cleanup: 40201 ns, At safepoint: 6800 ns, Total: 126801 ns
[75.009s][info ][safepoint      ] Safepoint "Cleanup", Time since last: 1000111926 ns, Reaching safepoint: 6700 ns, Cleanup: 51600 ns, At safepoint: 2100 ns, Total: 60400 ns
[76.009s][info ][safepoint      ] Safepoint "Cleanup", Time since last: 1000067626 ns, Reaching safepoint: 6900 ns, Cleanup: 66201 ns, At safepoint: 14400 ns, Total: 87501 ns
[77.009s][info ][safepoint      ] Safepoint "Cleanup", Time since last: 1000106426 ns, Reaching safepoint: 6600 ns, Cleanup: 6900 ns, At safepoint: 2100 ns, Total: 15600 ns
[78.010s][info ][safepoint      ] Safepoint "Cleanup", Time since last: 1000114084 ns, Reaching safepoint: 7200 ns, Cleanup: 25600 ns, At safepoint: 3000 ns, Total: 35800 ns
[79.010s][info ][safepoint      ] Safepoint "Cleanup", Time since last: 1000100184 ns, Reaching safepoint: 93701 ns, Cleanup: 21200 ns, At safepoint: 14300 ns, Total: 129201 ns
[80.010s][info ][safepoint      ] Safepoint "Cleanup", Time since last: 1000110484 ns, Reaching safepoint: 6400 ns, Cleanup: 11800 ns, At safepoint: 2600 ns, Total: 20800 ns
[81.010s][info ][safepoint      ] Safepoint "Cleanup", Time since last: 1000109284 ns, Reaching safepoint: 79201 ns, Cleanup: 23200 ns, At safepoint: 10400 ns, Total: 112801 ns
[82.010s][info ][safepoint      ] Safepoint "Cleanup", Time since last: 1000111184 ns, Reaching safepoint: 6800 ns, Cleanup: 23701 ns, At safepoint: 2100 ns, Total: 32601 ns
[83.011s][info ][safepoint      ] Safepoint "Cleanup", Time since last: 1000231385 ns, Reaching safepoint: 6800 ns, Cleanup: 35500 ns, At safepoint: 2600 ns, Total: 44900 ns
[84.011s][info ][safepoint      ] Safepoint "Cleanup", Time since last: 1000112984 ns, Reaching safepoint: 7000 ns, Cleanup: 14600 ns, At safepoint: 2800 ns, Total: 24400 ns
[85.011s][info ][safepoint      ] Safepoint "Cleanup", Time since last: 1000121085 ns, Reaching safepoint: 6200 ns, Cleanup: 6900 ns, At safepoint: 2200 ns, Total: 15300 ns
[86.011s][info ][safepoint      ] Safepoint "Cleanup", Time since last: 1000115462 ns, Reaching safepoint: 7400 ns, Cleanup: 9500 ns, At safepoint: 2400 ns, Total: 19300 ns
[87.011s][info ][safepoint      ] Safepoint "Cleanup", Time since last: 1000115256 ns, Reaching safepoint: 6700 ns, Cleanup: 8800 ns, At safepoint: 2600 ns, Total: 18100 ns
[88.011s][info ][safepoint      ] Safepoint "Cleanup", Time since last: 1000122156 ns, Reaching safepoint: 8000 ns, Cleanup: 14200 ns, At safepoint: 2500 ns, Total: 24700 ns
[89.011s][info ][safepoint      ] Safepoint "Cleanup", Time since last: 1000117056 ns, Reaching safepoint: 6700 ns, Cleanup: 10900 ns, At safepoint: 2500 ns, Total: 20100 ns
[90.012s][info ][safepoint      ] Safepoint "Cleanup", Time since last: 1000112156 ns, Reaching safepoint: 6200 ns, Cleanup: 9900 ns, At safepoint: 2600 ns, Total: 18700 ns
[91.012s][info ][safepoint      ] Safepoint "Cleanup", Time since last: 1000106656 ns, Reaching safepoint: 6000 ns, Cleanup: 10900 ns, At safepoint: 2000 ns, Total: 18900 ns
[92.012s][info ][safepoint      ] Safepoint "Cleanup", Time since last: 1000102556 ns, Reaching safepoint: 5700 ns, Cleanup: 18900 ns, At safepoint: 2700 ns, Total: 27300 ns
[93.012s][info ][safepoint      ] Safepoint "Cleanup", Time since last: 1000094756 ns, Reaching safepoint: 6000 ns, Cleanup: 10900 ns, At safepoint: 2200 ns, Total: 19100 ns
[94.012s][info ][safepoint      ] Safepoint "Cleanup", Time since last: 1000102603 ns, Reaching safepoint: 6600 ns, Cleanup: 10900 ns, At safepoint: 2600 ns, Total: 20100 ns
[94.708s][info ][gc,start       ] GC(10) Pause Young (Allocation Failure)
[94.810s][debug][gc,phases      ] GC(10) Scavenge 101.370ms
[94.810s][debug][gc,ref         ] GC(10) ReferenceProcessor::execute queues: 4, RefProcThreadModel::Multi, marks_oops_alive: false
[94.811s][debug][gc,ref         ] GC(10) Skipped KeepAliveFinalRefsPhase of Reference Processing: no references
[94.811s][debug][gc,ref         ] GC(10) ReferenceProcessor::execute queues: 1, RefProcThreadModel::Single, marks_oops_alive: false
[94.811s][debug][gc,phases      ] GC(10) Reference Processing 0.986ms
[94.811s][debug][gc,phases      ] GC(10)   VM Weak                        Min:  0.0, Avg:  0.0, Max:  0.0, Diff:  0.0, Sum:  0.0, Workers: 4
[94.811s][debug][gc,phases      ] GC(10)     Dead                           Min: 0, Avg:  0.0, Max: 0, Diff: 0, Sum: 0, Workers: 4
[94.811s][debug][gc,phases      ] GC(10)     Total                          Min: 0, Avg: 223.2, Max: 640, Diff: 640, Sum: 893, Workers: 4
[94.811s][debug][gc,phases      ] GC(10)   ObjectSynchronizer Weak        Min:  0.0, Avg:  0.0, Max:  0.0, Diff:  0.0, Sum:  0.0, Workers: 4
[94.811s][debug][gc,phases      ] GC(10)     Dead                           Min: 0, Avg:  0.0, Max: 0, Diff: 0, Sum: 0, Workers: 4
[94.811s][debug][gc,phases      ] GC(10)     Total                          Min: 0, Avg:  1.0, Max: 4, Diff: 4, Sum: 4, Workers: 4
[94.811s][debug][gc,phases      ] GC(10)   JVMTI Tag Weak OopStorage      Min:  0.0, Avg:  0.0, Max:  0.0, Diff:  0.0, Sum:  0.0, Workers: 4
[94.811s][debug][gc,phases      ] GC(10)     Dead                           Min: 0, Avg:  0.0, Max: 0, Diff: 0, Sum: 0, Workers: 4
[94.811s][debug][gc,phases      ] GC(10)     Total                          Min: 0, Avg:  0.0, Max: 0, Diff: 0, Sum: 0, Workers: 4
[94.811s][debug][gc,phases      ] GC(10)   StringTable Weak               Min:  0.0, Avg:  0.3, Max:  0.6, Diff:  0.6, Sum:  1.1, Workers: 4
[94.811s][debug][gc,phases      ] GC(10)     Dead                           Min: 0, Avg:  1.0, Max: 3, Diff: 3, Sum: 4, Workers: 4
[94.811s][debug][gc,phases      ] GC(10)     Total                          Min: 0, Avg: 11794.8, Max: 23627, Diff: 23627, Sum: 47179, Workers: 4
[94.811s][debug][gc,phases      ] GC(10)   ResolvedMethodTable Weak       Min:  0.0, Avg:  0.1, Max:  0.2, Diff:  0.2, Sum:  0.3, Workers: 4
[94.812s][debug][gc,phases      ] GC(10)     Dead                           Min: 0, Avg: 15.5, Max: 33, Diff: 33, Sum: 62, Workers: 4
[94.812s][debug][gc,phases      ] GC(10)     Total                          Min: 0, Avg: 3111.5, Max: 6253, Diff: 6253, Sum: 12446, Workers: 4
[94.812s][debug][gc,phases      ] GC(10)   JNI Weak                       Min:  0.0, Avg:  0.0, Max:  0.0, Diff:  0.0, Sum:  0.0, Workers: 4
[94.812s][debug][gc,phases      ] GC(10)     Dead                           Min: 0, Avg:  0.0, Max: 0, Diff: 0, Sum: 0, Workers: 4
[94.812s][debug][gc,phases      ] GC(10)     Total                          Min: 0, Avg: 12.0, Max: 48, Diff: 48, Sum: 48, Workers: 4
[94.812s][debug][gc,phases      ] GC(10)   StringDedup Table Weak         Min:  0.0, Avg:  0.0, Max:  0.0, Diff:  0.0, Sum:  0.0, Workers: 4
[94.812s][debug][gc,phases      ] GC(10)     Dead                           Min: 0, Avg:  0.0, Max: 0, Diff: 0, Sum: 0, Workers: 4
[94.812s][debug][gc,phases      ] GC(10)     Total                          Min: 0, Avg:  0.0, Max: 0, Diff: 0, Sum: 0, Workers: 4
[94.812s][debug][gc,phases      ] GC(10)   StringDedup Requests0 Weak     Min:  0.0, Avg:  0.0, Max:  0.0, Diff:  0.0, Sum:  0.0, Workers: 4
[94.812s][debug][gc,phases      ] GC(10)     Dead                           Min: 0, Avg:  0.0, Max: 0, Diff: 0, Sum: 0, Workers: 4
[94.812s][debug][gc,phases      ] GC(10)     Total                          Min: 0, Avg:  0.0, Max: 0, Diff: 0, Sum: 0, Workers: 4
[94.812s][debug][gc,phases      ] GC(10)   StringDedup Requests1 Weak     Min:  0.0, Avg:  0.0, Max:  0.0, Diff:  0.0, Sum:  0.0, Workers: 4
[94.812s][debug][gc,phases      ] GC(10)     Dead                           Min: 0, Avg:  0.0, Max: 0, Diff: 0, Sum: 0, Workers: 4
[94.812s][debug][gc,phases      ] GC(10)     Total                          Min: 0, Avg:  0.0, Max: 0, Diff: 0, Sum: 0, Workers: 4
[94.812s][debug][gc,phases      ] GC(10)   Weak JFR Old Object Samples    Min:  0.0, Avg:  0.0, Max:  0.0, Diff:  0.0, Sum:  0.0, Workers: 4
[94.812s][debug][gc,phases      ] GC(10)     Dead                           Min: 0, Avg:  0.0, Max: 0, Diff: 0, Sum: 0, Workers: 4
[94.812s][debug][gc,phases      ] GC(10)     Total                          Min: 0, Avg:  0.0, Max: 0, Diff: 0, Sum: 0, Workers: 4
[94.812s][debug][gc,phases      ] GC(10) Weak Processing 1.056ms
[94.812s][debug][gc,age         ] GC(10) Desired survivor size 335020032 bytes, new threshold 8 (max threshold 15)
[94.812s][info ][gc,heap        ] GC(10) PSYoungGen: 1743347K(1743360K)->239320K(1737728K) Eden: 1498112K(1498112K)->0K(1498112K) From: 245235K(245248K)->239320K(239616K)
[94.812s][info ][gc,heap        ] GC(10) ParOldGen: 11704K(17920K)->11992K(17920K)
[94.812s][info ][gc,metaspace   ] GC(10) Metaspace: 91995K(93184K)->91995K(93184K) NonClass: 78302K(78976K)->78302K(78976K) Class: 13692K(14208K)->13692K(14208K)
[94.812s][info ][gc             ] GC(10) Pause Young (Allocation Failure) 1713M->245M(1714M) 103.576ms
[94.812s][info ][gc,cpu         ] GC(10) User=0.26s Sys=0.03s Real=0.10s
[94.812s][info ][safepoint      ] Safepoint "ParallelGCFailedAllocation", Time since last: 696069153 ns, Reaching safepoint: 6100 ns, Cleanup: 10300 ns, At safepoint: 103660061 ns, Total: 103676461 ns
[95.812s][info ][safepoint      ] Safepoint "Cleanup", Time since last: 1000085718 ns, Reaching safepoint: 6900 ns, Cleanup: 10500 ns, At safepoint: 2300 ns, Total: 19700 ns
[96.812s][info ][safepoint      ] Safepoint "Cleanup", Time since last: 1000107119 ns, Reaching safepoint: 5800 ns, Cleanup: 8100 ns, At safepoint: 2300 ns, Total: 16200 ns
[97.812s][info ][safepoint      ] Safepoint "Cleanup", Time since last: 1000103743 ns, Reaching safepoint: 6400 ns, Cleanup: 18800 ns, At safepoint: 2301 ns, Total: 27501 ns
[98.812s][info ][safepoint      ] Safepoint "Cleanup", Time since last: 1000111935 ns, Reaching safepoint: 6100 ns, Cleanup: 10200 ns, At safepoint: 2500 ns, Total: 18800 ns
[99.812s][info ][safepoint      ] Safepoint "Cleanup", Time since last: 1000121035 ns, Reaching safepoint: 6500 ns, Cleanup: 8900 ns, At safepoint: 2500 ns, Total: 17900 ns
[100.813s][info ][safepoint      ] Safepoint "Cleanup", Time since last: 1000116535 ns, Reaching safepoint: 5900 ns, Cleanup: 13000 ns, At safepoint: 2000 ns, Total: 20900 ns
[101.813s][info ][safepoint      ] Safepoint "Cleanup", Time since last: 1000109363 ns, Reaching safepoint: 6000 ns, Cleanup: 5500 ns, At safepoint: 2000 ns, Total: 13500 ns
[103.813s][info ][safepoint      ] Safepoint "Cleanup", Time since last: 2000179205 ns, Reaching safepoint: 7000 ns, Cleanup: 12300 ns, At safepoint: 2200 ns, Total: 21500 ns
[104.813s][info ][safepoint      ] Safepoint "Cleanup", Time since last: 1000119953 ns, Reaching safepoint: 6400 ns, Cleanup: 12900 ns, At safepoint: 3500 ns, Total: 22800 ns
[105.813s][info ][safepoint      ] Safepoint "Cleanup", Time since last: 1000113452 ns, Reaching safepoint: 85801 ns, Cleanup: 35600 ns, At safepoint: 16100 ns, Total: 137501 ns
[106.813s][info ][safepoint      ] Safepoint "Cleanup", Time since last: 1000108653 ns, Reaching safepoint: 5900 ns, Cleanup: 23100 ns, At safepoint: 3300 ns, Total: 32300 ns
[107.814s][info ][safepoint      ] Safepoint "Cleanup", Time since last: 1000105852 ns, Reaching safepoint: 6900 ns, Cleanup: 49901 ns, At safepoint: 2700 ns, Total: 59501 ns
[108.814s][info ][safepoint      ] Safepoint "Cleanup", Time since last: 1000117552 ns, Reaching safepoint: 6000 ns, Cleanup: 7300 ns, At safepoint: 2100 ns, Total: 15400 ns
[109.814s][info ][safepoint      ] Safepoint "Cleanup", Time since last: 1000099571 ns, Reaching safepoint: 5800 ns, Cleanup: 43501 ns, At safepoint: 6000 ns, Total: 55301 ns
[110.814s][info ][safepoint      ] Safepoint "Cleanup", Time since last: 1000098170 ns, Reaching safepoint: 6700 ns, Cleanup: 18500 ns, At safepoint: 2200 ns, Total: 27400 ns
[111.814s][info ][safepoint      ] Safepoint "Cleanup", Time since last: 1000102070 ns, Reaching safepoint: 5100 ns, Cleanup: 17400 ns, At safepoint: 1800 ns, Total: 24300 ns
[112.814s][info ][safepoint      ] Safepoint "Cleanup", Time since last: 1000108270 ns, Reaching safepoint: 5600 ns, Cleanup: 32800 ns, At safepoint: 2200 ns, Total: 40600 ns
[113.814s][info ][safepoint      ] Safepoint "Cleanup", Time since last: 1000104770 ns, Reaching safepoint: 5800 ns, Cleanup: 14700 ns, At safepoint: 1900 ns, Total: 22400 ns
[114.815s][info ][safepoint      ] Safepoint "Cleanup", Time since last: 1000119870 ns, Reaching safepoint: 6400 ns, Cleanup: 56100 ns, At safepoint: 2900 ns, Total: 65400 ns
[115.815s][info ][safepoint      ] Safepoint "Cleanup", Time since last: 1000104570 ns, Reaching safepoint: 6800 ns, Cleanup: 39600 ns, At safepoint: 2500 ns, Total: 48900 ns
[116.815s][info ][safepoint      ] Safepoint "Cleanup", Time since last: 1000121595 ns, Reaching safepoint: 7600 ns, Cleanup: 29101 ns, At safepoint: 3300 ns, Total: 40001 ns
[117.815s][info ][safepoint      ] Safepoint "Cleanup", Time since last: 1000110465 ns, Reaching safepoint: 6100 ns, Cleanup: 31800 ns, At safepoint: 3000 ns, Total: 40900 ns
[118.815s][info ][safepoint      ] Safepoint "Cleanup", Time since last: 1000121362 ns, Reaching safepoint: 6700 ns, Cleanup: 9700 ns, At safepoint: 4800 ns, Total: 21200 ns
[119.815s][info ][safepoint      ] Safepoint "Cleanup", Time since last: 1000098962 ns, Reaching safepoint: 6000 ns, Cleanup: 8800 ns, At safepoint: 1800 ns, Total: 16600 ns
[121.173s][info ][safepoint      ] Safepoint "Cleanup", Time since last: 1357958738 ns, Reaching safepoint: 6400 ns, Cleanup: 23800 ns, At safepoint: 2600 ns, Total: 32800 ns
[123.174s][info ][safepoint      ] Safepoint "Cleanup", Time since last: 2000187424 ns, Reaching safepoint: 6300 ns, Cleanup: 34200 ns, At safepoint: 7300 ns, Total: 47800 ns
[124.174s][info ][safepoint      ] Safepoint "Cleanup", Time since last: 1000134562 ns, Reaching safepoint: 7100 ns, Cleanup: 31300 ns, At safepoint: 2900 ns, Total: 41300 ns
[125.174s][info ][safepoint      ] Safepoint "Cleanup", Time since last: 1000105420 ns, Reaching safepoint: 5700 ns, Cleanup: 10000 ns, At safepoint: 2000 ns, Total: 17700 ns
[126.174s][info ][safepoint      ] Safepoint "Cleanup", Time since last: 1000106071 ns, Reaching safepoint: 76200 ns, Cleanup: 44800 ns, At safepoint: 4900 ns, Total: 125900 ns
[127.174s][info ][safepoint      ] Safepoint "Cleanup", Time since last: 1000128371 ns, Reaching safepoint: 6700 ns, Cleanup: 8000 ns, At safepoint: 2800 ns, Total: 17500 ns
[128.174s][info ][safepoint      ] Safepoint "Cleanup", Time since last: 1000120871 ns, Reaching safepoint: 5900 ns, Cleanup: 37201 ns, At safepoint: 3700 ns, Total: 46801 ns
[129.174s][info ][safepoint      ] Safepoint "Cleanup", Time since last: 1000095670 ns, Reaching safepoint: 5400 ns, Cleanup: 10500 ns, At safepoint: 2500 ns, Total: 18400 ns
[130.175s][info ][safepoint      ] Safepoint "Cleanup", Time since last: 1000114871 ns, Reaching safepoint: 6700 ns, Cleanup: 7600 ns, At safepoint: 2500 ns, Total: 16800 ns
[131.175s][info ][safepoint      ] Safepoint "Cleanup", Time since last: 1000126571 ns, Reaching safepoint: 6400 ns, Cleanup: 10800 ns, At safepoint: 2900 ns, Total: 20100 ns
[132.175s][info ][safepoint      ] Safepoint "Cleanup", Time since last: 1000120971 ns, Reaching safepoint: 6500 ns, Cleanup: 13900 ns, At safepoint: 2800 ns, Total: 23200 ns
[133.175s][info ][safepoint      ] Safepoint "Cleanup", Time since last: 1000125426 ns, Reaching safepoint: 6700 ns, Cleanup: 16200 ns, At safepoint: 2901 ns, Total: 25801 ns
[135.175s][info ][safepoint      ] Safepoint "Cleanup", Time since last: 2000192069 ns, Reaching safepoint: 75400 ns, Cleanup: 7600 ns, At safepoint: 4500 ns, Total: 87500 ns
[136.175s][info ][safepoint      ] Safepoint "Cleanup", Time since last: 1000121235 ns, Reaching safepoint: 7800 ns, Cleanup: 9500 ns, At safepoint: 3200 ns, Total: 20500 ns
[139.176s][info ][safepoint      ] Safepoint "Cleanup", Time since last: 3000259604 ns, Reaching safepoint: 80500 ns, Cleanup: 50101 ns, At safepoint: 6400 ns, Total: 137001 ns
[139.584s][info ][safepoint      ] Safepoint "ICBufferFull", Time since last: 407540155 ns, Reaching safepoint: 5600 ns, Cleanup: 161001 ns, At safepoint: 2000 ns, Total: 168601 ns
[139.763s][info ][gc,start       ] GC(11) Pause Young (Allocation Failure)
[139.867s][debug][gc,phases      ] GC(11) Scavenge 103.976ms
[139.867s][debug][gc,ref         ] GC(11) ReferenceProcessor::execute queues: 4, RefProcThreadModel::Multi, marks_oops_alive: false
[139.868s][debug][gc,ref         ] GC(11) Skipped KeepAliveFinalRefsPhase of Reference Processing: no references
[139.868s][debug][gc,ref         ] GC(11) ReferenceProcessor::execute queues: 1, RefProcThreadModel::Single, marks_oops_alive: false
[139.868s][debug][gc,phases      ] GC(11) Reference Processing 0.816ms
[139.868s][debug][gc,phases      ] GC(11)   VM Weak                        Min:  0.0, Avg:  0.0, Max:  0.0, Diff:  0.0, Sum:  0.0, Workers: 4
[139.868s][debug][gc,phases      ] GC(11)     Dead                           Min: 0, Avg:  0.0, Max: 0, Diff: 0, Sum: 0, Workers: 4
[139.868s][debug][gc,phases      ] GC(11)     Total                          Min: 0, Avg: 223.8, Max: 448, Diff: 448, Sum: 895, Workers: 4
[139.868s][debug][gc,phases      ] GC(11)   ObjectSynchronizer Weak        Min:  0.0, Avg:  0.0, Max:  0.0, Diff:  0.0, Sum:  0.0, Workers: 4
[139.868s][debug][gc,phases      ] GC(11)     Dead                           Min: 0, Avg:  0.0, Max: 0, Diff: 0, Sum: 0, Workers: 4
[139.868s][debug][gc,phases      ] GC(11)     Total                          Min: 0, Avg:  1.0, Max: 4, Diff: 4, Sum: 4, Workers: 4
[139.868s][debug][gc,phases      ] GC(11)   JVMTI Tag Weak OopStorage      Min:  0.0, Avg:  0.0, Max:  0.0, Diff:  0.0, Sum:  0.0, Workers: 4
[139.868s][debug][gc,phases      ] GC(11)     Dead                           Min: 0, Avg:  0.0, Max: 0, Diff: 0, Sum: 0, Workers: 4
[139.868s][debug][gc,phases      ] GC(11)     Total                          Min: 0, Avg:  0.0, Max: 0, Diff: 0, Sum: 0, Workers: 4
[139.868s][debug][gc,phases      ] GC(11)   StringTable Weak               Min:  0.0, Avg:  0.3, Max:  0.4, Diff:  0.4, Sum:  1.2, Workers: 4
[139.868s][debug][gc,phases      ] GC(11)     Dead                           Min: 0, Avg:  0.5, Max: 1, Diff: 1, Sum: 2, Workers: 4
[139.868s][debug][gc,phases      ] GC(11)     Total                          Min: 0, Avg: 11867.8, Max: 16431, Diff: 16431, Sum: 47471, Workers: 4
[139.868s][debug][gc,phases      ] GC(11)   ResolvedMethodTable Weak       Min:  0.0, Avg:  0.1, Max:  0.1, Diff:  0.1, Sum:  0.4, Workers: 4
[139.868s][debug][gc,phases      ] GC(11)     Dead                           Min: 0, Avg:  7.2, Max: 13, Diff: 13, Sum: 29, Workers: 4
[139.868s][debug][gc,phases      ] GC(11)     Total                          Min: 0, Avg: 3140.0, Max: 4337, Diff: 4337, Sum: 12560, Workers: 4
[139.868s][debug][gc,phases      ] GC(11)   JNI Weak                       Min:  0.0, Avg:  0.0, Max:  0.0, Diff:  0.0, Sum:  0.0, Workers: 4
[139.868s][debug][gc,phases      ] GC(11)     Dead                           Min: 0, Avg:  0.0, Max: 0, Diff: 0, Sum: 0, Workers: 4
[139.868s][debug][gc,phases      ] GC(11)     Total                          Min: 0, Avg: 13.2, Max: 53, Diff: 53, Sum: 53, Workers: 4
[139.868s][debug][gc,phases      ] GC(11)   StringDedup Table Weak         Min:  0.0, Avg:  0.0, Max:  0.0, Diff:  0.0, Sum:  0.0, Workers: 4
[139.868s][debug][gc,phases      ] GC(11)     Dead                           Min: 0, Avg:  0.0, Max: 0, Diff: 0, Sum: 0, Workers: 4
[139.868s][debug][gc,phases      ] GC(11)     Total                          Min: 0, Avg:  0.0, Max: 0, Diff: 0, Sum: 0, Workers: 4
[139.868s][debug][gc,phases      ] GC(11)   StringDedup Requests0 Weak     Min:  0.0, Avg:  0.0, Max:  0.0, Diff:  0.0, Sum:  0.0, Workers: 4
[139.868s][debug][gc,phases      ] GC(11)     Dead                           Min: 0, Avg:  0.0, Max: 0, Diff: 0, Sum: 0, Workers: 4
[139.868s][debug][gc,phases      ] GC(11)     Total                          Min: 0, Avg:  0.0, Max: 0, Diff: 0, Sum: 0, Workers: 4
[139.868s][debug][gc,phases      ] GC(11)   StringDedup Requests1 Weak     Min:  0.0, Avg:  0.0, Max:  0.0, Diff:  0.0, Sum:  0.0, Workers: 4
[139.868s][debug][gc,phases      ] GC(11)     Dead                           Min: 0, Avg:  0.0, Max: 0, Diff: 0, Sum: 0, Workers: 4
[139.868s][debug][gc,phases      ] GC(11)     Total                          Min: 0, Avg:  0.0, Max: 0, Diff: 0, Sum: 0, Workers: 4
[139.868s][debug][gc,phases      ] GC(11)   Weak JFR Old Object Samples    Min:  0.0, Avg:  0.0, Max:  0.0, Diff:  0.0, Sum:  0.0, Workers: 4
[139.868s][debug][gc,phases      ] GC(11)     Dead                           Min: 0, Avg:  0.0, Max: 0, Diff: 0, Sum: 0, Workers: 4
[139.868s][debug][gc,phases      ] GC(11)     Total                          Min: 0, Avg:  0.0, Max: 0, Diff: 0, Sum: 0, Workers: 4
[139.868s][debug][gc,phases      ] GC(11) Weak Processing 0.840ms
[139.868s][debug][gc,age         ] GC(11) Desired survivor size 354418688 bytes, new threshold 9 (max threshold 15)
[139.868s][info ][gc,heap        ] GC(11) PSYoungGen: 1737432K(1737728K)->245262K(1732096K) Eden: 1498112K(1498112K)->0K(1404928K) From: 239320K(239616K)->245262K(327168K)
[139.868s][info ][gc,heap        ] GC(11) ParOldGen: 11992K(17920K)->12000K(17920K)
[139.868s][info ][gc,metaspace   ] GC(11) Metaspace: 92798K(93952K)->92798K(93952K) NonClass: 79029K(79680K)->79029K(79680K) Class: 13768K(14272K)->13768K(14272K)
[139.868s][info ][gc             ] GC(11) Pause Young (Allocation Failure) 1708M->251M(1709M) 105.796ms
[139.868s][info ][gc,cpu         ] GC(11) User=0.30s Sys=0.01s Real=0.11s
[139.869s][info ][safepoint      ] Safepoint "ParallelGCFailedAllocation", Time since last: 178944890 ns, Reaching safepoint: 78801 ns, Cleanup: 45300 ns, At safepoint: 105890486 ns, Total: 106014587 ns
[140.869s][info ][safepoint      ] Safepoint "Cleanup", Time since last: 1000107635 ns, Reaching safepoint: 80200 ns, Cleanup: 154301 ns, At safepoint: 8000 ns, Total: 242501 ns
[141.867s][info ][safepoint      ] Safepoint "ICBufferFull", Time since last: 997466805 ns, Reaching safepoint: 6000 ns, Cleanup: 160201 ns, At safepoint: 2900 ns, Total: 169101 ns
[142.867s][info ][safepoint      ] Safepoint "Cleanup", Time since last: 1000110825 ns, Reaching safepoint: 78901 ns, Cleanup: 58400 ns, At safepoint: 9700 ns, Total: 147001 ns
[143.867s][info ][safepoint      ] Safepoint "Cleanup", Time since last: 1000068625 ns, Reaching safepoint: 6700 ns, Cleanup: 116801 ns, At safepoint: 3400 ns, Total: 126901 ns
[144.867s][info ][safepoint      ] Safepoint "Cleanup", Time since last: 1000120525 ns, Reaching safepoint: 76900 ns, Cleanup: 66800 ns, At safepoint: 5800 ns, Total: 149500 ns
[145.867s][info ][safepoint      ] Safepoint "Cleanup", Time since last: 1000086525 ns, Reaching safepoint: 6000 ns, Cleanup: 67401 ns, At safepoint: 2200 ns, Total: 75601 ns
[146.234s][info ][safepoint      ] Safepoint "ParallelGCFailedAllocation", Time since last: 366931410 ns, Reaching safepoint: 5700 ns, Cleanup: 8700 ns, At safepoint: 10700 ns, Total: 25100 ns
[146.235s][info ][gc,start       ] GC(12) Pause Young (Allocation Failure)
[146.333s][debug][gc,phases      ] GC(12) Scavenge 98.355ms
[146.333s][debug][gc,ref         ] GC(12) ReferenceProcessor::execute queues: 4, RefProcThreadModel::Multi, marks_oops_alive: false
[146.334s][debug][gc,ref         ] GC(12) Skipped KeepAliveFinalRefsPhase of Reference Processing: no references
[146.334s][debug][gc,ref         ] GC(12) ReferenceProcessor::execute queues: 1, RefProcThreadModel::Single, marks_oops_alive: false
[146.334s][debug][gc,phases      ] GC(12) Reference Processing 0.884ms
[146.335s][debug][gc,phases      ] GC(12)   VM Weak                        Min:  0.0, Avg:  0.0, Max:  0.0, Diff:  0.0, Sum:  0.0, Workers: 4
[146.335s][debug][gc,phases      ] GC(12)     Dead                           Min: 0, Avg:  0.0, Max: 0, Diff: 0, Sum: 0, Workers: 4
[146.335s][debug][gc,phases      ] GC(12)     Total                          Min: 0, Avg: 225.8, Max: 512, Diff: 512, Sum: 903, Workers: 4
[146.335s][debug][gc,phases      ] GC(12)   ObjectSynchronizer Weak        Min:  0.0, Avg:  0.0, Max:  0.0, Diff:  0.0, Sum:  0.0, Workers: 4
[146.335s][debug][gc,phases      ] GC(12)     Dead                           Min: 0, Avg:  0.0, Max: 0, Diff: 0, Sum: 0, Workers: 4
[146.335s][debug][gc,phases      ] GC(12)     Total                          Min: 0, Avg:  1.0, Max: 4, Diff: 4, Sum: 4, Workers: 4
[146.335s][debug][gc,phases      ] GC(12)   JVMTI Tag Weak OopStorage      Min:  0.0, Avg:  0.0, Max:  0.0, Diff:  0.0, Sum:  0.0, Workers: 4
[146.335s][debug][gc,phases      ] GC(12)     Dead                           Min: 0, Avg:  0.0, Max: 0, Diff: 0, Sum: 0, Workers: 4
[146.335s][debug][gc,phases      ] GC(12)     Total                          Min: 0, Avg:  0.0, Max: 0, Diff: 0, Sum: 0, Workers: 4
[146.335s][debug][gc,phases      ] GC(12)   StringTable Weak               Min:  0.0, Avg:  0.2, Max:  0.5, Diff:  0.5, Sum:  0.9, Workers: 4
[146.335s][debug][gc,phases      ] GC(12)     Dead                           Min: 0, Avg:  0.5, Max: 1, Diff: 1, Sum: 2, Workers: 4
[146.335s][debug][gc,phases      ] GC(12)     Total                          Min: 0, Avg: 11882.0, Max: 29055, Diff: 29055, Sum: 47528, Workers: 4
[146.335s][debug][gc,phases      ] GC(12)   ResolvedMethodTable Weak       Min:  0.0, Avg:  0.1, Max:  0.1, Diff:  0.1, Sum:  0.3, Workers: 4
[146.335s][debug][gc,phases      ] GC(12)     Dead                           Min: 0, Avg:  2.2, Max: 8, Diff: 8, Sum: 9, Workers: 4
[146.335s][debug][gc,phases      ] GC(12)     Total                          Min: 0, Avg: 3154.8, Max: 7765, Diff: 7765, Sum: 12619, Workers: 4
[146.335s][debug][gc,phases      ] GC(12)   JNI Weak                       Min:  0.0, Avg:  0.0, Max:  0.0, Diff:  0.0, Sum:  0.0, Workers: 4
[146.335s][debug][gc,phases      ] GC(12)     Dead                           Min: 0, Avg:  0.0, Max: 0, Diff: 0, Sum: 0, Workers: 4
[146.335s][debug][gc,phases      ] GC(12)     Total                          Min: 0, Avg: 12.2, Max: 49, Diff: 49, Sum: 49, Workers: 4
[146.335s][debug][gc,phases      ] GC(12)   StringDedup Table Weak         Min:  0.0, Avg:  0.0, Max:  0.0, Diff:  0.0, Sum:  0.0, Workers: 4
[146.335s][debug][gc,phases      ] GC(12)     Dead                           Min: 0, Avg:  0.0, Max: 0, Diff: 0, Sum: 0, Workers: 4
[146.335s][debug][gc,phases      ] GC(12)     Total                          Min: 0, Avg:  0.0, Max: 0, Diff: 0, Sum: 0, Workers: 4
[146.335s][debug][gc,phases      ] GC(12)   StringDedup Requests0 Weak     Min:  0.0, Avg:  0.0, Max:  0.0, Diff:  0.0, Sum:  0.0, Workers: 4
[146.335s][debug][gc,phases      ] GC(12)     Dead                           Min: 0, Avg:  0.0, Max: 0, Diff: 0, Sum: 0, Workers: 4
[146.335s][debug][gc,phases      ] GC(12)     Total                          Min: 0, Avg:  0.0, Max: 0, Diff: 0, Sum: 0, Workers: 4
[146.335s][debug][gc,phases      ] GC(12)   StringDedup Requests1 Weak     Min:  0.0, Avg:  0.0, Max:  0.0, Diff:  0.0, Sum:  0.0, Workers: 4
[146.335s][debug][gc,phases      ] GC(12)     Dead                           Min: 0, Avg:  0.0, Max: 0, Diff: 0, Sum: 0, Workers: 4
[146.335s][debug][gc,phases      ] GC(12)     Total                          Min: 0, Avg:  0.0, Max: 0, Diff: 0, Sum: 0, Workers: 4
[146.335s][debug][gc,phases      ] GC(12)   Weak JFR Old Object Samples    Min:  0.0, Avg:  0.0, Max:  0.0, Diff:  0.0, Sum:  0.0, Workers: 4
[146.335s][debug][gc,phases      ] GC(12)     Dead                           Min: 0, Avg:  0.0, Max: 0, Diff: 0, Sum: 0, Workers: 4
[146.335s][debug][gc,phases      ] GC(12)     Total                          Min: 0, Avg:  0.0, Max: 0, Diff: 0, Sum: 0, Workers: 4
[146.335s][debug][gc,phases      ] GC(12) Weak Processing 0.823ms
[146.335s][debug][gc,age         ] GC(12) Desired survivor size 377487360 bytes, new threshold 10 (max threshold 15)
[146.335s][info ][gc,heap        ] GC(12) PSYoungGen: 1650190K(1732096K)->268987K(1674240K) Eden: 1404928K(1404928K)->0K(1404928K) From: 245262K(327168K)->268987K(269312K)
[146.335s][info ][gc,heap        ] GC(12) ParOldGen: 12385K(17920K)->12393K(17920K)
[146.335s][info ][gc,metaspace   ] GC(12) Metaspace: 92998K(94208K)->92998K(94208K) NonClass: 79209K(79936K)->79209K(79936K) Class: 13789K(14272K)->13789K(14272K)
[146.335s][info ][gc             ] GC(12) Pause Young (Allocation Failure) 1623M->274M(1652M) 100.177ms
[146.335s][info ][gc,cpu         ] GC(12) User=0.28s Sys=0.01s Real=0.10s
[146.335s][info ][safepoint      ] Safepoint "ParallelGCFailedAllocation", Time since last: 434103 ns, Reaching safepoint: 79701 ns, Cleanup: 2000 ns, At safepoint: 100250803 ns, Total: 100332504 ns
[147.335s][info ][safepoint      ] Safepoint "Cleanup", Time since last: 1000099425 ns, Reaching safepoint: 6200 ns, Cleanup: 53801 ns, At safepoint: 2400 ns, Total: 62401 ns
[148.335s][info ][safepoint      ] Safepoint "Cleanup", Time since last: 1000077925 ns, Reaching safepoint: 78500 ns, Cleanup: 59300 ns, At safepoint: 4700 ns, Total: 142500 ns
[149.336s][info ][safepoint      ] Safepoint "Cleanup", Time since last: 1000110523 ns, Reaching safepoint: 5801 ns, Cleanup: 59200 ns, At safepoint: 2900 ns, Total: 67901 ns
[150.336s][info ][safepoint      ] Safepoint "Cleanup", Time since last: 1000101117 ns, Reaching safepoint: 5900 ns, Cleanup: 32700 ns, At safepoint: 6000 ns, Total: 44600 ns
[151.336s][info ][safepoint      ] Safepoint "Cleanup", Time since last: 1000095517 ns, Reaching safepoint: 5700 ns, Cleanup: 37801 ns, At safepoint: 2700 ns, Total: 46201 ns
[152.336s][info ][safepoint      ] Safepoint "Cleanup", Time since last: 1000114617 ns, Reaching safepoint: 7000 ns, Cleanup: 22600 ns, At safepoint: 2500 ns, Total: 32100 ns
[153.336s][info ][safepoint      ] Safepoint "Cleanup", Time since last: 1000111217 ns, Reaching safepoint: 7000 ns, Cleanup: 20600 ns, At safepoint: 3200 ns, Total: 30800 ns
[154.336s][info ][safepoint      ] Safepoint "Cleanup", Time since last: 1000116618 ns, Reaching safepoint: 6700 ns, Cleanup: 35100 ns, At safepoint: 3300 ns, Total: 45100 ns
[155.337s][info ][safepoint      ] Safepoint "Cleanup", Time since last: 1000128417 ns, Reaching safepoint: 8300 ns, Cleanup: 11600 ns, At safepoint: 3300 ns, Total: 23200 ns
[156.337s][info ][safepoint      ] Safepoint "Cleanup", Time since last: 1000113618 ns, Reaching safepoint: 5700 ns, Cleanup: 20800 ns, At safepoint: 1900 ns, Total: 28400 ns
[156.571s][info ][gc,start       ] GC(13) Pause Young (CodeCache GC Threshold)
[156.676s][debug][gc,phases      ] GC(13) Scavenge 104.328ms
[156.676s][debug][gc,ref         ] GC(13) ReferenceProcessor::execute queues: 4, RefProcThreadModel::Multi, marks_oops_alive: false
[156.676s][debug][gc,ref         ] GC(13) Skipped KeepAliveFinalRefsPhase of Reference Processing: no references
[156.676s][debug][gc,ref         ] GC(13) ReferenceProcessor::execute queues: 1, RefProcThreadModel::Single, marks_oops_alive: false
[156.676s][debug][gc,phases      ] GC(13) Reference Processing 0.789ms
[156.677s][debug][gc,phases      ] GC(13)   VM Weak                        Min:  0.0, Avg:  0.0, Max:  0.0, Diff:  0.0, Sum:  0.0, Workers: 4
[156.677s][debug][gc,phases      ] GC(13)     Dead                           Min: 0, Avg:  0.0, Max: 0, Diff: 0, Sum: 0, Workers: 4
[156.677s][debug][gc,phases      ] GC(13)     Total                          Min: 0, Avg: 226.8, Max: 459, Diff: 459, Sum: 907, Workers: 4
[156.677s][debug][gc,phases      ] GC(13)   ObjectSynchronizer Weak        Min:  0.0, Avg:  0.0, Max:  0.0, Diff:  0.0, Sum:  0.0, Workers: 4
[156.677s][debug][gc,phases      ] GC(13)     Dead                           Min: 0, Avg:  0.0, Max: 0, Diff: 0, Sum: 0, Workers: 4
[156.677s][debug][gc,phases      ] GC(13)     Total                          Min: 0, Avg:  1.2, Max: 5, Diff: 5, Sum: 5, Workers: 4
[156.677s][debug][gc,phases      ] GC(13)   JVMTI Tag Weak OopStorage      Min:  0.0, Avg:  0.0, Max:  0.0, Diff:  0.0, Sum:  0.0, Workers: 4
[156.677s][debug][gc,phases      ] GC(13)     Dead                           Min: 0, Avg:  0.0, Max: 0, Diff: 0, Sum: 0, Workers: 4
[156.677s][debug][gc,phases      ] GC(13)     Total                          Min: 0, Avg:  0.0, Max: 0, Diff: 0, Sum: 0, Workers: 4
[156.677s][debug][gc,phases      ] GC(13)   StringTable Weak               Min:  0.0, Avg:  0.3, Max:  0.4, Diff:  0.4, Sum:  1.2, Workers: 4
[156.677s][debug][gc,phases      ] GC(13)     Dead                           Min: 0, Avg:  0.2, Max: 1, Diff: 1, Sum: 1, Workers: 4
[156.677s][debug][gc,phases      ] GC(13)     Total                          Min: 0, Avg: 11892.5, Max: 16064, Diff: 16064, Sum: 47570, Workers: 4
[156.677s][debug][gc,phases      ] GC(13)   ResolvedMethodTable Weak       Min:  0.0, Avg:  0.1, Max:  0.1, Diff:  0.1, Sum:  0.3, Workers: 4
[156.677s][debug][gc,phases      ] GC(13)     Dead                           Min: 0, Avg:  1.8, Max: 4, Diff: 4, Sum: 7, Workers: 4
[156.677s][debug][gc,phases      ] GC(13)     Total                          Min: 0, Avg: 3164.0, Max: 4316, Diff: 4316, Sum: 12656, Workers: 4
[156.677s][debug][gc,phases      ] GC(13)   JNI Weak                       Min:  0.0, Avg:  0.0, Max:  0.0, Diff:  0.0, Sum:  0.0, Workers: 4
[156.677s][debug][gc,phases      ] GC(13)     Dead                           Min: 0, Avg:  0.0, Max: 0, Diff: 0, Sum: 0, Workers: 4
[156.677s][debug][gc,phases      ] GC(13)     Total                          Min: 0, Avg: 12.2, Max: 49, Diff: 49, Sum: 49, Workers: 4
[156.677s][debug][gc,phases      ] GC(13)   StringDedup Table Weak         Min:  0.0, Avg:  0.0, Max:  0.0, Diff:  0.0, Sum:  0.0, Workers: 4
[156.677s][debug][gc,phases      ] GC(13)     Dead                           Min: 0, Avg:  0.0, Max: 0, Diff: 0, Sum: 0, Workers: 4
[156.677s][debug][gc,phases      ] GC(13)     Total                          Min: 0, Avg:  0.0, Max: 0, Diff: 0, Sum: 0, Workers: 4
[156.677s][debug][gc,phases      ] GC(13)   StringDedup Requests0 Weak     Min:  0.0, Avg:  0.0, Max:  0.0, Diff:  0.0, Sum:  0.0, Workers: 4
[156.677s][debug][gc,phases      ] GC(13)     Dead                           Min: 0, Avg:  0.0, Max: 0, Diff: 0, Sum: 0, Workers: 4
[156.677s][debug][gc,phases      ] GC(13)     Total                          Min: 0, Avg:  0.0, Max: 0, Diff: 0, Sum: 0, Workers: 4
[156.677s][debug][gc,phases      ] GC(13)   StringDedup Requests1 Weak     Min:  0.0, Avg:  0.0, Max:  0.0, Diff:  0.0, Sum:  0.0, Workers: 4
[156.677s][debug][gc,phases      ] GC(13)     Dead                           Min: 0, Avg:  0.0, Max: 0, Diff: 0, Sum: 0, Workers: 4
[156.677s][debug][gc,phases      ] GC(13)     Total                          Min: 0, Avg:  0.0, Max: 0, Diff: 0, Sum: 0, Workers: 4
[156.677s][debug][gc,phases      ] GC(13)   Weak JFR Old Object Samples    Min:  0.0, Avg:  0.0, Max:  0.0, Diff:  0.0, Sum:  0.0, Workers: 4
[156.677s][debug][gc,phases      ] GC(13)     Dead                           Min: 0, Avg:  0.0, Max: 0, Diff: 0, Sum: 0, Workers: 4
[156.677s][debug][gc,phases      ] GC(13)     Total                          Min: 0, Avg:  0.0, Max: 0, Diff: 0, Sum: 0, Workers: 4
[156.677s][debug][gc,phases      ] GC(13) Weak Processing 0.716ms
[156.677s][debug][gc,age         ] GC(13) Desired survivor size 393740288 bytes, new threshold 11 (max threshold 15)
[156.677s][info ][gc,heap        ] GC(13) PSYoungGen: 1049714K(1674240K)->270697K(1696768K) Eden: 780726K(1404928K)->0K(1328128K) From: 268987K(269312K)->270697K(368640K)
[156.677s][info ][gc,heap        ] GC(13) ParOldGen: 12393K(17920K)->12401K(17920K)
[156.677s][info ][gc,metaspace   ] GC(13) Metaspace: 93196K(94400K)->93196K(94400K) NonClass: 79389K(80064K)->79389K(80064K) Class: 13807K(14336K)->13807K(14336K)
[156.677s][info ][gc             ] GC(13) Pause Young (CodeCache GC Threshold) 1037M->276M(1674M) 105.971ms
[156.677s][info ][gc,cpu         ] GC(13) User=0.30s Sys=0.01s Real=0.10s
[156.677s][debug][gc,phases      ] GC(14) Pre Compact 0.008ms
[156.677s][info ][gc,start       ] GC(14) Pause Full (CodeCache GC Threshold)
[156.677s][info ][gc,phases,start] GC(14) Marking Phase
[156.793s][debug][gc,phases      ] GC(14) Par Mark 116.060ms
[156.793s][debug][gc,ref         ] GC(14) ReferenceProcessor::execute queues: 4, RefProcThreadModel::Multi, marks_oops_alive: false
[156.794s][debug][gc,ref         ] GC(14) Skipped KeepAliveFinalRefsPhase of Reference Processing: no references
[156.794s][debug][gc,ref         ] GC(14) ReferenceProcessor::execute queues: 1, RefProcThreadModel::Single, marks_oops_alive: false
[156.794s][debug][gc,phases      ] GC(14) Reference Processing 0.534ms
[156.794s][debug][gc,phases      ] GC(14)   VM Weak                        Min:  0.0, Avg:  0.0, Max:  0.0, Diff:  0.0, Sum:  0.0, Workers: 4
[156.794s][debug][gc,phases      ] GC(14)     Dead                           Min: 0, Avg:  0.0, Max: 0, Diff: 0, Sum: 0, Workers: 4
[156.794s][debug][gc,phases      ] GC(14)     Total                          Min: 0, Avg: 226.8, Max: 576, Diff: 576, Sum: 907, Workers: 4
[156.794s][debug][gc,phases      ] GC(14)   ObjectSynchronizer Weak        Min:  0.0, Avg:  0.0, Max:  0.0, Diff:  0.0, Sum:  0.0, Workers: 4
[156.794s][debug][gc,phases      ] GC(14)     Dead                           Min: 0, Avg:  0.0, Max: 0, Diff: 0, Sum: 0, Workers: 4
[156.794s][debug][gc,phases      ] GC(14)     Total                          Min: 0, Avg:  1.2, Max: 5, Diff: 5, Sum: 5, Workers: 4
[156.794s][debug][gc,phases      ] GC(14)   JVMTI Tag Weak OopStorage      Min:  0.0, Avg:  0.0, Max:  0.0, Diff:  0.0, Sum:  0.0, Workers: 4
[156.794s][debug][gc,phases      ] GC(14)     Dead                           Min: 0, Avg:  0.0, Max: 0, Diff: 0, Sum: 0, Workers: 4
[156.794s][debug][gc,phases      ] GC(14)     Total                          Min: 0, Avg:  0.0, Max: 0, Diff: 0, Sum: 0, Workers: 4
[156.794s][debug][gc,phases      ] GC(14)   StringTable Weak               Min:  0.0, Avg:  0.1, Max:  0.3, Diff:  0.3, Sum:  0.5, Workers: 4
[156.794s][debug][gc,phases      ] GC(14)     Dead                           Min: 0, Avg:  0.0, Max: 0, Diff: 0, Sum: 0, Workers: 4
[156.794s][debug][gc,phases      ] GC(14)     Total                          Min: 0, Avg: 11892.5, Max: 25554, Diff: 25554, Sum: 47570, Workers: 4
[156.794s][debug][gc,phases      ] GC(14)   ResolvedMethodTable Weak       Min:  0.0, Avg:  0.0, Max:  0.1, Diff:  0.1, Sum:  0.1, Workers: 4
[156.794s][debug][gc,phases      ] GC(14)     Dead                           Min: 0, Avg:  0.0, Max: 0, Diff: 0, Sum: 0, Workers: 4
[156.794s][debug][gc,phases      ] GC(14)     Total                          Min: 0, Avg: 3164.0, Max: 7107, Diff: 7107, Sum: 12656, Workers: 4
[156.794s][debug][gc,phases      ] GC(14)   JNI Weak                       Min:  0.0, Avg:  0.0, Max:  0.0, Diff:  0.0, Sum:  0.0, Workers: 4
[156.794s][debug][gc,phases      ] GC(14)     Dead                           Min: 0, Avg:  0.0, Max: 0, Diff: 0, Sum: 0, Workers: 4
[156.794s][debug][gc,phases      ] GC(14)     Total                          Min: 0, Avg: 12.2, Max: 49, Diff: 49, Sum: 49, Workers: 4
[156.794s][debug][gc,phases      ] GC(14)   StringDedup Table Weak         Min:  0.0, Avg:  0.0, Max:  0.0, Diff:  0.0, Sum:  0.0, Workers: 4
[156.794s][debug][gc,phases      ] GC(14)     Dead                           Min: 0, Avg:  0.0, Max: 0, Diff: 0, Sum: 0, Workers: 4
[156.794s][debug][gc,phases      ] GC(14)     Total                          Min: 0, Avg:  0.0, Max: 0, Diff: 0, Sum: 0, Workers: 4
[156.794s][debug][gc,phases      ] GC(14)   StringDedup Requests0 Weak     Min:  0.0, Avg:  0.0, Max:  0.0, Diff:  0.0, Sum:  0.0, Workers: 4
[156.794s][debug][gc,phases      ] GC(14)     Dead                           Min: 0, Avg:  0.0, Max: 0, Diff: 0, Sum: 0, Workers: 4
[156.794s][debug][gc,phases      ] GC(14)     Total                          Min: 0, Avg:  0.0, Max: 0, Diff: 0, Sum: 0, Workers: 4
[156.794s][debug][gc,phases      ] GC(14)   StringDedup Requests1 Weak     Min:  0.0, Avg:  0.0, Max:  0.0, Diff:  0.0, Sum:  0.0, Workers: 4
[156.794s][debug][gc,phases      ] GC(14)     Dead                           Min: 0, Avg:  0.0, Max: 0, Diff: 0, Sum: 0, Workers: 4
[156.794s][debug][gc,phases      ] GC(14)     Total                          Min: 0, Avg:  0.0, Max: 0, Diff: 0, Sum: 0, Workers: 4
[156.794s][debug][gc,phases      ] GC(14)   Weak JFR Old Object Samples    Min:  0.0, Avg:  0.0, Max:  0.0, Diff:  0.0, Sum:  0.0, Workers: 4
[156.794s][debug][gc,phases      ] GC(14)     Dead                           Min: 0, Avg:  0.0, Max: 0, Diff: 0, Sum: 0, Workers: 4
[156.794s][debug][gc,phases      ] GC(14)     Total                          Min: 0, Avg:  0.0, Max: 0, Diff: 0, Sum: 0, Workers: 4
[156.794s][debug][gc,phases      ] GC(14) Weak Processing 0.550ms
[156.795s][debug][gc,phases      ] GC(14) ClassLoaderData 0.123ms
[156.795s][debug][gc,phases      ] GC(14) Trigger cleanups 0.000ms
[156.845s][debug][gc,phases      ] GC(14) Class Unloading 50.670ms
[156.845s][debug][gc,phases      ] GC(14) Report Object Count 0.002ms
[156.845s][info ][gc,phases      ] GC(14) Marking Phase 167.919ms
[156.845s][info ][gc,phases,start] GC(14) Summary Phase
[156.845s][info ][gc,phases      ] GC(14) Summary Phase 0.010ms
[156.845s][info ][gc,phases,start] GC(14) Adjust Roots
[156.871s][info ][gc,phases      ] GC(14) Adjust Roots 25.726ms
[156.871s][info ][gc,phases,start] GC(14) Compaction Phase
[157.201s][info ][gc,phases      ] GC(14) Compaction Phase 329.536ms
[157.201s][info ][gc,phases,start] GC(14) Post Compact
[157.205s][info ][gc,phases      ] GC(14) Post Compact 4.428ms
[157.205s][info ][gc,heap        ] GC(14) PSYoungGen: 270697K(1696768K)->260633K(1696768K) Eden: 0K(1328128K)->0K(1328128K) From: 270697K(368640K)->260633K(368640K)
[157.205s][info ][gc,heap        ] GC(14) ParOldGen: 12401K(17920K)->17507K(17920K)
[157.205s][info ][gc,metaspace   ] GC(14) Metaspace: 93196K(94400K)->93196K(94400K) NonClass: 79389K(80064K)->79389K(80064K) Class: 13807K(14336K)->13807K(14336K)
[157.205s][info ][gc             ] GC(14) Pause Full (CodeCache GC Threshold) 276M->271M(1674M) 527.764ms
[157.205s][info ][gc,cpu         ] GC(14) User=1.38s Sys=0.02s Real=0.53s
[157.205s][info ][safepoint      ] Safepoint "ParallelGCSystemGC", Time since last: 234482311 ns, Reaching safepoint: 5600 ns, Cleanup: 9800 ns, At safepoint: 633857711 ns, Total: 633873111 ns
[158.205s][info ][safepoint      ] Safepoint "Cleanup", Time since last: 1000105194 ns, Reaching safepoint: 81400 ns, Cleanup: 70900 ns, At safepoint: 6600 ns, Total: 158900 ns
[159.206s][info ][safepoint      ] Safepoint "Cleanup", Time since last: 1000125594 ns, Reaching safepoint: 80701 ns, Cleanup: 38100 ns, At safepoint: 6500 ns, Total: 125301 ns
[160.206s][info ][safepoint      ] Safepoint "Cleanup", Time since last: 1000111094 ns, Reaching safepoint: 76600 ns, Cleanup: 23100 ns, At safepoint: 4801 ns, Total: 104501 ns
[161.411s][info ][safepoint      ] Safepoint "Cleanup", Time since last: 1204797720 ns, Reaching safepoint: 83200 ns, Cleanup: 28901 ns, At safepoint: 8300 ns, Total: 120401 ns
[162.411s][info ][safepoint      ] Safepoint "Cleanup", Time since last: 1000111393 ns, Reaching safepoint: 79701 ns, Cleanup: 22800 ns, At safepoint: 6800 ns, Total: 109301 ns
[163.411s][info ][safepoint      ] Safepoint "Cleanup", Time since last: 1000134194 ns, Reaching safepoint: 79901 ns, Cleanup: 14100 ns, At safepoint: 6900 ns, Total: 100901 ns
[164.411s][info ][safepoint      ] Safepoint "Cleanup", Time since last: 1000126494 ns, Reaching safepoint: 80200 ns, Cleanup: 8000 ns, At safepoint: 6800 ns, Total: 95000 ns
[165.412s][info ][safepoint      ] Safepoint "Cleanup", Time since last: 1000113930 ns, Reaching safepoint: 76200 ns, Cleanup: 13100 ns, At safepoint: 5700 ns, Total: 95000 ns
[166.412s][info ][safepoint      ] Safepoint "Cleanup", Time since last: 1000110284 ns, Reaching safepoint: 6300 ns, Cleanup: 13301 ns, At safepoint: 2700 ns, Total: 22301 ns
[167.412s][info ][safepoint      ] Safepoint "Cleanup", Time since last: 1000128884 ns, Reaching safepoint: 80300 ns, Cleanup: 13401 ns, At safepoint: 6500 ns, Total: 100201 ns
[168.412s][info ][safepoint      ] Safepoint "Cleanup", Time since last: 1000123884 ns, Reaching safepoint: 7400 ns, Cleanup: 10000 ns, At safepoint: 2500 ns, Total: 19900 ns
[169.412s][info ][safepoint      ] Safepoint "Cleanup", Time since last: 1000116184 ns, Reaching safepoint: 77901 ns, Cleanup: 20900 ns, At safepoint: 6200 ns, Total: 105001 ns
[170.412s][info ][safepoint      ] Safepoint "Cleanup", Time since last: 1000104384 ns, Reaching safepoint: 8500 ns, Cleanup: 25801 ns, At safepoint: 6200 ns, Total: 40501 ns
[171.413s][info ][safepoint      ] Safepoint "Cleanup", Time since last: 1000104684 ns, Reaching safepoint: 74500 ns, Cleanup: 12000 ns, At safepoint: 4800 ns, Total: 91300 ns
[172.413s][info ][safepoint      ] Safepoint "Cleanup", Time since last: 1000093785 ns, Reaching safepoint: 6500 ns, Cleanup: 13200 ns, At safepoint: 2100 ns, Total: 21800 ns
[173.418s][info ][safepoint      ] Safepoint "Cleanup", Time since last: 1004881685 ns, Reaching safepoint: 6300 ns, Cleanup: 87001 ns, At safepoint: 3100 ns, Total: 96401 ns
[174.418s][info ][safepoint      ] Safepoint "Cleanup", Time since last: 1000114639 ns, Reaching safepoint: 6600 ns, Cleanup: 23000 ns, At safepoint: 2700 ns, Total: 32300 ns
[175.418s][info ][safepoint      ] Safepoint "Cleanup", Time since last: 1000118339 ns, Reaching safepoint: 7600 ns, Cleanup: 24200 ns, At safepoint: 6800 ns, Total: 38600 ns
[176.418s][info ][safepoint      ] Safepoint "Cleanup", Time since last: 1000126039 ns, Reaching safepoint: 6300 ns, Cleanup: 13000 ns, At safepoint: 2600 ns, Total: 21900 ns
[177.418s][info ][safepoint      ] Safepoint "Cleanup", Time since last: 1000082339 ns, Reaching safepoint: 6700 ns, Cleanup: 42801 ns, At safepoint: 2700 ns, Total: 52201 ns
[178.419s][info ][safepoint      ] Safepoint "Cleanup", Time since last: 1000105639 ns, Reaching safepoint: 7900 ns, Cleanup: 49300 ns, At safepoint: 2600 ns, Total: 59800 ns
[178.729s][debug][gc,phases      ] GC(15) Pre Compact 0.018ms
[178.729s][info ][gc,start       ] GC(15) Pause Full (Ergonomics)
[178.729s][info ][gc,phases,start] GC(15) Marking Phase
[178.842s][debug][gc,phases      ] GC(15) Par Mark 113.549ms
[178.843s][debug][gc,ref         ] GC(15) ReferenceProcessor::execute queues: 4, RefProcThreadModel::Multi, marks_oops_alive: false
[178.843s][debug][gc,ref         ] GC(15) Skipped KeepAliveFinalRefsPhase of Reference Processing: no references
[178.843s][debug][gc,ref         ] GC(15) ReferenceProcessor::execute queues: 1, RefProcThreadModel::Single, marks_oops_alive: false
[178.843s][debug][gc,phases      ] GC(15) Reference Processing 0.450ms
[178.843s][debug][gc,phases      ] GC(15)   VM Weak                        Min:  0.0, Avg:  0.0, Max:  0.0, Diff:  0.0, Sum:  0.0, Workers: 4
[178.843s][debug][gc,phases      ] GC(15)     Dead                           Min: 0, Avg:  0.0, Max: 0, Diff: 0, Sum: 0, Workers: 4
[178.843s][debug][gc,phases      ] GC(15)     Total                          Min: 0, Avg: 226.8, Max: 395, Diff: 395, Sum: 907, Workers: 4
[178.843s][debug][gc,phases      ] GC(15)   ObjectSynchronizer Weak        Min:  0.0, Avg:  0.0, Max:  0.0, Diff:  0.0, Sum:  0.0, Workers: 4
[178.843s][debug][gc,phases      ] GC(15)     Dead                           Min: 0, Avg:  0.0, Max: 0, Diff: 0, Sum: 0, Workers: 4
[178.843s][debug][gc,phases      ] GC(15)     Total                          Min: 0, Avg:  1.2, Max: 5, Diff: 5, Sum: 5, Workers: 4
[178.843s][debug][gc,phases      ] GC(15)   JVMTI Tag Weak OopStorage      Min:  0.0, Avg:  0.0, Max:  0.0, Diff:  0.0, Sum:  0.0, Workers: 4
[178.843s][debug][gc,phases      ] GC(15)     Dead                           Min: 0, Avg:  0.0, Max: 0, Diff: 0, Sum: 0, Workers: 4
[178.843s][debug][gc,phases      ] GC(15)     Total                          Min: 0, Avg:  0.0, Max: 0, Diff: 0, Sum: 0, Workers: 4
[178.843s][debug][gc,phases      ] GC(15)   StringTable Weak               Min:  0.0, Avg:  0.2, Max:  0.2, Diff:  0.2, Sum:  0.7, Workers: 4
[178.843s][debug][gc,phases      ] GC(15)     Dead                           Min: 0, Avg:  0.2, Max: 1, Diff: 1, Sum: 1, Workers: 4
[178.843s][debug][gc,phases      ] GC(15)     Total                          Min: 0, Avg: 11900.5, Max: 16307, Diff: 16307, Sum: 47602, Workers: 4
[178.843s][debug][gc,phases      ] GC(15)   ResolvedMethodTable Weak       Min:  0.0, Avg:  0.0, Max:  0.1, Diff:  0.1, Sum:  0.2, Workers: 4
[178.843s][debug][gc,phases      ] GC(15)     Dead                           Min: 0, Avg:  0.2, Max: 1, Diff: 1, Sum: 1, Workers: 4
[178.843s][debug][gc,phases      ] GC(15)     Total                          Min: 0, Avg: 3165.5, Max: 4349, Diff: 4349, Sum: 12662, Workers: 4
[178.843s][debug][gc,phases      ] GC(15)   JNI Weak                       Min:  0.0, Avg:  0.0, Max:  0.0, Diff:  0.0, Sum:  0.0, Workers: 4
[178.843s][debug][gc,phases      ] GC(15)     Dead                           Min: 0, Avg:  0.0, Max: 0, Diff: 0, Sum: 0, Workers: 4
[178.843s][debug][gc,phases      ] GC(15)     Total                          Min: 0, Avg: 12.0, Max: 48, Diff: 48, Sum: 48, Workers: 4
[178.843s][debug][gc,phases      ] GC(15)   StringDedup Table Weak         Min:  0.0, Avg:  0.0, Max:  0.0, Diff:  0.0, Sum:  0.0, Workers: 4
[178.843s][debug][gc,phases      ] GC(15)     Dead                           Min: 0, Avg:  0.0, Max: 0, Diff: 0, Sum: 0, Workers: 4
[178.843s][debug][gc,phases      ] GC(15)     Total                          Min: 0, Avg:  0.0, Max: 0, Diff: 0, Sum: 0, Workers: 4
[178.843s][debug][gc,phases      ] GC(15)   StringDedup Requests0 Weak     Min:  0.0, Avg:  0.0, Max:  0.0, Diff:  0.0, Sum:  0.0, Workers: 4
[178.843s][debug][gc,phases      ] GC(15)     Dead                           Min: 0, Avg:  0.0, Max: 0, Diff: 0, Sum: 0, Workers: 4
[178.843s][debug][gc,phases      ] GC(15)     Total                          Min: 0, Avg:  0.0, Max: 0, Diff: 0, Sum: 0, Workers: 4
[178.843s][debug][gc,phases      ] GC(15)   StringDedup Requests1 Weak     Min:  0.0, Avg:  0.0, Max:  0.0, Diff:  0.0, Sum:  0.0, Workers: 4
[178.843s][debug][gc,phases      ] GC(15)     Dead                           Min: 0, Avg:  0.0, Max: 0, Diff: 0, Sum: 0, Workers: 4
[178.843s][debug][gc,phases      ] GC(15)     Total                          Min: 0, Avg:  0.0, Max: 0, Diff: 0, Sum: 0, Workers: 4
[178.843s][debug][gc,phases      ] GC(15)   Weak JFR Old Object Samples    Min:  0.0, Avg:  0.0, Max:  0.0, Diff:  0.0, Sum:  0.0, Workers: 4
[178.843s][debug][gc,phases      ] GC(15)     Dead                           Min: 0, Avg:  0.0, Max: 0, Diff: 0, Sum: 0, Workers: 4
[178.843s][debug][gc,phases      ] GC(15)     Total                          Min: 0, Avg:  0.0, Max: 0, Diff: 0, Sum: 0, Workers: 4
[178.843s][debug][gc,phases      ] GC(15) Weak Processing 0.481ms
[178.843s][debug][gc,phases      ] GC(15) ClassLoaderData 0.109ms
[178.843s][debug][gc,phases      ] GC(15) Trigger cleanups 0.000ms
[178.897s][debug][gc,phases      ] GC(15) Class Unloading 53.155ms
[178.897s][debug][gc,phases      ] GC(15) Report Object Count 0.001ms
[178.897s][info ][gc,phases      ] GC(15) Marking Phase 167.735ms
[178.897s][info ][gc,phases,start] GC(15) Summary Phase
[178.897s][info ][gc,phases      ] GC(15) Summary Phase 0.034ms
[178.897s][info ][gc,phases,start] GC(15) Adjust Roots
[178.916s][info ][gc,phases      ] GC(15) Adjust Roots 19.540ms
[178.916s][info ][gc,phases,start] GC(15) Compaction Phase
[179.099s][info ][gc,phases      ] GC(15) Compaction Phase 182.651ms
[179.099s][info ][gc,phases,start] GC(15) Post Compact
[179.127s][info ][gc,phases      ] GC(15) Post Compact 28.628ms
[179.128s][info ][gc,heap        ] GC(15) PSYoungGen: 1588761K(1696768K)->262029K(1712640K) Eden: 1328128K(1328128K)->262029K(1328128K) From: 260633K(368640K)->0K(384512K)
[179.128s][info ][gc,heap        ] GC(15) ParOldGen: 17507K(17920K)->17917K(40960K)
[179.128s][info ][gc,metaspace   ] GC(15) Metaspace: 93337K(94528K)->93337K(94528K) NonClass: 79527K(80192K)->79527K(80192K) Class: 13810K(14336K)->13810K(14336K)
[179.128s][info ][gc             ] GC(15) Pause Full (Ergonomics) 1568M->273M(1712M) 398.826ms
[179.128s][info ][gc,cpu         ] GC(15) User=0.95s Sys=0.03s Real=0.40s
[179.128s][info ][safepoint      ] Safepoint "ParallelGCFailedAllocation", Time since last: 310225063 ns, Reaching safepoint: 5100 ns, Cleanup: 7600 ns, At safepoint: 398923010 ns, Total: 398935710 ns
[180.195s][info ][safepoint      ] Safepoint "Cleanup", Time since last: 1067127947 ns, Reaching safepoint: 4900 ns, Cleanup: 101001 ns, At safepoint: 6300 ns, Total: 112201 ns
[181.195s][info ][safepoint      ] Safepoint "Cleanup", Time since last: 1000154084 ns, Reaching safepoint: 7200 ns, Cleanup: 27901 ns, At safepoint: 4000 ns, Total: 39101 ns
[182.195s][info ][safepoint      ] Safepoint "Cleanup", Time since last: 1000123231 ns, Reaching safepoint: 7500 ns, Cleanup: 12400 ns, At safepoint: 2900 ns, Total: 22800 ns
[183.195s][info ][safepoint      ] Safepoint "Cleanup", Time since last: 1000115431 ns, Reaching safepoint: 7900 ns, Cleanup: 20700 ns, At safepoint: 7300 ns, Total: 35900 ns
[184.196s][info ][safepoint      ] Safepoint "Cleanup", Time since last: 1000142331 ns, Reaching safepoint: 8300 ns, Cleanup: 32301 ns, At safepoint: 3200 ns, Total: 43801 ns
[185.196s][info ][safepoint      ] Safepoint "Cleanup", Time since last: 1000115731 ns, Reaching safepoint: 6700 ns, Cleanup: 8900 ns, At safepoint: 2300 ns, Total: 17900 ns
[186.196s][info ][safepoint      ] Safepoint "Cleanup", Time since last: 1000108631 ns, Reaching safepoint: 7400 ns, Cleanup: 52300 ns, At safepoint: 2800 ns, Total: 62500 ns
[187.196s][info ][safepoint      ] Safepoint "Cleanup", Time since last: 1000115931 ns, Reaching safepoint: 7400 ns, Cleanup: 93101 ns, At safepoint: 7400 ns, Total: 107901 ns
[188.196s][info ][safepoint      ] Safepoint "Cleanup", Time since last: 1000106731 ns, Reaching safepoint: 6400 ns, Cleanup: 25400 ns, At safepoint: 3200 ns, Total: 35000 ns
[189.196s][info ][safepoint      ] Safepoint "Cleanup", Time since last: 1000101371 ns, Reaching safepoint: 7300 ns, Cleanup: 20300 ns, At safepoint: 2200 ns, Total: 29800 ns
[190.197s][info ][safepoint      ] Safepoint "Cleanup", Time since last: 1000125374 ns, Reaching safepoint: 7400 ns, Cleanup: 24000 ns, At safepoint: 2500 ns, Total: 33900 ns
[191.197s][info ][safepoint      ] Safepoint "Cleanup", Time since last: 1000129274 ns, Reaching safepoint: 9500 ns, Cleanup: 30900 ns, At safepoint: 2500 ns, Total: 42900 ns
[192.197s][info ][safepoint      ] Safepoint "Cleanup", Time since last: 1000123531 ns, Reaching safepoint: 7100 ns, Cleanup: 9900 ns, At safepoint: 2600 ns, Total: 19600 ns
[193.197s][info ][safepoint      ] Safepoint "Cleanup", Time since last: 1000129196 ns, Reaching safepoint: 8000 ns, Cleanup: 16400 ns, At safepoint: 3200 ns, Total: 27600 ns
[194.197s][info ][safepoint      ] Safepoint "Cleanup", Time since last: 1000110396 ns, Reaching safepoint: 7200 ns, Cleanup: 28100 ns, At safepoint: 2500 ns, Total: 37800 ns
[195.960s][info ][safepoint      ] Safepoint "Cleanup", Time since last: 1762971316 ns, Reaching safepoint: 82601 ns, Cleanup: 38300 ns, At safepoint: 9800 ns, Total: 130701 ns
[196.960s][info ][safepoint      ] Safepoint "Cleanup", Time since last: 1000123796 ns, Reaching safepoint: 74700 ns, Cleanup: 14500 ns, At safepoint: 6200 ns, Total: 95400 ns
[197.112s][info ][gc,start       ] GC(16) Pause Young (Allocation Failure)
[197.205s][debug][gc,phases      ] GC(16) Scavenge 93.220ms
[197.206s][debug][gc,ref         ] GC(16) ReferenceProcessor::execute queues: 4, RefProcThreadModel::Multi, marks_oops_alive: false
[197.206s][debug][gc,ref         ] GC(16) Skipped KeepAliveFinalRefsPhase of Reference Processing: no references
[197.206s][debug][gc,ref         ] GC(16) ReferenceProcessor::execute queues: 1, RefProcThreadModel::Single, marks_oops_alive: false
[197.206s][debug][gc,phases      ] GC(16) Reference Processing 0.790ms
[197.207s][debug][gc,phases      ] GC(16)   VM Weak                        Min:  0.0, Avg:  0.0, Max:  0.0, Diff:  0.0, Sum:  0.0, Workers: 4
[197.207s][debug][gc,phases      ] GC(16)     Dead                           Min: 0, Avg:  0.0, Max: 0, Diff: 0, Sum: 0, Workers: 4
[197.207s][debug][gc,phases      ] GC(16)     Total                          Min: 0, Avg: 228.0, Max: 512, Diff: 512, Sum: 912, Workers: 4
[197.207s][debug][gc,phases      ] GC(16)   ObjectSynchronizer Weak        Min:  0.0, Avg:  0.0, Max:  0.0, Diff:  0.0, Sum:  0.0, Workers: 4
[197.207s][debug][gc,phases      ] GC(16)     Dead                           Min: 0, Avg:  0.0, Max: 0, Diff: 0, Sum: 0, Workers: 4
[197.207s][debug][gc,phases      ] GC(16)     Total                          Min: 0, Avg:  1.0, Max: 4, Diff: 4, Sum: 4, Workers: 4
[197.207s][debug][gc,phases      ] GC(16)   JVMTI Tag Weak OopStorage      Min:  0.0, Avg:  0.0, Max:  0.0, Diff:  0.0, Sum:  0.0, Workers: 4
[197.207s][debug][gc,phases      ] GC(16)     Dead                           Min: 0, Avg:  0.0, Max: 0, Diff: 0, Sum: 0, Workers: 4
[197.207s][debug][gc,phases      ] GC(16)     Total                          Min: 0, Avg:  0.0, Max: 0, Diff: 0, Sum: 0, Workers: 4
[197.207s][debug][gc,phases      ] GC(16)   StringTable Weak               Min:  0.0, Avg:  0.3, Max:  0.4, Diff:  0.4, Sum:  1.1, Workers: 4
[197.207s][debug][gc,phases      ] GC(16)     Dead                           Min: 0, Avg:  0.2, Max: 1, Diff: 1, Sum: 1, Workers: 4
[197.207s][debug][gc,phases      ] GC(16)     Total                          Min: 0, Avg: 11913.5, Max: 16383, Diff: 16383, Sum: 47654, Workers: 4
[197.207s][debug][gc,phases      ] GC(16)   ResolvedMethodTable Weak       Min:  0.0, Avg:  0.1, Max:  0.1, Diff:  0.1, Sum:  0.3, Workers: 4
[197.207s][debug][gc,phases      ] GC(16)     Dead                           Min: 0, Avg:  0.8, Max: 2, Diff: 2, Sum: 3, Workers: 4
[197.207s][debug][gc,phases      ] GC(16)     Total                          Min: 0, Avg: 3173.5, Max: 4356, Diff: 4356, Sum: 12694, Workers: 4
[197.207s][debug][gc,phases      ] GC(16)   JNI Weak                       Min:  0.0, Avg:  0.0, Max:  0.0, Diff:  0.0, Sum:  0.0, Workers: 4
[197.207s][debug][gc,phases      ] GC(16)     Dead                           Min: 0, Avg:  0.0, Max: 0, Diff: 0, Sum: 0, Workers: 4
[197.207s][debug][gc,phases      ] GC(16)     Total                          Min: 0, Avg: 12.0, Max: 48, Diff: 48, Sum: 48, Workers: 4
[197.207s][debug][gc,phases      ] GC(16)   StringDedup Table Weak         Min:  0.0, Avg:  0.0, Max:  0.0, Diff:  0.0, Sum:  0.0, Workers: 4
[197.207s][debug][gc,phases      ] GC(16)     Dead                           Min: 0, Avg:  0.0, Max: 0, Diff: 0, Sum: 0, Workers: 4
[197.207s][debug][gc,phases      ] GC(16)     Total                          Min: 0, Avg:  0.0, Max: 0, Diff: 0, Sum: 0, Workers: 4
[197.207s][debug][gc,phases      ] GC(16)   StringDedup Requests0 Weak     Min:  0.0, Avg:  0.0, Max:  0.0, Diff:  0.0, Sum:  0.0, Workers: 4
[197.207s][debug][gc,phases      ] GC(16)     Dead                           Min: 0, Avg:  0.0, Max: 0, Diff: 0, Sum: 0, Workers: 4
[197.207s][debug][gc,phases      ] GC(16)     Total                          Min: 0, Avg:  0.0, Max: 0, Diff: 0, Sum: 0, Workers: 4
[197.207s][debug][gc,phases      ] GC(16)   StringDedup Requests1 Weak     Min:  0.0, Avg:  0.0, Max:  0.0, Diff:  0.0, Sum:  0.0, Workers: 4
[197.207s][debug][gc,phases      ] GC(16)     Dead                           Min: 0, Avg:  0.0, Max: 0, Diff: 0, Sum: 0, Workers: 4
[197.207s][debug][gc,phases      ] GC(16)     Total                          Min: 0, Avg:  0.0, Max: 0, Diff: 0, Sum: 0, Workers: 4
[197.207s][debug][gc,phases      ] GC(16)   Weak JFR Old Object Samples    Min:  0.0, Avg:  0.0, Max:  0.0, Diff:  0.0, Sum:  0.0, Workers: 4
[197.207s][debug][gc,phases      ] GC(16)     Dead                           Min: 0, Avg:  0.0, Max: 0, Diff: 0, Sum: 0, Workers: 4
[197.207s][debug][gc,phases      ] GC(16)     Total                          Min: 0, Avg:  0.0, Max: 0, Diff: 0, Sum: 0, Workers: 4
[197.207s][debug][gc,phases      ] GC(16) Weak Processing 0.697ms
[197.207s][debug][gc,age         ] GC(16) Desired survivor size 402653184 bytes, new threshold 12 (max threshold 15)
[197.207s][info ][gc,heap        ] GC(16) PSYoungGen: 1328128K(1712640K)->263857K(1679360K) Eden: 1328128K(1328128K)->0K(1310720K) From: 0K(384512K)->263857K(368640K)
[197.207s][info ][gc,heap        ] GC(16) ParOldGen: 17917K(40960K)->17925K(40960K)
[197.207s][info ][gc,metaspace   ] GC(16) Metaspace: 93456K(94656K)->93456K(94656K) NonClass: 79632K(80320K)->79632K(80320K) Class: 13824K(14336K)->13824K(14336K)
[197.207s][info ][gc             ] GC(16) Pause Young (Allocation Failure) 1314M->275M(1680M) 94.851ms
[197.207s][info ][gc,cpu         ] GC(16) User=0.28s Sys=0.00s Real=0.10s
[197.207s][info ][safepoint      ] Safepoint "ParallelGCFailedAllocation", Time since last: 151576779 ns, Reaching safepoint: 7700 ns, Cleanup: 3700 ns, At safepoint: 94930501 ns, Total: 94941901 ns
[200.207s][info ][safepoint      ] Safepoint "Cleanup", Time since last: 3000242125 ns, Reaching safepoint: 77100 ns, Cleanup: 18900 ns, At safepoint: 5800 ns, Total: 101800 ns
[201.208s][info ][safepoint      ] Safepoint "Cleanup", Time since last: 1000121275 ns, Reaching safepoint: 77101 ns, Cleanup: 17700 ns, At safepoint: 6000 ns, Total: 100801 ns
[202.208s][info ][safepoint      ] Safepoint "Cleanup", Time since last: 1000128675 ns, Reaching safepoint: 82100 ns, Cleanup: 8900 ns, At safepoint: 6500 ns, Total: 97500 ns
[203.208s][info ][safepoint      ] Safepoint "Cleanup", Time since last: 1000140576 ns, Reaching safepoint: 84900 ns, Cleanup: 9000 ns, At safepoint: 7100 ns, Total: 101000 ns
[204.208s][info ][safepoint      ] Safepoint "Cleanup", Time since last: 1000128775 ns, Reaching safepoint: 84901 ns, Cleanup: 7800 ns, At safepoint: 17700 ns, Total: 110401 ns
[205.209s][info ][safepoint      ] Safepoint "Cleanup", Time since last: 1000128089 ns, Reaching safepoint: 84800 ns, Cleanup: 25700 ns, At safepoint: 10600 ns, Total: 121100 ns
[206.209s][info ][safepoint      ] Safepoint "Cleanup", Time since last: 1000123390 ns, Reaching safepoint: 85201 ns, Cleanup: 54600 ns, At safepoint: 8900 ns, Total: 148701 ns
[207.209s][info ][safepoint      ] Safepoint "Cleanup", Time since last: 1000131890 ns, Reaching safepoint: 82700 ns, Cleanup: 51701 ns, At safepoint: 8300 ns, Total: 142701 ns
[208.209s][info ][safepoint      ] Safepoint "Cleanup", Time since last: 1000116890 ns, Reaching safepoint: 84300 ns, Cleanup: 21200 ns, At safepoint: 8100 ns, Total: 113600 ns
[210.210s][info ][safepoint      ] Safepoint "Cleanup", Time since last: 2000194180 ns, Reaching safepoint: 78600 ns, Cleanup: 18800 ns, At safepoint: 6800 ns, Total: 104200 ns
[211.210s][info ][safepoint      ] Safepoint "Cleanup", Time since last: 1000143190 ns, Reaching safepoint: 84501 ns, Cleanup: 46700 ns, At safepoint: 8400 ns, Total: 139601 ns
[212.210s][info ][safepoint      ] Safepoint "Cleanup", Time since last: 1000110690 ns, Reaching safepoint: 75800 ns, Cleanup: 11600 ns, At safepoint: 5500 ns, Total: 92900 ns
[213.210s][info ][safepoint      ] Safepoint "Cleanup", Time since last: 1000113453 ns, Reaching safepoint: 80200 ns, Cleanup: 12000 ns, At safepoint: 6700 ns, Total: 98900 ns
[215.211s][info ][safepoint      ] Safepoint "Cleanup", Time since last: 2000208661 ns, Reaching safepoint: 79800 ns, Cleanup: 31700 ns, At safepoint: 6900 ns, Total: 118400 ns
[216.211s][info ][safepoint      ] Safepoint "Cleanup", Time since last: 1000125130 ns, Reaching safepoint: 84401 ns, Cleanup: 47600 ns, At safepoint: 8800 ns, Total: 140801 ns
[217.211s][info ][safepoint      ] Safepoint "Cleanup", Time since last: 1000118930 ns, Reaching safepoint: 89301 ns, Cleanup: 36900 ns, At safepoint: 6600 ns, Total: 132801 ns
[218.211s][info ][safepoint      ] Safepoint "Cleanup", Time since last: 1000108830 ns, Reaching safepoint: 82400 ns, Cleanup: 62101 ns, At safepoint: 8700 ns, Total: 153201 ns
[219.212s][info ][safepoint      ] Safepoint "Cleanup", Time since last: 1000122130 ns, Reaching safepoint: 82000 ns, Cleanup: 34601 ns, At safepoint: 9100 ns, Total: 125701 ns
[220.212s][info ][safepoint      ] Safepoint "Cleanup", Time since last: 1000125730 ns, Reaching safepoint: 81400 ns, Cleanup: 25900 ns, At safepoint: 6900 ns, Total: 114200 ns
[220.227s][info ][gc,start       ] GC(17) Pause Young (Allocation Failure)
[220.311s][debug][gc,phases      ] GC(17) Scavenge 83.924ms
[220.311s][debug][gc,ref         ] GC(17) ReferenceProcessor::execute queues: 4, RefProcThreadModel::Multi, marks_oops_alive: false
[220.312s][debug][gc,ref         ] GC(17) Skipped KeepAliveFinalRefsPhase of Reference Processing: no references
[220.312s][debug][gc,ref         ] GC(17) ReferenceProcessor::execute queues: 1, RefProcThreadModel::Single, marks_oops_alive: false
[220.312s][debug][gc,phases      ] GC(17) Reference Processing 0.788ms
[220.313s][debug][gc,phases      ] GC(17)   VM Weak                        Min:  0.0, Avg:  0.0, Max:  0.0, Diff:  0.0, Sum:  0.0, Workers: 4
[220.313s][debug][gc,phases      ] GC(17)     Dead                           Min: 0, Avg:  0.0, Max: 0, Diff: 0, Sum: 0, Workers: 4
[220.313s][debug][gc,phases      ] GC(17)     Total                          Min: 0, Avg: 235.0, Max: 448, Diff: 448, Sum: 940, Workers: 4
[220.313s][debug][gc,phases      ] GC(17)   ObjectSynchronizer Weak        Min:  0.0, Avg:  0.0, Max:  0.0, Diff:  0.0, Sum:  0.0, Workers: 4
[220.313s][debug][gc,phases      ] GC(17)     Dead                           Min: 0, Avg:  0.0, Max: 0, Diff: 0, Sum: 0, Workers: 4
[220.313s][debug][gc,phases      ] GC(17)     Total                          Min: 0, Avg:  1.0, Max: 4, Diff: 4, Sum: 4, Workers: 4
[220.313s][debug][gc,phases      ] GC(17)   JVMTI Tag Weak OopStorage      Min:  0.0, Avg:  0.0, Max:  0.0, Diff:  0.0, Sum:  0.0, Workers: 4
[220.313s][debug][gc,phases      ] GC(17)     Dead                           Min: 0, Avg:  0.0, Max: 0, Diff: 0, Sum: 0, Workers: 4
[220.313s][debug][gc,phases      ] GC(17)     Total                          Min: 0, Avg:  0.0, Max: 0, Diff: 0, Sum: 0, Workers: 4
[220.313s][debug][gc,phases      ] GC(17)   StringTable Weak               Min:  0.0, Avg:  0.3, Max:  0.4, Diff:  0.4, Sum:  1.1, Workers: 4
[220.313s][debug][gc,phases      ] GC(17)     Dead                           Min: 0, Avg:  0.5, Max: 1, Diff: 1, Sum: 2, Workers: 4
[220.313s][debug][gc,phases      ] GC(17)     Total                          Min: 0, Avg: 11928.8, Max: 16448, Diff: 16448, Sum: 47715, Workers: 4
[220.313s][debug][gc,phases      ] GC(17)   ResolvedMethodTable Weak       Min:  0.0, Avg:  0.1, Max:  0.1, Diff:  0.1, Sum:  0.4, Workers: 4
[220.313s][debug][gc,phases      ] GC(17)     Dead                           Min: 0, Avg:  0.5, Max: 1, Diff: 1, Sum: 2, Workers: 4
[220.313s][debug][gc,phases      ] GC(17)     Total                          Min: 0, Avg: 3198.5, Max: 4354, Diff: 4354, Sum: 12794, Workers: 4
[220.313s][debug][gc,phases      ] GC(17)   JNI Weak                       Min:  0.0, Avg:  0.0, Max:  0.0, Diff:  0.0, Sum:  0.0, Workers: 4
[220.313s][debug][gc,phases      ] GC(17)     Dead                           Min: 0, Avg:  0.0, Max: 0, Diff: 0, Sum: 0, Workers: 4
[220.313s][debug][gc,phases      ] GC(17)     Total                          Min: 0, Avg: 12.0, Max: 48, Diff: 48, Sum: 48, Workers: 4
[220.313s][debug][gc,phases      ] GC(17)   StringDedup Table Weak         Min:  0.0, Avg:  0.0, Max:  0.0, Diff:  0.0, Sum:  0.0, Workers: 4
[220.313s][debug][gc,phases      ] GC(17)     Dead                           Min: 0, Avg:  0.0, Max: 0, Diff: 0, Sum: 0, Workers: 4
[220.313s][debug][gc,phases      ] GC(17)     Total                          Min: 0, Avg:  0.0, Max: 0, Diff: 0, Sum: 0, Workers: 4
[220.313s][debug][gc,phases      ] GC(17)   StringDedup Requests0 Weak     Min:  0.0, Avg:  0.0, Max:  0.0, Diff:  0.0, Sum:  0.0, Workers: 4
[220.313s][debug][gc,phases      ] GC(17)     Dead                           Min: 0, Avg:  0.0, Max: 0, Diff: 0, Sum: 0, Workers: 4
[220.313s][debug][gc,phases      ] GC(17)     Total                          Min: 0, Avg:  0.0, Max: 0, Diff: 0, Sum: 0, Workers: 4
[220.313s][debug][gc,phases      ] GC(17)   StringDedup Requests1 Weak     Min:  0.0, Avg:  0.0, Max:  0.0, Diff:  0.0, Sum:  0.0, Workers: 4
[220.313s][debug][gc,phases      ] GC(17)     Dead                           Min: 0, Avg:  0.0, Max: 0, Diff: 0, Sum: 0, Workers: 4
[220.313s][debug][gc,phases      ] GC(17)     Total                          Min: 0, Avg:  0.0, Max: 0, Diff: 0, Sum: 0, Workers: 4
[220.313s][debug][gc,phases      ] GC(17)   Weak JFR Old Object Samples    Min:  0.0, Avg:  0.0, Max:  0.0, Diff:  0.0, Sum:  0.0, Workers: 4
[220.313s][debug][gc,phases      ] GC(17)     Dead                           Min: 0, Avg:  0.0, Max: 0, Diff: 0, Sum: 0, Workers: 4
[220.313s][debug][gc,phases      ] GC(17)     Total                          Min: 0, Avg:  0.0, Max: 0, Diff: 0, Sum: 0, Workers: 4
[220.313s][debug][gc,phases      ] GC(17) Weak Processing 0.713ms
[220.313s][debug][gc,age         ] GC(17) Desired survivor size 409468928 bytes, new threshold 13 (max threshold 15)
[220.313s][info ][gc,heap        ] GC(17) PSYoungGen: 1574577K(1679360K)->264324K(1575424K) Eden: 1310720K(1310720K)->0K(1310720K) From: 263857K(368640K)->264324K(264704K)
[220.313s][info ][gc,heap        ] GC(17) ParOldGen: 17925K(40960K)->17933K(40960K)
[220.313s][info ][gc,metaspace   ] GC(17) Metaspace: 93666K(94912K)->93666K(94912K) NonClass: 79803K(80512K)->79803K(80512K) Class: 13862K(14400K)->13862K(14400K)
[220.313s][info ][gc             ] GC(17) Pause Young (Allocation Failure) 1555M->275M(1578M) 85.553ms
[220.313s][info ][gc,cpu         ] GC(17) User=0.27s Sys=0.00s Real=0.08s
[220.313s][info ][safepoint      ] Safepoint "ParallelGCFailedAllocation", Time since last: 15320471 ns, Reaching safepoint: 79101 ns, Cleanup: 2400 ns, At safepoint: 85632996 ns, Total: 85714497 ns
[221.313s][info ][safepoint      ] Safepoint "Cleanup", Time since last: 1000103867 ns, Reaching safepoint: 90601 ns, Cleanup: 70300 ns, At safepoint: 10800 ns, Total: 171701 ns
[222.313s][info ][safepoint      ] Safepoint "Cleanup", Time since last: 1000106387 ns, Reaching safepoint: 5800 ns, Cleanup: 37601 ns, At safepoint: 2400 ns, Total: 45801 ns
[223.314s][info ][safepoint      ] Safepoint "Cleanup", Time since last: 1000118587 ns, Reaching safepoint: 6700 ns, Cleanup: 12900 ns, At safepoint: 7100 ns, Total: 26700 ns
[224.314s][info ][safepoint      ] Safepoint "Cleanup", Time since last: 1000139287 ns, Reaching safepoint: 6600 ns, Cleanup: 12100 ns, At safepoint: 3400 ns, Total: 22100 ns
[225.314s][info ][safepoint      ] Safepoint "Cleanup", Time since last: 1000114888 ns, Reaching safepoint: 6500 ns, Cleanup: 17700 ns, At safepoint: 2100 ns, Total: 26300 ns
[226.314s][info ][safepoint      ] Safepoint "Cleanup", Time since last: 1000116487 ns, Reaching safepoint: 77800 ns, Cleanup: 17801 ns, At safepoint: 6400 ns, Total: 102001 ns
[227.314s][info ][safepoint      ] Safepoint "Cleanup", Time since last: 1000096587 ns, Reaching safepoint: 77600 ns, Cleanup: 18400 ns, At safepoint: 6300 ns, Total: 102300 ns
[228.314s][info ][safepoint      ] Safepoint "Cleanup", Time since last: 1000106087 ns, Reaching safepoint: 77001 ns, Cleanup: 8000 ns, At safepoint: 5800 ns, Total: 90801 ns
[230.315s][info ][safepoint      ] Safepoint "Cleanup", Time since last: 2000185703 ns, Reaching safepoint: 74800 ns, Cleanup: 21100 ns, At safepoint: 5200 ns, Total: 101100 ns
[231.315s][info ][safepoint      ] Safepoint "Cleanup", Time since last: 1000092276 ns, Reaching safepoint: 5300 ns, Cleanup: 8800 ns, At safepoint: 2300 ns, Total: 16400 ns
[232.315s][info ][safepoint      ] Safepoint "Cleanup", Time since last: 1000094675 ns, Reaching safepoint: 7000 ns, Cleanup: 17000 ns, At safepoint: 2500 ns, Total: 26500 ns
[233.315s][info ][safepoint      ] Safepoint "Cleanup", Time since last: 1000102775 ns, Reaching safepoint: 6800 ns, Cleanup: 14500 ns, At safepoint: 3300 ns, Total: 24600 ns
[234.315s][info ][safepoint      ] Safepoint "Cleanup", Time since last: 1000098675 ns, Reaching safepoint: 5700 ns, Cleanup: 9200 ns, At safepoint: 1800 ns, Total: 16700 ns
[235.315s][info ][safepoint      ] Safepoint "Cleanup", Time since last: 1000093675 ns, Reaching safepoint: 5600 ns, Cleanup: 9000 ns, At safepoint: 1701 ns, Total: 16301 ns
[236.315s][info ][safepoint      ] Safepoint "Cleanup", Time since last: 1000101323 ns, Reaching safepoint: 76300 ns, Cleanup: 9500 ns, At safepoint: 5800 ns, Total: 91600 ns
[237.316s][info ][safepoint      ] Safepoint "Cleanup", Time since last: 1000111507 ns, Reaching safepoint: 6200 ns, Cleanup: 26600 ns, At safepoint: 2700 ns, Total: 35500 ns
[238.316s][info ][safepoint      ] Safepoint "Cleanup", Time since last: 1000119715 ns, Reaching safepoint: 83001 ns, Cleanup: 17400 ns, At safepoint: 8500 ns, Total: 108901 ns
[239.316s][info ][safepoint      ] Safepoint "Cleanup", Time since last: 1000116715 ns, Reaching safepoint: 7400 ns, Cleanup: 22000 ns, At safepoint: 8300 ns, Total: 37700 ns
[241.213s][info ][safepoint      ] Safepoint "Cleanup", Time since last: 1896758501 ns, Reaching safepoint: 81700 ns, Cleanup: 32300 ns, At safepoint: 6300 ns, Total: 120300 ns
[242.213s][info ][safepoint      ] Safepoint "Cleanup", Time since last: 1000140015 ns, Reaching safepoint: 85301 ns, Cleanup: 11300 ns, At safepoint: 11100 ns, Total: 107701 ns
[242.409s][info ][gc,start       ] GC(18) Pause Young (Allocation Failure)
[242.492s][debug][gc,phases      ] GC(18) Scavenge 83.695ms
[242.493s][debug][gc,ref         ] GC(18) ReferenceProcessor::execute queues: 4, RefProcThreadModel::Multi, marks_oops_alive: false
[242.493s][debug][gc,ref         ] GC(18) Skipped KeepAliveFinalRefsPhase of Reference Processing: no references
[242.493s][debug][gc,ref         ] GC(18) ReferenceProcessor::execute queues: 1, RefProcThreadModel::Single, marks_oops_alive: false
[242.493s][debug][gc,phases      ] GC(18) Reference Processing 0.799ms
[242.494s][debug][gc,phases      ] GC(18)   VM Weak                        Min:  0.0, Avg:  0.0, Max:  0.0, Diff:  0.0, Sum:  0.0, Workers: 4
[242.494s][debug][gc,phases      ] GC(18)     Dead                           Min: 0, Avg:  0.0, Max: 0, Diff: 0, Sum: 0, Workers: 4
[242.494s][debug][gc,phases      ] GC(18)     Total                          Min: 0, Avg: 236.2, Max: 512, Diff: 512, Sum: 945, Workers: 4
[242.494s][debug][gc,phases      ] GC(18)   ObjectSynchronizer Weak        Min:  0.0, Avg:  0.0, Max:  0.0, Diff:  0.0, Sum:  0.0, Workers: 4
[242.494s][debug][gc,phases      ] GC(18)     Dead                           Min: 0, Avg:  0.0, Max: 0, Diff: 0, Sum: 0, Workers: 4
[242.494s][debug][gc,phases      ] GC(18)     Total                          Min: 0, Avg:  0.8, Max: 3, Diff: 3, Sum: 3, Workers: 4
[242.494s][debug][gc,phases      ] GC(18)   JVMTI Tag Weak OopStorage      Min:  0.0, Avg:  0.0, Max:  0.0, Diff:  0.0, Sum:  0.0, Workers: 4
[242.494s][debug][gc,phases      ] GC(18)     Dead                           Min: 0, Avg:  0.0, Max: 0, Diff: 0, Sum: 0, Workers: 4
[242.494s][debug][gc,phases      ] GC(18)     Total                          Min: 0, Avg:  0.0, Max: 0, Diff: 0, Sum: 0, Workers: 4
[242.494s][debug][gc,phases      ] GC(18)   StringTable Weak               Min:  0.0, Avg:  0.3, Max:  0.4, Diff:  0.4, Sum:  1.2, Workers: 4
[242.494s][debug][gc,phases      ] GC(18)     Dead                           Min: 0, Avg:  0.0, Max: 0, Diff: 0, Sum: 0, Workers: 4
[242.494s][debug][gc,phases      ] GC(18)     Total                          Min: 0, Avg: 11944.0, Max: 16416, Diff: 16416, Sum: 47776, Workers: 4
[242.494s][debug][gc,phases      ] GC(18)   ResolvedMethodTable Weak       Min:  0.0, Avg:  0.1, Max:  0.1, Diff:  0.1, Sum:  0.4, Workers: 4
[242.494s][debug][gc,phases      ] GC(18)     Dead                           Min: 0, Avg:  0.5, Max: 2, Diff: 2, Sum: 2, Workers: 4
[242.494s][debug][gc,phases      ] GC(18)     Total                          Min: 0, Avg: 3205.8, Max: 4545, Diff: 4545, Sum: 12823, Workers: 4
[242.494s][debug][gc,phases      ] GC(18)   JNI Weak                       Min:  0.0, Avg:  0.0, Max:  0.0, Diff:  0.0, Sum:  0.0, Workers: 4
[242.494s][debug][gc,phases      ] GC(18)     Dead                           Min: 0, Avg:  0.0, Max: 0, Diff: 0, Sum: 0, Workers: 4
[242.494s][debug][gc,phases      ] GC(18)     Total                          Min: 0, Avg: 12.0, Max: 48, Diff: 48, Sum: 48, Workers: 4
[242.494s][debug][gc,phases      ] GC(18)   StringDedup Table Weak         Min:  0.0, Avg:  0.0, Max:  0.0, Diff:  0.0, Sum:  0.0, Workers: 4
[242.494s][debug][gc,phases      ] GC(18)     Dead                           Min: 0, Avg:  0.0, Max: 0, Diff: 0, Sum: 0, Workers: 4
[242.494s][debug][gc,phases      ] GC(18)     Total                          Min: 0, Avg:  0.0, Max: 0, Diff: 0, Sum: 0, Workers: 4
[242.494s][debug][gc,phases      ] GC(18)   StringDedup Requests0 Weak     Min:  0.0, Avg:  0.0, Max:  0.0, Diff:  0.0, Sum:  0.0, Workers: 4
[242.494s][debug][gc,phases      ] GC(18)     Dead                           Min: 0, Avg:  0.0, Max: 0, Diff: 0, Sum: 0, Workers: 4
[242.494s][debug][gc,phases      ] GC(18)     Total                          Min: 0, Avg:  0.0, Max: 0, Diff: 0, Sum: 0, Workers: 4
[242.494s][debug][gc,phases      ] GC(18)   StringDedup Requests1 Weak     Min:  0.0, Avg:  0.0, Max:  0.0, Diff:  0.0, Sum:  0.0, Workers: 4
[242.494s][debug][gc,phases      ] GC(18)     Dead                           Min: 0, Avg:  0.0, Max: 0, Diff: 0, Sum: 0, Workers: 4
[242.494s][debug][gc,phases      ] GC(18)     Total                          Min: 0, Avg:  0.0, Max: 0, Diff: 0, Sum: 0, Workers: 4
[242.494s][debug][gc,phases      ] GC(18)   Weak JFR Old Object Samples    Min:  0.0, Avg:  0.0, Max:  0.0, Diff:  0.0, Sum:  0.0, Workers: 4
[242.494s][debug][gc,phases      ] GC(18)     Dead                           Min: 0, Avg:  0.0, Max: 0, Diff: 0, Sum: 0, Workers: 4
[242.494s][debug][gc,phases      ] GC(18)     Total                          Min: 0, Avg:  0.0, Max: 0, Diff: 0, Sum: 0, Workers: 4
[242.494s][debug][gc,phases      ] GC(18) Weak Processing 0.858ms
[242.494s][debug][gc,age         ] GC(18) Desired survivor size 413138944 bytes, new threshold 14 (max threshold 15)
[242.494s][info ][gc,heap        ] GC(18) PSYoungGen: 1575044K(1575424K)->264426K(1690112K) Eden: 1310720K(1310720K)->0K(1290240K) From: 264324K(264704K)->264426K(399872K)
[242.494s][info ][gc,heap        ] GC(18) ParOldGen: 17933K(40960K)->17941K(40960K)
[242.494s][info ][gc,metaspace   ] GC(18) Metaspace: 93780K(94976K)->93780K(94976K) NonClass: 79907K(80576K)->79907K(80576K) Class: 13873K(14400K)->13873K(14400K)
[242.494s][info ][gc             ] GC(18) Pause Young (Allocation Failure) 1555M->275M(1690M) 85.518ms
[242.494s][info ][gc,cpu         ] GC(18) User=0.28s Sys=0.00s Real=0.08s
[242.494s][info ][safepoint      ] Safepoint "ParallelGCFailedAllocation", Time since last: 195302899 ns, Reaching safepoint: 84800 ns, Cleanup: 8000 ns, At safepoint: 85607138 ns, Total: 85699938 ns
[243.494s][info ][safepoint      ] Safepoint "Cleanup", Time since last: 1000095615 ns, Reaching safepoint: 7200 ns, Cleanup: 14200 ns, At safepoint: 2800 ns, Total: 24200 ns
[244.494s][info ][safepoint      ] Safepoint "Cleanup", Time since last: 1000110915 ns, Reaching safepoint: 7400 ns, Cleanup: 25600 ns, At safepoint: 2300 ns, Total: 35300 ns
[245.495s][info ][safepoint      ] Safepoint "Cleanup", Time since last: 1000112439 ns, Reaching safepoint: 7000 ns, Cleanup: 8500 ns, At safepoint: 2200 ns, Total: 17700 ns
[246.495s][info ][safepoint      ] Safepoint "Cleanup", Time since last: 1000100692 ns, Reaching safepoint: 6600 ns, Cleanup: 16401 ns, At safepoint: 2200 ns, Total: 25201 ns
[247.495s][info ][safepoint      ] Safepoint "Cleanup", Time since last: 1000109792 ns, Reaching safepoint: 7200 ns, Cleanup: 8200 ns, At safepoint: 2600 ns, Total: 18000 ns
[248.495s][info ][safepoint      ] Safepoint "Cleanup", Time since last: 1000105393 ns, Reaching safepoint: 6900 ns, Cleanup: 14000 ns, At safepoint: 2400 ns, Total: 23300 ns
[249.495s][info ][safepoint      ] Safepoint "Cleanup", Time since last: 1000123992 ns, Reaching safepoint: 8400 ns, Cleanup: 10800 ns, At safepoint: 3100 ns, Total: 22300 ns
[250.495s][info ][safepoint      ] Safepoint "Cleanup", Time since last: 1000125293 ns, Reaching safepoint: 8100 ns, Cleanup: 14000 ns, At safepoint: 3400 ns, Total: 25500 ns
[251.495s][info ][safepoint      ] Safepoint "Cleanup", Time since last: 1000144793 ns, Reaching safepoint: 8200 ns, Cleanup: 15900 ns, At safepoint: 3200 ns, Total: 27300 ns
[252.496s][info ][safepoint      ] Safepoint "Cleanup", Time since last: 1000124992 ns, Reaching safepoint: 6800 ns, Cleanup: 16100 ns, At safepoint: 2200 ns, Total: 25100 ns
[253.496s][info ][safepoint      ] Safepoint "Cleanup", Time since last: 1000123174 ns, Reaching safepoint: 6600 ns, Cleanup: 22700 ns, At safepoint: 2200 ns, Total: 31500 ns
[254.496s][info ][safepoint      ] Safepoint "Cleanup", Time since last: 1000104029 ns, Reaching safepoint: 7800 ns, Cleanup: 11500 ns, At safepoint: 1900 ns, Total: 21200 ns
[255.496s][info ][safepoint      ] Safepoint "Cleanup", Time since last: 1000115529 ns, Reaching safepoint: 6600 ns, Cleanup: 10800 ns, At safepoint: 2300 ns, Total: 19700 ns
[256.496s][info ][safepoint      ] Safepoint "Cleanup", Time since last: 1000086429 ns, Reaching safepoint: 7000 ns, Cleanup: 62600 ns, At safepoint: 2600 ns, Total: 72200 ns
[257.496s][info ][safepoint      ] Safepoint "Cleanup", Time since last: 1000118329 ns, Reaching safepoint: 6900 ns, Cleanup: 12300 ns, At safepoint: 2400 ns, Total: 21600 ns
[258.496s][info ][safepoint      ] Safepoint "Cleanup", Time since last: 1000106429 ns, Reaching safepoint: 7300 ns, Cleanup: 23200 ns, At safepoint: 4300 ns, Total: 34800 ns
[259.497s][info ][safepoint      ] Safepoint "Cleanup", Time since last: 1000113529 ns, Reaching safepoint: 8000 ns, Cleanup: 71501 ns, At safepoint: 2700 ns, Total: 82201 ns
[260.497s][info ][safepoint      ] Safepoint "Cleanup", Time since last: 1000111429 ns, Reaching safepoint: 7100 ns, Cleanup: 25200 ns, At safepoint: 2200 ns, Total: 34500 ns
[261.497s][info ][safepoint      ] Safepoint "Cleanup", Time since last: 1000109034 ns, Reaching safepoint: 7800 ns, Cleanup: 29300 ns, At safepoint: 2500 ns, Total: 39600 ns
[262.497s][info ][safepoint      ] Safepoint "Cleanup", Time since last: 1000108047 ns, Reaching safepoint: 7300 ns, Cleanup: 20900 ns, At safepoint: 2700 ns, Total: 30900 ns
[263.497s][info ][safepoint      ] Safepoint "Cleanup", Time since last: 1000123147 ns, Reaching safepoint: 7100 ns, Cleanup: 33800 ns, At safepoint: 6900 ns, Total: 47800 ns
[264.497s][info ][safepoint      ] Safepoint "Cleanup", Time since last: 1000124746 ns, Reaching safepoint: 8601 ns, Cleanup: 10900 ns, At safepoint: 2900 ns, Total: 22401 ns
[265.112s][info ][gc,start       ] GC(19) Pause Young (Allocation Failure)
[265.202s][debug][gc,phases      ] GC(19) Scavenge 89.607ms
[265.202s][debug][gc,ref         ] GC(19) ReferenceProcessor::execute queues: 4, RefProcThreadModel::Multi, marks_oops_alive: false
[265.203s][debug][gc,ref         ] GC(19) Skipped KeepAliveFinalRefsPhase of Reference Processing: no references
[265.203s][debug][gc,ref         ] GC(19) ReferenceProcessor::execute queues: 1, RefProcThreadModel::Single, marks_oops_alive: false
[265.203s][debug][gc,phases      ] GC(19) Reference Processing 0.839ms
[265.203s][debug][gc,phases      ] GC(19)   VM Weak                        Min:  0.0, Avg:  0.0, Max:  0.0, Diff:  0.0, Sum:  0.0, Workers: 4
[265.203s][debug][gc,phases      ] GC(19)     Dead                           Min: 0, Avg:  0.0, Max: 0, Diff: 0, Sum: 0, Workers: 4
[265.203s][debug][gc,phases      ] GC(19)     Total                          Min: 0, Avg: 241.0, Max: 448, Diff: 448, Sum: 964, Workers: 4
[265.203s][debug][gc,phases      ] GC(19)   ObjectSynchronizer Weak        Min:  0.0, Avg:  0.0, Max:  0.0, Diff:  0.0, Sum:  0.0, Workers: 4
[265.203s][debug][gc,phases      ] GC(19)     Dead                           Min: 0, Avg:  0.0, Max: 0, Diff: 0, Sum: 0, Workers: 4
[265.203s][debug][gc,phases      ] GC(19)     Total                          Min: 0, Avg:  1.0, Max: 4, Diff: 4, Sum: 4, Workers: 4
[265.203s][debug][gc,phases      ] GC(19)   JVMTI Tag Weak OopStorage      Min:  0.0, Avg:  0.0, Max:  0.0, Diff:  0.0, Sum:  0.0, Workers: 4
[265.203s][debug][gc,phases      ] GC(19)     Dead                           Min: 0, Avg:  0.0, Max: 0, Diff: 0, Sum: 0, Workers: 4
[265.203s][debug][gc,phases      ] GC(19)     Total                          Min: 0, Avg:  0.0, Max: 0, Diff: 0, Sum: 0, Workers: 4
[265.203s][debug][gc,phases      ] GC(19)   StringTable Weak               Min:  0.0, Avg:  0.3, Max:  0.4, Diff:  0.4, Sum:  1.2, Workers: 4
[265.203s][debug][gc,phases      ] GC(19)     Dead                           Min: 0, Avg:  0.8, Max: 2, Diff: 2, Sum: 3, Workers: 4
[265.203s][debug][gc,phases      ] GC(19)     Total                          Min: 0, Avg: 11959.5, Max: 16896, Diff: 16896, Sum: 47838, Workers: 4
[265.203s][debug][gc,phases      ] GC(19)   ResolvedMethodTable Weak       Min:  0.0, Avg:  0.1, Max:  0.1, Diff:  0.1, Sum:  0.4, Workers: 4
[265.203s][debug][gc,phases      ] GC(19)     Dead                           Min: 0, Avg:  4.0, Max: 11, Diff: 11, Sum: 16, Workers: 4
[265.203s][debug][gc,phases      ] GC(19)     Total                          Min: 0, Avg: 3236.8, Max: 4474, Diff: 4474, Sum: 12947, Workers: 4
[265.203s][debug][gc,phases      ] GC(19)   JNI Weak                       Min:  0.0, Avg:  0.0, Max:  0.0, Diff:  0.0, Sum:  0.0, Workers: 4
[265.203s][debug][gc,phases      ] GC(19)     Dead                           Min: 0, Avg:  0.0, Max: 0, Diff: 0, Sum: 0, Workers: 4
[265.203s][debug][gc,phases      ] GC(19)     Total                          Min: 0, Avg: 12.0, Max: 48, Diff: 48, Sum: 48, Workers: 4
[265.203s][debug][gc,phases      ] GC(19)   StringDedup Table Weak         Min:  0.0, Avg:  0.0, Max:  0.0, Diff:  0.0, Sum:  0.0, Workers: 4
[265.203s][debug][gc,phases      ] GC(19)     Dead                           Min: 0, Avg:  0.0, Max: 0, Diff: 0, Sum: 0, Workers: 4
[265.203s][debug][gc,phases      ] GC(19)     Total                          Min: 0, Avg:  0.0, Max: 0, Diff: 0, Sum: 0, Workers: 4
[265.203s][debug][gc,phases      ] GC(19)   StringDedup Requests0 Weak     Min:  0.0, Avg:  0.0, Max:  0.0, Diff:  0.0, Sum:  0.0, Workers: 4
[265.203s][debug][gc,phases      ] GC(19)     Dead                           Min: 0, Avg:  0.0, Max: 0, Diff: 0, Sum: 0, Workers: 4
[265.203s][debug][gc,phases      ] GC(19)     Total                          Min: 0, Avg:  0.0, Max: 0, Diff: 0, Sum: 0, Workers: 4
[265.203s][debug][gc,phases      ] GC(19)   StringDedup Requests1 Weak     Min:  0.0, Avg:  0.0, Max:  0.0, Diff:  0.0, Sum:  0.0, Workers: 4
[265.203s][debug][gc,phases      ] GC(19)     Dead                           Min: 0, Avg:  0.0, Max: 0, Diff: 0, Sum: 0, Workers: 4
[265.203s][debug][gc,phases      ] GC(19)     Total                          Min: 0, Avg:  0.0, Max: 0, Diff: 0, Sum: 0, Workers: 4
[265.204s][debug][gc,phases      ] GC(19)   Weak JFR Old Object Samples    Min:  0.0, Avg:  0.0, Max:  0.0, Diff:  0.0, Sum:  0.0, Workers: 4
[265.204s][debug][gc,phases      ] GC(19)     Dead                           Min: 0, Avg:  0.0, Max: 0, Diff: 0, Sum: 0, Workers: 4
[265.204s][debug][gc,phases      ] GC(19)     Total                          Min: 0, Avg:  0.0, Max: 0, Diff: 0, Sum: 0, Workers: 4
[265.204s][debug][gc,phases      ] GC(19) Weak Processing 0.833ms
[265.204s][debug][gc,age         ] GC(19) Desired survivor size 415236096 bytes, new threshold 15 (max threshold 15)
[265.204s][info ][gc,heap        ] GC(19) PSYoungGen: 1554666K(1690112K)->265352K(1555968K) Eden: 1290240K(1290240K)->0K(1290240K) From: 264426K(399872K)->265352K(265728K)
[265.204s][info ][gc,heap        ] GC(19) ParOldGen: 17941K(40960K)->17949K(40960K)
[265.204s][info ][gc,metaspace   ] GC(19) Metaspace: 94049K(95296K)->94049K(95296K) NonClass: 80135K(80832K)->80135K(80832K) Class: 13914K(14464K)->13914K(14464K)
[265.204s][info ][gc             ] GC(19) Pause Young (Allocation Failure) 1535M->276M(1559M) 91.539ms
[265.204s][info ][gc,cpu         ] GC(19) User=0.27s Sys=0.00s Real=0.09s
[265.204s][info ][safepoint      ] Safepoint "ParallelGCFailedAllocation", Time since last: 614753263 ns, Reaching safepoint: 6700 ns, Cleanup: 10800 ns, At safepoint: 91626272 ns, Total: 91643772 ns
[266.204s][info ][safepoint      ] Safepoint "Cleanup", Time since last: 1000091646 ns, Reaching safepoint: 77601 ns, Cleanup: 16200 ns, At safepoint: 5400 ns, Total: 99201 ns
[267.204s][info ][safepoint      ] Safepoint "Cleanup", Time since last: 1000121646 ns, Reaching safepoint: 80701 ns, Cleanup: 15300 ns, At safepoint: 5900 ns, Total: 101901 ns
[268.204s][info ][safepoint      ] Safepoint "Cleanup", Time since last: 1000126547 ns, Reaching safepoint: 79200 ns, Cleanup: 9300 ns, At safepoint: 6300 ns, Total: 94800 ns
[269.205s][info ][safepoint      ] Safepoint "Cleanup", Time since last: 1000110747 ns, Reaching safepoint: 78300 ns, Cleanup: 13500 ns, At safepoint: 6500 ns, Total: 98300 ns
[270.205s][info ][safepoint      ] Safepoint "Cleanup", Time since last: 1000124452 ns, Reaching safepoint: 84800 ns, Cleanup: 14400 ns, At safepoint: 7600 ns, Total: 106800 ns
[271.205s][info ][safepoint      ] Safepoint "Cleanup", Time since last: 1000124452 ns, Reaching safepoint: 84900 ns, Cleanup: 9900 ns, At safepoint: 8000 ns, Total: 102800 ns
[272.205s][info ][safepoint      ] Safepoint "Cleanup", Time since last: 1000129352 ns, Reaching safepoint: 81600 ns, Cleanup: 10200 ns, At safepoint: 6400 ns, Total: 98200 ns
[273.206s][info ][safepoint      ] Safepoint "Cleanup", Time since last: 1000144152 ns, Reaching safepoint: 82600 ns, Cleanup: 16400 ns, At safepoint: 8100 ns, Total: 107100 ns
[274.206s][info ][safepoint      ] Safepoint "Cleanup", Time since last: 1000135352 ns, Reaching safepoint: 80100 ns, Cleanup: 68301 ns, At safepoint: 8000 ns, Total: 156401 ns
[275.206s][info ][safepoint      ] Safepoint "Cleanup", Time since last: 1000125351 ns, Reaching safepoint: 83400 ns, Cleanup: 46701 ns, At safepoint: 7300 ns, Total: 137401 ns
[276.206s][info ][safepoint      ] Safepoint "Cleanup", Time since last: 1000131851 ns, Reaching safepoint: 82501 ns, Cleanup: 12900 ns, At safepoint: 7400 ns, Total: 102801 ns
[277.207s][info ][safepoint      ] Safepoint "Cleanup", Time since last: 1000136751 ns, Reaching safepoint: 81101 ns, Cleanup: 18300 ns, At safepoint: 7000 ns, Total: 106401 ns
[278.140s][info ][gc,start       ] GC(20) Pause Young (Allocation Failure)
[278.227s][debug][gc,phases      ] GC(20) Scavenge 87.129ms
[278.227s][debug][gc,ref         ] GC(20) ReferenceProcessor::execute queues: 4, RefProcThreadModel::Multi, marks_oops_alive: false
[278.228s][debug][gc,ref         ] GC(20) Skipped KeepAliveFinalRefsPhase of Reference Processing: no references
[278.228s][debug][gc,ref         ] GC(20) ReferenceProcessor::execute queues: 1, RefProcThreadModel::Single, marks_oops_alive: false
[278.228s][debug][gc,phases      ] GC(20) Reference Processing 0.982ms
[278.229s][debug][gc,phases      ] GC(20)   VM Weak                        Min:  0.0, Avg:  0.0, Max:  0.0, Diff:  0.0, Sum:  0.0, Workers: 4
[278.229s][debug][gc,phases      ] GC(20)     Dead                           Min: 0, Avg:  0.0, Max: 0, Diff: 0, Sum: 0, Workers: 4
[278.229s][debug][gc,phases      ] GC(20)     Total                          Min: 0, Avg: 243.2, Max: 640, Diff: 640, Sum: 973, Workers: 4
[278.229s][debug][gc,phases      ] GC(20)   ObjectSynchronizer Weak        Min:  0.0, Avg:  0.0, Max:  0.0, Diff:  0.0, Sum:  0.0, Workers: 4
[278.229s][debug][gc,phases      ] GC(20)     Dead                           Min: 0, Avg:  0.0, Max: 0, Diff: 0, Sum: 0, Workers: 4
[278.229s][debug][gc,phases      ] GC(20)     Total                          Min: 0, Avg:  1.0, Max: 4, Diff: 4, Sum: 4, Workers: 4
[278.229s][debug][gc,phases      ] GC(20)   JVMTI Tag Weak OopStorage      Min:  0.0, Avg:  0.0, Max:  0.0, Diff:  0.0, Sum:  0.0, Workers: 4
[278.229s][debug][gc,phases      ] GC(20)     Dead                           Min: 0, Avg:  0.0, Max: 0, Diff: 0, Sum: 0, Workers: 4
[278.229s][debug][gc,phases      ] GC(20)     Total                          Min: 0, Avg:  0.0, Max: 0, Diff: 0, Sum: 0, Workers: 4
[278.229s][debug][gc,phases      ] GC(20)   StringTable Weak               Min:  0.0, Avg:  0.3, Max:  0.4, Diff:  0.4, Sum:  1.2, Workers: 4
[278.229s][debug][gc,phases      ] GC(20)     Dead                           Min: 0, Avg:  0.2, Max: 1, Diff: 1, Sum: 1, Workers: 4
[278.229s][debug][gc,phases      ] GC(20)     Total                          Min: 0, Avg: 11965.5, Max: 17152, Diff: 17152, Sum: 47862, Workers: 4
[278.229s][debug][gc,phases      ] GC(20)   ResolvedMethodTable Weak       Min:  0.0, Avg:  0.1, Max:  0.1, Diff:  0.1, Sum:  0.3, Workers: 4
[278.229s][debug][gc,phases      ] GC(20)     Dead                           Min: 0, Avg:  0.2, Max: 1, Diff: 1, Sum: 1, Workers: 4
[278.229s][debug][gc,phases      ] GC(20)     Total                          Min: 0, Avg: 3243.8, Max: 4403, Diff: 4403, Sum: 12975, Workers: 4
[278.229s][debug][gc,phases      ] GC(20)   JNI Weak                       Min:  0.0, Avg:  0.0, Max:  0.0, Diff:  0.0, Sum:  0.0, Workers: 4
[278.229s][debug][gc,phases      ] GC(20)     Dead                           Min: 0, Avg:  0.0, Max: 0, Diff: 0, Sum: 0, Workers: 4
[278.229s][debug][gc,phases      ] GC(20)     Total                          Min: 0, Avg: 12.0, Max: 48, Diff: 48, Sum: 48, Workers: 4
[278.229s][debug][gc,phases      ] GC(20)   StringDedup Table Weak         Min:  0.0, Avg:  0.0, Max:  0.0, Diff:  0.0, Sum:  0.0, Workers: 4
[278.229s][debug][gc,phases      ] GC(20)     Dead                           Min: 0, Avg:  0.0, Max: 0, Diff: 0, Sum: 0, Workers: 4
[278.229s][debug][gc,phases      ] GC(20)     Total                          Min: 0, Avg:  0.0, Max: 0, Diff: 0, Sum: 0, Workers: 4
[278.229s][debug][gc,phases      ] GC(20)   StringDedup Requests0 Weak     Min:  0.0, Avg:  0.0, Max:  0.0, Diff:  0.0, Sum:  0.0, Workers: 4
[278.229s][debug][gc,phases      ] GC(20)     Dead                           Min: 0, Avg:  0.0, Max: 0, Diff: 0, Sum: 0, Workers: 4
[278.229s][debug][gc,phases      ] GC(20)     Total                          Min: 0, Avg:  0.0, Max: 0, Diff: 0, Sum: 0, Workers: 4
[278.229s][debug][gc,phases      ] GC(20)   StringDedup Requests1 Weak     Min:  0.0, Avg:  0.0, Max:  0.0, Diff:  0.0, Sum:  0.0, Workers: 4
[278.229s][debug][gc,phases      ] GC(20)     Dead                           Min: 0, Avg:  0.0, Max: 0, Diff: 0, Sum: 0, Workers: 4
[278.229s][debug][gc,phases      ] GC(20)     Total                          Min: 0, Avg:  0.0, Max: 0, Diff: 0, Sum: 0, Workers: 4
[278.229s][debug][gc,phases      ] GC(20)   Weak JFR Old Object Samples    Min:  0.0, Avg:  0.0, Max:  0.0, Diff:  0.0, Sum:  0.0, Workers: 4
[278.229s][debug][gc,phases      ] GC(20)     Dead                           Min: 0, Avg:  0.0, Max: 0, Diff: 0, Sum: 0, Workers: 4
[278.229s][debug][gc,phases      ] GC(20)     Total                          Min: 0, Avg:  0.0, Max: 0, Diff: 0, Sum: 0, Workers: 4
[278.229s][debug][gc,phases      ] GC(20) Weak Processing 0.787ms
[278.229s][debug][gc,age         ] GC(20) Desired survivor size 416808960 bytes, new threshold 15 (max threshold 15)
[278.229s][info ][gc,heap        ] GC(20) PSYoungGen: 1555416K(1555968K)->268380K(1688576K) Eden: 1290063K(1290240K)->0K(1283072K) From: 265352K(265728K)->268380K(405504K)
[278.229s][info ][gc,heap        ] GC(20) ParOldGen: 17949K(40960K)->17957K(40960K)
[278.229s][info ][gc,metaspace   ] GC(20) Metaspace: 94144K(95424K)->94144K(95424K) NonClass: 80221K(80960K)->80221K(80960K) Class: 13922K(14464K)->13922K(14464K)
[278.229s][info ][gc             ] GC(20) Pause Young (Allocation Failure) 1536M->279M(1689M) 89.026ms
[278.229s][info ][gc,cpu         ] GC(20) User=0.28s Sys=0.00s Real=0.09s
[278.229s][info ][safepoint      ] Safepoint "ParallelGCFailedAllocation", Time since last: 933144465 ns, Reaching safepoint: 5201 ns, Cleanup: 13700 ns, At safepoint: 89103355 ns, Total: 89122256 ns
[279.229s][info ][safepoint      ] Safepoint "Cleanup", Time since last: 1000103307 ns, Reaching safepoint: 7600 ns, Cleanup: 10500 ns, At safepoint: 2700 ns, Total: 20800 ns
[280.229s][info ][safepoint      ] Safepoint "Cleanup", Time since last: 1000129007 ns, Reaching safepoint: 6500 ns, Cleanup: 6900 ns, At safepoint: 2900 ns, Total: 16300 ns
[282.229s][info ][safepoint      ] Safepoint "Cleanup", Time since last: 2000145913 ns, Reaching safepoint: 6101 ns, Cleanup: 9400 ns, At safepoint: 2300 ns, Total: 17801 ns
[285.230s][info ][safepoint      ] Safepoint "Cleanup", Time since last: 3000230220 ns, Reaching safepoint: 6400 ns, Cleanup: 11600 ns, At safepoint: 2400 ns, Total: 20400 ns
[286.230s][info ][safepoint      ] Safepoint "Cleanup", Time since last: 1000144724 ns, Reaching safepoint: 6700 ns, Cleanup: 9300 ns, At safepoint: 7100 ns, Total: 23100 ns
[288.230s][info ][safepoint      ] Safepoint "Cleanup", Time since last: 2000162348 ns, Reaching safepoint: 8400 ns, Cleanup: 10800 ns, At safepoint: 2900 ns, Total: 22100 ns
[289.230s][info ][safepoint      ] Safepoint "Cleanup", Time since last: 1000127024 ns, Reaching safepoint: 6900 ns, Cleanup: 20000 ns, At safepoint: 2600 ns, Total: 29500 ns
[290.230s][info ][safepoint      ] Safepoint "Cleanup", Time since last: 1000114024 ns, Reaching safepoint: 6800 ns, Cleanup: 9300 ns, At safepoint: 2500 ns, Total: 18600 ns
[292.230s][info ][safepoint      ] Safepoint "Cleanup", Time since last: 2000142348 ns, Reaching safepoint: 6200 ns, Cleanup: 8800 ns, At safepoint: 2600 ns, Total: 17600 ns
[293.230s][info ][safepoint      ] Safepoint "Cleanup", Time since last: 1000131124 ns, Reaching safepoint: 5900 ns, Cleanup: 13700 ns, At safepoint: 2900 ns, Total: 22500 ns
[294.231s][info ][safepoint      ] Safepoint "Cleanup", Time since last: 1000121829 ns, Reaching safepoint: 6800 ns, Cleanup: 12501 ns, At safepoint: 3100 ns, Total: 22401 ns
[297.231s][info ][safepoint      ] Safepoint "Cleanup", Time since last: 3000254556 ns, Reaching safepoint: 5600 ns, Cleanup: 9400 ns, At safepoint: 2500 ns, Total: 17500 ns
[298.231s][info ][safepoint      ] Safepoint "Cleanup", Time since last: 1000103136 ns, Reaching safepoint: 6100 ns, Cleanup: 11800 ns, At safepoint: 2500 ns, Total: 20400 ns
[302.230s][info ][safepoint      ] Safepoint "Cleanup", Time since last: 3999098205 ns, Reaching safepoint: 6400 ns, Cleanup: 7600 ns, At safepoint: 2300 ns, Total: 16300 ns
[307.231s][info ][safepoint      ] Safepoint "Cleanup", Time since last: 5000403757 ns, Reaching safepoint: 6700 ns, Cleanup: 9500 ns, At safepoint: 8900 ns, Total: 25100 ns
[309.231s][info ][safepoint      ] Safepoint "Cleanup", Time since last: 2000195824 ns, Reaching safepoint: 6800 ns, Cleanup: 19200 ns, At safepoint: 2700 ns, Total: 28700 ns
[310.231s][info ][safepoint      ] Safepoint "Cleanup", Time since last: 1000124985 ns, Reaching safepoint: 7401 ns, Cleanup: 19500 ns, At safepoint: 3300 ns, Total: 30201 ns
[311.231s][info ][safepoint      ] Safepoint "Cleanup", Time since last: 1000121079 ns, Reaching safepoint: 6700 ns, Cleanup: 32000 ns, At safepoint: 2600 ns, Total: 41300 ns
[315.329s][info ][safepoint      ] Safepoint "Cleanup", Time since last: 4098126674 ns, Reaching safepoint: 4000 ns, Cleanup: 17900 ns, At safepoint: 1900 ns, Total: 23800 ns
[316.331s][info ][safepoint      ] Safepoint "Cleanup", Time since last: 1001539986 ns, Reaching safepoint: 6300 ns, Cleanup: 68300 ns, At safepoint: 3300 ns, Total: 77900 ns
[318.331s][info ][safepoint      ] Safepoint "Cleanup", Time since last: 2000188473 ns, Reaching safepoint: 7400 ns, Cleanup: 13900 ns, At safepoint: 3300 ns, Total: 24600 ns
[319.331s][info ][safepoint      ] Safepoint "Cleanup", Time since last: 1000129106 ns, Reaching safepoint: 8000 ns, Cleanup: 24800 ns, At safepoint: 3500 ns, Total: 36300 ns
[320.331s][info ][safepoint      ] Safepoint "Cleanup", Time since last: 1000127406 ns, Reaching safepoint: 7100 ns, Cleanup: 8500 ns, At safepoint: 2400 ns, Total: 18000 ns
[321.332s][info ][safepoint      ] Safepoint "Cleanup", Time since last: 1000121506 ns, Reaching safepoint: 7200 ns, Cleanup: 41700 ns, At safepoint: 3000 ns, Total: 51900 ns
[322.332s][info ][safepoint      ] Safepoint "Cleanup", Time since last: 1000119006 ns, Reaching safepoint: 78601 ns, Cleanup: 24800 ns, At safepoint: 5900 ns, Total: 109301 ns
[323.332s][info ][safepoint      ] Safepoint "Cleanup", Time since last: 1000117506 ns, Reaching safepoint: 5900 ns, Cleanup: 15200 ns, At safepoint: 15100 ns, Total: 36200 ns
[324.332s][info ][safepoint      ] Safepoint "Cleanup", Time since last: 1000110906 ns, Reaching safepoint: 5600 ns, Cleanup: 7200 ns, At safepoint: 2300 ns, Total: 15100 ns
[325.332s][info ][safepoint      ] Safepoint "Cleanup", Time since last: 1000120321 ns, Reaching safepoint: 11000 ns, Cleanup: 9600 ns, At safepoint: 2900 ns, Total: 23500 ns
[328.332s][info ][safepoint      ] Safepoint "Cleanup", Time since last: 3000255411 ns, Reaching safepoint: 5000 ns, Cleanup: 8400 ns, At safepoint: 2300 ns, Total: 15700 ns
[329.333s][info ][safepoint      ] Safepoint "Cleanup", Time since last: 1000100837 ns, Reaching safepoint: 5701 ns, Cleanup: 9400 ns, At safepoint: 2700 ns, Total: 17801 ns
[331.333s][info ][safepoint      ] Safepoint "Cleanup", Time since last: 2000181174 ns, Reaching safepoint: 6100 ns, Cleanup: 10700 ns, At safepoint: 8500 ns, Total: 25300 ns
[333.333s][info ][safepoint      ] Safepoint "Cleanup", Time since last: 2000178616 ns, Reaching safepoint: 6000 ns, Cleanup: 7400 ns, At safepoint: 2600 ns, Total: 16000 ns
[334.333s][info ][safepoint      ] Safepoint "Cleanup", Time since last: 1000125743 ns, Reaching safepoint: 6500 ns, Cleanup: 7800 ns, At safepoint: 2500 ns, Total: 16800 ns
[335.615s][info ][gc,start       ] GC(21) Pause Young (Allocation Failure)
[335.700s][debug][gc,phases      ] GC(21) Scavenge 85.575ms
[335.700s][debug][gc,ref         ] GC(21) ReferenceProcessor::execute queues: 4, RefProcThreadModel::Multi, marks_oops_alive: false
[335.701s][debug][gc,ref         ] GC(21) Skipped KeepAliveFinalRefsPhase of Reference Processing: no references
[335.701s][debug][gc,ref         ] GC(21) ReferenceProcessor::execute queues: 1, RefProcThreadModel::Single, marks_oops_alive: false
[335.701s][debug][gc,phases      ] GC(21) Reference Processing 0.805ms
[335.702s][debug][gc,phases      ] GC(21)   VM Weak                        Min:  0.0, Avg:  0.0, Max:  0.0, Diff:  0.0, Sum:  0.0, Workers: 4
[335.702s][debug][gc,phases      ] GC(21)     Dead                           Min: 0, Avg:  0.0, Max: 0, Diff: 0, Sum: 0, Workers: 4
[335.702s][debug][gc,phases      ] GC(21)     Total                          Min: 0, Avg: 246.5, Max: 512, Diff: 512, Sum: 986, Workers: 4
[335.702s][debug][gc,phases      ] GC(21)   ObjectSynchronizer Weak        Min:  0.0, Avg:  0.0, Max:  0.0, Diff:  0.0, Sum:  0.0, Workers: 4
[335.702s][debug][gc,phases      ] GC(21)     Dead                           Min: 0, Avg:  0.0, Max: 0, Diff: 0, Sum: 0, Workers: 4
[335.702s][debug][gc,phases      ] GC(21)     Total                          Min: 0, Avg:  1.0, Max: 4, Diff: 4, Sum: 4, Workers: 4
[335.702s][debug][gc,phases      ] GC(21)   JVMTI Tag Weak OopStorage      Min:  0.0, Avg:  0.0, Max:  0.0, Diff:  0.0, Sum:  0.0, Workers: 4
[335.702s][debug][gc,phases      ] GC(21)     Dead                           Min: 0, Avg:  0.0, Max: 0, Diff: 0, Sum: 0, Workers: 4
[335.702s][debug][gc,phases      ] GC(21)     Total                          Min: 0, Avg:  0.0, Max: 0, Diff: 0, Sum: 0, Workers: 4
[335.702s][debug][gc,phases      ] GC(21)   StringTable Weak               Min:  0.0, Avg:  0.3, Max:  0.4, Diff:  0.4, Sum:  1.2, Workers: 4
[335.702s][debug][gc,phases      ] GC(21)     Dead                           Min: 0, Avg:  0.5, Max: 2, Diff: 2, Sum: 2, Workers: 4
[335.702s][debug][gc,phases      ] GC(21)     Total                          Min: 0, Avg: 11987.2, Max: 16448, Diff: 16448, Sum: 47949, Workers: 4
[335.702s][debug][gc,phases      ] GC(21)   ResolvedMethodTable Weak       Min:  0.0, Avg:  0.1, Max:  0.1, Diff:  0.1, Sum:  0.3, Workers: 4
[335.702s][debug][gc,phases      ] GC(21)     Dead                           Min: 0, Avg:  1.8, Max: 6, Diff: 6, Sum: 7, Workers: 4
[335.702s][debug][gc,phases      ] GC(21)     Total                          Min: 0, Avg: 3263.2, Max: 4434, Diff: 4434, Sum: 13053, Workers: 4
[335.702s][debug][gc,phases      ] GC(21)   JNI Weak                       Min:  0.0, Avg:  0.0, Max:  0.0, Diff:  0.0, Sum:  0.0, Workers: 4
[335.702s][debug][gc,phases      ] GC(21)     Dead                           Min: 0, Avg:  0.0, Max: 0, Diff: 0, Sum: 0, Workers: 4
[335.702s][debug][gc,phases      ] GC(21)     Total                          Min: 0, Avg: 12.0, Max: 48, Diff: 48, Sum: 48, Workers: 4
[335.702s][debug][gc,phases      ] GC(21)   StringDedup Table Weak         Min:  0.0, Avg:  0.0, Max:  0.0, Diff:  0.0, Sum:  0.0, Workers: 4
[335.702s][debug][gc,phases      ] GC(21)     Dead                           Min: 0, Avg:  0.0, Max: 0, Diff: 0, Sum: 0, Workers: 4
[335.702s][debug][gc,phases      ] GC(21)     Total                          Min: 0, Avg:  0.0, Max: 0, Diff: 0, Sum: 0, Workers: 4
[335.702s][debug][gc,phases      ] GC(21)   StringDedup Requests0 Weak     Min:  0.0, Avg:  0.0, Max:  0.0, Diff:  0.0, Sum:  0.0, Workers: 4
[335.702s][debug][gc,phases      ] GC(21)     Dead                           Min: 0, Avg:  0.0, Max: 0, Diff: 0, Sum: 0, Workers: 4
[335.702s][debug][gc,phases      ] GC(21)     Total                          Min: 0, Avg:  0.0, Max: 0, Diff: 0, Sum: 0, Workers: 4
[335.702s][debug][gc,phases      ] GC(21)   StringDedup Requests1 Weak     Min:  0.0, Avg:  0.0, Max:  0.0, Diff:  0.0, Sum:  0.0, Workers: 4
[335.702s][debug][gc,phases      ] GC(21)     Dead                           Min: 0, Avg:  0.0, Max: 0, Diff: 0, Sum: 0, Workers: 4
[335.702s][debug][gc,phases      ] GC(21)     Total                          Min: 0, Avg:  0.0, Max: 0, Diff: 0, Sum: 0, Workers: 4
[335.702s][debug][gc,phases      ] GC(21)   Weak JFR Old Object Samples    Min:  0.0, Avg:  0.0, Max:  0.0, Diff:  0.0, Sum:  0.0, Workers: 4
[335.702s][debug][gc,phases      ] GC(21)     Dead                           Min: 0, Avg:  0.0, Max: 0, Diff: 0, Sum: 0, Workers: 4
[335.702s][debug][gc,phases      ] GC(21)     Total                          Min: 0, Avg:  0.0, Max: 0, Diff: 0, Sum: 0, Workers: 4
[335.702s][debug][gc,phases      ] GC(21) Weak Processing 0.844ms
[335.702s][debug][gc,age         ] GC(21) Desired survivor size 405798912 bytes, new threshold 15 (max threshold 15)
[335.702s][info ][gc,heap        ] GC(21) PSYoungGen: 1551452K(1688576K)->240924K(1690112K) Eden: 1283072K(1283072K)->0K(1283072K) From: 268380K(405504K)->240924K(407040K)
[335.702s][info ][gc,heap        ] GC(21) ParOldGen: 17957K(40960K)->45520K(45568K)
[335.702s][info ][gc,metaspace   ] GC(21) Metaspace: 94478K(95872K)->94478K(95872K) NonClass: 80520K(81280K)->80520K(81280K) Class: 13958K(14592K)->13958K(14592K)
[335.702s][info ][gc             ] GC(21) Pause Young (Allocation Failure) 1532M->279M(1695M) 87.365ms
[335.702s][info ][gc,cpu         ] GC(21) User=0.28s Sys=0.01s Real=0.09s
[335.702s][debug][gc,phases      ] GC(22) Pre Compact 0.013ms
[335.702s][info ][gc,start       ] GC(22) Pause Full (Ergonomics)
[335.702s][info ][gc,phases,start] GC(22) Marking Phase
[335.808s][debug][gc,phases      ] GC(22) Par Mark 106.457ms
[335.809s][debug][gc,ref         ] GC(22) ReferenceProcessor::execute queues: 4, RefProcThreadModel::Multi, marks_oops_alive: false
[335.809s][debug][gc,ref         ] GC(22) ReferenceProcessor::execute queues: 4, RefProcThreadModel::Multi, marks_oops_alive: true
[335.810s][debug][gc,ref         ] GC(22) ReferenceProcessor::execute queues: 1, RefProcThreadModel::Single, marks_oops_alive: false
[335.810s][debug][gc,phases      ] GC(22) Reference Processing 0.992ms
[335.810s][debug][gc,phases      ] GC(22)   VM Weak                        Min:  0.0, Avg:  0.0, Max:  0.0, Diff:  0.0, Sum:  0.0, Workers: 4
[335.810s][debug][gc,phases      ] GC(22)     Dead                           Min: 0, Avg:  0.0, Max: 0, Diff: 0, Sum: 0, Workers: 4
[335.810s][debug][gc,phases      ] GC(22)     Total                          Min: 0, Avg: 246.5, Max: 512, Diff: 512, Sum: 986, Workers: 4
[335.810s][debug][gc,phases      ] GC(22)   ObjectSynchronizer Weak        Min:  0.0, Avg:  0.0, Max:  0.0, Diff:  0.0, Sum:  0.0, Workers: 4
[335.810s][debug][gc,phases      ] GC(22)     Dead                           Min: 0, Avg:  0.0, Max: 0, Diff: 0, Sum: 0, Workers: 4
[335.810s][debug][gc,phases      ] GC(22)     Total                          Min: 0, Avg:  1.0, Max: 4, Diff: 4, Sum: 4, Workers: 4
[335.810s][debug][gc,phases      ] GC(22)   JVMTI Tag Weak OopStorage      Min:  0.0, Avg:  0.0, Max:  0.0, Diff:  0.0, Sum:  0.0, Workers: 4
[335.810s][debug][gc,phases      ] GC(22)     Dead                           Min: 0, Avg:  0.0, Max: 0, Diff: 0, Sum: 0, Workers: 4
[335.810s][debug][gc,phases      ] GC(22)     Total                          Min: 0, Avg:  0.0, Max: 0, Diff: 0, Sum: 0, Workers: 4
[335.810s][debug][gc,phases      ] GC(22)   StringTable Weak               Min:  0.0, Avg:  0.2, Max:  0.2, Diff:  0.2, Sum:  0.7, Workers: 4
[335.810s][debug][gc,phases      ] GC(22)     Dead                           Min: 0, Avg:  0.0, Max: 0, Diff: 0, Sum: 0, Workers: 4
[335.810s][debug][gc,phases      ] GC(22)     Total                          Min: 0, Avg: 11987.2, Max: 16526, Diff: 16526, Sum: 47949, Workers: 4
[335.810s][debug][gc,phases      ] GC(22)   ResolvedMethodTable Weak       Min:  0.0, Avg:  0.0, Max:  0.1, Diff:  0.1, Sum:  0.2, Workers: 4
[335.810s][debug][gc,phases      ] GC(22)     Dead                           Min: 0, Avg:  0.0, Max: 0, Diff: 0, Sum: 0, Workers: 4
[335.810s][debug][gc,phases      ] GC(22)     Total                          Min: 0, Avg: 3263.2, Max: 4535, Diff: 4535, Sum: 13053, Workers: 4
[335.810s][debug][gc,phases      ] GC(22)   JNI Weak                       Min:  0.0, Avg:  0.0, Max:  0.0, Diff:  0.0, Sum:  0.0, Workers: 4
[335.810s][debug][gc,phases      ] GC(22)     Dead                           Min: 0, Avg:  0.0, Max: 0, Diff: 0, Sum: 0, Workers: 4
[335.810s][debug][gc,phases      ] GC(22)     Total                          Min: 0, Avg: 12.0, Max: 48, Diff: 48, Sum: 48, Workers: 4
[335.810s][debug][gc,phases      ] GC(22)   StringDedup Table Weak         Min:  0.0, Avg:  0.0, Max:  0.0, Diff:  0.0, Sum:  0.0, Workers: 4
[335.810s][debug][gc,phases      ] GC(22)     Dead                           Min: 0, Avg:  0.0, Max: 0, Diff: 0, Sum: 0, Workers: 4
[335.810s][debug][gc,phases      ] GC(22)     Total                          Min: 0, Avg:  0.0, Max: 0, Diff: 0, Sum: 0, Workers: 4
[335.810s][debug][gc,phases      ] GC(22)   StringDedup Requests0 Weak     Min:  0.0, Avg:  0.0, Max:  0.0, Diff:  0.0, Sum:  0.0, Workers: 4
[335.810s][debug][gc,phases      ] GC(22)     Dead                           Min: 0, Avg:  0.0, Max: 0, Diff: 0, Sum: 0, Workers: 4
[335.810s][debug][gc,phases      ] GC(22)     Total                          Min: 0, Avg:  0.0, Max: 0, Diff: 0, Sum: 0, Workers: 4
[335.810s][debug][gc,phases      ] GC(22)   StringDedup Requests1 Weak     Min:  0.0, Avg:  0.0, Max:  0.0, Diff:  0.0, Sum:  0.0, Workers: 4
[335.810s][debug][gc,phases      ] GC(22)     Dead                           Min: 0, Avg:  0.0, Max: 0, Diff: 0, Sum: 0, Workers: 4
[335.810s][debug][gc,phases      ] GC(22)     Total                          Min: 0, Avg:  0.0, Max: 0, Diff: 0, Sum: 0, Workers: 4
[335.810s][debug][gc,phases      ] GC(22)   Weak JFR Old Object Samples    Min:  0.0, Avg:  0.0, Max:  0.0, Diff:  0.0, Sum:  0.0, Workers: 4
[335.810s][debug][gc,phases      ] GC(22)     Dead                           Min: 0, Avg:  0.0, Max: 0, Diff: 0, Sum: 0, Workers: 4
[335.810s][debug][gc,phases      ] GC(22)     Total                          Min: 0, Avg:  0.0, Max: 0, Diff: 0, Sum: 0, Workers: 4
[335.810s][debug][gc,phases      ] GC(22) Weak Processing 0.608ms
[335.810s][debug][gc,phases      ] GC(22) ClassLoaderData 0.116ms
[335.810s][debug][gc,phases      ] GC(22) Trigger cleanups 0.000ms
[335.850s][debug][gc,phases      ] GC(22) Class Unloading 40.305ms
[335.850s][debug][gc,phases      ] GC(22) Report Object Count 0.002ms
[335.851s][info ][gc,phases      ] GC(22) Marking Phase 148.494ms
[335.851s][info ][gc,phases,start] GC(22) Summary Phase
[335.851s][info ][gc,phases      ] GC(22) Summary Phase 0.012ms
[335.851s][info ][gc,phases,start] GC(22) Adjust Roots
[335.871s][info ][gc,phases      ] GC(22) Adjust Roots 20.828ms
[335.871s][info ][gc,phases,start] GC(22) Compaction Phase
[336.316s][info ][gc,phases      ] GC(22) Compaction Phase 444.408ms
[336.316s][info ][gc,phases,start] GC(22) Post Compact
[336.319s][info ][gc,phases      ] GC(22) Post Compact 3.452ms
[336.319s][info ][gc,heap        ] GC(22) PSYoungGen: 240924K(1690112K)->232875K(1690112K) Eden: 0K(1283072K)->0K(1283072K) From: 240924K(407040K)->232875K(407040K)
[336.319s][info ][gc,heap        ] GC(22) ParOldGen: 45520K(45568K)->45525K(88064K)
[336.319s][info ][gc,metaspace   ] GC(22) Metaspace: 94478K(95872K)->94478K(95872K) NonClass: 80520K(81280K)->80520K(81280K) Class: 13958K(14592K)->13958K(14592K)
[336.319s][info ][gc             ] GC(22) Pause Full (Ergonomics) 279M->271M(1736M) 617.443ms
[336.319s][info ][gc,cpu         ] GC(22) User=1.41s Sys=0.01s Real=0.62s
[336.322s][info ][safepoint      ] Safepoint "ParallelGCFailedAllocation", Time since last: 1281391596 ns, Reaching safepoint: 5700 ns, Cleanup: 3000 ns, At safepoint: 707134247 ns, Total: 707142947 ns
[337.322s][info ][safepoint      ] Safepoint "Cleanup", Time since last: 1000102243 ns, Reaching safepoint: 6300 ns, Cleanup: 22900 ns, At safepoint: 3200 ns, Total: 32400 ns
[338.322s][info ][safepoint      ] Safepoint "Cleanup", Time since last: 1000157143 ns, Reaching safepoint: 6700 ns, Cleanup: 9000 ns, At safepoint: 2600 ns, Total: 18300 ns
[340.322s][info ][safepoint      ] Safepoint "Cleanup", Time since last: 2000190666 ns, Reaching safepoint: 6900 ns, Cleanup: 9800 ns, At safepoint: 2600 ns, Total: 19300 ns
[341.322s][info ][safepoint      ] Safepoint "Cleanup", Time since last: 1000111173 ns, Reaching safepoint: 7300 ns, Cleanup: 9300 ns, At safepoint: 2300 ns, Total: 18900 ns
[345.323s][info ][safepoint      ] Safepoint "Cleanup", Time since last: 4000344724 ns, Reaching safepoint: 7300 ns, Cleanup: 12500 ns, At safepoint: 2800 ns, Total: 22600 ns
[347.323s][info ][safepoint      ] Safepoint "Cleanup", Time since last: 2000191212 ns, Reaching safepoint: 6600 ns, Cleanup: 7800 ns, At safepoint: 2100 ns, Total: 16500 ns
[349.323s][info ][safepoint      ] Safepoint "Cleanup", Time since last: 2000175213 ns, Reaching safepoint: 6801 ns, Cleanup: 107200 ns, At safepoint: 6500 ns, Total: 120501 ns
[350.323s][info ][safepoint      ] Safepoint "Cleanup", Time since last: 1000106421 ns, Reaching safepoint: 6500 ns, Cleanup: 54700 ns, At safepoint: 2100 ns, Total: 63300 ns
[351.324s][info ][safepoint      ] Safepoint "Cleanup", Time since last: 1000111021 ns, Reaching safepoint: 8200 ns, Cleanup: 27100 ns, At safepoint: 6700 ns, Total: 42000 ns
[352.324s][info ][safepoint      ] Safepoint "Cleanup", Time since last: 1000117921 ns, Reaching safepoint: 6800 ns, Cleanup: 12300 ns, At safepoint: 2800 ns, Total: 21900 ns
[354.324s][info ][safepoint      ] Safepoint "Cleanup", Time since last: 2000185842 ns, Reaching safepoint: 7000 ns, Cleanup: 15500 ns, At safepoint: 2600 ns, Total: 25100 ns
[356.324s][info ][safepoint      ] Safepoint "Cleanup", Time since last: 2000200142 ns, Reaching safepoint: 7600 ns, Cleanup: 12500 ns, At safepoint: 2800 ns, Total: 22900 ns
[357.324s][info ][safepoint      ] Safepoint "Cleanup", Time since last: 1000114417 ns, Reaching safepoint: 6700 ns, Cleanup: 10600 ns, At safepoint: 2000 ns, Total: 19300 ns
[359.324s][info ][safepoint      ] Safepoint "Cleanup", Time since last: 2000184072 ns, Reaching safepoint: 7700 ns, Cleanup: 10000 ns, At safepoint: 9700 ns, Total: 27400 ns
[361.246s][info ][safepoint      ] Safepoint "Cleanup", Time since last: 1921952205 ns, Reaching safepoint: 7700 ns, Cleanup: 16000 ns, At safepoint: 2900 ns, Total: 26600 ns
[362.247s][info ][safepoint      ] Safepoint "Cleanup", Time since last: 1000115486 ns, Reaching safepoint: 6200 ns, Cleanup: 15900 ns, At safepoint: 2100 ns, Total: 24200 ns
[363.247s][info ][safepoint      ] Safepoint "Cleanup", Time since last: 1000120086 ns, Reaching safepoint: 7700 ns, Cleanup: 9500 ns, At safepoint: 2600 ns, Total: 19800 ns
[367.247s][info ][safepoint      ] Safepoint "Cleanup", Time since last: 4000299067 ns, Reaching safepoint: 7500 ns, Cleanup: 9600 ns, At safepoint: 2700 ns, Total: 19800 ns
[368.247s][info ][safepoint      ] Safepoint "Cleanup", Time since last: 1000128346 ns, Reaching safepoint: 7200 ns, Cleanup: 9000 ns, At safepoint: 2100 ns, Total: 18300 ns
[369.247s][info ][safepoint      ] Safepoint "Cleanup", Time since last: 1000122247 ns, Reaching safepoint: 6500 ns, Cleanup: 9600 ns, At safepoint: 2700 ns, Total: 18800 ns
[371.248s][info ][safepoint      ] Safepoint "Cleanup", Time since last: 2000178693 ns, Reaching safepoint: 7800 ns, Cleanup: 9100 ns, At safepoint: 2800 ns, Total: 19700 ns
[375.248s][info ][safepoint      ] Safepoint "Cleanup", Time since last: 4000339037 ns, Reaching safepoint: 7700 ns, Cleanup: 21500 ns, At safepoint: 3200 ns, Total: 32400 ns
[377.248s][info ][safepoint      ] Safepoint "Cleanup", Time since last: 2000208824 ns, Reaching safepoint: 85001 ns, Cleanup: 17400 ns, At safepoint: 6700 ns, Total: 109101 ns
[378.248s][info ][safepoint      ] Safepoint "Cleanup", Time since last: 1000127562 ns, Reaching safepoint: 7800 ns, Cleanup: 13900 ns, At safepoint: 3100 ns, Total: 24800 ns
[380.249s][info ][safepoint      ] Safepoint "Cleanup", Time since last: 2000196025 ns, Reaching safepoint: 8000 ns, Cleanup: 11400 ns, At safepoint: 2800 ns, Total: 22200 ns
[386.249s][info ][safepoint      ] Safepoint "Cleanup", Time since last: 6000501770 ns, Reaching safepoint: 8100 ns, Cleanup: 10100 ns, At safepoint: 5500 ns, Total: 23700 ns
[387.249s][info ][safepoint      ] Safepoint "Cleanup", Time since last: 1000115796 ns, Reaching safepoint: 8000 ns, Cleanup: 48600 ns, At safepoint: 8200 ns, Total: 64800 ns
[388.249s][info ][safepoint      ] Safepoint "Cleanup", Time since last: 1000128580 ns, Reaching safepoint: 7800 ns, Cleanup: 17400 ns, At safepoint: 3200 ns, Total: 28400 ns
[389.250s][info ][safepoint      ] Safepoint "Cleanup", Time since last: 1000124774 ns, Reaching safepoint: 20200 ns, Cleanup: 41700 ns, At safepoint: 7100 ns, Total: 69000 ns
[391.250s][info ][safepoint      ] Safepoint "Cleanup", Time since last: 2000228123 ns, Reaching safepoint: 7300 ns, Cleanup: 9700 ns, At safepoint: 2900 ns, Total: 19900 ns
[393.250s][info ][safepoint      ] Safepoint "Cleanup", Time since last: 2000182822 ns, Reaching safepoint: 7200 ns, Cleanup: 8900 ns, At safepoint: 2700 ns, Total: 18800 ns
[396.250s][info ][safepoint      ] Safepoint "Cleanup", Time since last: 3000248582 ns, Reaching safepoint: 6900 ns, Cleanup: 9200 ns, At safepoint: 2300 ns, Total: 18400 ns
[398.251s][info ][safepoint      ] Safepoint "Cleanup", Time since last: 2000184432 ns, Reaching safepoint: 7600 ns, Cleanup: 12100 ns, At safepoint: 2500 ns, Total: 22200 ns
[403.251s][info ][safepoint      ] Safepoint "Cleanup", Time since last: 5000414357 ns, Reaching safepoint: 7100 ns, Cleanup: 9900 ns, At safepoint: 2700 ns, Total: 19700 ns
[407.251s][info ][safepoint      ] Safepoint "Cleanup", Time since last: 4000333841 ns, Reaching safepoint: 7000 ns, Cleanup: 9400 ns, At safepoint: 2300 ns, Total: 18700 ns
[407.856s][info ][gc,start       ] GC(23) Pause Young (Allocation Failure)
[407.952s][debug][gc,phases      ] GC(23) Scavenge 95.661ms
[407.952s][debug][gc,ref         ] GC(23) ReferenceProcessor::execute queues: 4, RefProcThreadModel::Multi, marks_oops_alive: false
[407.952s][debug][gc,ref         ] GC(23) Skipped KeepAliveFinalRefsPhase of Reference Processing: no references
[407.952s][debug][gc,ref         ] GC(23) ReferenceProcessor::execute queues: 1, RefProcThreadModel::Single, marks_oops_alive: false
[407.952s][debug][gc,phases      ] GC(23) Reference Processing 0.596ms
[407.953s][debug][gc,phases      ] GC(23)   VM Weak                        Min:  0.0, Avg:  0.0, Max:  0.0, Diff:  0.0, Sum:  0.0, Workers: 4
[407.953s][debug][gc,phases      ] GC(23)     Dead                           Min: 0, Avg:  0.0, Max: 0, Diff: 0, Sum: 0, Workers: 4
[407.953s][debug][gc,phases      ] GC(23)     Total                          Min: 0, Avg: 246.8, Max: 603, Diff: 603, Sum: 987, Workers: 4
[407.953s][debug][gc,phases      ] GC(23)   ObjectSynchronizer Weak        Min:  0.0, Avg:  0.0, Max:  0.0, Diff:  0.0, Sum:  0.0, Workers: 4
[407.953s][debug][gc,phases      ] GC(23)     Dead                           Min: 0, Avg:  0.0, Max: 0, Diff: 0, Sum: 0, Workers: 4
[407.953s][debug][gc,phases      ] GC(23)     Total                          Min: 0, Avg:  0.8, Max: 3, Diff: 3, Sum: 3, Workers: 4
[407.953s][debug][gc,phases      ] GC(23)   JVMTI Tag Weak OopStorage      Min:  0.0, Avg:  0.0, Max:  0.0, Diff:  0.0, Sum:  0.0, Workers: 4
[407.953s][debug][gc,phases      ] GC(23)     Dead                           Min: 0, Avg:  0.0, Max: 0, Diff: 0, Sum: 0, Workers: 4
[407.953s][debug][gc,phases      ] GC(23)     Total                          Min: 0, Avg:  0.0, Max: 0, Diff: 0, Sum: 0, Workers: 4
[407.953s][debug][gc,phases      ] GC(23)   StringTable Weak               Min:  0.0, Avg:  0.2, Max:  0.4, Diff:  0.4, Sum:  0.9, Workers: 4
[407.953s][debug][gc,phases      ] GC(23)     Dead                           Min: 0, Avg:  0.0, Max: 0, Diff: 0, Sum: 0, Workers: 4
[407.953s][debug][gc,phases      ] GC(23)     Total                          Min: 0, Avg: 11994.2, Max: 29312, Diff: 29312, Sum: 47977, Workers: 4
[407.953s][debug][gc,phases      ] GC(23)   ResolvedMethodTable Weak       Min:  0.0, Avg:  0.1, Max:  0.1, Diff:  0.1, Sum:  0.3, Workers: 4
[407.953s][debug][gc,phases      ] GC(23)     Dead                           Min: 0, Avg:  1.0, Max: 4, Diff: 4, Sum: 4, Workers: 4
[407.953s][debug][gc,phases      ] GC(23)     Total                          Min: 0, Avg: 3266.8, Max: 8005, Diff: 8005, Sum: 13067, Workers: 4
[407.953s][debug][gc,phases      ] GC(23)   JNI Weak                       Min:  0.0, Avg:  0.0, Max:  0.0, Diff:  0.0, Sum:  0.0, Workers: 4
[407.953s][debug][gc,phases      ] GC(23)     Dead                           Min: 0, Avg:  0.0, Max: 0, Diff: 0, Sum: 0, Workers: 4
[407.953s][debug][gc,phases      ] GC(23)     Total                          Min: 0, Avg: 12.0, Max: 48, Diff: 48, Sum: 48, Workers: 4
[407.953s][debug][gc,phases      ] GC(23)   StringDedup Table Weak         Min:  0.0, Avg:  0.0, Max:  0.0, Diff:  0.0, Sum:  0.0, Workers: 4
[407.953s][debug][gc,phases      ] GC(23)     Dead                           Min: 0, Avg:  0.0, Max: 0, Diff: 0, Sum: 0, Workers: 4
[407.953s][debug][gc,phases      ] GC(23)     Total                          Min: 0, Avg:  0.0, Max: 0, Diff: 0, Sum: 0, Workers: 4
[407.953s][debug][gc,phases      ] GC(23)   StringDedup Requests0 Weak     Min:  0.0, Avg:  0.0, Max:  0.0, Diff:  0.0, Sum:  0.0, Workers: 4
[407.953s][debug][gc,phases      ] GC(23)     Dead                           Min: 0, Avg:  0.0, Max: 0, Diff: 0, Sum: 0, Workers: 4
[407.953s][debug][gc,phases      ] GC(23)     Total                          Min: 0, Avg:  0.0, Max: 0, Diff: 0, Sum: 0, Workers: 4
[407.953s][debug][gc,phases      ] GC(23)   StringDedup Requests1 Weak     Min:  0.0, Avg:  0.0, Max:  0.0, Diff:  0.0, Sum:  0.0, Workers: 4
[407.953s][debug][gc,phases      ] GC(23)     Dead                           Min: 0, Avg:  0.0, Max: 0, Diff: 0, Sum: 0, Workers: 4
[407.953s][debug][gc,phases      ] GC(23)     Total                          Min: 0, Avg:  0.0, Max: 0, Diff: 0, Sum: 0, Workers: 4
[407.953s][debug][gc,phases      ] GC(23)   Weak JFR Old Object Samples    Min:  0.0, Avg:  0.0, Max:  0.0, Diff:  0.0, Sum:  0.0, Workers: 4
[407.953s][debug][gc,phases      ] GC(23)     Dead                           Min: 0, Avg:  0.0, Max: 0, Diff: 0, Sum: 0, Workers: 4
[407.953s][debug][gc,phases      ] GC(23)     Total                          Min: 0, Avg:  0.0, Max: 0, Diff: 0, Sum: 0, Workers: 4
[407.953s][debug][gc,phases      ] GC(23) Weak Processing 0.800ms
[407.953s][debug][gc,age         ] GC(23) Desired survivor size 392691712 bytes, new threshold 15 (max threshold 15)
[407.953s][info ][gc,heap        ] GC(23) PSYoungGen: 1515947K(1690112K)->193776K(1713664K) Eden: 1283072K(1283072K)->0K(1317376K) From: 232875K(407040K)->193776K(396288K)
[407.953s][info ][gc,heap        ] GC(23) ParOldGen: 45525K(88064K)->86833K(88064K)
[407.953s][info ][gc,metaspace   ] GC(23) Metaspace: 94568K(95936K)->94568K(95936K) NonClass: 80606K(81344K)->80606K(81344K) Class: 13962K(14592K)->13962K(14592K)
[407.953s][info ][gc             ] GC(23) Pause Young (Allocation Failure) 1524M->274M(1759M) 97.194ms
[407.953s][info ][gc,cpu         ] GC(23) User=0.29s Sys=0.00s Real=0.10s
[407.953s][debug][gc,phases      ] GC(24) Pre Compact 0.009ms
[407.953s][info ][gc,start       ] GC(24) Pause Full (Ergonomics)
[407.953s][info ][gc,phases,start] GC(24) Marking Phase
[408.058s][debug][gc,phases      ] GC(24) Par Mark 105.160ms
[408.059s][debug][gc,ref         ] GC(24) ReferenceProcessor::execute queues: 4, RefProcThreadModel::Multi, marks_oops_alive: false
[408.059s][debug][gc,ref         ] GC(24) Skipped KeepAliveFinalRefsPhase of Reference Processing: no references
[408.059s][debug][gc,ref         ] GC(24) ReferenceProcessor::execute queues: 1, RefProcThreadModel::Single, marks_oops_alive: false
[408.059s][debug][gc,phases      ] GC(24) Reference Processing 0.515ms
[408.059s][debug][gc,phases      ] GC(24)   VM Weak                        Min:  0.0, Avg:  0.0, Max:  0.0, Diff:  0.0, Sum:  0.0, Workers: 4
[408.059s][debug][gc,phases      ] GC(24)     Dead                           Min: 0, Avg:  0.0, Max: 0, Diff: 0, Sum: 0, Workers: 4
[408.059s][debug][gc,phases      ] GC(24)     Total                          Min: 0, Avg: 246.8, Max: 448, Diff: 448, Sum: 987, Workers: 4
[408.059s][debug][gc,phases      ] GC(24)   ObjectSynchronizer Weak        Min:  0.0, Avg:  0.0, Max:  0.0, Diff:  0.0, Sum:  0.0, Workers: 4
[408.059s][debug][gc,phases      ] GC(24)     Dead                           Min: 0, Avg:  0.0, Max: 0, Diff: 0, Sum: 0, Workers: 4
[408.059s][debug][gc,phases      ] GC(24)     Total                          Min: 0, Avg:  0.8, Max: 3, Diff: 3, Sum: 3, Workers: 4
[408.059s][debug][gc,phases      ] GC(24)   JVMTI Tag Weak OopStorage      Min:  0.0, Avg:  0.0, Max:  0.0, Diff:  0.0, Sum:  0.0, Workers: 4
[408.059s][debug][gc,phases      ] GC(24)     Dead                           Min: 0, Avg:  0.0, Max: 0, Diff: 0, Sum: 0, Workers: 4
[408.059s][debug][gc,phases      ] GC(24)     Total                          Min: 0, Avg:  0.0, Max: 0, Diff: 0, Sum: 0, Workers: 4
[408.059s][debug][gc,phases      ] GC(24)   StringTable Weak               Min:  0.0, Avg:  0.2, Max:  0.2, Diff:  0.2, Sum:  0.7, Workers: 4
[408.059s][debug][gc,phases      ] GC(24)     Dead                           Min: 0, Avg:  0.0, Max: 0, Diff: 0, Sum: 0, Workers: 4
[408.059s][debug][gc,phases      ] GC(24)     Total                          Min: 0, Avg: 11994.2, Max: 16298, Diff: 16298, Sum: 47977, Workers: 4
[408.059s][debug][gc,phases      ] GC(24)   ResolvedMethodTable Weak       Min:  0.0, Avg:  0.0, Max:  0.1, Diff:  0.1, Sum:  0.2, Workers: 4
[408.059s][debug][gc,phases      ] GC(24)     Dead                           Min: 0, Avg:  0.0, Max: 0, Diff: 0, Sum: 0, Workers: 4
[408.059s][debug][gc,phases      ] GC(24)     Total                          Min: 0, Avg: 3266.8, Max: 4403, Diff: 4403, Sum: 13067, Workers: 4
[408.059s][debug][gc,phases      ] GC(24)   JNI Weak                       Min:  0.0, Avg:  0.0, Max:  0.0, Diff:  0.0, Sum:  0.0, Workers: 4
[408.059s][debug][gc,phases      ] GC(24)     Dead                           Min: 0, Avg:  0.0, Max: 0, Diff: 0, Sum: 0, Workers: 4
[408.059s][debug][gc,phases      ] GC(24)     Total                          Min: 0, Avg: 12.0, Max: 48, Diff: 48, Sum: 48, Workers: 4
[408.059s][debug][gc,phases      ] GC(24)   StringDedup Table Weak         Min:  0.0, Avg:  0.0, Max:  0.0, Diff:  0.0, Sum:  0.0, Workers: 4
[408.059s][debug][gc,phases      ] GC(24)     Dead                           Min: 0, Avg:  0.0, Max: 0, Diff: 0, Sum: 0, Workers: 4
[408.059s][debug][gc,phases      ] GC(24)     Total                          Min: 0, Avg:  0.0, Max: 0, Diff: 0, Sum: 0, Workers: 4
[408.059s][debug][gc,phases      ] GC(24)   StringDedup Requests0 Weak     Min:  0.0, Avg:  0.0, Max:  0.0, Diff:  0.0, Sum:  0.0, Workers: 4
[408.059s][debug][gc,phases      ] GC(24)     Dead                           Min: 0, Avg:  0.0, Max: 0, Diff: 0, Sum: 0, Workers: 4
[408.059s][debug][gc,phases      ] GC(24)     Total                          Min: 0, Avg:  0.0, Max: 0, Diff: 0, Sum: 0, Workers: 4
[408.059s][debug][gc,phases      ] GC(24)   StringDedup Requests1 Weak     Min:  0.0, Avg:  0.0, Max:  0.0, Diff:  0.0, Sum:  0.0, Workers: 4
[408.059s][debug][gc,phases      ] GC(24)     Dead                           Min: 0, Avg:  0.0, Max: 0, Diff: 0, Sum: 0, Workers: 4
[408.059s][debug][gc,phases      ] GC(24)     Total                          Min: 0, Avg:  0.0, Max: 0, Diff: 0, Sum: 0, Workers: 4
[408.059s][debug][gc,phases      ] GC(24)   Weak JFR Old Object Samples    Min:  0.0, Avg:  0.0, Max:  0.0, Diff:  0.0, Sum:  0.0, Workers: 4
[408.059s][debug][gc,phases      ] GC(24)     Dead                           Min: 0, Avg:  0.0, Max: 0, Diff: 0, Sum: 0, Workers: 4
[408.059s][debug][gc,phases      ] GC(24)     Total                          Min: 0, Avg:  0.0, Max: 0, Diff: 0, Sum: 0, Workers: 4
[408.059s][debug][gc,phases      ] GC(24) Weak Processing 0.485ms
[408.059s][debug][gc,phases      ] GC(24) ClassLoaderData 0.117ms
[408.059s][debug][gc,phases      ] GC(24) Trigger cleanups 0.000ms
[408.107s][debug][gc,phases      ] GC(24) Class Unloading 47.711ms
[408.107s][debug][gc,phases      ] GC(24) Report Object Count 0.002ms
[408.107s][info ][gc,phases      ] GC(24) Marking Phase 153.976ms
[408.107s][info ][gc,phases,start] GC(24) Summary Phase
[408.107s][info ][gc,phases      ] GC(24) Summary Phase 0.010ms
[408.107s][info ][gc,phases,start] GC(24) Adjust Roots
[408.124s][info ][gc,phases      ] GC(24) Adjust Roots 16.936ms
[408.124s][info ][gc,phases,start] GC(24) Compaction Phase
[408.409s][info ][gc,phases      ] GC(24) Compaction Phase 284.912ms
[408.409s][info ][gc,phases,start] GC(24) Post Compact
[408.412s][info ][gc,phases      ] GC(24) Post Compact 2.627ms
[408.412s][info ][gc,heap        ] GC(24) PSYoungGen: 193776K(1713664K)->190639K(1713664K) Eden: 0K(1317376K)->0K(1317376K) From: 193776K(396288K)->190639K(396288K)
[408.412s][info ][gc,heap        ] GC(24) ParOldGen: 86833K(88064K)->87623K(158720K)
[408.412s][info ][gc,metaspace   ] GC(24) Metaspace: 94568K(95936K)->94568K(95936K) NonClass: 80606K(81344K)->80606K(81344K) Class: 13962K(14592K)->13962K(14592K)
[408.412s][info ][gc             ] GC(24) Pause Full (Ergonomics) 274M->271M(1828M) 458.771ms
[408.412s][info ][gc,cpu         ] GC(24) User=1.19s Sys=0.00s Real=0.46s
[408.412s][info ][safepoint      ] Safepoint "ParallelGCFailedAllocation", Time since last: 604523518 ns, Reaching safepoint: 6200 ns, Cleanup: 3200 ns, At safepoint: 556087200 ns, Total: 556096600 ns
[412.412s][info ][safepoint      ] Safepoint "Cleanup", Time since last: 4000296582 ns, Reaching safepoint: 6200 ns, Cleanup: 75301 ns, At safepoint: 3100 ns, Total: 84601 ns
[413.412s][info ][safepoint      ] Safepoint "Cleanup", Time since last: 1000093576 ns, Reaching safepoint: 6100 ns, Cleanup: 13400 ns, At safepoint: 2500 ns, Total: 22000 ns
[415.413s][info ][safepoint      ] Safepoint "Cleanup", Time since last: 2000194226 ns, Reaching safepoint: 6700 ns, Cleanup: 13400 ns, At safepoint: 7000 ns, Total: 27100 ns
[416.413s][info ][safepoint      ] Safepoint "Cleanup", Time since last: 1000112763 ns, Reaching safepoint: 6100 ns, Cleanup: 7700 ns, At safepoint: 2700 ns, Total: 16500 ns
[417.413s][info ][safepoint      ] Safepoint "Cleanup", Time since last: 1000116063 ns, Reaching safepoint: 6600 ns, Cleanup: 14000 ns, At safepoint: 8600 ns, Total: 29200 ns
[419.413s][info ][safepoint      ] Safepoint "Cleanup", Time since last: 2000187326 ns, Reaching safepoint: 6400 ns, Cleanup: 12500 ns, At safepoint: 2500 ns, Total: 21400 ns
[421.263s][info ][safepoint      ] Safepoint "Cleanup", Time since last: 1850156403 ns, Reaching safepoint: 7400 ns, Cleanup: 8600 ns, At safepoint: 2200 ns, Total: 18200 ns
[422.263s][info ][safepoint      ] Safepoint "Cleanup", Time since last: 1000112752 ns, Reaching safepoint: 6100 ns, Cleanup: 9300 ns, At safepoint: 2700 ns, Total: 18100 ns
[423.264s][info ][safepoint      ] Safepoint "Cleanup", Time since last: 1000109654 ns, Reaching safepoint: 5900 ns, Cleanup: 12100 ns, At safepoint: 2300 ns, Total: 20300 ns
[424.264s][info ][safepoint      ] Safepoint "Cleanup", Time since last: 1000113354 ns, Reaching safepoint: 6800 ns, Cleanup: 9100 ns, At safepoint: 3000 ns, Total: 18900 ns
[425.264s][info ][safepoint      ] Safepoint "Cleanup", Time since last: 1000110253 ns, Reaching safepoint: 6000 ns, Cleanup: 7901 ns, At safepoint: 2500 ns, Total: 16401 ns
[426.264s][info ][safepoint      ] Safepoint "Cleanup", Time since last: 1000115753 ns, Reaching safepoint: 6500 ns, Cleanup: 35201 ns, At safepoint: 3000 ns, Total: 44701 ns
[428.264s][info ][safepoint      ] Safepoint "Cleanup", Time since last: 2000188007 ns, Reaching safepoint: 6500 ns, Cleanup: 15700 ns, At safepoint: 2600 ns, Total: 24800 ns
[429.264s][info ][safepoint      ] Safepoint "Cleanup", Time since last: 1000121054 ns, Reaching safepoint: 6400 ns, Cleanup: 9300 ns, At safepoint: 4400 ns, Total: 20100 ns
[430.264s][info ][safepoint      ] Safepoint "Cleanup", Time since last: 1000118313 ns, Reaching safepoint: 6900 ns, Cleanup: 10100 ns, At safepoint: 2900 ns, Total: 19900 ns
[432.265s][info ][safepoint      ] Safepoint "Cleanup", Time since last: 2000158191 ns, Reaching safepoint: 6000 ns, Cleanup: 12301 ns, At safepoint: 2200 ns, Total: 20501 ns
[433.265s][info ][safepoint      ] Safepoint "Cleanup", Time since last: 1000109595 ns, Reaching safepoint: 6200 ns, Cleanup: 8701 ns, At safepoint: 2400 ns, Total: 17301 ns
[434.265s][info ][safepoint      ] Safepoint "Cleanup", Time since last: 1000107595 ns, Reaching safepoint: 6600 ns, Cleanup: 9200 ns, At safepoint: 2700 ns, Total: 18500 ns
[435.265s][info ][safepoint      ] Safepoint "Cleanup", Time since last: 1000105296 ns, Reaching safepoint: 6600 ns, Cleanup: 8100 ns, At safepoint: 2400 ns, Total: 17100 ns
[439.265s][info ][safepoint      ] Safepoint "Cleanup", Time since last: 4000314617 ns, Reaching safepoint: 6800 ns, Cleanup: 8700 ns, At safepoint: 2600 ns, Total: 18100 ns
[443.266s][info ][safepoint      ] Safepoint "Cleanup", Time since last: 4000337805 ns, Reaching safepoint: 6000 ns, Cleanup: 9700 ns, At safepoint: 2500 ns, Total: 18200 ns
[444.266s][info ][safepoint      ] Safepoint "Cleanup", Time since last: 1000116680 ns, Reaching safepoint: 6900 ns, Cleanup: 25900 ns, At safepoint: 2700 ns, Total: 35500 ns
[445.266s][info ][safepoint      ] Safepoint "Cleanup", Time since last: 1000105479 ns, Reaching safepoint: 5900 ns, Cleanup: 9600 ns, At safepoint: 1700 ns, Total: 17200 ns
[447.266s][info ][safepoint      ] Safepoint "Cleanup", Time since last: 2000163897 ns, Reaching safepoint: 6600 ns, Cleanup: 13900 ns, At safepoint: 3000 ns, Total: 23500 ns
[450.266s][info ][safepoint      ] Safepoint "Cleanup", Time since last: 3000225341 ns, Reaching safepoint: 6900 ns, Cleanup: 15000 ns, At safepoint: 5400 ns, Total: 27300 ns
[451.267s][info ][safepoint      ] Safepoint "Cleanup", Time since last: 1000106880 ns, Reaching safepoint: 7800 ns, Cleanup: 27500 ns, At safepoint: 6400 ns, Total: 41700 ns
[452.267s][info ][safepoint      ] Safepoint "Cleanup", Time since last: 1000121781 ns, Reaching safepoint: 5500 ns, Cleanup: 8300 ns, At safepoint: 2200 ns, Total: 16000 ns
[454.267s][info ][safepoint      ] Safepoint "Cleanup", Time since last: 2000183530 ns, Reaching safepoint: 5100 ns, Cleanup: 15000 ns, At safepoint: 5701 ns, Total: 25801 ns
[456.267s][info ][safepoint      ] Safepoint "Cleanup", Time since last: 2000177473 ns, Reaching safepoint: 7300 ns, Cleanup: 14100 ns, At safepoint: 2900 ns, Total: 24300 ns
[457.267s][info ][safepoint      ] Safepoint "Cleanup", Time since last: 1000116286 ns, Reaching safepoint: 8500 ns, Cleanup: 18800 ns, At safepoint: 8100 ns, Total: 35400 ns
[459.268s][info ][safepoint      ] Safepoint "Cleanup", Time since last: 2000192408 ns, Reaching safepoint: 7900 ns, Cleanup: 12000 ns, At safepoint: 6700 ns, Total: 26600 ns
[460.806s][info ][gc,start       ] GC(25) Pause Young (Allocation Failure)
[460.883s][debug][gc,phases      ] GC(25) Scavenge 76.763ms
[460.883s][debug][gc,ref         ] GC(25) ReferenceProcessor::execute queues: 4, RefProcThreadModel::Multi, marks_oops_alive: false
[460.883s][debug][gc,ref         ] GC(25) Skipped KeepAliveFinalRefsPhase of Reference Processing: no references
[460.883s][debug][gc,ref         ] GC(25) ReferenceProcessor::execute queues: 1, RefProcThreadModel::Single, marks_oops_alive: false
[460.883s][debug][gc,phases      ] GC(25) Reference Processing 0.426ms
[460.884s][debug][gc,phases      ] GC(25)   VM Weak                        Min:  0.0, Avg:  0.0, Max:  0.0, Diff:  0.0, Sum:  0.0, Workers: 4
[460.884s][debug][gc,phases      ] GC(25)     Dead                           Min: 0, Avg:  0.0, Max: 0, Diff: 0, Sum: 0, Workers: 4
[460.884s][debug][gc,phases      ] GC(25)     Total                          Min: 0, Avg: 246.8, Max: 832, Diff: 832, Sum: 987, Workers: 4
[460.884s][debug][gc,phases      ] GC(25)   ObjectSynchronizer Weak        Min:  0.0, Avg:  0.0, Max:  0.0, Diff:  0.0, Sum:  0.0, Workers: 4
[460.884s][debug][gc,phases      ] GC(25)     Dead                           Min: 0, Avg:  0.0, Max: 0, Diff: 0, Sum: 0, Workers: 4
[460.884s][debug][gc,phases      ] GC(25)     Total                          Min: 0, Avg:  1.0, Max: 4, Diff: 4, Sum: 4, Workers: 4
[460.884s][debug][gc,phases      ] GC(25)   JVMTI Tag Weak OopStorage      Min:  0.0, Avg:  0.0, Max:  0.0, Diff:  0.0, Sum:  0.0, Workers: 4
[460.884s][debug][gc,phases      ] GC(25)     Dead                           Min: 0, Avg:  0.0, Max: 0, Diff: 0, Sum: 0, Workers: 4
[460.884s][debug][gc,phases      ] GC(25)     Total                          Min: 0, Avg:  0.0, Max: 0, Diff: 0, Sum: 0, Workers: 4
[460.884s][debug][gc,phases      ] GC(25)   StringTable Weak               Min:  0.0, Avg:  0.2, Max:  0.4, Diff:  0.4, Sum:  0.7, Workers: 4
[460.884s][debug][gc,phases      ] GC(25)     Dead                           Min: 0, Avg:  0.0, Max: 0, Diff: 0, Sum: 0, Workers: 4
[460.884s][debug][gc,phases      ] GC(25)     Total                          Min: 0, Avg: 12003.2, Max: 29312, Diff: 29312, Sum: 48013, Workers: 4
[460.884s][debug][gc,phases      ] GC(25)   ResolvedMethodTable Weak       Min:  0.0, Avg:  0.1, Max:  0.1, Diff:  0.1, Sum:  0.3, Workers: 4
[460.884s][debug][gc,phases      ] GC(25)     Dead                           Min: 0, Avg:  0.0, Max: 0, Diff: 0, Sum: 0, Workers: 4
[460.884s][debug][gc,phases      ] GC(25)     Total                          Min: 0, Avg: 3267.2, Max: 8158, Diff: 8158, Sum: 13069, Workers: 4
[460.884s][debug][gc,phases      ] GC(25)   JNI Weak                       Min:  0.0, Avg:  0.0, Max:  0.0, Diff:  0.0, Sum:  0.0, Workers: 4
[460.884s][debug][gc,phases      ] GC(25)     Dead                           Min: 0, Avg:  0.0, Max: 0, Diff: 0, Sum: 0, Workers: 4
[460.884s][debug][gc,phases      ] GC(25)     Total                          Min: 0, Avg: 12.0, Max: 48, Diff: 48, Sum: 48, Workers: 4
[460.884s][debug][gc,phases      ] GC(25)   StringDedup Table Weak         Min:  0.0, Avg:  0.0, Max:  0.0, Diff:  0.0, Sum:  0.0, Workers: 4
[460.884s][debug][gc,phases      ] GC(25)     Dead                           Min: 0, Avg:  0.0, Max: 0, Diff: 0, Sum: 0, Workers: 4
[460.884s][debug][gc,phases      ] GC(25)     Total                          Min: 0, Avg:  0.0, Max: 0, Diff: 0, Sum: 0, Workers: 4
[460.884s][debug][gc,phases      ] GC(25)   StringDedup Requests0 Weak     Min:  0.0, Avg:  0.0, Max:  0.0, Diff:  0.0, Sum:  0.0, Workers: 4
[460.884s][debug][gc,phases      ] GC(25)     Dead                           Min: 0, Avg:  0.0, Max: 0, Diff: 0, Sum: 0, Workers: 4
[460.884s][debug][gc,phases      ] GC(25)     Total                          Min: 0, Avg:  0.0, Max: 0, Diff: 0, Sum: 0, Workers: 4
[460.884s][debug][gc,phases      ] GC(25)   StringDedup Requests1 Weak     Min:  0.0, Avg:  0.0, Max:  0.0, Diff:  0.0, Sum:  0.0, Workers: 4
[460.884s][debug][gc,phases      ] GC(25)     Dead                           Min: 0, Avg:  0.0, Max: 0, Diff: 0, Sum: 0, Workers: 4
[460.884s][debug][gc,phases      ] GC(25)     Total                          Min: 0, Avg:  0.0, Max: 0, Diff: 0, Sum: 0, Workers: 4
[460.884s][debug][gc,phases      ] GC(25)   Weak JFR Old Object Samples    Min:  0.0, Avg:  0.0, Max:  0.0, Diff:  0.0, Sum:  0.0, Workers: 4
[460.884s][debug][gc,phases      ] GC(25)     Dead                           Min: 0, Avg:  0.0, Max: 0, Diff: 0, Sum: 0, Workers: 4
[460.884s][debug][gc,phases      ] GC(25)     Total                          Min: 0, Avg:  0.0, Max: 0, Diff: 0, Sum: 0, Workers: 4
[460.884s][debug][gc,phases      ] GC(25) Weak Processing 0.696ms
[460.884s][debug][gc,age         ] GC(25) Desired survivor size 383778816 bytes, new threshold 15 (max threshold 15)
[460.884s][info ][gc,heap        ] GC(25) PSYoungGen: 1508015K(1713664K)->170117K(1700864K) Eden: 1317376K(1317376K)->0K(1317376K) From: 190639K(396288K)->170117K(383488K)
[460.884s][info ][gc,heap        ] GC(25) ParOldGen: 87623K(158720K)->113055K(158720K)
[460.884s][info ][gc,metaspace   ] GC(25) Metaspace: 94619K(96000K)->94619K(96000K) NonClass: 80657K(81408K)->80657K(81408K) Class: 13962K(14592K)->13962K(14592K)
[460.884s][info ][gc             ] GC(25) Pause Young (Allocation Failure) 1558M->276M(1816M) 78.019ms
[460.884s][info ][gc,cpu         ] GC(25) User=0.23s Sys=0.00s Real=0.07s
[460.884s][info ][safepoint      ] Safepoint "ParallelGCFailedAllocation", Time since last: 1538313451 ns, Reaching safepoint: 5700 ns, Cleanup: 2900 ns, At safepoint: 78095343 ns, Total: 78103943 ns
[462.884s][info ][safepoint      ] Safepoint "Cleanup", Time since last: 2000167900 ns, Reaching safepoint: 7800 ns, Cleanup: 10800 ns, At safepoint: 3000 ns, Total: 21600 ns
[463.884s][info ][safepoint      ] Safepoint "Cleanup", Time since last: 1000140670 ns, Reaching safepoint: 8400 ns, Cleanup: 83400 ns, At safepoint: 8500 ns, Total: 100300 ns
[465.885s][info ][safepoint      ] Safepoint "Cleanup", Time since last: 2000206439 ns, Reaching safepoint: 8400 ns, Cleanup: 13200 ns, At safepoint: 2900 ns, Total: 24500 ns
[468.885s][info ][safepoint      ] Safepoint "Cleanup", Time since last: 3000295009 ns, Reaching safepoint: 6100 ns, Cleanup: 10200 ns, At safepoint: 2600 ns, Total: 18900 ns
[469.885s][info ][safepoint      ] Safepoint "Cleanup", Time since last: 1000121918 ns, Reaching safepoint: 6500 ns, Cleanup: 11100 ns, At safepoint: 2400 ns, Total: 20000 ns
[475.886s][info ][safepoint      ] Safepoint "Cleanup", Time since last: 6000454070 ns, Reaching safepoint: 7000 ns, Cleanup: 11600 ns, At safepoint: 2300 ns, Total: 20900 ns
[478.886s][info ][safepoint      ] Safepoint "Cleanup", Time since last: 3000266287 ns, Reaching safepoint: 6700 ns, Cleanup: 33500 ns, At safepoint: 2200 ns, Total: 42400 ns
[479.886s][info ][safepoint      ] Safepoint "Cleanup", Time since last: 1000130564 ns, Reaching safepoint: 7600 ns, Cleanup: 19900 ns, At safepoint: 2300 ns, Total: 29800 ns
[481.280s][info ][safepoint      ] Safepoint "Cleanup", Time since last: 1393721902 ns, Reaching safepoint: 6700 ns, Cleanup: 19600 ns, At safepoint: 2500 ns, Total: 28800 ns
[483.280s][info ][safepoint      ] Safepoint "Cleanup", Time since last: 2000170526 ns, Reaching safepoint: 6300 ns, Cleanup: 9200 ns, At safepoint: 2200 ns, Total: 17700 ns
[485.280s][info ][safepoint      ] Safepoint "Cleanup", Time since last: 2000158026 ns, Reaching safepoint: 6500 ns, Cleanup: 9000 ns, At safepoint: 2300 ns, Total: 17800 ns
[486.280s][info ][safepoint      ] Safepoint "Cleanup", Time since last: 1000112280 ns, Reaching safepoint: 6100 ns, Cleanup: 11500 ns, At safepoint: 2500 ns, Total: 20100 ns
[487.280s][info ][safepoint      ] Safepoint "Cleanup", Time since last: 1000116182 ns, Reaching safepoint: 6400 ns, Cleanup: 11200 ns, At safepoint: 2400 ns, Total: 20000 ns
[488.281s][info ][safepoint      ] Safepoint "Cleanup", Time since last: 1000122482 ns, Reaching safepoint: 7000 ns, Cleanup: 9600 ns, At safepoint: 2900 ns, Total: 19500 ns
[492.281s][info ][safepoint      ] Safepoint "Cleanup", Time since last: 4000421729 ns, Reaching safepoint: 7400 ns, Cleanup: 9800 ns, At safepoint: 3100 ns, Total: 20300 ns
[493.281s][info ][safepoint      ] Safepoint "Cleanup", Time since last: 1000122882 ns, Reaching safepoint: 7000 ns, Cleanup: 12500 ns, At safepoint: 2500 ns, Total: 22000 ns
[494.281s][info ][safepoint      ] Safepoint "Cleanup", Time since last: 1000109768 ns, Reaching safepoint: 7000 ns, Cleanup: 12801 ns, At safepoint: 2700 ns, Total: 22501 ns
[498.282s][info ][safepoint      ] Safepoint "Cleanup", Time since last: 4000316992 ns, Reaching safepoint: 5700 ns, Cleanup: 13100 ns, At safepoint: 2400 ns, Total: 21200 ns
[501.282s][info ][safepoint      ] Safepoint "Cleanup", Time since last: 3000264944 ns, Reaching safepoint: 7200 ns, Cleanup: 20200 ns, At safepoint: 2800 ns, Total: 30200 ns
[503.282s][info ][safepoint      ] Safepoint "Cleanup", Time since last: 2000139449 ns, Reaching safepoint: 6700 ns, Cleanup: 29100 ns, At safepoint: 5200 ns, Total: 41000 ns
[504.282s][info ][safepoint      ] Safepoint "Cleanup", Time since last: 1000122985 ns, Reaching safepoint: 6300 ns, Cleanup: 10800 ns, At safepoint: 27101 ns, Total: 44201 ns
[510.283s][info ][safepoint      ] Safepoint "Cleanup", Time since last: 6000472055 ns, Reaching safepoint: 8000 ns, Cleanup: 11200 ns, At safepoint: 2800 ns, Total: 22000 ns
[512.283s][info ][safepoint      ] Safepoint "Cleanup", Time since last: 2000230657 ns, Reaching safepoint: 7200 ns, Cleanup: 16000 ns, At safepoint: 2700 ns, Total: 25900 ns
[513.656s][info ][gc,start       ] GC(26) Pause Young (Allocation Failure)
[513.717s][debug][gc,phases      ] GC(26) Scavenge 61.323ms
[513.717s][debug][gc,ref         ] GC(26) ReferenceProcessor::execute queues: 1, RefProcThreadModel::Single, marks_oops_alive: false
[513.718s][debug][gc,ref         ] GC(26) Skipped KeepAliveFinalRefsPhase of Reference Processing: no references
[513.718s][debug][gc,ref         ] GC(26) ReferenceProcessor::execute queues: 1, RefProcThreadModel::Single, marks_oops_alive: false
[513.718s][debug][gc,phases      ] GC(26) Reference Processing 0.178ms
[513.718s][debug][gc,phases      ] GC(26)   VM Weak                        Min:  0.0, Avg:  0.0, Max:  0.0, Diff:  0.0, Sum:  0.0, Workers: 4
[513.718s][debug][gc,phases      ] GC(26)     Dead                           Min: 0, Avg:  0.0, Max: 0, Diff: 0, Sum: 0, Workers: 4
[513.718s][debug][gc,phases      ] GC(26)     Total                          Min: 0, Avg: 249.0, Max: 676, Diff: 676, Sum: 996, Workers: 4
[513.718s][debug][gc,phases      ] GC(26)   ObjectSynchronizer Weak        Min:  0.0, Avg:  0.0, Max:  0.0, Diff:  0.0, Sum:  0.0, Workers: 4
[513.718s][debug][gc,phases      ] GC(26)     Dead                           Min: 0, Avg:  0.0, Max: 0, Diff: 0, Sum: 0, Workers: 4
[513.718s][debug][gc,phases      ] GC(26)     Total                          Min: 0, Avg:  1.0, Max: 4, Diff: 4, Sum: 4, Workers: 4
[513.718s][debug][gc,phases      ] GC(26)   JVMTI Tag Weak OopStorage      Min:  0.0, Avg:  0.0, Max:  0.0, Diff:  0.0, Sum:  0.0, Workers: 4
[513.718s][debug][gc,phases      ] GC(26)     Dead                           Min: 0, Avg:  0.0, Max: 0, Diff: 0, Sum: 0, Workers: 4
[513.718s][debug][gc,phases      ] GC(26)     Total                          Min: 0, Avg:  0.0, Max: 0, Diff: 0, Sum: 0, Workers: 4
[513.718s][debug][gc,phases      ] GC(26)   StringTable Weak               Min:  0.0, Avg:  0.2, Max:  0.2, Diff:  0.2, Sum:  0.7, Workers: 4
[513.718s][debug][gc,phases      ] GC(26)     Dead                           Min: 0, Avg:  0.2, Max: 1, Diff: 1, Sum: 1, Workers: 4
[513.718s][debug][gc,phases      ] GC(26)     Total                          Min: 0, Avg: 12014.2, Max: 17081, Diff: 17081, Sum: 48057, Workers: 4
[513.718s][debug][gc,phases      ] GC(26)   ResolvedMethodTable Weak       Min:  0.0, Avg:  0.1, Max:  0.1, Diff:  0.1, Sum:  0.3, Workers: 4
[513.718s][debug][gc,phases      ] GC(26)     Dead                           Min: 0, Avg:  5.0, Max: 11, Diff: 11, Sum: 20, Workers: 4
[513.718s][debug][gc,phases      ] GC(26)     Total                          Min: 0, Avg: 3280.8, Max: 4557, Diff: 4557, Sum: 13123, Workers: 4
[513.718s][debug][gc,phases      ] GC(26)   JNI Weak                       Min:  0.0, Avg:  0.0, Max:  0.0, Diff:  0.0, Sum:  0.0, Workers: 4
[513.718s][debug][gc,phases      ] GC(26)     Dead                           Min: 0, Avg:  0.0, Max: 0, Diff: 0, Sum: 0, Workers: 4
[513.718s][debug][gc,phases      ] GC(26)     Total                          Min: 0, Avg: 12.0, Max: 48, Diff: 48, Sum: 48, Workers: 4
[513.718s][debug][gc,phases      ] GC(26)   StringDedup Table Weak         Min:  0.0, Avg:  0.0, Max:  0.0, Diff:  0.0, Sum:  0.0, Workers: 4
[513.718s][debug][gc,phases      ] GC(26)     Dead                           Min: 0, Avg:  0.0, Max: 0, Diff: 0, Sum: 0, Workers: 4
[513.718s][debug][gc,phases      ] GC(26)     Total                          Min: 0, Avg:  0.0, Max: 0, Diff: 0, Sum: 0, Workers: 4
[513.718s][debug][gc,phases      ] GC(26)   StringDedup Requests0 Weak     Min:  0.0, Avg:  0.0, Max:  0.0, Diff:  0.0, Sum:  0.0, Workers: 4
[513.718s][debug][gc,phases      ] GC(26)     Dead                           Min: 0, Avg:  0.0, Max: 0, Diff: 0, Sum: 0, Workers: 4
[513.718s][debug][gc,phases      ] GC(26)     Total                          Min: 0, Avg:  0.0, Max: 0, Diff: 0, Sum: 0, Workers: 4
[513.718s][debug][gc,phases      ] GC(26)   StringDedup Requests1 Weak     Min:  0.0, Avg:  0.0, Max:  0.0, Diff:  0.0, Sum:  0.0, Workers: 4
[513.718s][debug][gc,phases      ] GC(26)     Dead                           Min: 0, Avg:  0.0, Max: 0, Diff: 0, Sum: 0, Workers: 4
[513.718s][debug][gc,phases      ] GC(26)     Total                          Min: 0, Avg:  0.0, Max: 0, Diff: 0, Sum: 0, Workers: 4
[513.718s][debug][gc,phases      ] GC(26)   Weak JFR Old Object Samples    Min:  0.0, Avg:  0.0, Max:  0.0, Diff:  0.0, Sum:  0.0, Workers: 4
[513.718s][debug][gc,phases      ] GC(26)     Dead                           Min: 0, Avg:  0.0, Max: 0, Diff: 0, Sum: 0, Workers: 4
[513.718s][debug][gc,phases      ] GC(26)     Total                          Min: 0, Avg:  0.0, Max: 0, Diff: 0, Sum: 0, Workers: 4
[513.718s][debug][gc,phases      ] GC(26) Weak Processing 0.648ms
[513.718s][debug][gc,age         ] GC(26) Desired survivor size 383254528 bytes, new threshold 15 (max threshold 15)
[513.718s][info ][gc,heap        ] GC(26) PSYoungGen: 1487493K(1700864K)->122545K(1722880K) Eden: 1317376K(1317376K)->0K(1348096K) From: 170117K(383488K)->122545K(374784K)
[513.718s][info ][gc,heap        ] GC(26) ParOldGen: 113055K(158720K)->165546K(165888K)
[513.718s][info ][gc,metaspace   ] GC(26) Metaspace: 94769K(96128K)->94769K(96128K) NonClass: 80786K(81536K)->80786K(81536K) Class: 13982K(14592K)->13982K(14592K)
[513.718s][info ][gc             ] GC(26) Pause Young (Allocation Failure) 1563M->281M(1844M) 62.316ms
[513.718s][info ][gc,cpu         ] GC(26) User=0.16s Sys=0.03s Real=0.07s
[513.718s][debug][gc,phases      ] GC(27) Pre Compact 0.014ms
[513.718s][info ][gc,start       ] GC(27) Pause Full (Ergonomics)
[513.718s][info ][gc,phases,start] GC(27) Marking Phase
[513.830s][debug][gc,phases      ] GC(27) Par Mark 111.787ms
[513.831s][debug][gc,ref         ] GC(27) ReferenceProcessor::execute queues: 4, RefProcThreadModel::Multi, marks_oops_alive: false
[513.831s][debug][gc,ref         ] GC(27) Skipped KeepAliveFinalRefsPhase of Reference Processing: no references
[513.831s][debug][gc,ref         ] GC(27) ReferenceProcessor::execute queues: 1, RefProcThreadModel::Single, marks_oops_alive: false
[513.831s][debug][gc,phases      ] GC(27) Reference Processing 0.983ms
[513.832s][debug][gc,phases      ] GC(27)   VM Weak                        Min:  0.0, Avg:  0.0, Max:  0.0, Diff:  0.0, Sum:  0.0, Workers: 4
[513.832s][debug][gc,phases      ] GC(27)     Dead                           Min: 0, Avg:  0.0, Max: 0, Diff: 0, Sum: 0, Workers: 4
[513.832s][debug][gc,phases      ] GC(27)     Total                          Min: 0, Avg: 249.0, Max: 384, Diff: 384, Sum: 996, Workers: 4
[513.832s][debug][gc,phases      ] GC(27)   ObjectSynchronizer Weak        Min:  0.0, Avg:  0.0, Max:  0.0, Diff:  0.0, Sum:  0.0, Workers: 4
[513.832s][debug][gc,phases      ] GC(27)     Dead                           Min: 0, Avg:  0.0, Max: 0, Diff: 0, Sum: 0, Workers: 4
[513.832s][debug][gc,phases      ] GC(27)     Total                          Min: 0, Avg:  1.0, Max: 4, Diff: 4, Sum: 4, Workers: 4
[513.832s][debug][gc,phases      ] GC(27)   JVMTI Tag Weak OopStorage      Min:  0.0, Avg:  0.0, Max:  0.0, Diff:  0.0, Sum:  0.0, Workers: 4
[513.832s][debug][gc,phases      ] GC(27)     Dead                           Min: 0, Avg:  0.0, Max: 0, Diff: 0, Sum: 0, Workers: 4
[513.832s][debug][gc,phases      ] GC(27)     Total                          Min: 0, Avg:  0.0, Max: 0, Diff: 0, Sum: 0, Workers: 4
[513.832s][debug][gc,phases      ] GC(27)   StringTable Weak               Min:  0.0, Avg:  0.2, Max:  0.2, Diff:  0.2, Sum:  0.6, Workers: 4
[513.832s][debug][gc,phases      ] GC(27)     Dead                           Min: 0, Avg:  0.0, Max: 0, Diff: 0, Sum: 0, Workers: 4
[513.832s][debug][gc,phases      ] GC(27)     Total                          Min: 0, Avg: 12014.2, Max: 16256, Diff: 16256, Sum: 48057, Workers: 4
[513.832s][debug][gc,phases      ] GC(27)   ResolvedMethodTable Weak       Min:  0.0, Avg:  0.0, Max:  0.1, Diff:  0.1, Sum:  0.2, Workers: 4
[513.832s][debug][gc,phases      ] GC(27)     Dead                           Min: 0, Avg:  0.0, Max: 0, Diff: 0, Sum: 0, Workers: 4
[513.832s][debug][gc,phases      ] GC(27)     Total                          Min: 0, Avg: 3280.8, Max: 4423, Diff: 4423, Sum: 13123, Workers: 4
[513.832s][debug][gc,phases      ] GC(27)   JNI Weak                       Min:  0.0, Avg:  0.0, Max:  0.0, Diff:  0.0, Sum:  0.0, Workers: 4
[513.832s][debug][gc,phases      ] GC(27)     Dead                           Min: 0, Avg:  0.0, Max: 0, Diff: 0, Sum: 0, Workers: 4
[513.832s][debug][gc,phases      ] GC(27)     Total                          Min: 0, Avg: 12.0, Max: 48, Diff: 48, Sum: 48, Workers: 4
[513.832s][debug][gc,phases      ] GC(27)   StringDedup Table Weak         Min:  0.0, Avg:  0.0, Max:  0.0, Diff:  0.0, Sum:  0.0, Workers: 4
[513.832s][debug][gc,phases      ] GC(27)     Dead                           Min: 0, Avg:  0.0, Max: 0, Diff: 0, Sum: 0, Workers: 4
[513.832s][debug][gc,phases      ] GC(27)     Total                          Min: 0, Avg:  0.0, Max: 0, Diff: 0, Sum: 0, Workers: 4
[513.832s][debug][gc,phases      ] GC(27)   StringDedup Requests0 Weak     Min:  0.0, Avg:  0.0, Max:  0.0, Diff:  0.0, Sum:  0.0, Workers: 4
[513.832s][debug][gc,phases      ] GC(27)     Dead                           Min: 0, Avg:  0.0, Max: 0, Diff: 0, Sum: 0, Workers: 4
[513.832s][debug][gc,phases      ] GC(27)     Total                          Min: 0, Avg:  0.0, Max: 0, Diff: 0, Sum: 0, Workers: 4
[513.832s][debug][gc,phases      ] GC(27)   StringDedup Requests1 Weak     Min:  0.0, Avg:  0.0, Max:  0.0, Diff:  0.0, Sum:  0.0, Workers: 4
[513.832s][debug][gc,phases      ] GC(27)     Dead                           Min: 0, Avg:  0.0, Max: 0, Diff: 0, Sum: 0, Workers: 4
[513.832s][debug][gc,phases      ] GC(27)     Total                          Min: 0, Avg:  0.0, Max: 0, Diff: 0, Sum: 0, Workers: 4
[513.832s][debug][gc,phases      ] GC(27)   Weak JFR Old Object Samples    Min:  0.0, Avg:  0.0, Max:  0.0, Diff:  0.0, Sum:  0.0, Workers: 4
[513.832s][debug][gc,phases      ] GC(27)     Dead                           Min: 0, Avg:  0.0, Max: 0, Diff: 0, Sum: 0, Workers: 4
[513.832s][debug][gc,phases      ] GC(27)     Total                          Min: 0, Avg:  0.0, Max: 0, Diff: 0, Sum: 0, Workers: 4
[513.832s][debug][gc,phases      ] GC(27) Weak Processing 0.576ms
[513.832s][debug][gc,phases      ] GC(27) ClassLoaderData 0.120ms
[513.832s][debug][gc,phases      ] GC(27) Trigger cleanups 0.000ms
[513.855s][debug][gc,phases      ] GC(27) Class Unloading 23.702ms
[513.855s][debug][gc,phases      ] GC(27) Report Object Count 0.001ms
[513.856s][info ][gc,phases      ] GC(27) Marking Phase 137.150ms
[513.856s][info ][gc,phases,start] GC(27) Summary Phase
[513.856s][info ][gc,phases      ] GC(27) Summary Phase 0.009ms
[513.856s][info ][gc,phases,start] GC(27) Adjust Roots
[513.871s][info ][gc,phases      ] GC(27) Adjust Roots 15.714ms
[513.871s][info ][gc,phases,start] GC(27) Compaction Phase
[514.048s][info ][gc,phases      ] GC(27) Compaction Phase 177.013ms
[514.048s][info ][gc,phases,start] GC(27) Post Compact
[514.050s][info ][gc,phases      ] GC(27) Post Compact 1.190ms
[514.050s][info ][gc,heap        ] GC(27) PSYoungGen: 122545K(1722880K)->118574K(1722880K) Eden: 0K(1348096K)->0K(1348096K) From: 122545K(374784K)->118574K(374784K)
[514.050s][info ][gc,heap        ] GC(27) ParOldGen: 165546K(165888K)->165730K(271872K)
[514.050s][info ][gc,metaspace   ] GC(27) Metaspace: 94769K(96128K)->94769K(96128K) NonClass: 80786K(81536K)->80786K(81536K) Class: 13982K(14592K)->13982K(14592K)
[514.050s][info ][gc             ] GC(27) Pause Full (Ergonomics) 281M->277M(1948M) 331.417ms
[514.050s][info ][gc,cpu         ] GC(27) User=0.89s Sys=0.00s Real=0.33s
[514.050s][info ][safepoint      ] Safepoint "ParallelGCFailedAllocation", Time since last: 1372850824 ns, Reaching safepoint: 83200 ns, Cleanup: 8301 ns, At safepoint: 393878527 ns, Total: 393970028 ns
[516.012s][info ][safepoint      ] Safepoint "Cleanup", Time since last: 1961964109 ns, Reaching safepoint: 7500 ns, Cleanup: 82400 ns, At safepoint: 18200 ns, Total: 108100 ns
[517.012s][info ][safepoint      ] Safepoint "Cleanup", Time since last: 1000146279 ns, Reaching safepoint: 6600 ns, Cleanup: 18500 ns, At safepoint: 2900 ns, Total: 28000 ns
[518.012s][info ][safepoint      ] Safepoint "Cleanup", Time since last: 1000131037 ns, Reaching safepoint: 6100 ns, Cleanup: 11600 ns, At safepoint: 2400 ns, Total: 20100 ns
[519.012s][info ][safepoint      ] Safepoint "Cleanup", Time since last: 1000100264 ns, Reaching safepoint: 7000 ns, Cleanup: 12800 ns, At safepoint: 24500 ns, Total: 44300 ns
[520.012s][info ][safepoint      ] Safepoint "Cleanup", Time since last: 1000116564 ns, Reaching safepoint: 6500 ns, Cleanup: 9000 ns, At safepoint: 2200 ns, Total: 17700 ns
[521.013s][info ][safepoint      ] Safepoint "Cleanup", Time since last: 1000092764 ns, Reaching safepoint: 7900 ns, Cleanup: 13200 ns, At safepoint: 3300 ns, Total: 24400 ns
[522.013s][info ][safepoint      ] Safepoint "Cleanup", Time since last: 1000121064 ns, Reaching safepoint: 6700 ns, Cleanup: 9600 ns, At safepoint: 2900 ns, Total: 19200 ns
[524.013s][info ][safepoint      ] Safepoint "Cleanup", Time since last: 2000175727 ns, Reaching safepoint: 7100 ns, Cleanup: 14200 ns, At safepoint: 2700 ns, Total: 24000 ns
[526.013s][info ][safepoint      ] Safepoint "Cleanup", Time since last: 2000186446 ns, Reaching safepoint: 7200 ns, Cleanup: 14300 ns, At safepoint: 2400 ns, Total: 23900 ns
[528.013s][info ][safepoint      ] Safepoint "Cleanup", Time since last: 2000191195 ns, Reaching safepoint: 6700 ns, Cleanup: 36001 ns, At safepoint: 3000 ns, Total: 45701 ns
[529.014s][info ][safepoint      ] Safepoint "Cleanup", Time since last: 1000112197 ns, Reaching safepoint: 7200 ns, Cleanup: 16800 ns, At safepoint: 3300 ns, Total: 27300 ns
[531.014s][info ][safepoint      ] Safepoint "Cleanup", Time since last: 2000197895 ns, Reaching safepoint: 7600 ns, Cleanup: 13700 ns, At safepoint: 2700 ns, Total: 24000 ns
[535.014s][info ][safepoint      ] Safepoint "Cleanup", Time since last: 4000321337 ns, Reaching safepoint: 6400 ns, Cleanup: 9400 ns, At safepoint: 2800 ns, Total: 18600 ns
[536.014s][info ][safepoint      ] Safepoint "Cleanup", Time since last: 1000117698 ns, Reaching safepoint: 7400 ns, Cleanup: 12300 ns, At safepoint: 3100 ns, Total: 22800 ns
[539.014s][info ][safepoint      ] Safepoint "Cleanup", Time since last: 3000260294 ns, Reaching safepoint: 6400 ns, Cleanup: 11500 ns, At safepoint: 2500 ns, Total: 20400 ns
[554.300s][info ][safepoint      ] Safepoint "Cleanup", Time since last: 15285045807 ns, Reaching safepoint: 7700 ns, Cleanup: 11800 ns, At safepoint: 2900 ns, Total: 22400 ns
[557.859s][info ][safepoint      ] Safepoint "ParallelGCFailedAllocation", Time since last: 3559116047 ns, Reaching safepoint: 6600 ns, Cleanup: 2800 ns, At safepoint: 7500 ns, Total: 16900 ns
[557.859s][info ][gc,start       ] GC(28) Pause Young (GCLocker Initiated GC)
[557.918s][debug][gc,phases      ] GC(28) Scavenge 58.973ms
[557.918s][debug][gc,ref         ] GC(28) ReferenceProcessor::execute queues: 1, RefProcThreadModel::Single, marks_oops_alive: false
[557.918s][debug][gc,ref         ] GC(28) Skipped KeepAliveFinalRefsPhase of Reference Processing: no references
[557.918s][debug][gc,ref         ] GC(28) ReferenceProcessor::execute queues: 1, RefProcThreadModel::Single, marks_oops_alive: false
[557.918s][debug][gc,phases      ] GC(28) Reference Processing 0.135ms
[557.918s][debug][gc,phases      ] GC(28)   VM Weak                        Min:  0.0, Avg:  0.0, Max:  0.0, Diff:  0.0, Sum:  0.0, Workers: 4
[557.918s][debug][gc,phases      ] GC(28)     Dead                           Min: 0, Avg:  0.0, Max: 0, Diff: 0, Sum: 0, Workers: 4
[557.918s][debug][gc,phases      ] GC(28)     Total                          Min: 0, Avg: 250.0, Max: 832, Diff: 832, Sum: 1000, Workers: 4
[557.918s][debug][gc,phases      ] GC(28)   ObjectSynchronizer Weak        Min:  0.0, Avg:  0.0, Max:  0.0, Diff:  0.0, Sum:  0.0, Workers: 4
[557.918s][debug][gc,phases      ] GC(28)     Dead                           Min: 0, Avg:  0.0, Max: 0, Diff: 0, Sum: 0, Workers: 4
[557.918s][debug][gc,phases      ] GC(28)     Total                          Min: 0, Avg:  1.0, Max: 4, Diff: 4, Sum: 4, Workers: 4
[557.918s][debug][gc,phases      ] GC(28)   JVMTI Tag Weak OopStorage      Min:  0.0, Avg:  0.0, Max:  0.0, Diff:  0.0, Sum:  0.0, Workers: 4
[557.918s][debug][gc,phases      ] GC(28)     Dead                           Min: 0, Avg:  0.0, Max: 0, Diff: 0, Sum: 0, Workers: 4
[557.918s][debug][gc,phases      ] GC(28)     Total                          Min: 0, Avg:  0.0, Max: 0, Diff: 0, Sum: 0, Workers: 4
[557.918s][debug][gc,phases      ] GC(28)   StringTable Weak               Min:  0.0, Avg:  0.1, Max:  0.2, Diff:  0.2, Sum:  0.5, Workers: 4
[557.918s][debug][gc,phases      ] GC(28)     Dead                           Min: 0, Avg:  0.5, Max: 1, Diff: 1, Sum: 2, Workers: 4
[557.918s][debug][gc,phases      ] GC(28)     Total                          Min: 0, Avg: 12024.5, Max: 16803, Diff: 16803, Sum: 48098, Workers: 4
[557.918s][debug][gc,phases      ] GC(28)   ResolvedMethodTable Weak       Min:  0.0, Avg:  0.0, Max:  0.1, Diff:  0.1, Sum:  0.2, Workers: 4
[557.918s][debug][gc,phases      ] GC(28)     Dead                           Min: 0, Avg:  0.2, Max: 1, Diff: 1, Sum: 1, Workers: 4
[557.918s][debug][gc,phases      ] GC(28)     Total                          Min: 0, Avg: 3289.5, Max: 4620, Diff: 4620, Sum: 13158, Workers: 4
[557.918s][debug][gc,phases      ] GC(28)   JNI Weak                       Min:  0.0, Avg:  0.0, Max:  0.0, Diff:  0.0, Sum:  0.0, Workers: 4
[557.918s][debug][gc,phases      ] GC(28)     Dead                           Min: 0, Avg:  0.0, Max: 0, Diff: 0, Sum: 0, Workers: 4
[557.918s][debug][gc,phases      ] GC(28)     Total                          Min: 0, Avg: 12.0, Max: 48, Diff: 48, Sum: 48, Workers: 4
[557.918s][debug][gc,phases      ] GC(28)   StringDedup Table Weak         Min:  0.0, Avg:  0.0, Max:  0.0, Diff:  0.0, Sum:  0.0, Workers: 4
[557.918s][debug][gc,phases      ] GC(28)     Dead                           Min: 0, Avg:  0.0, Max: 0, Diff: 0, Sum: 0, Workers: 4
[557.918s][debug][gc,phases      ] GC(28)     Total                          Min: 0, Avg:  0.0, Max: 0, Diff: 0, Sum: 0, Workers: 4
[557.918s][debug][gc,phases      ] GC(28)   StringDedup Requests0 Weak     Min:  0.0, Avg:  0.0, Max:  0.0, Diff:  0.0, Sum:  0.0, Workers: 4
[557.918s][debug][gc,phases      ] GC(28)     Dead                           Min: 0, Avg:  0.0, Max: 0, Diff: 0, Sum: 0, Workers: 4
[557.918s][debug][gc,phases      ] GC(28)     Total                          Min: 0, Avg:  0.0, Max: 0, Diff: 0, Sum: 0, Workers: 4
[557.918s][debug][gc,phases      ] GC(28)   StringDedup Requests1 Weak     Min:  0.0, Avg:  0.0, Max:  0.0, Diff:  0.0, Sum:  0.0, Workers: 4
[557.918s][debug][gc,phases      ] GC(28)     Dead                           Min: 0, Avg:  0.0, Max: 0, Diff: 0, Sum: 0, Workers: 4
[557.918s][debug][gc,phases      ] GC(28)     Total                          Min: 0, Avg:  0.0, Max: 0, Diff: 0, Sum: 0, Workers: 4
[557.918s][debug][gc,phases      ] GC(28)   Weak JFR Old Object Samples    Min:  0.0, Avg:  0.0, Max:  0.0, Diff:  0.0, Sum:  0.0, Workers: 4
[557.918s][debug][gc,phases      ] GC(28)     Dead                           Min: 0, Avg:  0.0, Max: 0, Diff: 0, Sum: 0, Workers: 4
[557.918s][debug][gc,phases      ] GC(28)     Total                          Min: 0, Avg:  0.0, Max: 0, Diff: 0, Sum: 0, Workers: 4
[557.918s][debug][gc,phases      ] GC(28) Weak Processing 0.448ms
[557.918s][debug][gc,age         ] GC(28) Desired survivor size 385875968 bytes, new threshold 15 (max threshold 15)
[557.918s][info ][gc,heap        ] GC(28) PSYoungGen: 1466670K(1722880K)->87745K(1436160K) Eden: 1348096K(1348096K)->0K(1348096K) From: 118574K(374784K)->87745K(88064K)
[557.918s][info ][gc,heap        ] GC(28) ParOldGen: 165732K(271872K)->200384K(271872K)
[557.919s][info ][gc,metaspace   ] GC(28) Metaspace: 94886K(96192K)->94886K(96192K) NonClass: 80891K(81600K)->80891K(81600K) Class: 13995K(14592K)->13995K(14592K)
[557.919s][info ][gc             ] GC(28) Pause Young (GCLocker Initiated GC) 1594M->281M(1668M) 59.671ms
[557.919s][info ][gc,cpu         ] GC(28) User=0.17s Sys=0.01s Real=0.06s
[557.919s][info ][safepoint      ] Safepoint "ParallelGCSystemGC", Time since last: 111901 ns, Reaching safepoint: 2200 ns, Cleanup: 600 ns, At safepoint: 59743643 ns, Total: 59746443 ns
[568.919s][info ][safepoint      ] Safepoint "Cleanup", Time since last: 11000766591 ns, Reaching safepoint: 6401 ns, Cleanup: 9500 ns, At safepoint: 2300 ns, Total: 18201 ns
[571.920s][info ][safepoint      ] Safepoint "Cleanup", Time since last: 3000244961 ns, Reaching safepoint: 6400 ns, Cleanup: 7100 ns, At safepoint: 3500 ns, Total: 17000 ns
[574.920s][info ][safepoint      ] Safepoint "Cleanup", Time since last: 3000198762 ns, Reaching safepoint: 5300 ns, Cleanup: 15300 ns, At safepoint: 6200 ns, Total: 26800 ns
[578.920s][info ][safepoint      ] Safepoint "Cleanup", Time since last: 4000334101 ns, Reaching safepoint: 7800 ns, Cleanup: 14300 ns, At safepoint: 2800 ns, Total: 24900 ns
[579.920s][info ][safepoint      ] Safepoint "Cleanup", Time since last: 1000136526 ns, Reaching safepoint: 7000 ns, Cleanup: 12500 ns, At safepoint: 2600 ns, Total: 22100 ns
[580.920s][info ][safepoint      ] Safepoint "Cleanup", Time since last: 1000121425 ns, Reaching safepoint: 6900 ns, Cleanup: 9800 ns, At safepoint: 2500 ns, Total: 19200 ns
[581.921s][info ][safepoint      ] Safepoint "Cleanup", Time since last: 1000121829 ns, Reaching safepoint: 7500 ns, Cleanup: 10500 ns, At safepoint: 2900 ns, Total: 20900 ns
[585.921s][info ][safepoint      ] Safepoint "Cleanup", Time since last: 4000345039 ns, Reaching safepoint: 8100 ns, Cleanup: 36000 ns, At safepoint: 3300 ns, Total: 47400 ns
[586.921s][info ][safepoint      ] Safepoint "Cleanup", Time since last: 1000105735 ns, Reaching safepoint: 7300 ns, Cleanup: 11400 ns, At safepoint: 2900 ns, Total: 21600 ns
[588.921s][info ][safepoint      ] Safepoint "Cleanup", Time since last: 2000191369 ns, Reaching safepoint: 8300 ns, Cleanup: 15400 ns, At safepoint: 2900 ns, Total: 26600 ns
[589.921s][info ][safepoint      ] Safepoint "Cleanup", Time since last: 1000104953 ns, Reaching safepoint: 7100 ns, Cleanup: 12000 ns, At safepoint: 2200 ns, Total: 21300 ns
[590.922s][info ][safepoint      ] Safepoint "Cleanup", Time since last: 1000122882 ns, Reaching safepoint: 23300 ns, Cleanup: 11700 ns, At safepoint: 3100 ns, Total: 38100 ns
[603.315s][info ][safepoint      ] Safepoint "Cleanup", Time since last: 12393685122 ns, Reaching safepoint: 6100 ns, Cleanup: 12600 ns, At safepoint: 2700 ns, Total: 21400 ns
[607.316s][info ][safepoint      ] Safepoint "Cleanup", Time since last: 4000334770 ns, Reaching safepoint: 6900 ns, Cleanup: 84200 ns, At safepoint: 3300 ns, Total: 94400 ns
[611.316s][info ][safepoint      ] Safepoint "Cleanup", Time since last: 4000342845 ns, Reaching safepoint: 7700 ns, Cleanup: 13200 ns, At safepoint: 2800 ns, Total: 23700 ns
[615.316s][info ][safepoint      ] Safepoint "Cleanup", Time since last: 4000288151 ns, Reaching safepoint: 6100 ns, Cleanup: 15500 ns, At safepoint: 2800 ns, Total: 24400 ns
[675.333s][info ][safepoint      ] Safepoint "Cleanup", Time since last: 60016341624 ns, Reaching safepoint: 4900 ns, Cleanup: 6700 ns, At safepoint: 22100 ns, Total: 33700 ns
[687.334s][info ][safepoint      ] Safepoint "Cleanup", Time since last: 12000850144 ns, Reaching safepoint: 6400 ns, Cleanup: 9700 ns, At safepoint: 2300 ns, Total: 18400 ns
[726.947s][info ][safepoint      ] Safepoint "JFRCheckpoint", Time since last: 39609873681 ns, Reaching safepoint: 3118612 ns, Cleanup: 28900 ns, At safepoint: 34800 ns, Total: 3182312 ns
[726.951s][info ][gc,heap,exit   ] Heap
[726.951s][info ][gc,heap,exit   ]  PSYoungGen      total 1436160K, used 1205902K [0x0000000780000000, 0x0000000800000000, 0x0000000800000000)
[726.951s][info ][gc,heap,exit   ]   eden space 1348096K, 82% used [0x0000000780000000,0x00000007c43f36e0,0x00000007d2480000)
[726.951s][info ][gc,heap,exit   ]   from space 88064K, 99% used [0x00000007d2480000,0x00000007d7a30488,0x00000007d7a80000)
[726.951s][info ][gc,heap,exit   ]   to   space 376832K, 0% used [0x00000007e9000000,0x00000007e9000000,0x0000000800000000)
[726.951s][info ][gc,heap,exit   ]  ParOldGen       total 271872K, used 200384K [0x00000006c0000000, 0x00000006d0980000, 0x0000000780000000)
[726.951s][info ][gc,heap,exit   ]   object space 271872K, 73% used [0x00000006c0000000,0x00000006cc3b00b0,0x00000006d0980000)
[726.951s][info ][gc,heap,exit   ]  Metaspace       used 95109K, committed 96448K, reserved 1179648K
[726.951s][info ][gc,heap,exit   ]   class space    used 14026K, committed 14592K, reserved 1048576K
