[0.004s][info][gc,init] CardTable entry size: 512
[0.005s][info][gc     ] Using Parallel
[0.007s][info][gc,init] Version: 21.0.3+9-LTS (release)
[0.007s][info][gc,init] CPUs: 4 total, 4 available
[0.007s][info][gc,init] Memory: 15991M
[0.007s][info][gc,init] Large Page Support: Disabled
[0.007s][info][gc,init] NUMA Support: Disabled
[0.007s][info][gc,init] Compressed Oops: Enabled (Zero based)
[0.007s][info][gc,init] Alignments: Space 512K, Generation 512K, Heap 2M
[0.007s][info][gc,init] Heap Min Capacity: 2054M
[0.007s][info][gc,init] Heap Initial Capacity: 2054M
[0.007s][info][gc,init] Heap Max Capacity: 5G
[0.007s][info][gc,init] Pre-touch: Disabled
[0.007s][info][gc,init] Parallel Workers: 4
[0.015s][info][gc,metaspace] CDS archive(s) mapped at: [0x00007f51b4000000-0x00007f51b4caa000-0x00007f51b4caa000), size 13279232, SharedBaseAddress: 0x00007f51b4000000, ArchiveRelocationMode: 1.
[0.015s][info][gc,metaspace] Compressed class space mapped at: 0x00007f51b5000000-0x00007f51f5000000, reserved size: 1073741824
[0.015s][info][gc,metaspace] Narrow klass base: 0x00007f51b4000000, Narrow klass shift: 0, Narrow klass range: 0x100000000
[0.388s][info][safepoint   ] Safepoint "ICBufferFull", Time since last: 365370308 ns, Reaching safepoint: 3400 ns, Cleanup: 95500 ns, At safepoint: 5200 ns, Total: 104100 ns
[0.558s][info][safepoint   ] Safepoint "RedefineClasses", Time since last: 162557005 ns, Reaching safepoint: 959504 ns, Cleanup: 89301 ns, At safepoint: 5884729 ns, Total: 6933534 ns
[0.740s][info][safepoint   ] Safepoint "JFRCheckpoint", Time since last: 182249902 ns, Reaching safepoint: 2400 ns, Cleanup: 48400 ns, At safepoint: 8100 ns, Total: 58900 ns
[1.543s][info][safepoint   ] Safepoint "ICBufferFull", Time since last: 802369670 ns, Reaching safepoint: 2800 ns, Cleanup: 110700 ns, At safepoint: 6900 ns, Total: 120400 ns
[1.918s][info][safepoint   ] Safepoint "ICBufferFull", Time since last: 375575459 ns, Reaching safepoint: 3100 ns, Cleanup: 121000 ns, At safepoint: 21600 ns, Total: 145700 ns
[2.307s][info][gc,start    ] GC(0) Pause Young (Metadata GC Threshold)
[2.326s][debug][gc,phases   ] GC(0) Scavenge 18.073ms
[2.326s][debug][gc,ref      ] GC(0) ReferenceProcessor::execute queues: 3, RefProcThreadModel::Multi, marks_oops_alive: false
[2.326s][debug][gc,ref      ] GC(0) Skipped KeepAliveFinalRefsPhase of Reference Processing: no references
[2.326s][debug][gc,ref      ] GC(0) ReferenceProcessor::execute queues: 1, RefProcThreadModel::Single, marks_oops_alive: false
[2.326s][debug][gc,phases   ] GC(0) Reference Processing 0.238ms
[2.326s][debug][gc,phases   ] GC(0)   VM Weak                        Min:  0.0, Avg:  0.0, Max:  0.0, Diff:  0.0, Sum:  0.0, Workers: 4
[2.326s][debug][gc,phases   ] GC(0)     Dead                           Min: 0, Avg:  0.0, Max: 0, Diff: 0, Sum: 0, Workers: 4
[2.326s][debug][gc,phases   ] GC(0)     Total                          Min: 0, Avg: 64.2, Max: 192, Diff: 192, Sum: 257, Workers: 4
[2.326s][debug][gc,phases   ] GC(0)   ObjectSynchronizer Weak        Min:  0.0, Avg:  0.0, Max:  0.0, Diff:  0.0, Sum:  0.0, Workers: 4
[2.326s][debug][gc,phases   ] GC(0)     Dead                           Min: 0, Avg:  0.0, Max: 0, Diff: 0, Sum: 0, Workers: 4
[2.326s][debug][gc,phases   ] GC(0)     Total                          Min: 0, Avg:  1.5, Max: 6, Diff: 6, Sum: 6, Workers: 4
[2.326s][debug][gc,phases   ] GC(0)   JVMTI Tag Weak OopStorage      Min:  0.0, Avg:  0.0, Max:  0.0, Diff:  0.0, Sum:  0.0, Workers: 4
[2.326s][debug][gc,phases   ] GC(0)     Dead                           Min: 0, Avg:  0.0, Max: 0, Diff: 0, Sum: 0, Workers: 4
[2.326s][debug][gc,phases   ] GC(0)     Total                          Min: 0, Avg:  0.0, Max: 0, Diff: 0, Sum: 0, Workers: 4
[2.326s][debug][gc,phases   ] GC(0)   StringTable Weak               Min:  0.0, Avg:  0.0, Max:  0.1, Diff:  0.1, Sum:  0.1, Workers: 4
[2.326s][debug][gc,phases   ] GC(0)     Dead                           Min: 0, Avg:  7.5, Max: 21, Diff: 21, Sum: 30, Workers: 4
[2.326s][debug][gc,phases   ] GC(0)     Total                          Min: 0, Avg: 1897.0, Max: 3072, Diff: 3072, Sum: 7588, Workers: 4
[2.326s][debug][gc,phases   ] GC(0)   ResolvedMethodTable Weak       Min:  0.0, Avg:  0.0, Max:  0.0, Diff:  0.0, Sum:  0.1, Workers: 4
[2.326s][debug][gc,phases   ] GC(0)     Dead                           Min: 0, Avg: 88.5, Max: 136, Diff: 136, Sum: 354, Workers: 4
[2.326s][debug][gc,phases   ] GC(0)     Total                          Min: 0, Avg: 469.0, Max: 640, Diff: 640, Sum: 1876, Workers: 4
[2.326s][debug][gc,phases   ] GC(0)   JNI Weak                       Min:  0.0, Avg:  0.0, Max:  0.0, Diff:  0.0, Sum:  0.0, Workers: 4
[2.326s][debug][gc,phases   ] GC(0)     Dead                           Min: 0, Avg:  0.0, Max: 0, Diff: 0, Sum: 0, Workers: 4
[2.326s][debug][gc,phases   ] GC(0)     Total                          Min: 0, Avg: 12.5, Max: 50, Diff: 50, Sum: 50, Workers: 4
[2.326s][debug][gc,phases   ] GC(0)   StringDedup Table Weak         Min:  0.0, Avg:  0.0, Max:  0.0, Diff:  0.0, Sum:  0.0, Workers: 4
[2.326s][debug][gc,phases   ] GC(0)     Dead                           Min: 0, Avg:  0.0, Max: 0, Diff: 0, Sum: 0, Workers: 4
[2.326s][debug][gc,phases   ] GC(0)     Total                          Min: 0, Avg:  0.0, Max: 0, Diff: 0, Sum: 0, Workers: 4
[2.326s][debug][gc,phases   ] GC(0)   StringDedup Requests0 Weak     Min:  0.0, Avg:  0.0, Max:  0.0, Diff:  0.0, Sum:  0.0, Workers: 4
[2.326s][debug][gc,phases   ] GC(0)     Dead                           Min: 0, Avg:  0.0, Max: 0, Diff: 0, Sum: 0, Workers: 4
[2.326s][debug][gc,phases   ] GC(0)     Total                          Min: 0, Avg:  0.0, Max: 0, Diff: 0, Sum: 0, Workers: 4
[2.326s][debug][gc,phases   ] GC(0)   StringDedup Requests1 Weak     Min:  0.0, Avg:  0.0, Max:  0.0, Diff:  0.0, Sum:  0.0, Workers: 4
[2.326s][debug][gc,phases   ] GC(0)     Dead                           Min: 0, Avg:  0.0, Max: 0, Diff: 0, Sum: 0, Workers: 4
[2.326s][debug][gc,phases   ] GC(0)     Total                          Min: 0, Avg:  0.0, Max: 0, Diff: 0, Sum: 0, Workers: 4
[2.326s][debug][gc,phases   ] GC(0)   Weak JFR Old Object Samples    Min:  0.0, Avg:  0.0, Max:  0.0, Diff:  0.0, Sum:  0.0, Workers: 4
[2.326s][debug][gc,phases   ] GC(0)     Dead                           Min: 0, Avg:  0.0, Max: 0, Diff: 0, Sum: 0, Workers: 4
[2.326s][debug][gc,phases   ] GC(0)     Total                          Min: 0, Avg:  0.0, Max: 0, Diff: 0, Sum: 0, Workers: 4
[2.326s][debug][gc,phases   ] GC(0) Weak Processing 0.276ms
[2.326s][debug][gc,age      ] GC(0) Desired survivor size 536870912 bytes, new threshold 7 (max threshold 15)
[2.326s][info ][gc,heap     ] GC(0) PSYoungGen: 359864K(1572864K)->36757K(1572864K) Eden: 359864K(1048576K)->0K(1048576K) From: 0K(524288K)->36757K(524288K)
[2.326s][info ][gc,heap     ] GC(0) ParOldGen: 1054K(6144K)->1062K(6144K)
[2.326s][info ][gc,metaspace] GC(0) Metaspace: 21126K(21504K)->21126K(21504K) NonClass: 18754K(18944K)->18754K(18944K) Class: 2372K(2560K)->2372K(2560K)
[2.326s][info ][gc          ] GC(0) Pause Young (Metadata GC Threshold) 352M->36M(1542M) 19.064ms
[2.326s][info ][gc,cpu      ] GC(0) User=0.02s Sys=0.02s Real=0.02s
[2.327s][debug][gc,phases   ] GC(1) Pre Compact 0.008ms
[2.327s][info ][gc,start    ] GC(1) Pause Full (Metadata GC Threshold)
[2.327s][info ][gc,phases,start] GC(1) Marking Phase
[2.339s][debug][gc,phases      ] GC(1) Par Mark 12.330ms
[2.339s][debug][gc,ref         ] GC(1) ReferenceProcessor::execute queues: 2, RefProcThreadModel::Multi, marks_oops_alive: false
[2.339s][debug][gc,ref         ] GC(1) ReferenceProcessor::execute queues: 4, RefProcThreadModel::Multi, marks_oops_alive: true
[2.339s][debug][gc,ref         ] GC(1) ReferenceProcessor::execute queues: 1, RefProcThreadModel::Single, marks_oops_alive: false
[2.339s][debug][gc,phases      ] GC(1) Reference Processing 0.365ms
[2.339s][debug][gc,phases      ] GC(1)   VM Weak                        Min:  0.0, Avg:  0.0, Max:  0.0, Diff:  0.0, Sum:  0.0, Workers: 4
[2.339s][debug][gc,phases      ] GC(1)     Dead                           Min: 0, Avg:  0.0, Max: 0, Diff: 0, Sum: 0, Workers: 4
[2.339s][debug][gc,phases      ] GC(1)     Total                          Min: 0, Avg: 64.2, Max: 129, Diff: 129, Sum: 257, Workers: 4
[2.339s][debug][gc,phases      ] GC(1)   ObjectSynchronizer Weak        Min:  0.0, Avg:  0.0, Max:  0.0, Diff:  0.0, Sum:  0.0, Workers: 4
[2.339s][debug][gc,phases      ] GC(1)     Dead                           Min: 0, Avg:  0.0, Max: 0, Diff: 0, Sum: 0, Workers: 4
[2.339s][debug][gc,phases      ] GC(1)     Total                          Min: 0, Avg:  1.5, Max: 6, Diff: 6, Sum: 6, Workers: 4
[2.339s][debug][gc,phases      ] GC(1)   JVMTI Tag Weak OopStorage      Min:  0.0, Avg:  0.0, Max:  0.0, Diff:  0.0, Sum:  0.0, Workers: 4
[2.339s][debug][gc,phases      ] GC(1)     Dead                           Min: 0, Avg:  0.0, Max: 0, Diff: 0, Sum: 0, Workers: 4
[2.339s][debug][gc,phases      ] GC(1)     Total                          Min: 0, Avg:  0.0, Max: 0, Diff: 0, Sum: 0, Workers: 4
[2.339s][debug][gc,phases      ] GC(1)   StringTable Weak               Min:  0.0, Avg:  0.0, Max:  0.0, Diff:  0.0, Sum:  0.1, Workers: 4
[2.339s][debug][gc,phases      ] GC(1)     Dead                           Min: 0, Avg:  0.0, Max: 0, Diff: 0, Sum: 0, Workers: 4
[2.339s][debug][gc,phases      ] GC(1)     Total                          Min: 0, Avg: 1897.0, Max: 2596, Diff: 2596, Sum: 7588, Workers: 4
[2.339s][debug][gc,phases      ] GC(1)   ResolvedMethodTable Weak       Min:  0.0, Avg:  0.0, Max:  0.0, Diff:  0.0, Sum:  0.0, Workers: 4
[2.339s][debug][gc,phases      ] GC(1)     Dead                           Min: 0, Avg:  0.0, Max: 0, Diff: 0, Sum: 0, Workers: 4
[2.339s][debug][gc,phases      ] GC(1)     Total                          Min: 0, Avg: 469.0, Max: 704, Diff: 704, Sum: 1876, Workers: 4
[2.339s][debug][gc,phases      ] GC(1)   JNI Weak                       Min:  0.0, Avg:  0.0, Max:  0.0, Diff:  0.0, Sum:  0.0, Workers: 4
[2.339s][debug][gc,phases      ] GC(1)     Dead                           Min: 0, Avg:  0.0, Max: 0, Diff: 0, Sum: 0, Workers: 4
[2.339s][debug][gc,phases      ] GC(1)     Total                          Min: 0, Avg: 12.5, Max: 50, Diff: 50, Sum: 50, Workers: 4
[2.339s][debug][gc,phases      ] GC(1)   StringDedup Table Weak         Min:  0.0, Avg:  0.0, Max:  0.0, Diff:  0.0, Sum:  0.0, Workers: 4
[2.339s][debug][gc,phases      ] GC(1)     Dead                           Min: 0, Avg:  0.0, Max: 0, Diff: 0, Sum: 0, Workers: 4
[2.339s][debug][gc,phases      ] GC(1)     Total                          Min: 0, Avg:  0.0, Max: 0, Diff: 0, Sum: 0, Workers: 4
[2.339s][debug][gc,phases      ] GC(1)   StringDedup Requests0 Weak     Min:  0.0, Avg:  0.0, Max:  0.0, Diff:  0.0, Sum:  0.0, Workers: 4
[2.339s][debug][gc,phases      ] GC(1)     Dead                           Min: 0, Avg:  0.0, Max: 0, Diff: 0, Sum: 0, Workers: 4
[2.339s][debug][gc,phases      ] GC(1)     Total                          Min: 0, Avg:  0.0, Max: 0, Diff: 0, Sum: 0, Workers: 4
[2.339s][debug][gc,phases      ] GC(1)   StringDedup Requests1 Weak     Min:  0.0, Avg:  0.0, Max:  0.0, Diff:  0.0, Sum:  0.0, Workers: 4
[2.339s][debug][gc,phases      ] GC(1)     Dead                           Min: 0, Avg:  0.0, Max: 0, Diff: 0, Sum: 0, Workers: 4
[2.339s][debug][gc,phases      ] GC(1)     Total                          Min: 0, Avg:  0.0, Max: 0, Diff: 0, Sum: 0, Workers: 4
[2.339s][debug][gc,phases      ] GC(1)   Weak JFR Old Object Samples    Min:  0.0, Avg:  0.0, Max:  0.0, Diff:  0.0, Sum:  0.0, Workers: 4
[2.339s][debug][gc,phases      ] GC(1)     Dead                           Min: 0, Avg:  0.0, Max: 0, Diff: 0, Sum: 0, Workers: 4
[2.339s][debug][gc,phases      ] GC(1)     Total                          Min: 0, Avg:  0.0, Max: 0, Diff: 0, Sum: 0, Workers: 4
[2.340s][debug][gc,phases      ] GC(1) Weak Processing 0.232ms
[2.340s][debug][gc,phases      ] GC(1) ClassLoaderData 0.012ms
[2.340s][debug][gc,phases      ] GC(1) Trigger cleanups 0.000ms
[2.345s][debug][gc,phases      ] GC(1) Class Unloading 5.253ms
[2.345s][debug][gc,phases      ] GC(1) Report Object Count 0.001ms
[2.345s][info ][gc,phases      ] GC(1) Marking Phase 18.239ms
[2.345s][info ][gc,phases,start] GC(1) Summary Phase
[2.345s][info ][gc,phases      ] GC(1) Summary Phase 0.006ms
[2.345s][info ][gc,phases,start] GC(1) Adjust Roots
[2.349s][info ][gc,phases      ] GC(1) Adjust Roots 4.172ms
[2.349s][info ][gc,phases,start] GC(1) Compaction Phase
[2.374s][info ][gc,phases      ] GC(1) Compaction Phase 25.104ms
[2.374s][info ][gc,phases,start] GC(1) Post Compact
[2.376s][info ][gc,phases      ] GC(1) Post Compact 1.519ms
[2.376s][info ][gc,heap        ] GC(1) PSYoungGen: 36757K(1572864K)->31490K(1572864K) Eden: 0K(1048576K)->0K(1048576K) From: 36757K(524288K)->31490K(524288K)
[2.376s][info ][gc,heap        ] GC(1) ParOldGen: 1062K(6144K)->5998K(6144K)
[2.376s][info ][gc,metaspace   ] GC(1) Metaspace: 21126K(21504K)->21126K(21504K) NonClass: 18754K(18944K)->18754K(18944K) Class: 2372K(2560K)->2372K(2560K)
[2.376s][info ][gc             ] GC(1) Pause Full (Metadata GC Threshold) 36M->36M(1542M) 49.152ms
[2.376s][info ][gc,cpu         ] GC(1) User=0.11s Sys=0.01s Real=0.05s
[2.376s][info ][safepoint      ] Safepoint "CollectForMetadataAllocation", Time since last: 388855824 ns, Reaching safepoint: 4100 ns, Cleanup: 104401 ns, At safepoint: 68338338 ns, Total: 68446839 ns
[2.756s][info ][safepoint      ] Safepoint "ICBufferFull", Time since last: 380204281 ns, Reaching safepoint: 3600 ns, Cleanup: 118901 ns, At safepoint: 6800 ns, Total: 129301 ns
[2.942s][info ][safepoint      ] Safepoint "ICBufferFull", Time since last: 185403817 ns, Reaching safepoint: 3600 ns, Cleanup: 110201 ns, At safepoint: 5000 ns, Total: 118801 ns
[3.055s][info ][safepoint      ] Safepoint "ICBufferFull", Time since last: 113665762 ns, Reaching safepoint: 3600 ns, Cleanup: 108500 ns, At safepoint: 7101 ns, Total: 119201 ns
[3.584s][info ][safepoint      ] Safepoint "ICBufferFull", Time since last: 528425614 ns, Reaching safepoint: 4000 ns, Cleanup: 200201 ns, At safepoint: 2700 ns, Total: 206901 ns
[3.805s][info ][safepoint      ] Safepoint "ICBufferFull", Time since last: 220688792 ns, Reaching safepoint: 3600 ns, Cleanup: 130501 ns, At safepoint: 12800 ns, Total: 146901 ns
[3.983s][info ][safepoint      ] Safepoint "ICBufferFull", Time since last: 177773979 ns, Reaching safepoint: 4800 ns, Cleanup: 149501 ns, At safepoint: 6200 ns, Total: 160501 ns
[4.123s][info ][safepoint      ] Safepoint "ICBufferFull", Time since last: 140511095 ns, Reaching safepoint: 3300 ns, Cleanup: 166101 ns, At safepoint: 1800 ns, Total: 171201 ns
[4.420s][info ][gc,start       ] GC(2) Pause Young (Metadata GC Threshold)
[4.480s][debug][gc,phases      ] GC(2) Scavenge 59.426ms
[4.480s][debug][gc,ref         ] GC(2) ReferenceProcessor::execute queues: 4, RefProcThreadModel::Multi, marks_oops_alive: false
[4.480s][debug][gc,ref         ] GC(2) ReferenceProcessor::execute queues: 4, RefProcThreadModel::Multi, marks_oops_alive: true
[4.484s][debug][gc,ref         ] GC(2) ReferenceProcessor::execute queues: 2, RefProcThreadModel::Multi, marks_oops_alive: false
[4.484s][debug][gc,phases      ] GC(2) Reference Processing 4.459ms
[4.485s][debug][gc,phases      ] GC(2)   VM Weak                        Min:  0.0, Avg:  0.0, Max:  0.0, Diff:  0.0, Sum:  0.0, Workers: 4
[4.485s][debug][gc,phases      ] GC(2)     Dead                           Min: 0, Avg:  0.0, Max: 0, Diff: 0, Sum: 0, Workers: 4
[4.485s][debug][gc,phases      ] GC(2)     Total                          Min: 0, Avg: 79.2, Max: 317, Diff: 317, Sum: 317, Workers: 4
[4.485s][debug][gc,phases      ] GC(2)   ObjectSynchronizer Weak        Min:  0.0, Avg:  0.0, Max:  0.0, Diff:  0.0, Sum:  0.0, Workers: 4
[4.485s][debug][gc,phases      ] GC(2)     Dead                           Min: 0, Avg:  0.0, Max: 0, Diff: 0, Sum: 0, Workers: 4
[4.485s][debug][gc,phases      ] GC(2)     Total                          Min: 0, Avg:  1.5, Max: 6, Diff: 6, Sum: 6, Workers: 4
[4.485s][debug][gc,phases      ] GC(2)   JVMTI Tag Weak OopStorage      Min:  0.0, Avg:  0.0, Max:  0.0, Diff:  0.0, Sum:  0.0, Workers: 4
[4.485s][debug][gc,phases      ] GC(2)     Dead                           Min: 0, Avg:  0.0, Max: 0, Diff: 0, Sum: 0, Workers: 4
[4.485s][debug][gc,phases      ] GC(2)     Total                          Min: 0, Avg:  0.0, Max: 0, Diff: 0, Sum: 0, Workers: 4
[4.485s][debug][gc,phases      ] GC(2)   StringTable Weak               Min:  0.0, Avg:  0.1, Max:  0.4, Diff:  0.4, Sum:  0.4, Workers: 4
[4.485s][debug][gc,phases      ] GC(2)     Dead                           Min: 0, Avg:  2.2, Max: 9, Diff: 9, Sum: 9, Workers: 4
[4.485s][debug][gc,phases      ] GC(2)     Total                          Min: 0, Avg: 3489.2, Max: 13957, Diff: 13957, Sum: 13957, Workers: 4
[4.485s][debug][gc,phases      ] GC(2)   ResolvedMethodTable Weak       Min:  0.0, Avg:  0.0, Max:  0.1, Diff:  0.1, Sum:  0.1, Workers: 4
[4.485s][debug][gc,phases      ] GC(2)     Dead                           Min: 0, Avg: 257.5, Max: 1030, Diff: 1030, Sum: 1030, Workers: 4
[4.485s][debug][gc,phases      ] GC(2)     Total                          Min: 0, Avg: 948.8, Max: 3795, Diff: 3795, Sum: 3795, Workers: 4
[4.485s][debug][gc,phases      ] GC(2)   JNI Weak                       Min:  0.0, Avg:  0.0, Max:  0.0, Diff:  0.0, Sum:  0.0, Workers: 4
[4.485s][debug][gc,phases      ] GC(2)     Dead                           Min: 0, Avg:  0.0, Max: 0, Diff: 0, Sum: 0, Workers: 4
[4.485s][debug][gc,phases      ] GC(2)     Total                          Min: 0, Avg: 12.2, Max: 49, Diff: 49, Sum: 49, Workers: 4
[4.485s][debug][gc,phases      ] GC(2)   StringDedup Table Weak         Min:  0.0, Avg:  0.0, Max:  0.0, Diff:  0.0, Sum:  0.0, Workers: 4
[4.485s][debug][gc,phases      ] GC(2)     Dead                           Min: 0, Avg:  0.0, Max: 0, Diff: 0, Sum: 0, Workers: 4
[4.485s][debug][gc,phases      ] GC(2)     Total                          Min: 0, Avg:  0.0, Max: 0, Diff: 0, Sum: 0, Workers: 4
[4.485s][debug][gc,phases      ] GC(2)   StringDedup Requests0 Weak     Min:  0.0, Avg:  0.0, Max:  0.0, Diff:  0.0, Sum:  0.0, Workers: 4
[4.485s][debug][gc,phases      ] GC(2)     Dead                           Min: 0, Avg:  0.0, Max: 0, Diff: 0, Sum: 0, Workers: 4
[4.485s][debug][gc,phases      ] GC(2)     Total                          Min: 0, Avg:  0.0, Max: 0, Diff: 0, Sum: 0, Workers: 4
[4.485s][debug][gc,phases      ] GC(2)   StringDedup Requests1 Weak     Min:  0.0, Avg:  0.0, Max:  0.0, Diff:  0.0, Sum:  0.0, Workers: 4
[4.485s][debug][gc,phases      ] GC(2)     Dead                           Min: 0, Avg:  0.0, Max: 0, Diff: 0, Sum: 0, Workers: 4
[4.485s][debug][gc,phases      ] GC(2)     Total                          Min: 0, Avg:  0.0, Max: 0, Diff: 0, Sum: 0, Workers: 4
[4.485s][debug][gc,phases      ] GC(2)   Weak JFR Old Object Samples    Min:  0.0, Avg:  0.0, Max:  0.0, Diff:  0.0, Sum:  0.0, Workers: 4
[4.485s][debug][gc,phases      ] GC(2)     Dead                           Min: 0, Avg:  0.0, Max: 0, Diff: 0, Sum: 0, Workers: 4
[4.485s][debug][gc,phases      ] GC(2)     Total                          Min: 0, Avg:  0.0, Max: 0, Diff: 0, Sum: 0, Workers: 4
[4.485s][debug][gc,phases      ] GC(2) Weak Processing 0.775ms
[4.485s][debug][gc,age         ] GC(2) Desired survivor size 536870912 bytes, new threshold 7 (max threshold 15)
[4.485s][info ][gc,heap        ] GC(2) PSYoungGen: 576750K(1572864K)->75798K(1572864K) Eden: 545260K(1048576K)->0K(1048576K) From: 31490K(524288K)->75798K(524288K)
[4.485s][info ][gc,heap        ] GC(2) ParOldGen: 5998K(6144K)->6014K(6144K)
[4.485s][info ][gc,metaspace   ] GC(2) Metaspace: 35347K(35840K)->35347K(35840K) NonClass: 30968K(31232K)->30968K(31232K) Class: 4378K(4608K)->4378K(4608K)
[4.485s][info ][gc             ] GC(2) Pause Young (Metadata GC Threshold) 569M->79M(1542M) 64.803ms
[4.485s][info ][gc,cpu         ] GC(2) User=0.12s Sys=0.03s Real=0.06s
[4.485s][debug][gc,phases      ] GC(3) Pre Compact 0.013ms
[4.485s][info ][gc,start       ] GC(3) Pause Full (Metadata GC Threshold)
[4.485s][info ][gc,phases,start] GC(3) Marking Phase
[4.519s][debug][gc,phases      ] GC(3) Par Mark 34.214ms
[4.520s][debug][gc,ref         ] GC(3) ReferenceProcessor::execute queues: 2, RefProcThreadModel::Multi, marks_oops_alive: false
[4.520s][debug][gc,ref         ] GC(3) ReferenceProcessor::execute queues: 4, RefProcThreadModel::Multi, marks_oops_alive: true
[4.520s][debug][gc,ref         ] GC(3) ReferenceProcessor::execute queues: 1, RefProcThreadModel::Single, marks_oops_alive: false
[4.520s][debug][gc,phases      ] GC(3) Reference Processing 0.309ms
[4.520s][debug][gc,phases      ] GC(3)   VM Weak                        Min:  0.0, Avg:  0.0, Max:  0.0, Diff:  0.0, Sum:  0.0, Workers: 4
[4.520s][debug][gc,phases      ] GC(3)     Dead                           Min: 0, Avg:  0.0, Max: 0, Diff: 0, Sum: 0, Workers: 4
[4.520s][debug][gc,phases      ] GC(3)     Total                          Min: 0, Avg: 79.2, Max: 256, Diff: 256, Sum: 317, Workers: 4
[4.520s][debug][gc,phases      ] GC(3)   ObjectSynchronizer Weak        Min:  0.0, Avg:  0.0, Max:  0.0, Diff:  0.0, Sum:  0.0, Workers: 4
[4.520s][debug][gc,phases      ] GC(3)     Dead                           Min: 0, Avg:  0.0, Max: 0, Diff: 0, Sum: 0, Workers: 4
[4.520s][debug][gc,phases      ] GC(3)     Total                          Min: 0, Avg:  1.5, Max: 6, Diff: 6, Sum: 6, Workers: 4
[4.520s][debug][gc,phases      ] GC(3)   JVMTI Tag Weak OopStorage      Min:  0.0, Avg:  0.0, Max:  0.0, Diff:  0.0, Sum:  0.0, Workers: 4
[4.520s][debug][gc,phases      ] GC(3)     Dead                           Min: 0, Avg:  0.0, Max: 0, Diff: 0, Sum: 0, Workers: 4
[4.520s][debug][gc,phases      ] GC(3)     Total                          Min: 0, Avg:  0.0, Max: 0, Diff: 0, Sum: 0, Workers: 4
[4.520s][debug][gc,phases      ] GC(3)   StringTable Weak               Min:  0.0, Avg:  0.0, Max:  0.0, Diff:  0.0, Sum:  0.2, Workers: 4
[4.520s][debug][gc,phases      ] GC(3)     Dead                           Min: 0, Avg:  0.0, Max: 0, Diff: 0, Sum: 0, Workers: 4
[4.520s][debug][gc,phases      ] GC(3)     Total                          Min: 3333, Avg: 3489.2, Max: 3584, Diff: 251, Sum: 13957, Workers: 4
[4.520s][debug][gc,phases      ] GC(3)   ResolvedMethodTable Weak       Min:  0.0, Avg:  0.0, Max:  0.0, Diff:  0.0, Sum:  0.0, Workers: 4
[4.520s][debug][gc,phases      ] GC(3)     Dead                           Min: 0, Avg:  0.0, Max: 0, Diff: 0, Sum: 0, Workers: 4
[4.520s][debug][gc,phases      ] GC(3)     Total                          Min: 896, Avg: 948.8, Max: 979, Diff: 83, Sum: 3795, Workers: 4
[4.520s][debug][gc,phases      ] GC(3)   JNI Weak                       Min:  0.0, Avg:  0.0, Max:  0.0, Diff:  0.0, Sum:  0.0, Workers: 4
[4.520s][debug][gc,phases      ] GC(3)     Dead                           Min: 0, Avg:  0.0, Max: 0, Diff: 0, Sum: 0, Workers: 4
[4.520s][debug][gc,phases      ] GC(3)     Total                          Min: 0, Avg: 12.2, Max: 48, Diff: 48, Sum: 49, Workers: 4
[4.520s][debug][gc,phases      ] GC(3)   StringDedup Table Weak         Min:  0.0, Avg:  0.0, Max:  0.0, Diff:  0.0, Sum:  0.0, Workers: 4
[4.520s][debug][gc,phases      ] GC(3)     Dead                           Min: 0, Avg:  0.0, Max: 0, Diff: 0, Sum: 0, Workers: 4
[4.520s][debug][gc,phases      ] GC(3)     Total                          Min: 0, Avg:  0.0, Max: 0, Diff: 0, Sum: 0, Workers: 4
[4.520s][debug][gc,phases      ] GC(3)   StringDedup Requests0 Weak     Min:  0.0, Avg:  0.0, Max:  0.0, Diff:  0.0, Sum:  0.0, Workers: 4
[4.520s][debug][gc,phases      ] GC(3)     Dead                           Min: 0, Avg:  0.0, Max: 0, Diff: 0, Sum: 0, Workers: 4
[4.520s][debug][gc,phases      ] GC(3)     Total                          Min: 0, Avg:  0.0, Max: 0, Diff: 0, Sum: 0, Workers: 4
[4.520s][debug][gc,phases      ] GC(3)   StringDedup Requests1 Weak     Min:  0.0, Avg:  0.0, Max:  0.0, Diff:  0.0, Sum:  0.0, Workers: 4
[4.520s][debug][gc,phases      ] GC(3)     Dead                           Min: 0, Avg:  0.0, Max: 0, Diff: 0, Sum: 0, Workers: 4
[4.520s][debug][gc,phases      ] GC(3)     Total                          Min: 0, Avg:  0.0, Max: 0, Diff: 0, Sum: 0, Workers: 4
[4.520s][debug][gc,phases      ] GC(3)   Weak JFR Old Object Samples    Min:  0.0, Avg:  0.0, Max:  0.0, Diff:  0.0, Sum:  0.0, Workers: 4
[4.520s][debug][gc,phases      ] GC(3)     Dead                           Min: 0, Avg:  0.0, Max: 0, Diff: 0, Sum: 0, Workers: 4
[4.520s][debug][gc,phases      ] GC(3)     Total                          Min: 0, Avg:  0.0, Max: 0, Diff: 0, Sum: 0, Workers: 4
[4.520s][debug][gc,phases      ] GC(3) Weak Processing 0.268ms
[4.520s][debug][gc,phases      ] GC(3) ClassLoaderData 0.038ms
[4.520s][debug][gc,phases      ] GC(3) Trigger cleanups 0.000ms
[4.529s][debug][gc,phases      ] GC(3) Class Unloading 8.527ms
[4.529s][debug][gc,phases      ] GC(3) Report Object Count 0.001ms
[4.529s][info ][gc,phases      ] GC(3) Marking Phase 43.393ms
[4.529s][info ][gc,phases,start] GC(3) Summary Phase
[4.529s][info ][gc,phases      ] GC(3) Summary Phase 0.006ms
[4.529s][info ][gc,phases,start] GC(3) Adjust Roots
[4.534s][info ][gc,phases      ] GC(3) Adjust Roots 5.598ms
[4.534s][info ][gc,phases,start] GC(3) Compaction Phase
[4.809s][info ][gc,phases      ] GC(3) Compaction Phase 274.890ms
[4.809s][info ][gc,phases,start] GC(3) Post Compact
[4.811s][info ][gc,phases      ] GC(3) Post Compact 1.993ms
[4.811s][info ][gc,heap        ] GC(3) PSYoungGen: 75798K(1572864K)->75629K(1572864K) Eden: 0K(1048576K)->0K(1048576K) From: 75798K(524288K)->75629K(524288K)
[4.811s][info ][gc,heap        ] GC(3) ParOldGen: 6014K(6144K)->5962K(6144K)
[4.811s][info ][gc,metaspace   ] GC(3) Metaspace: 35347K(35840K)->35347K(35840K) NonClass: 30968K(31232K)->30968K(31232K) Class: 4378K(4608K)->4378K(4608K)
[4.811s][info ][gc             ] GC(3) Pause Full (Metadata GC Threshold) 79M->79M(1542M) 325.989ms
[4.811s][info ][gc,cpu         ] GC(3) User=0.67s Sys=0.01s Real=0.32s
[4.811s][info ][safepoint      ] Safepoint "CollectForMetadataAllocation", Time since last: 296533267 ns, Reaching safepoint: 3200 ns, Cleanup: 116101 ns, At safepoint: 391057435 ns, Total: 391176736 ns
[5.069s][info ][safepoint      ] Safepoint "ICBufferFull", Time since last: 257960276 ns, Reaching safepoint: 4500 ns, Cleanup: 162601 ns, At safepoint: 7200 ns, Total: 174301 ns
[5.385s][info ][safepoint      ] Safepoint "ICBufferFull", Time since last: 315545161 ns, Reaching safepoint: 3500 ns, Cleanup: 121201 ns, At safepoint: 2300 ns, Total: 127001 ns
[5.538s][info ][safepoint      ] Safepoint "ICBufferFull", Time since last: 152402854 ns, Reaching safepoint: 3500 ns, Cleanup: 125600 ns, At safepoint: 1600 ns, Total: 130700 ns
[5.736s][info ][safepoint      ] Safepoint "ICBufferFull", Time since last: 198463282 ns, Reaching safepoint: 3100 ns, Cleanup: 144101 ns, At safepoint: 5400 ns, Total: 152601 ns
[6.147s][info ][safepoint      ] Safepoint "ICBufferFull", Time since last: 410411931 ns, Reaching safepoint: 4200 ns, Cleanup: 141800 ns, At safepoint: 8500 ns, Total: 154500 ns
[6.733s][info ][safepoint      ] Safepoint "ICBufferFull", Time since last: 586318133 ns, Reaching safepoint: 3600 ns, Cleanup: 152800 ns, At safepoint: 2500 ns, Total: 158900 ns
[6.763s][info ][gc,start       ] GC(4) Pause Young (Metadata GC Threshold)
[6.821s][debug][gc,phases      ] GC(4) Scavenge 57.657ms
[6.821s][debug][gc,ref         ] GC(4) ReferenceProcessor::execute queues: 4, RefProcThreadModel::Multi, marks_oops_alive: false
[6.821s][debug][gc,ref         ] GC(4) Skipped KeepAliveFinalRefsPhase of Reference Processing: no references
[6.821s][debug][gc,ref         ] GC(4) ReferenceProcessor::execute queues: 4, RefProcThreadModel::Multi, marks_oops_alive: false
[6.822s][debug][gc,phases      ] GC(4) Reference Processing 0.856ms
[6.822s][debug][gc,phases      ] GC(4)   VM Weak                        Min:  0.0, Avg:  0.0, Max:  0.0, Diff:  0.0, Sum:  0.0, Workers: 4
[6.822s][debug][gc,phases      ] GC(4)     Dead                           Min: 0, Avg:  0.0, Max: 0, Diff: 0, Sum: 0, Workers: 4
[6.822s][debug][gc,phases      ] GC(4)     Total                          Min: 0, Avg: 141.8, Max: 256, Diff: 256, Sum: 567, Workers: 4
[6.822s][debug][gc,phases      ] GC(4)   ObjectSynchronizer Weak        Min:  0.0, Avg:  0.0, Max:  0.0, Diff:  0.0, Sum:  0.0, Workers: 4
[6.822s][debug][gc,phases      ] GC(4)     Dead                           Min: 0, Avg:  0.2, Max: 1, Diff: 1, Sum: 1, Workers: 4
[6.822s][debug][gc,phases      ] GC(4)     Total                          Min: 0, Avg:  2.0, Max: 8, Diff: 8, Sum: 8, Workers: 4
[6.822s][debug][gc,phases      ] GC(4)   JVMTI Tag Weak OopStorage      Min:  0.0, Avg:  0.0, Max:  0.0, Diff:  0.0, Sum:  0.0, Workers: 4
[6.822s][debug][gc,phases      ] GC(4)     Dead                           Min: 0, Avg:  0.0, Max: 0, Diff: 0, Sum: 0, Workers: 4
[6.822s][debug][gc,phases      ] GC(4)     Total                          Min: 0, Avg:  0.0, Max: 0, Diff: 0, Sum: 0, Workers: 4
[6.822s][debug][gc,phases      ] GC(4)   StringTable Weak               Min:  0.2, Avg:  0.2, Max:  0.2, Diff:  0.0, Sum:  0.9, Workers: 4
[6.822s][debug][gc,phases      ] GC(4)     Dead                           Min: 1, Avg:  4.2, Max: 8, Diff: 7, Sum: 17, Workers: 4
[6.822s][debug][gc,phases      ] GC(4)     Total                          Min: 8512, Avg: 8811.0, Max: 9088, Diff: 576, Sum: 35244, Workers: 4
[6.822s][debug][gc,phases      ] GC(4)   ResolvedMethodTable Weak       Min:  0.1, Avg:  0.1, Max:  0.1, Diff:  0.0, Sum:  0.4, Workers: 4
[6.822s][debug][gc,phases      ] GC(4)     Dead                           Min: 817, Avg: 896.0, Max: 1037, Diff: 220, Sum: 3584, Workers: 4
[6.822s][debug][gc,phases      ] GC(4)     Total                          Min: 2624, Avg: 2675.5, Max: 2766, Diff: 142, Sum: 10702, Workers: 4
[6.822s][debug][gc,phases      ] GC(4)   JNI Weak                       Min:  0.0, Avg:  0.0, Max:  0.0, Diff:  0.0, Sum:  0.0, Workers: 4
[6.822s][debug][gc,phases      ] GC(4)     Dead                           Min: 0, Avg:  0.0, Max: 0, Diff: 0, Sum: 0, Workers: 4
[6.822s][debug][gc,phases      ] GC(4)     Total                          Min: 0, Avg: 12.0, Max: 48, Diff: 48, Sum: 48, Workers: 4
[6.822s][debug][gc,phases      ] GC(4)   StringDedup Table Weak         Min:  0.0, Avg:  0.0, Max:  0.0, Diff:  0.0, Sum:  0.0, Workers: 4
[6.822s][debug][gc,phases      ] GC(4)     Dead                           Min: 0, Avg:  0.0, Max: 0, Diff: 0, Sum: 0, Workers: 4
[6.822s][debug][gc,phases      ] GC(4)     Total                          Min: 0, Avg:  0.0, Max: 0, Diff: 0, Sum: 0, Workers: 4
[6.822s][debug][gc,phases      ] GC(4)   StringDedup Requests0 Weak     Min:  0.0, Avg:  0.0, Max:  0.0, Diff:  0.0, Sum:  0.0, Workers: 4
[6.822s][debug][gc,phases      ] GC(4)     Dead                           Min: 0, Avg:  0.0, Max: 0, Diff: 0, Sum: 0, Workers: 4
[6.822s][debug][gc,phases      ] GC(4)     Total                          Min: 0, Avg:  0.0, Max: 0, Diff: 0, Sum: 0, Workers: 4
[6.822s][debug][gc,phases      ] GC(4)   StringDedup Requests1 Weak     Min:  0.0, Avg:  0.0, Max:  0.0, Diff:  0.0, Sum:  0.0, Workers: 4
[6.822s][debug][gc,phases      ] GC(4)     Dead                           Min: 0, Avg:  0.0, Max: 0, Diff: 0, Sum: 0, Workers: 4
[6.822s][debug][gc,phases      ] GC(4)     Total                          Min: 0, Avg:  0.0, Max: 0, Diff: 0, Sum: 0, Workers: 4
[6.822s][debug][gc,phases      ] GC(4)   Weak JFR Old Object Samples    Min:  0.0, Avg:  0.0, Max:  0.0, Diff:  0.0, Sum:  0.0, Workers: 4
[6.822s][debug][gc,phases      ] GC(4)     Dead                           Min: 0, Avg:  0.0, Max: 0, Diff: 0, Sum: 0, Workers: 4
[6.822s][debug][gc,phases      ] GC(4)     Total                          Min: 0, Avg:  0.0, Max: 0, Diff: 0, Sum: 0, Workers: 4
[6.822s][debug][gc,phases      ] GC(4) Weak Processing 0.551ms
[6.822s][debug][gc,age         ] GC(4) Desired survivor size 536870912 bytes, new threshold 7 (max threshold 15)
[6.822s][info ][gc,heap        ] GC(4) PSYoungGen: 411439K(1572864K)->111628K(1572864K) Eden: 335810K(1048576K)->0K(1048576K) From: 75629K(524288K)->111628K(524288K)
[6.822s][info ][gc,heap        ] GC(4) ParOldGen: 5962K(6144K)->5986K(6144K)
[6.822s][info ][gc,metaspace   ] GC(4) Metaspace: 59005K(59776K)->59005K(59776K) NonClass: 49914K(50304K)->49914K(50304K) Class: 9091K(9472K)->9091K(9472K)
[6.822s][info ][gc             ] GC(4) Pause Young (Metadata GC Threshold) 407M->114M(1542M) 59.178ms
[6.822s][info ][gc,cpu         ] GC(4) User=0.13s Sys=0.08s Real=0.06s
[6.822s][debug][gc,phases      ] GC(5) Pre Compact 0.008ms
[6.822s][info ][gc,start       ] GC(5) Pause Full (Metadata GC Threshold)
[6.822s][info ][gc,phases,start] GC(5) Marking Phase
[6.872s][debug][gc,phases      ] GC(5) Par Mark 49.290ms
[6.872s][debug][gc,ref         ] GC(5) ReferenceProcessor::execute queues: 4, RefProcThreadModel::Multi, marks_oops_alive: false
[6.872s][debug][gc,ref         ] GC(5) Skipped KeepAliveFinalRefsPhase of Reference Processing: no references
[6.872s][debug][gc,ref         ] GC(5) ReferenceProcessor::execute queues: 1, RefProcThreadModel::Single, marks_oops_alive: false
[6.872s][debug][gc,phases      ] GC(5) Reference Processing 0.301ms
[6.872s][debug][gc,phases      ] GC(5)   VM Weak                        Min:  0.0, Avg:  0.0, Max:  0.0, Diff:  0.0, Sum:  0.0, Workers: 4
[6.872s][debug][gc,phases      ] GC(5)     Dead                           Min: 0, Avg:  0.0, Max: 0, Diff: 0, Sum: 0, Workers: 4
[6.872s][debug][gc,phases      ] GC(5)     Total                          Min: 55, Avg: 141.8, Max: 320, Diff: 265, Sum: 567, Workers: 4
[6.872s][debug][gc,phases      ] GC(5)   ObjectSynchronizer Weak        Min:  0.0, Avg:  0.0, Max:  0.0, Diff:  0.0, Sum:  0.0, Workers: 4
[6.872s][debug][gc,phases      ] GC(5)     Dead                           Min: 0, Avg:  0.0, Max: 0, Diff: 0, Sum: 0, Workers: 4
[6.872s][debug][gc,phases      ] GC(5)     Total                          Min: 0, Avg:  2.0, Max: 8, Diff: 8, Sum: 8, Workers: 4
[6.872s][debug][gc,phases      ] GC(5)   JVMTI Tag Weak OopStorage      Min:  0.0, Avg:  0.0, Max:  0.0, Diff:  0.0, Sum:  0.0, Workers: 4
[6.872s][debug][gc,phases      ] GC(5)     Dead                           Min: 0, Avg:  0.0, Max: 0, Diff: 0, Sum: 0, Workers: 4
[6.872s][debug][gc,phases      ] GC(5)     Total                          Min: 0, Avg:  0.0, Max: 0, Diff: 0, Sum: 0, Workers: 4
[6.872s][debug][gc,phases      ] GC(5)   StringTable Weak               Min:  0.1, Avg:  0.1, Max:  0.1, Diff:  0.0, Sum:  0.5, Workers: 4
[6.872s][debug][gc,phases      ] GC(5)     Dead                           Min: 0, Avg:  0.0, Max: 0, Diff: 0, Sum: 0, Workers: 4
[6.872s][debug][gc,phases      ] GC(5)     Total                          Min: 7808, Avg: 8811.0, Max: 10156, Diff: 2348, Sum: 35244, Workers: 4
[6.872s][debug][gc,phases      ] GC(5)   ResolvedMethodTable Weak       Min:  0.0, Avg:  0.0, Max:  0.0, Diff:  0.0, Sum:  0.1, Workers: 4
[6.872s][debug][gc,phases      ] GC(5)     Dead                           Min: 0, Avg:  0.0, Max: 0, Diff: 0, Sum: 0, Workers: 4
[6.872s][debug][gc,phases      ] GC(5)     Total                          Min: 2510, Avg: 2675.5, Max: 2880, Diff: 370, Sum: 10702, Workers: 4
[6.872s][debug][gc,phases      ] GC(5)   JNI Weak                       Min:  0.0, Avg:  0.0, Max:  0.0, Diff:  0.0, Sum:  0.0, Workers: 4
[6.872s][debug][gc,phases      ] GC(5)     Dead                           Min: 0, Avg:  0.0, Max: 0, Diff: 0, Sum: 0, Workers: 4
[6.872s][debug][gc,phases      ] GC(5)     Total                          Min: 0, Avg: 12.0, Max: 48, Diff: 48, Sum: 48, Workers: 4
[6.872s][debug][gc,phases      ] GC(5)   StringDedup Table Weak         Min:  0.0, Avg:  0.0, Max:  0.0, Diff:  0.0, Sum:  0.0, Workers: 4
[6.872s][debug][gc,phases      ] GC(5)     Dead                           Min: 0, Avg:  0.0, Max: 0, Diff: 0, Sum: 0, Workers: 4
[6.872s][debug][gc,phases      ] GC(5)     Total                          Min: 0, Avg:  0.0, Max: 0, Diff: 0, Sum: 0, Workers: 4
[6.872s][debug][gc,phases      ] GC(5)   StringDedup Requests0 Weak     Min:  0.0, Avg:  0.0, Max:  0.0, Diff:  0.0, Sum:  0.0, Workers: 4
[6.872s][debug][gc,phases      ] GC(5)     Dead                           Min: 0, Avg:  0.0, Max: 0, Diff: 0, Sum: 0, Workers: 4
[6.872s][debug][gc,phases      ] GC(5)     Total                          Min: 0, Avg:  0.0, Max: 0, Diff: 0, Sum: 0, Workers: 4
[6.872s][debug][gc,phases      ] GC(5)   StringDedup Requests1 Weak     Min:  0.0, Avg:  0.0, Max:  0.0, Diff:  0.0, Sum:  0.0, Workers: 4
[6.872s][debug][gc,phases      ] GC(5)     Dead                           Min: 0, Avg:  0.0, Max: 0, Diff: 0, Sum: 0, Workers: 4
[6.872s][debug][gc,phases      ] GC(5)     Total                          Min: 0, Avg:  0.0, Max: 0, Diff: 0, Sum: 0, Workers: 4
[6.872s][debug][gc,phases      ] GC(5)   Weak JFR Old Object Samples    Min:  0.0, Avg:  0.0, Max:  0.0, Diff:  0.0, Sum:  0.0, Workers: 4
[6.872s][debug][gc,phases      ] GC(5)     Dead                           Min: 0, Avg:  0.0, Max: 0, Diff: 0, Sum: 0, Workers: 4
[6.872s][debug][gc,phases      ] GC(5)     Total                          Min: 0, Avg:  0.0, Max: 0, Diff: 0, Sum: 0, Workers: 4
[6.872s][debug][gc,phases      ] GC(5) Weak Processing 0.360ms
[6.872s][debug][gc,phases      ] GC(5) ClassLoaderData 0.071ms
[6.872s][debug][gc,phases      ] GC(5) Trigger cleanups 0.000ms
[6.882s][debug][gc,phases      ] GC(5) Class Unloading 9.571ms
[6.882s][debug][gc,phases      ] GC(5) Report Object Count 0.001ms
[6.882s][info ][gc,phases      ] GC(5) Marking Phase 59.598ms
[6.882s][info ][gc,phases,start] GC(5) Summary Phase
[6.882s][info ][gc,phases      ] GC(5) Summary Phase 0.007ms
[6.882s][info ][gc,phases,start] GC(5) Adjust Roots
[6.889s][info ][gc,phases      ] GC(5) Adjust Roots 7.563ms
[6.889s][info ][gc,phases,start] GC(5) Compaction Phase
[7.357s][info ][gc,phases      ] GC(5) Compaction Phase 467.945ms
[7.357s][info ][gc,phases,start] GC(5) Post Compact
[7.358s][info ][gc,phases      ] GC(5) Post Compact 0.950ms
[7.358s][info ][gc,heap        ] GC(5) PSYoungGen: 111628K(1572864K)->111368K(1572864K) Eden: 0K(1048576K)->0K(1048576K) From: 111628K(524288K)->111368K(524288K)
[7.358s][info ][gc,heap        ] GC(5) ParOldGen: 5986K(6144K)->5924K(6144K)
[7.358s][info ][gc,metaspace   ] GC(5) Metaspace: 59005K(59776K)->59005K(59776K) NonClass: 49914K(50304K)->49914K(50304K) Class: 9091K(9472K)->9091K(9472K)
[7.358s][info ][gc             ] GC(5) Pause Full (Metadata GC Threshold) 114M->114M(1542M) 536.172ms
[7.358s][info ][gc,cpu         ] GC(5) User=1.06s Sys=0.02s Real=0.53s
[7.358s][info ][safepoint      ] Safepoint "CollectForMetadataAllocation", Time since last: 29690100 ns, Reaching safepoint: 76700 ns, Cleanup: 13800 ns, At safepoint: 595474201 ns, Total: 595564701 ns
[7.608s][info ][safepoint      ] Safepoint "ICBufferFull", Time since last: 249223037 ns, Reaching safepoint: 150801 ns, Cleanup: 160800 ns, At safepoint: 8200 ns, Total: 319801 ns
[7.711s][info ][safepoint      ] Safepoint "ICBufferFull", Time since last: 103330547 ns, Reaching safepoint: 2600 ns, Cleanup: 123401 ns, At safepoint: 1800 ns, Total: 127801 ns
[7.800s][info ][safepoint      ] Safepoint "ICBufferFull", Time since last: 88638098 ns, Reaching safepoint: 4200 ns, Cleanup: 116100 ns, At safepoint: 8200 ns, Total: 128500 ns
[7.929s][info ][safepoint      ] Safepoint "ICBufferFull", Time since last: 128921433 ns, Reaching safepoint: 4100 ns, Cleanup: 124901 ns, At safepoint: 2000 ns, Total: 131001 ns
[8.224s][info ][safepoint      ] Safepoint "ICBufferFull", Time since last: 295022091 ns, Reaching safepoint: 3600 ns, Cleanup: 127200 ns, At safepoint: 1700 ns, Total: 132500 ns
[8.457s][info ][safepoint      ] Safepoint "ICBufferFull", Time since last: 232327181 ns, Reaching safepoint: 4400 ns, Cleanup: 141400 ns, At safepoint: 4500 ns, Total: 150300 ns
[8.845s][info ][safepoint      ] Safepoint "ICBufferFull", Time since last: 388273705 ns, Reaching safepoint: 4700 ns, Cleanup: 156801 ns, At safepoint: 2100 ns, Total: 163601 ns
[8.988s][info ][safepoint      ] Safepoint "ICBufferFull", Time since last: 142296678 ns, Reaching safepoint: 4500 ns, Cleanup: 122600 ns, At safepoint: 5500 ns, Total: 132600 ns
[9.472s][info ][safepoint      ] Safepoint "ICBufferFull", Time since last: 484196527 ns, Reaching safepoint: 4200 ns, Cleanup: 131200 ns, At safepoint: 1600 ns, Total: 137000 ns
[9.929s][info ][safepoint      ] Safepoint "ICBufferFull", Time since last: 456703852 ns, Reaching safepoint: 78100 ns, Cleanup: 125601 ns, At safepoint: 7800 ns, Total: 211501 ns
[10.977s][info ][safepoint      ] Safepoint "Cleanup", Time since last: 1047760581 ns, Reaching safepoint: 76001 ns, Cleanup: 128600 ns, At safepoint: 10800 ns, Total: 215401 ns
[12.940s][info ][safepoint      ] Safepoint "Cleanup", Time since last: 1962835920 ns, Reaching safepoint: 3300 ns, Cleanup: 31100 ns, At safepoint: 1700 ns, Total: 36100 ns
[13.184s][info ][safepoint      ] Safepoint "ICBufferFull", Time since last: 244134284 ns, Reaching safepoint: 5400 ns, Cleanup: 139601 ns, At safepoint: 2800 ns, Total: 147801 ns
[13.442s][info ][safepoint      ] Safepoint "ICBufferFull", Time since last: 257739050 ns, Reaching safepoint: 4500 ns, Cleanup: 114900 ns, At safepoint: 5700 ns, Total: 125100 ns
[13.444s][info ][safepoint      ] Safepoint "ICBufferFull", Time since last: 1530208 ns, Reaching safepoint: 77700 ns, Cleanup: 4700 ns, At safepoint: 5900 ns, Total: 88300 ns
[13.444s][info ][safepoint      ] Safepoint "ICBufferFull", Time since last: 317901 ns, Reaching safepoint: 2101 ns, Cleanup: 3800 ns, At safepoint: 1600 ns, Total: 7501 ns
[13.576s][info ][safepoint      ] Safepoint "ICBufferFull", Time since last: 131638538 ns, Reaching safepoint: 5400 ns, Cleanup: 149401 ns, At safepoint: 8000 ns, Total: 162801 ns
[14.576s][info ][safepoint      ] Safepoint "Cleanup", Time since last: 1000086151 ns, Reaching safepoint: 5600 ns, Cleanup: 115001 ns, At safepoint: 2300 ns, Total: 122901 ns
[15.576s][info ][safepoint      ] Safepoint "Cleanup", Time since last: 1000095256 ns, Reaching safepoint: 5800 ns, Cleanup: 27100 ns, At safepoint: 1700 ns, Total: 34600 ns
[16.576s][info ][safepoint      ] Safepoint "Cleanup", Time since last: 1000130756 ns, Reaching safepoint: 77901 ns, Cleanup: 88800 ns, At safepoint: 8300 ns, Total: 175001 ns
[17.487s][info ][safepoint      ] Safepoint "ICBufferFull", Time since last: 910639295 ns, Reaching safepoint: 82801 ns, Cleanup: 137200 ns, At safepoint: 8700 ns, Total: 228701 ns
[17.606s][info ][safepoint      ] Safepoint "ICBufferFull", Time since last: 118052209 ns, Reaching safepoint: 79901 ns, Cleanup: 125800 ns, At safepoint: 13100 ns, Total: 218801 ns
[17.784s][info ][safepoint      ] Safepoint "ICBufferFull", Time since last: 178382020 ns, Reaching safepoint: 5200 ns, Cleanup: 161701 ns, At safepoint: 7700 ns, Total: 174601 ns
[18.013s][info ][safepoint      ] Safepoint "ICBufferFull", Time since last: 229107281 ns, Reaching safepoint: 82400 ns, Cleanup: 137601 ns, At safepoint: 7700 ns, Total: 227701 ns
[18.214s][info ][safepoint      ] Safepoint "ICBufferFull", Time since last: 200238133 ns, Reaching safepoint: 79100 ns, Cleanup: 145901 ns, At safepoint: 8000 ns, Total: 233001 ns
[18.442s][info ][safepoint      ] Safepoint "ICBufferFull", Time since last: 227642373 ns, Reaching safepoint: 80901 ns, Cleanup: 159501 ns, At safepoint: 9000 ns, Total: 249402 ns
[18.542s][info ][safepoint      ] Safepoint "ICBufferFull", Time since last: 99893115 ns, Reaching safepoint: 81700 ns, Cleanup: 131601 ns, At safepoint: 9400 ns, Total: 222701 ns
[18.675s][info ][safepoint      ] Safepoint "ICBufferFull", Time since last: 133379688 ns, Reaching safepoint: 5300 ns, Cleanup: 143100 ns, At safepoint: 1900 ns, Total: 150300 ns
[18.746s][info ][gc,start       ] GC(6) Pause Young (Allocation Failure)
[18.827s][debug][gc,phases      ] GC(6) Scavenge 81.392ms
[18.828s][debug][gc,ref         ] GC(6) ReferenceProcessor::execute queues: 4, RefProcThreadModel::Multi, marks_oops_alive: false
[18.832s][debug][gc,ref         ] GC(6) Skipped KeepAliveFinalRefsPhase of Reference Processing: no references
[18.832s][debug][gc,ref         ] GC(6) ReferenceProcessor::execute queues: 4, RefProcThreadModel::Multi, marks_oops_alive: false
[18.832s][debug][gc,phases      ] GC(6) Reference Processing 4.440ms
[18.832s][debug][gc,phases      ] GC(6)   VM Weak                        Min:  0.0, Avg:  0.0, Max:  0.0, Diff:  0.0, Sum:  0.0, Workers: 4
[18.832s][debug][gc,phases      ] GC(6)     Dead                           Min: 0, Avg:  0.0, Max: 0, Diff: 0, Sum: 0, Workers: 4
[18.832s][debug][gc,phases      ] GC(6)     Total                          Min: 0, Avg: 209.2, Max: 645, Diff: 645, Sum: 837, Workers: 4
[18.832s][debug][gc,phases      ] GC(6)   ObjectSynchronizer Weak        Min:  0.0, Avg:  0.0, Max:  0.0, Diff:  0.0, Sum:  0.0, Workers: 4
[18.832s][debug][gc,phases      ] GC(6)     Dead                           Min: 0, Avg:  1.5, Max: 6, Diff: 6, Sum: 6, Workers: 4
[18.832s][debug][gc,phases      ] GC(6)     Total                          Min: 0, Avg:  6.8, Max: 27, Diff: 27, Sum: 27, Workers: 4
[18.832s][debug][gc,phases      ] GC(6)   JVMTI Tag Weak OopStorage      Min:  0.0, Avg:  0.0, Max:  0.0, Diff:  0.0, Sum:  0.0, Workers: 4
[18.832s][debug][gc,phases      ] GC(6)     Dead                           Min: 0, Avg:  0.0, Max: 0, Diff: 0, Sum: 0, Workers: 4
[18.832s][debug][gc,phases      ] GC(6)     Total                          Min: 0, Avg:  0.0, Max: 0, Diff: 0, Sum: 0, Workers: 4
[18.832s][debug][gc,phases      ] GC(6)   StringTable Weak               Min:  0.3, Avg:  0.3, Max:  0.3, Diff:  0.0, Sum:  1.2, Workers: 4
[18.832s][debug][gc,phases      ] GC(6)     Dead                           Min: 4, Avg:  7.0, Max: 10, Diff: 6, Sum: 28, Workers: 4
[18.832s][debug][gc,phases      ] GC(6)     Total                          Min: 9203, Avg: 11452.5, Max: 12479, Diff: 3276, Sum: 45810, Workers: 4
[18.832s][debug][gc,phases      ] GC(6)   ResolvedMethodTable Weak       Min:  0.1, Avg:  0.1, Max:  0.1, Diff:  0.0, Sum:  0.5, Workers: 4
[18.832s][debug][gc,phases      ] GC(6)     Dead                           Min: 602, Avg: 704.5, Max: 801, Diff: 199, Sum: 2818, Workers: 4
[18.832s][debug][gc,phases      ] GC(6)     Total                          Min: 3584, Avg: 3626.2, Max: 3712, Diff: 128, Sum: 14505, Workers: 4
[18.832s][debug][gc,phases      ] GC(6)   JNI Weak                       Min:  0.0, Avg:  0.0, Max:  0.0, Diff:  0.0, Sum:  0.0, Workers: 4
[18.832s][debug][gc,phases      ] GC(6)     Dead                           Min: 0, Avg:  0.0, Max: 0, Diff: 0, Sum: 0, Workers: 4
[18.832s][debug][gc,phases      ] GC(6)     Total                          Min: 0, Avg: 27.8, Max: 60, Diff: 60, Sum: 111, Workers: 4
[18.832s][debug][gc,phases      ] GC(6)   StringDedup Table Weak         Min:  0.0, Avg:  0.0, Max:  0.0, Diff:  0.0, Sum:  0.0, Workers: 4
[18.832s][debug][gc,phases      ] GC(6)     Dead                           Min: 0, Avg:  0.0, Max: 0, Diff: 0, Sum: 0, Workers: 4
[18.832s][debug][gc,phases      ] GC(6)     Total                          Min: 0, Avg:  0.0, Max: 0, Diff: 0, Sum: 0, Workers: 4
[18.833s][debug][gc,phases      ] GC(6)   StringDedup Requests0 Weak     Min:  0.0, Avg:  0.0, Max:  0.0, Diff:  0.0, Sum:  0.0, Workers: 4
[18.833s][debug][gc,phases      ] GC(6)     Dead                           Min: 0, Avg:  0.0, Max: 0, Diff: 0, Sum: 0, Workers: 4
[18.833s][debug][gc,phases      ] GC(6)     Total                          Min: 0, Avg:  0.0, Max: 0, Diff: 0, Sum: 0, Workers: 4
[18.833s][debug][gc,phases      ] GC(6)   StringDedup Requests1 Weak     Min:  0.0, Avg:  0.0, Max:  0.0, Diff:  0.0, Sum:  0.0, Workers: 4
[18.833s][debug][gc,phases      ] GC(6)     Dead                           Min: 0, Avg:  0.0, Max: 0, Diff: 0, Sum: 0, Workers: 4
[18.833s][debug][gc,phases      ] GC(6)     Total                          Min: 0, Avg:  0.0, Max: 0, Diff: 0, Sum: 0, Workers: 4
[18.833s][debug][gc,phases      ] GC(6)   Weak JFR Old Object Samples    Min:  0.0, Avg:  0.0, Max:  0.0, Diff:  0.0, Sum:  0.0, Workers: 4
[18.833s][debug][gc,phases      ] GC(6)     Dead                           Min: 0, Avg:  0.0, Max: 0, Diff: 0, Sum: 0, Workers: 4
[18.833s][debug][gc,phases      ] GC(6)     Total                          Min: 0, Avg:  0.0, Max: 0, Diff: 0, Sum: 0, Workers: 4
[18.833s][debug][gc,phases      ] GC(6) Weak Processing 0.662ms
[18.833s][debug][gc,age         ] GC(6) Desired survivor size 536870912 bytes, new threshold 7 (max threshold 15)
[18.833s][info ][gc,heap        ] GC(6) PSYoungGen: 1159944K(1572864K)->163335K(1572864K) Eden: 1048576K(1048576K)->0K(1048576K) From: 111368K(524288K)->163335K(524288K)
[18.833s][info ][gc,heap        ] GC(6) ParOldGen: 5924K(6144K)->5993K(6144K)
[18.833s][info ][gc,metaspace   ] GC(6) Metaspace: 88311K(89472K)->88311K(89472K) NonClass: 74923K(75584K)->74923K(75584K) Class: 13387K(13888K)->13387K(13888K)
[18.833s][info ][gc             ] GC(6) Pause Young (Allocation Failure) 1138M->165M(1542M) 86.690ms
[18.833s][info ][gc,cpu         ] GC(6) User=0.25s Sys=0.05s Real=0.09s
[18.833s][info ][safepoint      ] Safepoint "ParallelGCFailedAllocation", Time since last: 70305563 ns, Reaching safepoint: 88600 ns, Cleanup: 74201 ns, At safepoint: 86777447 ns, Total: 86940248 ns
[18.961s][info ][safepoint      ] Safepoint "ICBufferFull", Time since last: 127904459 ns, Reaching safepoint: 92601 ns, Cleanup: 127901 ns, At safepoint: 10400 ns, Total: 230902 ns
[19.167s][info ][safepoint      ] Safepoint "ICBufferFull", Time since last: 206274863 ns, Reaching safepoint: 5800 ns, Cleanup: 171201 ns, At safepoint: 8400 ns, Total: 185401 ns
[19.408s][info ][safepoint      ] Safepoint "ICBufferFull", Time since last: 240678741 ns, Reaching safepoint: 5500 ns, Cleanup: 213101 ns, At safepoint: 3200 ns, Total: 221801 ns
[19.509s][info ][safepoint      ] Safepoint "ICBufferFull", Time since last: 100780320 ns, Reaching safepoint: 6100 ns, Cleanup: 141500 ns, At safepoint: 9800 ns, Total: 157400 ns
[19.631s][info ][safepoint      ] Safepoint "ICBufferFull", Time since last: 121624227 ns, Reaching safepoint: 6701 ns, Cleanup: 152000 ns, At safepoint: 11100 ns, Total: 169801 ns
[19.863s][info ][safepoint      ] Safepoint "ICBufferFull", Time since last: 231755295 ns, Reaching safepoint: 16000 ns, Cleanup: 159801 ns, At safepoint: 5200 ns, Total: 181001 ns
[20.218s][info ][safepoint      ] Safepoint "ICBufferFull", Time since last: 355236132 ns, Reaching safepoint: 5900 ns, Cleanup: 159200 ns, At safepoint: 2600 ns, Total: 167700 ns
[20.812s][info ][safepoint      ] Safepoint "ICBufferFull", Time since last: 593289959 ns, Reaching safepoint: 493203 ns, Cleanup: 182301 ns, At safepoint: 7200 ns, Total: 682704 ns
[21.289s][info ][safepoint      ] Safepoint "ICBufferFull", Time since last: 476917859 ns, Reaching safepoint: 7300 ns, Cleanup: 140500 ns, At safepoint: 9700 ns, Total: 157500 ns
[22.292s][info ][safepoint      ] Safepoint "Cleanup", Time since last: 1001208262 ns, Reaching safepoint: 1454908 ns, Cleanup: 143001 ns, At safepoint: 11100 ns, Total: 1609009 ns
[22.913s][info ][safepoint      ] Safepoint "ICBufferFull", Time since last: 621175610 ns, Reaching safepoint: 5700 ns, Cleanup: 125501 ns, At safepoint: 1900 ns, Total: 133101 ns
[24.303s][info ][gc,start       ] GC(7) Pause Young (Allocation Failure)
[24.404s][debug][gc,phases      ] GC(7) Scavenge 100.240ms
[24.404s][debug][gc,ref         ] GC(7) ReferenceProcessor::execute queues: 4, RefProcThreadModel::Multi, marks_oops_alive: false
[24.404s][debug][gc,ref         ] GC(7) Skipped KeepAliveFinalRefsPhase of Reference Processing: no references
[24.404s][debug][gc,ref         ] GC(7) ReferenceProcessor::execute queues: 1, RefProcThreadModel::Single, marks_oops_alive: false
[24.404s][debug][gc,phases      ] GC(7) Reference Processing 0.659ms
[24.405s][debug][gc,phases      ] GC(7)   VM Weak                        Min:  0.0, Avg:  0.0, Max:  0.0, Diff:  0.0, Sum:  0.0, Workers: 4
[24.405s][debug][gc,phases      ] GC(7)     Dead                           Min: 0, Avg:  0.0, Max: 0, Diff: 0, Sum: 0, Workers: 4
[24.405s][debug][gc,phases      ] GC(7)     Total                          Min: 64, Avg: 215.2, Max: 512, Diff: 448, Sum: 861, Workers: 4
[24.405s][debug][gc,phases      ] GC(7)   ObjectSynchronizer Weak        Min:  0.0, Avg:  0.0, Max:  0.0, Diff:  0.0, Sum:  0.0, Workers: 4
[24.405s][debug][gc,phases      ] GC(7)     Dead                           Min: 0, Avg:  0.0, Max: 0, Diff: 0, Sum: 0, Workers: 4
[24.405s][debug][gc,phases      ] GC(7)     Total                          Min: 0, Avg:  6.8, Max: 27, Diff: 27, Sum: 27, Workers: 4
[24.405s][debug][gc,phases      ] GC(7)   JVMTI Tag Weak OopStorage      Min:  0.0, Avg:  0.0, Max:  0.0, Diff:  0.0, Sum:  0.0, Workers: 4
[24.405s][debug][gc,phases      ] GC(7)     Dead                           Min: 0, Avg:  0.0, Max: 0, Diff: 0, Sum: 0, Workers: 4
[24.405s][debug][gc,phases      ] GC(7)     Total                          Min: 0, Avg:  0.0, Max: 0, Diff: 0, Sum: 0, Workers: 4
[24.405s][debug][gc,phases      ] GC(7)   StringTable Weak               Min:  0.3, Avg:  0.3, Max:  0.3, Diff:  0.0, Sum:  1.2, Workers: 4
[24.405s][debug][gc,phases      ] GC(7)     Dead                           Min: 0, Avg:  0.8, Max: 2, Diff: 2, Sum: 3, Workers: 4
[24.405s][debug][gc,phases      ] GC(7)     Total                          Min: 10747, Avg: 11566.8, Max: 12096, Diff: 1349, Sum: 46267, Workers: 4
[24.405s][debug][gc,phases      ] GC(7)   ResolvedMethodTable Weak       Min:  0.1, Avg:  0.1, Max:  0.1, Diff:  0.0, Sum:  0.4, Workers: 4
[24.405s][debug][gc,phases      ] GC(7)     Dead                           Min: 12, Avg: 23.8, Max: 38, Diff: 26, Sum: 95, Workers: 4
[24.405s][debug][gc,phases      ] GC(7)     Total                          Min: 2892, Avg: 2989.5, Max: 3072, Diff: 180, Sum: 11958, Workers: 4
[24.405s][debug][gc,phases      ] GC(7)   JNI Weak                       Min:  0.0, Avg:  0.0, Max:  0.0, Diff:  0.0, Sum:  0.0, Workers: 4
[24.405s][debug][gc,phases      ] GC(7)     Dead                           Min: 0, Avg:  0.0, Max: 0, Diff: 0, Sum: 0, Workers: 4
[24.405s][debug][gc,phases      ] GC(7)     Total                          Min: 0, Avg: 16.2, Max: 48, Diff: 48, Sum: 65, Workers: 4
[24.405s][debug][gc,phases      ] GC(7)   StringDedup Table Weak         Min:  0.0, Avg:  0.0, Max:  0.0, Diff:  0.0, Sum:  0.0, Workers: 4
[24.405s][debug][gc,phases      ] GC(7)     Dead                           Min: 0, Avg:  0.0, Max: 0, Diff: 0, Sum: 0, Workers: 4
[24.405s][debug][gc,phases      ] GC(7)     Total                          Min: 0, Avg:  0.0, Max: 0, Diff: 0, Sum: 0, Workers: 4
[24.405s][debug][gc,phases      ] GC(7)   StringDedup Requests0 Weak     Min:  0.0, Avg:  0.0, Max:  0.0, Diff:  0.0, Sum:  0.0, Workers: 4
[24.405s][debug][gc,phases      ] GC(7)     Dead                           Min: 0, Avg:  0.0, Max: 0, Diff: 0, Sum: 0, Workers: 4
[24.405s][debug][gc,phases      ] GC(7)     Total                          Min: 0, Avg:  0.0, Max: 0, Diff: 0, Sum: 0, Workers: 4
[24.405s][debug][gc,phases      ] GC(7)   StringDedup Requests1 Weak     Min:  0.0, Avg:  0.0, Max:  0.0, Diff:  0.0, Sum:  0.0, Workers: 4
[24.405s][debug][gc,phases      ] GC(7)     Dead                           Min: 0, Avg:  0.0, Max: 0, Diff: 0, Sum: 0, Workers: 4
[24.405s][debug][gc,phases      ] GC(7)     Total                          Min: 0, Avg:  0.0, Max: 0, Diff: 0, Sum: 0, Workers: 4
[24.405s][debug][gc,phases      ] GC(7)   Weak JFR Old Object Samples    Min:  0.0, Avg:  0.0, Max:  0.0, Diff:  0.0, Sum:  0.0, Workers: 4
[24.405s][debug][gc,phases      ] GC(7)     Dead                           Min: 0, Avg:  0.0, Max: 0, Diff: 0, Sum: 0, Workers: 4
[24.405s][debug][gc,phases      ] GC(7)     Total                          Min: 0, Avg:  0.0, Max: 0, Diff: 0, Sum: 0, Workers: 4
[24.405s][debug][gc,phases      ] GC(7) Weak Processing 0.623ms
[24.405s][debug][gc,age         ] GC(7) Desired survivor size 266338304 bytes, new threshold 6 (max threshold 15)
[24.405s][info ][gc,heap        ] GC(7) PSYoungGen: 1211911K(1572864K)->228079K(1572864K) Eden: 1048576K(1048576K)->0K(1048576K) From: 163335K(524288K)->228079K(524288K)
[24.405s][info ][gc,heap        ] GC(7) ParOldGen: 5993K(6144K)->6009K(6144K)
[24.405s][info ][gc,metaspace   ] GC(7) Metaspace: 89851K(91008K)->89851K(91008K) NonClass: 76359K(76992K)->76359K(76992K) Class: 13491K(14016K)->13491K(14016K)
[24.405s][info ][gc             ] GC(7) Pause Young (Allocation Failure) 1189M->228M(1542M) 101.651ms
[24.405s][info ][gc,cpu         ] GC(7) User=0.34s Sys=0.00s Real=0.10s
[24.405s][info ][safepoint      ] Safepoint "ParallelGCFailedAllocation", Time since last: 1389666864 ns, Reaching safepoint: 87600 ns, Cleanup: 103001 ns, At safepoint: 101737666 ns, Total: 101928267 ns
[25.003s][info ][safepoint      ] Safepoint "ICBufferFull", Time since last: 597887838 ns, Reaching safepoint: 77500 ns, Cleanup: 125601 ns, At safepoint: 5900 ns, Total: 209001 ns
[25.656s][info ][safepoint      ] Safepoint "ICBufferFull", Time since last: 652646188 ns, Reaching safepoint: 7001 ns, Cleanup: 138300 ns, At safepoint: 5100 ns, Total: 150401 ns
[26.548s][info ][safepoint      ] Safepoint "ICBufferFull", Time since last: 892377587 ns, Reaching safepoint: 7200 ns, Cleanup: 175401 ns, At safepoint: 9200 ns, Total: 191801 ns
[27.353s][info ][safepoint      ] Safepoint "ICBufferFull", Time since last: 804507984 ns, Reaching safepoint: 6300 ns, Cleanup: 161201 ns, At safepoint: 7500 ns, Total: 175001 ns
[28.353s][info ][safepoint      ] Safepoint "Cleanup", Time since last: 1000130980 ns, Reaching safepoint: 80401 ns, Cleanup: 127900 ns, At safepoint: 11500 ns, Total: 219801 ns
[29.354s][info ][safepoint      ] Safepoint "Cleanup", Time since last: 1000122280 ns, Reaching safepoint: 5500 ns, Cleanup: 115501 ns, At safepoint: 5700 ns, Total: 126701 ns
[30.354s][info ][safepoint      ] Safepoint "Cleanup", Time since last: 1000111180 ns, Reaching safepoint: 77001 ns, Cleanup: 93200 ns, At safepoint: 5400 ns, Total: 175601 ns
[31.354s][info ][safepoint      ] Safepoint "Cleanup", Time since last: 1000122159 ns, Reaching safepoint: 80000 ns, Cleanup: 119100 ns, At safepoint: 6901 ns, Total: 206001 ns
[32.408s][info ][safepoint      ] Safepoint "Cleanup", Time since last: 1053175068 ns, Reaching safepoint: 5500 ns, Cleanup: 97300 ns, At safepoint: 1900 ns, Total: 104700 ns
[33.408s][info ][safepoint      ] Safepoint "Cleanup", Time since last: 1000120513 ns, Reaching safepoint: 5600 ns, Cleanup: 56700 ns, At safepoint: 2000 ns, Total: 64300 ns
[34.053s][info ][gc,start       ] GC(8) Pause Young (CodeCache GC Threshold)
[34.142s][debug][gc,phases      ] GC(8) Scavenge 89.042ms
[34.143s][debug][gc,ref         ] GC(8) ReferenceProcessor::execute queues: 4, RefProcThreadModel::Multi, marks_oops_alive: false
[34.143s][debug][gc,ref         ] GC(8) Skipped KeepAliveFinalRefsPhase of Reference Processing: no references
[34.143s][debug][gc,ref         ] GC(8) ReferenceProcessor::execute queues: 1, RefProcThreadModel::Single, marks_oops_alive: false
[34.143s][debug][gc,phases      ] GC(8) Reference Processing 0.635ms
[34.144s][debug][gc,phases      ] GC(8)   VM Weak                        Min:  0.0, Avg:  0.0, Max:  0.0, Diff:  0.0, Sum:  0.0, Workers: 4
[34.144s][debug][gc,phases      ] GC(8)     Dead                           Min: 0, Avg:  0.0, Max: 0, Diff: 0, Sum: 0, Workers: 4
[34.144s][debug][gc,phases      ] GC(8)     Total                          Min: 97, Avg: 216.2, Max: 384, Diff: 287, Sum: 865, Workers: 4
[34.144s][debug][gc,phases      ] GC(8)   ObjectSynchronizer Weak        Min:  0.0, Avg:  0.0, Max:  0.0, Diff:  0.0, Sum:  0.0, Workers: 4
[34.144s][debug][gc,phases      ] GC(8)     Dead                           Min: 0, Avg:  0.0, Max: 0, Diff: 0, Sum: 0, Workers: 4
[34.144s][debug][gc,phases      ] GC(8)     Total                          Min: 0, Avg:  6.8, Max: 27, Diff: 27, Sum: 27, Workers: 4
[34.144s][debug][gc,phases      ] GC(8)   JVMTI Tag Weak OopStorage      Min:  0.0, Avg:  0.0, Max:  0.0, Diff:  0.0, Sum:  0.0, Workers: 4
[34.144s][debug][gc,phases      ] GC(8)     Dead                           Min: 0, Avg:  0.0, Max: 0, Diff: 0, Sum: 0, Workers: 4
[34.144s][debug][gc,phases      ] GC(8)     Total                          Min: 0, Avg:  0.0, Max: 0, Diff: 0, Sum: 0, Workers: 4
[34.144s][debug][gc,phases      ] GC(8)   StringTable Weak               Min:  0.3, Avg:  0.3, Max:  0.3, Diff:  0.0, Sum:  1.2, Workers: 4
[34.144s][debug][gc,phases      ] GC(8)     Dead                           Min: 0, Avg:  0.2, Max: 1, Diff: 1, Sum: 1, Workers: 4
[34.144s][debug][gc,phases      ] GC(8)     Total                          Min: 10432, Avg: 11663.0, Max: 12288, Diff: 1856, Sum: 46652, Workers: 4
[34.144s][debug][gc,phases      ] GC(8)   ResolvedMethodTable Weak       Min:  0.1, Avg:  0.1, Max:  0.1, Diff:  0.0, Sum:  0.4, Workers: 4
[34.144s][debug][gc,phases      ] GC(8)     Dead                           Min: 0, Avg:  1.8, Max: 5, Diff: 5, Sum: 7, Workers: 4
[34.144s][debug][gc,phases      ] GC(8)     Total                          Min: 2551, Avg: 3004.0, Max: 3290, Diff: 739, Sum: 12016, Workers: 4
[34.144s][debug][gc,phases      ] GC(8)   JNI Weak                       Min:  0.0, Avg:  0.0, Max:  0.0, Diff:  0.0, Sum:  0.0, Workers: 4
[34.144s][debug][gc,phases      ] GC(8)     Dead                           Min: 0, Avg:  0.0, Max: 0, Diff: 0, Sum: 0, Workers: 4
[34.144s][debug][gc,phases      ] GC(8)     Total                          Min: 0, Avg: 12.0, Max: 48, Diff: 48, Sum: 48, Workers: 4
[34.144s][debug][gc,phases      ] GC(8)   StringDedup Table Weak         Min:  0.0, Avg:  0.0, Max:  0.0, Diff:  0.0, Sum:  0.0, Workers: 4
[34.144s][debug][gc,phases      ] GC(8)     Dead                           Min: 0, Avg:  0.0, Max: 0, Diff: 0, Sum: 0, Workers: 4
[34.144s][debug][gc,phases      ] GC(8)     Total                          Min: 0, Avg:  0.0, Max: 0, Diff: 0, Sum: 0, Workers: 4
[34.144s][debug][gc,phases      ] GC(8)   StringDedup Requests0 Weak     Min:  0.0, Avg:  0.0, Max:  0.0, Diff:  0.0, Sum:  0.0, Workers: 4
[34.144s][debug][gc,phases      ] GC(8)     Dead                           Min: 0, Avg:  0.0, Max: 0, Diff: 0, Sum: 0, Workers: 4
[34.144s][debug][gc,phases      ] GC(8)     Total                          Min: 0, Avg:  0.0, Max: 0, Diff: 0, Sum: 0, Workers: 4
[34.144s][debug][gc,phases      ] GC(8)   StringDedup Requests1 Weak     Min:  0.0, Avg:  0.0, Max:  0.0, Diff:  0.0, Sum:  0.0, Workers: 4
[34.144s][debug][gc,phases      ] GC(8)     Dead                           Min: 0, Avg:  0.0, Max: 0, Diff: 0, Sum: 0, Workers: 4
[34.144s][debug][gc,phases      ] GC(8)     Total                          Min: 0, Avg:  0.0, Max: 0, Diff: 0, Sum: 0, Workers: 4
[34.144s][debug][gc,phases      ] GC(8)   Weak JFR Old Object Samples    Min:  0.0, Avg:  0.0, Max:  0.0, Diff:  0.0, Sum:  0.0, Workers: 4
[34.144s][debug][gc,phases      ] GC(8)     Dead                           Min: 0, Avg:  0.0, Max: 0, Diff: 0, Sum: 0, Workers: 4
[34.144s][debug][gc,phases      ] GC(8)     Total                          Min: 0, Avg:  0.0, Max: 0, Diff: 0, Sum: 0, Workers: 4
[34.144s][debug][gc,phases      ] GC(8) Weak Processing 0.613ms
[34.144s][debug][gc,age         ] GC(8) Desired survivor size 294649856 bytes, new threshold 5 (max threshold 15)
[34.144s][info ][gc,heap        ] GC(8) PSYoungGen: 618236K(1572864K)->211451K(1781760K) Eden: 390157K(1048576K)->0K(1521664K) From: 228079K(524288K)->211451K(260096K)
[34.144s][info ][gc,heap        ] GC(8) ParOldGen: 6009K(6144K)->6017K(6144K)
[34.144s][info ][gc,metaspace   ] GC(8) Metaspace: 90510K(91648K)->90510K(91648K) NonClass: 76976K(77632K)->76976K(77632K) Class: 13533K(14016K)->13533K(14016K)
[34.144s][info ][gc             ] GC(8) Pause Young (CodeCache GC Threshold) 609M->212M(1746M) 90.417ms
[34.144s][info ][gc,cpu         ] GC(8) User=0.26s Sys=0.07s Real=0.09s
[34.144s][debug][gc,phases      ] GC(9) Pre Compact 0.009ms
[34.144s][info ][gc,start       ] GC(9) Pause Full (CodeCache GC Threshold)
[34.144s][info ][gc,phases,start] GC(9) Marking Phase
[34.217s][debug][gc,phases      ] GC(9) Par Mark 73.358ms
[34.217s][debug][gc,ref         ] GC(9) ReferenceProcessor::execute queues: 4, RefProcThreadModel::Multi, marks_oops_alive: false
[34.218s][debug][gc,ref         ] GC(9) Skipped KeepAliveFinalRefsPhase of Reference Processing: no references
[34.218s][debug][gc,ref         ] GC(9) ReferenceProcessor::execute queues: 1, RefProcThreadModel::Single, marks_oops_alive: false
[34.218s][debug][gc,phases      ] GC(9) Reference Processing 0.380ms
[34.218s][debug][gc,phases      ] GC(9)   VM Weak                        Min:  0.0, Avg:  0.0, Max:  0.0, Diff:  0.0, Sum:  0.0, Workers: 4
[34.218s][debug][gc,phases      ] GC(9)     Dead                           Min: 0, Avg:  0.2, Max: 1, Diff: 1, Sum: 1, Workers: 4
[34.218s][debug][gc,phases      ] GC(9)     Total                          Min: 0, Avg: 216.2, Max: 673, Diff: 673, Sum: 865, Workers: 4
[34.218s][debug][gc,phases      ] GC(9)   ObjectSynchronizer Weak        Min:  0.0, Avg:  0.0, Max:  0.0, Diff:  0.0, Sum:  0.0, Workers: 4
[34.218s][debug][gc,phases      ] GC(9)     Dead                           Min: 0, Avg:  0.0, Max: 0, Diff: 0, Sum: 0, Workers: 4
[34.218s][debug][gc,phases      ] GC(9)     Total                          Min: 0, Avg:  6.8, Max: 27, Diff: 27, Sum: 27, Workers: 4
[34.218s][debug][gc,phases      ] GC(9)   JVMTI Tag Weak OopStorage      Min:  0.0, Avg:  0.0, Max:  0.0, Diff:  0.0, Sum:  0.0, Workers: 4
[34.218s][debug][gc,phases      ] GC(9)     Dead                           Min: 0, Avg:  0.0, Max: 0, Diff: 0, Sum: 0, Workers: 4
[34.218s][debug][gc,phases      ] GC(9)     Total                          Min: 0, Avg:  0.0, Max: 0, Diff: 0, Sum: 0, Workers: 4
[34.218s][debug][gc,phases      ] GC(9)   StringTable Weak               Min:  0.1, Avg:  0.1, Max:  0.1, Diff:  0.0, Sum:  0.6, Workers: 4
[34.218s][debug][gc,phases      ] GC(9)     Dead                           Min: 0, Avg:  0.0, Max: 0, Diff: 0, Sum: 0, Workers: 4
[34.218s][debug][gc,phases      ] GC(9)     Total                          Min: 10624, Avg: 11663.0, Max: 12224, Diff: 1600, Sum: 46652, Workers: 4
[34.218s][debug][gc,phases      ] GC(9)   ResolvedMethodTable Weak       Min:  0.0, Avg:  0.0, Max:  0.0, Diff:  0.0, Sum:  0.2, Workers: 4
[34.218s][debug][gc,phases      ] GC(9)     Dead                           Min: 0, Avg:  0.2, Max: 1, Diff: 1, Sum: 1, Workers: 4
[34.218s][debug][gc,phases      ] GC(9)     Total                          Min: 2938, Avg: 3004.0, Max: 3112, Diff: 174, Sum: 12016, Workers: 4
[34.218s][debug][gc,phases      ] GC(9)   JNI Weak                       Min:  0.0, Avg:  0.0, Max:  0.0, Diff:  0.0, Sum:  0.0, Workers: 4
[34.218s][debug][gc,phases      ] GC(9)     Dead                           Min: 0, Avg:  0.0, Max: 0, Diff: 0, Sum: 0, Workers: 4
[34.218s][debug][gc,phases      ] GC(9)     Total                          Min: 0, Avg: 12.0, Max: 48, Diff: 48, Sum: 48, Workers: 4
[34.218s][debug][gc,phases      ] GC(9)   StringDedup Table Weak         Min:  0.0, Avg:  0.0, Max:  0.0, Diff:  0.0, Sum:  0.0, Workers: 4
[34.218s][debug][gc,phases      ] GC(9)     Dead                           Min: 0, Avg:  0.0, Max: 0, Diff: 0, Sum: 0, Workers: 4
[34.218s][debug][gc,phases      ] GC(9)     Total                          Min: 0, Avg:  0.0, Max: 0, Diff: 0, Sum: 0, Workers: 4
[34.218s][debug][gc,phases      ] GC(9)   StringDedup Requests0 Weak     Min:  0.0, Avg:  0.0, Max:  0.0, Diff:  0.0, Sum:  0.0, Workers: 4
[34.218s][debug][gc,phases      ] GC(9)     Dead                           Min: 0, Avg:  0.0, Max: 0, Diff: 0, Sum: 0, Workers: 4
[34.218s][debug][gc,phases      ] GC(9)     Total                          Min: 0, Avg:  0.0, Max: 0, Diff: 0, Sum: 0, Workers: 4
[34.218s][debug][gc,phases      ] GC(9)   StringDedup Requests1 Weak     Min:  0.0, Avg:  0.0, Max:  0.0, Diff:  0.0, Sum:  0.0, Workers: 4
[34.218s][debug][gc,phases      ] GC(9)     Dead                           Min: 0, Avg:  0.0, Max: 0, Diff: 0, Sum: 0, Workers: 4
[34.218s][debug][gc,phases      ] GC(9)     Total                          Min: 0, Avg:  0.0, Max: 0, Diff: 0, Sum: 0, Workers: 4
[34.218s][debug][gc,phases      ] GC(9)   Weak JFR Old Object Samples    Min:  0.0, Avg:  0.0, Max:  0.0, Diff:  0.0, Sum:  0.0, Workers: 4
[34.218s][debug][gc,phases      ] GC(9)     Dead                           Min: 0, Avg:  0.0, Max: 0, Diff: 0, Sum: 0, Workers: 4
[34.218s][debug][gc,phases      ] GC(9)     Total                          Min: 0, Avg:  0.0, Max: 0, Diff: 0, Sum: 0, Workers: 4
[34.218s][debug][gc,phases      ] GC(9) Weak Processing 0.418ms
[34.218s][debug][gc,phases      ] GC(9) ClassLoaderData 0.211ms
[34.218s][debug][gc,phases      ] GC(9) Trigger cleanups 0.008ms
[34.265s][debug][gc,phases      ] GC(9) Class Unloading 46.678ms
[34.265s][debug][gc,phases      ] GC(9) Report Object Count 0.002ms
[34.265s][info ][gc,phases      ] GC(9) Marking Phase 120.929ms
[34.265s][info ][gc,phases,start] GC(9) Summary Phase
[34.265s][info ][gc,phases      ] GC(9) Summary Phase 0.021ms
[34.265s][info ][gc,phases,start] GC(9) Adjust Roots
[34.287s][info ][gc,phases      ] GC(9) Adjust Roots 22.606ms
[34.287s][info ][gc,phases,start] GC(9) Compaction Phase
[34.908s][info ][gc,phases      ] GC(9) Compaction Phase 620.172ms
[34.908s][info ][gc,phases,start] GC(9) Post Compact
[34.912s][info ][gc,phases      ] GC(9) Post Compact 4.722ms
[34.912s][info ][gc,heap        ] GC(9) PSYoungGen: 211451K(1781760K)->209890K(1781760K) Eden: 0K(1521664K)->0K(1521664K) From: 211451K(260096K)->209890K(260096K)
[34.912s][info ][gc,heap        ] GC(9) ParOldGen: 6017K(6144K)->5979K(6144K)
[34.912s][info ][gc,metaspace   ] GC(9) Metaspace: 90510K(91648K)->90508K(91648K) NonClass: 76976K(77632K)->76975K(77632K) Class: 13533K(14016K)->13533K(14016K)
[34.912s][info ][gc             ] GC(9) Pause Full (CodeCache GC Threshold) 212M->210M(1746M) 768.583ms
[34.912s][info ][gc,cpu         ] GC(9) User=1.68s Sys=0.01s Real=0.77s
[34.913s][info ][safepoint      ] Safepoint "ParallelGCSystemGC", Time since last: 645396706 ns, Reaching safepoint: 57100 ns, Cleanup: 39001 ns, At safepoint: 859316235 ns, Total: 859412336 ns
[35.913s][info ][safepoint      ] Safepoint "Cleanup", Time since last: 1000104213 ns, Reaching safepoint: 4900 ns, Cleanup: 116100 ns, At safepoint: 5500 ns, Total: 126500 ns
[36.913s][info ][safepoint      ] Safepoint "Cleanup", Time since last: 1000108413 ns, Reaching safepoint: 5400 ns, Cleanup: 68600 ns, At safepoint: 5300 ns, Total: 79300 ns
[37.913s][info ][safepoint      ] Safepoint "Cleanup", Time since last: 1000103613 ns, Reaching safepoint: 5800 ns, Cleanup: 58900 ns, At safepoint: 5400 ns, Total: 70100 ns
[38.913s][info ][safepoint      ] Safepoint "Cleanup", Time since last: 1000105406 ns, Reaching safepoint: 5700 ns, Cleanup: 53100 ns, At safepoint: 5300 ns, Total: 64100 ns
[39.914s][info ][safepoint      ] Safepoint "Cleanup", Time since last: 1000115489 ns, Reaching safepoint: 5600 ns, Cleanup: 55600 ns, At safepoint: 5100 ns, Total: 66300 ns
[40.914s][info ][safepoint      ] Safepoint "Cleanup", Time since last: 1000109789 ns, Reaching safepoint: 5900 ns, Cleanup: 43700 ns, At safepoint: 1900 ns, Total: 51500 ns
[41.914s][info ][safepoint      ] Safepoint "Cleanup", Time since last: 1000113589 ns, Reaching safepoint: 7400 ns, Cleanup: 103501 ns, At safepoint: 8700 ns, Total: 119601 ns
[42.914s][info ][safepoint      ] Safepoint "Cleanup", Time since last: 1000101788 ns, Reaching safepoint: 6000 ns, Cleanup: 18301 ns, At safepoint: 1900 ns, Total: 26201 ns
[43.914s][info ][safepoint      ] Safepoint "Cleanup", Time since last: 1000097688 ns, Reaching safepoint: 5900 ns, Cleanup: 11800 ns, At safepoint: 1600 ns, Total: 19300 ns
[44.914s][info ][safepoint      ] Safepoint "Cleanup", Time since last: 1000106089 ns, Reaching safepoint: 5600 ns, Cleanup: 12900 ns, At safepoint: 1900 ns, Total: 20400 ns
[45.915s][info ][safepoint      ] Safepoint "Cleanup", Time since last: 1000107089 ns, Reaching safepoint: 6600 ns, Cleanup: 42800 ns, At safepoint: 6901 ns, Total: 56301 ns
[46.915s][info ][safepoint      ] Safepoint "Cleanup", Time since last: 1000105929 ns, Reaching safepoint: 5000 ns, Cleanup: 20900 ns, At safepoint: 2000 ns, Total: 27900 ns
[47.915s][info ][safepoint      ] Safepoint "Cleanup", Time since last: 1000098100 ns, Reaching safepoint: 5700 ns, Cleanup: 21400 ns, At safepoint: 1900 ns, Total: 29000 ns
[48.915s][info ][safepoint      ] Safepoint "Cleanup", Time since last: 1000112200 ns, Reaching safepoint: 6501 ns, Cleanup: 12900 ns, At safepoint: 1800 ns, Total: 21201 ns
[49.915s][info ][safepoint      ] Safepoint "Cleanup", Time since last: 1000098400 ns, Reaching safepoint: 6100 ns, Cleanup: 14500 ns, At safepoint: 1900 ns, Total: 22500 ns
[50.915s][info ][safepoint      ] Safepoint "Cleanup", Time since last: 1000109400 ns, Reaching safepoint: 7600 ns, Cleanup: 14200 ns, At safepoint: 2000 ns, Total: 23800 ns
[51.915s][info ][safepoint      ] Safepoint "Cleanup", Time since last: 1000093400 ns, Reaching safepoint: 5600 ns, Cleanup: 11700 ns, At safepoint: 2000 ns, Total: 19300 ns
[52.915s][info ][safepoint      ] Safepoint "Cleanup", Time since last: 1000100500 ns, Reaching safepoint: 6100 ns, Cleanup: 10900 ns, At safepoint: 1700 ns, Total: 18700 ns
[53.916s][info ][safepoint      ] Safepoint "Cleanup", Time since last: 1000099600 ns, Reaching safepoint: 5500 ns, Cleanup: 20900 ns, At safepoint: 1800 ns, Total: 28200 ns
[54.916s][info ][safepoint      ] Safepoint "Cleanup", Time since last: 1000110273 ns, Reaching safepoint: 6100 ns, Cleanup: 6900 ns, At safepoint: 2100 ns, Total: 15100 ns
[55.916s][info ][safepoint      ] Safepoint "Cleanup", Time since last: 1000104837 ns, Reaching safepoint: 6300 ns, Cleanup: 11900 ns, At safepoint: 2200 ns, Total: 20400 ns
[56.916s][info ][safepoint      ] Safepoint "Cleanup", Time since last: 1000128437 ns, Reaching safepoint: 6300 ns, Cleanup: 35500 ns, At safepoint: 2500 ns, Total: 44300 ns
[57.916s][info ][safepoint      ] Safepoint "Cleanup", Time since last: 1000112138 ns, Reaching safepoint: 5900 ns, Cleanup: 13900 ns, At safepoint: 2000 ns, Total: 21800 ns
[58.916s][info ][safepoint      ] Safepoint "Cleanup", Time since last: 1000104637 ns, Reaching safepoint: 6500 ns, Cleanup: 10300 ns, At safepoint: 1900 ns, Total: 18700 ns
[59.916s][info ][safepoint      ] Safepoint "Cleanup", Time since last: 1000108737 ns, Reaching safepoint: 6400 ns, Cleanup: 12600 ns, At safepoint: 5600 ns, Total: 24600 ns
[61.075s][info ][safepoint      ] Safepoint "Cleanup", Time since last: 1159102006 ns, Reaching safepoint: 6300 ns, Cleanup: 6500 ns, At safepoint: 1700 ns, Total: 14500 ns
[62.076s][info ][safepoint      ] Safepoint "Cleanup", Time since last: 1000111637 ns, Reaching safepoint: 6300 ns, Cleanup: 7600 ns, At safepoint: 1800 ns, Total: 15700 ns
[63.076s][info ][safepoint      ] Safepoint "Cleanup", Time since last: 1000111201 ns, Reaching safepoint: 7500 ns, Cleanup: 49200 ns, At safepoint: 2100 ns, Total: 58800 ns
[64.076s][info ][safepoint      ] Safepoint "Cleanup", Time since last: 1000112158 ns, Reaching safepoint: 6100 ns, Cleanup: 11300 ns, At safepoint: 2000 ns, Total: 19400 ns
[65.076s][info ][safepoint      ] Safepoint "Cleanup", Time since last: 1000108958 ns, Reaching safepoint: 7500 ns, Cleanup: 10600 ns, At safepoint: 2300 ns, Total: 20400 ns
[66.076s][info ][safepoint      ] Safepoint "Cleanup", Time since last: 1000103758 ns, Reaching safepoint: 5100 ns, Cleanup: 12500 ns, At safepoint: 1900 ns, Total: 19500 ns
[67.076s][info ][safepoint      ] Safepoint "Cleanup", Time since last: 1000110858 ns, Reaching safepoint: 6400 ns, Cleanup: 9100 ns, At safepoint: 1900 ns, Total: 17400 ns
[69.076s][info ][safepoint      ] Safepoint "Cleanup", Time since last: 2000127715 ns, Reaching safepoint: 6200 ns, Cleanup: 6600 ns, At safepoint: 2001 ns, Total: 14801 ns
[70.077s][info ][safepoint      ] Safepoint "Cleanup", Time since last: 1000091857 ns, Reaching safepoint: 6600 ns, Cleanup: 14200 ns, At safepoint: 1600 ns, Total: 22400 ns
[71.077s][info ][safepoint      ] Safepoint "Cleanup", Time since last: 1000078873 ns, Reaching safepoint: 6100 ns, Cleanup: 6300 ns, At safepoint: 1900 ns, Total: 14300 ns
[72.077s][info ][safepoint      ] Safepoint "Cleanup", Time since last: 1000102791 ns, Reaching safepoint: 6500 ns, Cleanup: 21200 ns, At safepoint: 2200 ns, Total: 29900 ns
[73.077s][info ][safepoint      ] Safepoint "Cleanup", Time since last: 1000108690 ns, Reaching safepoint: 5800 ns, Cleanup: 9100 ns, At safepoint: 2200 ns, Total: 17100 ns
[74.077s][info ][safepoint      ] Safepoint "Cleanup", Time since last: 1000105391 ns, Reaching safepoint: 6200 ns, Cleanup: 70900 ns, At safepoint: 5400 ns, Total: 82500 ns
[74.418s][info ][safepoint      ] Safepoint "ICBufferFull", Time since last: 341249935 ns, Reaching safepoint: 5700 ns, Cleanup: 138700 ns, At safepoint: 1600 ns, Total: 146000 ns
[75.419s][info ][safepoint      ] Safepoint "Cleanup", Time since last: 1000119791 ns, Reaching safepoint: 5900 ns, Cleanup: 119501 ns, At safepoint: 4600 ns, Total: 130001 ns
[76.419s][info ][safepoint      ] Safepoint "Cleanup", Time since last: 1000114390 ns, Reaching safepoint: 6500 ns, Cleanup: 71501 ns, At safepoint: 2200 ns, Total: 80201 ns
[77.419s][info ][safepoint      ] Safepoint "Cleanup", Time since last: 1000112690 ns, Reaching safepoint: 5400 ns, Cleanup: 59000 ns, At safepoint: 5300 ns, Total: 69700 ns
[77.703s][info ][gc,start       ] GC(10) Pause Young (Allocation Failure)
[77.792s][debug][gc,phases      ] GC(10) Scavenge 89.255ms
[77.792s][debug][gc,ref         ] GC(10) ReferenceProcessor::execute queues: 4, RefProcThreadModel::Multi, marks_oops_alive: false
[77.793s][debug][gc,ref         ] GC(10) Skipped KeepAliveFinalRefsPhase of Reference Processing: no references
[77.793s][debug][gc,ref         ] GC(10) ReferenceProcessor::execute queues: 1, RefProcThreadModel::Single, marks_oops_alive: false
[77.793s][debug][gc,phases      ] GC(10) Reference Processing 0.473ms
[77.793s][debug][gc,phases      ] GC(10)   VM Weak                        Min:  0.0, Avg:  0.0, Max:  0.0, Diff:  0.0, Sum:  0.0, Workers: 4
[77.793s][debug][gc,phases      ] GC(10)     Dead                           Min: 0, Avg:  0.0, Max: 0, Diff: 0, Sum: 0, Workers: 4
[77.793s][debug][gc,phases      ] GC(10)     Total                          Min: 0, Avg: 222.8, Max: 512, Diff: 512, Sum: 891, Workers: 4
[77.793s][debug][gc,phases      ] GC(10)   ObjectSynchronizer Weak        Min:  0.0, Avg:  0.0, Max:  0.0, Diff:  0.0, Sum:  0.0, Workers: 4
[77.793s][debug][gc,phases      ] GC(10)     Dead                           Min: 0, Avg:  0.0, Max: 0, Diff: 0, Sum: 0, Workers: 4
[77.793s][debug][gc,phases      ] GC(10)     Total                          Min: 0, Avg:  1.0, Max: 4, Diff: 4, Sum: 4, Workers: 4
[77.793s][debug][gc,phases      ] GC(10)   JVMTI Tag Weak OopStorage      Min:  0.0, Avg:  0.0, Max:  0.0, Diff:  0.0, Sum:  0.0, Workers: 4
[77.793s][debug][gc,phases      ] GC(10)     Dead                           Min: 0, Avg:  0.0, Max: 0, Diff: 0, Sum: 0, Workers: 4
[77.793s][debug][gc,phases      ] GC(10)     Total                          Min: 0, Avg:  0.0, Max: 0, Diff: 0, Sum: 0, Workers: 4
[77.793s][debug][gc,phases      ] GC(10)   StringTable Weak               Min:  0.3, Avg:  0.3, Max:  0.3, Diff:  0.0, Sum:  1.4, Workers: 4
[77.793s][debug][gc,phases      ] GC(10)     Dead                           Min: 0, Avg:  0.5, Max: 1, Diff: 1, Sum: 2, Workers: 4
[77.793s][debug][gc,phases      ] GC(10)     Total                          Min: 8960, Avg: 11723.2, Max: 14656, Diff: 5696, Sum: 46893, Workers: 4
[77.793s][debug][gc,phases      ] GC(10)   ResolvedMethodTable Weak       Min:  0.1, Avg:  0.1, Max:  0.1, Diff:  0.0, Sum:  0.4, Workers: 4
[77.793s][debug][gc,phases      ] GC(10)     Dead                           Min: 0, Avg:  6.0, Max: 11, Diff: 11, Sum: 24, Workers: 4
[77.793s][debug][gc,phases      ] GC(10)     Total                          Min: 1228, Avg: 3057.5, Max: 3801, Diff: 2573, Sum: 12230, Workers: 4
[77.793s][debug][gc,phases      ] GC(10)   JNI Weak                       Min:  0.0, Avg:  0.0, Max:  0.0, Diff:  0.0, Sum:  0.0, Workers: 4
[77.793s][debug][gc,phases      ] GC(10)     Dead                           Min: 0, Avg:  0.0, Max: 0, Diff: 0, Sum: 0, Workers: 4
[77.793s][debug][gc,phases      ] GC(10)     Total                          Min: 0, Avg: 12.0, Max: 48, Diff: 48, Sum: 48, Workers: 4
[77.793s][debug][gc,phases      ] GC(10)   StringDedup Table Weak         Min:  0.0, Avg:  0.0, Max:  0.0, Diff:  0.0, Sum:  0.0, Workers: 4
[77.793s][debug][gc,phases      ] GC(10)     Dead                           Min: 0, Avg:  0.0, Max: 0, Diff: 0, Sum: 0, Workers: 4
[77.793s][debug][gc,phases      ] GC(10)     Total                          Min: 0, Avg:  0.0, Max: 0, Diff: 0, Sum: 0, Workers: 4
[77.793s][debug][gc,phases      ] GC(10)   StringDedup Requests0 Weak     Min:  0.0, Avg:  0.0, Max:  0.0, Diff:  0.0, Sum:  0.0, Workers: 4
[77.793s][debug][gc,phases      ] GC(10)     Dead                           Min: 0, Avg:  0.0, Max: 0, Diff: 0, Sum: 0, Workers: 4
[77.793s][debug][gc,phases      ] GC(10)     Total                          Min: 0, Avg:  0.0, Max: 0, Diff: 0, Sum: 0, Workers: 4
[77.793s][debug][gc,phases      ] GC(10)   StringDedup Requests1 Weak     Min:  0.0, Avg:  0.0, Max:  0.0, Diff:  0.0, Sum:  0.0, Workers: 4
[77.793s][debug][gc,phases      ] GC(10)     Dead                           Min: 0, Avg:  0.0, Max: 0, Diff: 0, Sum: 0, Workers: 4
[77.793s][debug][gc,phases      ] GC(10)     Total                          Min: 0, Avg:  0.0, Max: 0, Diff: 0, Sum: 0, Workers: 4
[77.793s][debug][gc,phases      ] GC(10)   Weak JFR Old Object Samples    Min:  0.0, Avg:  0.0, Max:  0.0, Diff:  0.0, Sum:  0.0, Workers: 4
[77.793s][debug][gc,phases      ] GC(10)     Dead                           Min: 0, Avg:  0.0, Max: 0, Diff: 0, Sum: 0, Workers: 4
[77.793s][debug][gc,phases      ] GC(10)     Total                          Min: 0, Avg:  0.0, Max: 0, Diff: 0, Sum: 0, Workers: 4
[77.793s][debug][gc,phases      ] GC(10) Weak Processing 0.691ms
[77.793s][debug][gc,age         ] GC(10) Desired survivor size 282591232 bytes, new threshold 4 (max threshold 15)
[77.793s][info ][gc,heap        ] GC(10) PSYoungGen: 1731554K(1781760K)->155143K(1809408K) Eden: 1521664K(1521664K)->0K(1521664K) From: 209890K(260096K)->155143K(287744K)
[77.793s][info ][gc,heap        ] GC(10) ParOldGen: 5979K(6144K)->78785K(78848K)
[77.793s][info ][gc,metaspace   ] GC(10) Metaspace: 91101K(92288K)->91101K(92288K) NonClass: 77500K(78144K)->77500K(78144K) Class: 13601K(14144K)->13601K(14144K)
[77.794s][info ][gc             ] GC(10) Pause Young (Allocation Failure) 1696M->228M(1844M) 90.554ms
[77.794s][info ][gc,cpu         ] GC(10) User=0.29s Sys=0.05s Real=0.09s
[77.794s][debug][gc,phases      ] GC(11) Pre Compact 0.009ms
[77.794s][info ][gc,start       ] GC(11) Pause Full (Ergonomics)
[77.794s][info ][gc,phases,start] GC(11) Marking Phase
[77.869s][debug][gc,phases      ] GC(11) Par Mark 75.448ms
[77.869s][debug][gc,ref         ] GC(11) ReferenceProcessor::execute queues: 4, RefProcThreadModel::Multi, marks_oops_alive: false
[77.869s][debug][gc,ref         ] GC(11) Skipped KeepAliveFinalRefsPhase of Reference Processing: no references
[77.869s][debug][gc,ref         ] GC(11) ReferenceProcessor::execute queues: 1, RefProcThreadModel::Single, marks_oops_alive: false
[77.869s][debug][gc,phases      ] GC(11) Reference Processing 0.400ms
[77.870s][debug][gc,phases      ] GC(11)   VM Weak                        Min:  0.0, Avg:  0.0, Max:  0.0, Diff:  0.0, Sum:  0.0, Workers: 4
[77.870s][debug][gc,phases      ] GC(11)     Dead                           Min: 0, Avg:  0.0, Max: 0, Diff: 0, Sum: 0, Workers: 4
[77.870s][debug][gc,phases      ] GC(11)     Total                          Min: 64, Avg: 222.8, Max: 512, Diff: 448, Sum: 891, Workers: 4
[77.870s][debug][gc,phases      ] GC(11)   ObjectSynchronizer Weak        Min:  0.0, Avg:  0.0, Max:  0.0, Diff:  0.0, Sum:  0.0, Workers: 4
[77.870s][debug][gc,phases      ] GC(11)     Dead                           Min: 0, Avg:  0.0, Max: 0, Diff: 0, Sum: 0, Workers: 4
[77.870s][debug][gc,phases      ] GC(11)     Total                          Min: 0, Avg:  1.0, Max: 4, Diff: 4, Sum: 4, Workers: 4
[77.870s][debug][gc,phases      ] GC(11)   JVMTI Tag Weak OopStorage      Min:  0.0, Avg:  0.0, Max:  0.0, Diff:  0.0, Sum:  0.0, Workers: 4
[77.870s][debug][gc,phases      ] GC(11)     Dead                           Min: 0, Avg:  0.0, Max: 0, Diff: 0, Sum: 0, Workers: 4
[77.870s][debug][gc,phases      ] GC(11)     Total                          Min: 0, Avg:  0.0, Max: 0, Diff: 0, Sum: 0, Workers: 4
[77.870s][debug][gc,phases      ] GC(11)   StringTable Weak               Min:  0.2, Avg:  0.2, Max:  0.2, Diff:  0.0, Sum:  0.6, Workers: 4
[77.870s][debug][gc,phases      ] GC(11)     Dead                           Min: 0, Avg:  0.0, Max: 0, Diff: 0, Sum: 0, Workers: 4
[77.870s][debug][gc,phases      ] GC(11)     Total                          Min: 10029, Avg: 11723.2, Max: 12672, Diff: 2643, Sum: 46893, Workers: 4
[77.870s][debug][gc,phases      ] GC(11)   ResolvedMethodTable Weak       Min:  0.0, Avg:  0.0, Max:  0.0, Diff:  0.0, Sum:  0.2, Workers: 4
[77.870s][debug][gc,phases      ] GC(11)     Dead                           Min: 0, Avg:  0.0, Max: 0, Diff: 0, Sum: 0, Workers: 4
[77.870s][debug][gc,phases      ] GC(11)     Total                          Min: 2907, Avg: 3057.5, Max: 3182, Diff: 275, Sum: 12230, Workers: 4
[77.870s][debug][gc,phases      ] GC(11)   JNI Weak                       Min:  0.0, Avg:  0.0, Max:  0.0, Diff:  0.0, Sum:  0.0, Workers: 4
[77.870s][debug][gc,phases      ] GC(11)     Dead                           Min: 0, Avg:  0.0, Max: 0, Diff: 0, Sum: 0, Workers: 4
[77.870s][debug][gc,phases      ] GC(11)     Total                          Min: 0, Avg: 12.0, Max: 48, Diff: 48, Sum: 48, Workers: 4
[77.870s][debug][gc,phases      ] GC(11)   StringDedup Table Weak         Min:  0.0, Avg:  0.0, Max:  0.0, Diff:  0.0, Sum:  0.0, Workers: 4
[77.870s][debug][gc,phases      ] GC(11)     Dead                           Min: 0, Avg:  0.0, Max: 0, Diff: 0, Sum: 0, Workers: 4
[77.870s][debug][gc,phases      ] GC(11)     Total                          Min: 0, Avg:  0.0, Max: 0, Diff: 0, Sum: 0, Workers: 4
[77.870s][debug][gc,phases      ] GC(11)   StringDedup Requests0 Weak     Min:  0.0, Avg:  0.0, Max:  0.0, Diff:  0.0, Sum:  0.0, Workers: 4
[77.870s][debug][gc,phases      ] GC(11)     Dead                           Min: 0, Avg:  0.0, Max: 0, Diff: 0, Sum: 0, Workers: 4
[77.870s][debug][gc,phases      ] GC(11)     Total                          Min: 0, Avg:  0.0, Max: 0, Diff: 0, Sum: 0, Workers: 4
[77.870s][debug][gc,phases      ] GC(11)   StringDedup Requests1 Weak     Min:  0.0, Avg:  0.0, Max:  0.0, Diff:  0.0, Sum:  0.0, Workers: 4
[77.870s][debug][gc,phases      ] GC(11)     Dead                           Min: 0, Avg:  0.0, Max: 0, Diff: 0, Sum: 0, Workers: 4
[77.870s][debug][gc,phases      ] GC(11)     Total                          Min: 0, Avg:  0.0, Max: 0, Diff: 0, Sum: 0, Workers: 4
[77.870s][debug][gc,phases      ] GC(11)   Weak JFR Old Object Samples    Min:  0.0, Avg:  0.0, Max:  0.0, Diff:  0.0, Sum:  0.0, Workers: 4
[77.870s][debug][gc,phases      ] GC(11)     Dead                           Min: 0, Avg:  0.0, Max: 0, Diff: 0, Sum: 0, Workers: 4
[77.870s][debug][gc,phases      ] GC(11)     Total                          Min: 0, Avg:  0.0, Max: 0, Diff: 0, Sum: 0, Workers: 4
[77.870s][debug][gc,phases      ] GC(11) Weak Processing 0.412ms
[77.870s][debug][gc,phases      ] GC(11) ClassLoaderData 0.116ms
[77.870s][debug][gc,phases      ] GC(11) Trigger cleanups 0.000ms
[77.913s][debug][gc,phases      ] GC(11) Class Unloading 42.675ms
[77.913s][debug][gc,phases      ] GC(11) Report Object Count 0.001ms
[77.913s][info ][gc,phases      ] GC(11) Marking Phase 119.030ms
[77.913s][info ][gc,phases,start] GC(11) Summary Phase
[77.913s][info ][gc,phases      ] GC(11) Summary Phase 0.009ms
[77.913s][info ][gc,phases,start] GC(11) Adjust Roots
[77.931s][info ][gc,phases      ] GC(11) Adjust Roots 18.664ms
[77.931s][info ][gc,phases,start] GC(11) Compaction Phase
[78.341s][info ][gc,phases      ] GC(11) Compaction Phase 409.614ms
[78.341s][info ][gc,phases,start] GC(11) Post Compact
[78.344s][info ][gc,phases      ] GC(11) Post Compact 3.221ms
[78.344s][info ][gc,heap        ] GC(11) PSYoungGen: 155143K(1809408K)->153443K(1809408K) Eden: 0K(1521664K)->0K(1521664K) From: 155143K(287744K)->153443K(287744K)
[78.344s][info ][gc,heap        ] GC(11) ParOldGen: 78785K(78848K)->78446K(124928K)
[78.344s][info ][gc,metaspace   ] GC(11) Metaspace: 91101K(92288K)->91101K(92288K) NonClass: 77500K(78144K)->77500K(78144K) Class: 13601K(14144K)->13601K(14144K)
[78.344s][info ][gc             ] GC(11) Pause Full (Ergonomics) 228M->226M(1889M) 550.770ms
[78.344s][info ][gc,cpu         ] GC(11) User=1.44s Sys=0.02s Real=0.55s
[78.344s][info ][safepoint      ] Safepoint "ParallelGCFailedAllocation", Time since last: 283844360 ns, Reaching safepoint: 5900 ns, Cleanup: 6200 ns, At safepoint: 641456773 ns, Total: 641468873 ns
[79.345s][info ][safepoint      ] Safepoint "Cleanup", Time since last: 1000062890 ns, Reaching safepoint: 6200 ns, Cleanup: 111900 ns, At safepoint: 5400 ns, Total: 123500 ns
[80.345s][info ][safepoint      ] Safepoint "Cleanup", Time since last: 1000126291 ns, Reaching safepoint: 5900 ns, Cleanup: 11700 ns, At safepoint: 1900 ns, Total: 19500 ns
[81.345s][info ][safepoint      ] Safepoint "Cleanup", Time since last: 1000063890 ns, Reaching safepoint: 6400 ns, Cleanup: 8100 ns, At safepoint: 1600 ns, Total: 16100 ns
[83.345s][info ][safepoint      ] Safepoint "Cleanup", Time since last: 2000177881 ns, Reaching safepoint: 6700 ns, Cleanup: 8200 ns, At safepoint: 1800 ns, Total: 16700 ns
[84.345s][info ][safepoint      ] Safepoint "Cleanup", Time since last: 1000100691 ns, Reaching safepoint: 6500 ns, Cleanup: 5900 ns, At safepoint: 1800 ns, Total: 14200 ns
[85.345s][info ][safepoint      ] Safepoint "Cleanup", Time since last: 1000113490 ns, Reaching safepoint: 6800 ns, Cleanup: 10900 ns, At safepoint: 2400 ns, Total: 20100 ns
[86.345s][info ][safepoint      ] Safepoint "Cleanup", Time since last: 1000133791 ns, Reaching safepoint: 7700 ns, Cleanup: 9700 ns, At safepoint: 2700 ns, Total: 20100 ns
[87.346s][info ][safepoint      ] Safepoint "Cleanup", Time since last: 1000120471 ns, Reaching safepoint: 7300 ns, Cleanup: 8500 ns, At safepoint: 2000 ns, Total: 17800 ns
[89.346s][info ][safepoint      ] Safepoint "Cleanup", Time since last: 2000167726 ns, Reaching safepoint: 6200 ns, Cleanup: 12200 ns, At safepoint: 1900 ns, Total: 20300 ns
[90.346s][info ][safepoint      ] Safepoint "Cleanup", Time since last: 1000059663 ns, Reaching safepoint: 5700 ns, Cleanup: 7900 ns, At safepoint: 1900 ns, Total: 15500 ns
[91.346s][info ][safepoint      ] Safepoint "Cleanup", Time since last: 1000113263 ns, Reaching safepoint: 7000 ns, Cleanup: 7000 ns, At safepoint: 1700 ns, Total: 15700 ns
[92.346s][info ][safepoint      ] Safepoint "Cleanup", Time since last: 1000114963 ns, Reaching safepoint: 6100 ns, Cleanup: 14600 ns, At safepoint: 2100 ns, Total: 22800 ns
[93.346s][info ][safepoint      ] Safepoint "Cleanup", Time since last: 1000112963 ns, Reaching safepoint: 78201 ns, Cleanup: 16200 ns, At safepoint: 6300 ns, Total: 100701 ns
[94.346s][info ][safepoint      ] Safepoint "Cleanup", Time since last: 1000076863 ns, Reaching safepoint: 6300 ns, Cleanup: 12300 ns, At safepoint: 1800 ns, Total: 20400 ns
[96.347s][info ][safepoint      ] Safepoint "Cleanup", Time since last: 2000116169 ns, Reaching safepoint: 6900 ns, Cleanup: 10200 ns, At safepoint: 5300 ns, Total: 22400 ns
[97.347s][info ][safepoint      ] Safepoint "Cleanup", Time since last: 1000116089 ns, Reaching safepoint: 6701 ns, Cleanup: 9700 ns, At safepoint: 2200 ns, Total: 18601 ns
[98.347s][info ][safepoint      ] Safepoint "Cleanup", Time since last: 1000117889 ns, Reaching safepoint: 7100 ns, Cleanup: 13000 ns, At safepoint: 2000 ns, Total: 22100 ns
[99.347s][info ][safepoint      ] Safepoint "Cleanup", Time since last: 1000120189 ns, Reaching safepoint: 8700 ns, Cleanup: 10000 ns, At safepoint: 2400 ns, Total: 21100 ns
[100.347s][info ][safepoint      ] Safepoint "Cleanup", Time since last: 1000114089 ns, Reaching safepoint: 6600 ns, Cleanup: 36500 ns, At safepoint: 1600 ns, Total: 44700 ns
[101.347s][info ][safepoint      ] Safepoint "Cleanup", Time since last: 1000123489 ns, Reaching safepoint: 8000 ns, Cleanup: 14100 ns, At safepoint: 2400 ns, Total: 24500 ns
[102.347s][info ][safepoint      ] Safepoint "Cleanup", Time since last: 1000121289 ns, Reaching safepoint: 6400 ns, Cleanup: 10700 ns, At safepoint: 2300 ns, Total: 19400 ns
[103.348s][info ][safepoint      ] Safepoint "Cleanup", Time since last: 1000113988 ns, Reaching safepoint: 6600 ns, Cleanup: 22800 ns, At safepoint: 2100 ns, Total: 31500 ns
[104.348s][info ][safepoint      ] Safepoint "Cleanup", Time since last: 1000101088 ns, Reaching safepoint: 6100 ns, Cleanup: 11200 ns, At safepoint: 1800 ns, Total: 19100 ns
[105.348s][info ][safepoint      ] Safepoint "Cleanup", Time since last: 1000106688 ns, Reaching safepoint: 6000 ns, Cleanup: 17300 ns, At safepoint: 1600 ns, Total: 24900 ns
[106.348s][info ][safepoint      ] Safepoint "Cleanup", Time since last: 1000109288 ns, Reaching safepoint: 6800 ns, Cleanup: 27900 ns, At safepoint: 2000 ns, Total: 36700 ns
[107.348s][info ][safepoint      ] Safepoint "Cleanup", Time since last: 1000126188 ns, Reaching safepoint: 6800 ns, Cleanup: 15400 ns, At safepoint: 2100 ns, Total: 24300 ns
[108.348s][info ][safepoint      ] Safepoint "Cleanup", Time since last: 1000114888 ns, Reaching safepoint: 6400 ns, Cleanup: 24300 ns, At safepoint: 2300 ns, Total: 33000 ns
[109.348s][info ][safepoint      ] Safepoint "Cleanup", Time since last: 1000110687 ns, Reaching safepoint: 6401 ns, Cleanup: 11700 ns, At safepoint: 2100 ns, Total: 20201 ns
[110.348s][info ][safepoint      ] Safepoint "Cleanup", Time since last: 1000121187 ns, Reaching safepoint: 6400 ns, Cleanup: 9700 ns, At safepoint: 1700 ns, Total: 17800 ns
[111.349s][info ][safepoint      ] Safepoint "Cleanup", Time since last: 1000104388 ns, Reaching safepoint: 7700 ns, Cleanup: 29200 ns, At safepoint: 6100 ns, Total: 43000 ns
[112.349s][info ][safepoint      ] Safepoint "Cleanup", Time since last: 1000114388 ns, Reaching safepoint: 6400 ns, Cleanup: 16000 ns, At safepoint: 2100 ns, Total: 24500 ns
[112.853s][info ][safepoint      ] Safepoint "ICBufferFull", Time since last: 504341215 ns, Reaching safepoint: 5600 ns, Cleanup: 212301 ns, At safepoint: 8000 ns, Total: 225901 ns
[113.854s][info ][safepoint      ] Safepoint "Cleanup", Time since last: 1000128188 ns, Reaching safepoint: 77400 ns, Cleanup: 101601 ns, At safepoint: 6700 ns, Total: 185701 ns
[113.857s][info ][gc,start       ] GC(12) Pause Young (Allocation Failure)
[113.928s][debug][gc,phases      ] GC(12) Scavenge 71.503ms
[113.929s][debug][gc,ref         ] GC(12) ReferenceProcessor::execute queues: 1, RefProcThreadModel::Single, marks_oops_alive: false
[113.929s][debug][gc,ref         ] GC(12) Skipped KeepAliveFinalRefsPhase of Reference Processing: no references
[113.929s][debug][gc,ref         ] GC(12) ReferenceProcessor::execute queues: 1, RefProcThreadModel::Single, marks_oops_alive: false
[113.929s][debug][gc,phases      ] GC(12) Reference Processing 0.141ms
[113.929s][debug][gc,phases      ] GC(12)   VM Weak                        Min:  0.0, Avg:  0.0, Max:  0.0, Diff:  0.0, Sum:  0.0, Workers: 4
[113.929s][debug][gc,phases      ] GC(12)     Dead                           Min: 0, Avg:  0.0, Max: 0, Diff: 0, Sum: 0, Workers: 4
[113.929s][debug][gc,phases      ] GC(12)     Total                          Min: 64, Avg: 222.8, Max: 384, Diff: 320, Sum: 891, Workers: 4
[113.929s][debug][gc,phases      ] GC(12)   ObjectSynchronizer Weak        Min:  0.0, Avg:  0.0, Max:  0.0, Diff:  0.0, Sum:  0.0, Workers: 4
[113.929s][debug][gc,phases      ] GC(12)     Dead                           Min: 0, Avg:  0.0, Max: 0, Diff: 0, Sum: 0, Workers: 4
[113.929s][debug][gc,phases      ] GC(12)     Total                          Min: 0, Avg:  1.0, Max: 4, Diff: 4, Sum: 4, Workers: 4
[113.929s][debug][gc,phases      ] GC(12)   JVMTI Tag Weak OopStorage      Min:  0.0, Avg:  0.0, Max:  0.0, Diff:  0.0, Sum:  0.0, Workers: 4
[113.929s][debug][gc,phases      ] GC(12)     Dead                           Min: 0, Avg:  0.0, Max: 0, Diff: 0, Sum: 0, Workers: 4
[113.929s][debug][gc,phases      ] GC(12)     Total                          Min: 0, Avg:  0.0, Max: 0, Diff: 0, Sum: 0, Workers: 4
[113.929s][debug][gc,phases      ] GC(12)   StringTable Weak               Min:  0.2, Avg:  0.2, Max:  0.2, Diff:  0.0, Sum:  0.9, Workers: 4
[113.929s][debug][gc,phases      ] GC(12)     Dead                           Min: 0, Avg:  0.2, Max: 1, Diff: 1, Sum: 1, Workers: 4
[113.929s][debug][gc,phases      ] GC(12)     Total                          Min: 10688, Avg: 11742.0, Max: 12344, Diff: 1656, Sum: 46968, Workers: 4
[113.929s][debug][gc,phases      ] GC(12)   ResolvedMethodTable Weak       Min:  0.1, Avg:  0.1, Max:  0.1, Diff:  0.0, Sum:  0.4, Workers: 4
[113.929s][debug][gc,phases      ] GC(12)     Dead                           Min: 0, Avg:  1.0, Max: 4, Diff: 4, Sum: 4, Workers: 4
[113.929s][debug][gc,phases      ] GC(12)     Total                          Min: 2765, Avg: 3062.5, Max: 3374, Diff: 609, Sum: 12250, Workers: 4
[113.929s][debug][gc,phases      ] GC(12)   JNI Weak                       Min:  0.0, Avg:  0.0, Max:  0.0, Diff:  0.0, Sum:  0.0, Workers: 4
[113.929s][debug][gc,phases      ] GC(12)     Dead                           Min: 0, Avg:  0.0, Max: 0, Diff: 0, Sum: 0, Workers: 4
[113.929s][debug][gc,phases      ] GC(12)     Total                          Min: 0, Avg: 12.0, Max: 48, Diff: 48, Sum: 48, Workers: 4
[113.929s][debug][gc,phases      ] GC(12)   StringDedup Table Weak         Min:  0.0, Avg:  0.0, Max:  0.0, Diff:  0.0, Sum:  0.0, Workers: 4
[113.929s][debug][gc,phases      ] GC(12)     Dead                           Min: 0, Avg:  0.0, Max: 0, Diff: 0, Sum: 0, Workers: 4
[113.929s][debug][gc,phases      ] GC(12)     Total                          Min: 0, Avg:  0.0, Max: 0, Diff: 0, Sum: 0, Workers: 4
[113.929s][debug][gc,phases      ] GC(12)   StringDedup Requests0 Weak     Min:  0.0, Avg:  0.0, Max:  0.0, Diff:  0.0, Sum:  0.0, Workers: 4
[113.929s][debug][gc,phases      ] GC(12)     Dead                           Min: 0, Avg:  0.0, Max: 0, Diff: 0, Sum: 0, Workers: 4
[113.929s][debug][gc,phases      ] GC(12)     Total                          Min: 0, Avg:  0.0, Max: 0, Diff: 0, Sum: 0, Workers: 4
[113.929s][debug][gc,phases      ] GC(12)   StringDedup Requests1 Weak     Min:  0.0, Avg:  0.0, Max:  0.0, Diff:  0.0, Sum:  0.0, Workers: 4
[113.929s][debug][gc,phases      ] GC(12)     Dead                           Min: 0, Avg:  0.0, Max: 0, Diff: 0, Sum: 0, Workers: 4
[113.929s][debug][gc,phases      ] GC(12)     Total                          Min: 0, Avg:  0.0, Max: 0, Diff: 0, Sum: 0, Workers: 4
[113.929s][debug][gc,phases      ] GC(12)   Weak JFR Old Object Samples    Min:  0.0, Avg:  0.0, Max:  0.0, Diff:  0.0, Sum:  0.0, Workers: 4
[113.929s][debug][gc,phases      ] GC(12)     Dead                           Min: 0, Avg:  0.0, Max: 0, Diff: 0, Sum: 0, Workers: 4
[113.929s][debug][gc,phases      ] GC(12)     Total                          Min: 0, Avg:  0.0, Max: 0, Diff: 0, Sum: 0, Workers: 4
[113.929s][debug][gc,phases      ] GC(12) Weak Processing 0.538ms
[113.929s][debug][gc,age         ] GC(12) Desired survivor size 277348352 bytes, new threshold 5 (max threshold 15)
[113.929s][info ][gc,heap        ] GC(12) PSYoungGen: 1675107K(1809408K)->81901K(1826304K) Eden: 1521664K(1521664K)->0K(1550336K) From: 153443K(287744K)->81901K(275968K)
[113.929s][info ][gc,heap        ] GC(12) ParOldGen: 78446K(124928K)->162957K(163328K)
[113.929s][info ][gc,metaspace   ] GC(12) Metaspace: 91296K(92480K)->91296K(92480K) NonClass: 77686K(78336K)->77686K(78336K) Class: 13610K(14144K)->13610K(14144K)
[113.929s][info ][gc             ] GC(12) Pause Young (Allocation Failure) 1712M->239M(1943M) 72.293ms
[113.929s][info ][gc,cpu         ] GC(12) User=0.25s Sys=0.02s Real=0.07s
[113.929s][debug][gc,phases      ] GC(13) Pre Compact 0.009ms
[113.929s][info ][gc,start       ] GC(13) Pause Full (Ergonomics)
[113.929s][info ][gc,phases,start] GC(13) Marking Phase
[114.006s][debug][gc,phases      ] GC(13) Par Mark 77.164ms
[114.007s][debug][gc,ref         ] GC(13) ReferenceProcessor::execute queues: 4, RefProcThreadModel::Multi, marks_oops_alive: false
[114.007s][debug][gc,ref         ] GC(13) Skipped KeepAliveFinalRefsPhase of Reference Processing: no references
[114.007s][debug][gc,ref         ] GC(13) ReferenceProcessor::execute queues: 1, RefProcThreadModel::Single, marks_oops_alive: false
[114.007s][debug][gc,phases      ] GC(13) Reference Processing 0.574ms
[114.007s][debug][gc,phases      ] GC(13)   VM Weak                        Min:  0.0, Avg:  0.0, Max:  0.0, Diff:  0.0, Sum:  0.0, Workers: 4
[114.007s][debug][gc,phases      ] GC(13)     Dead                           Min: 0, Avg:  0.0, Max: 0, Diff: 0, Sum: 0, Workers: 4
[114.007s][debug][gc,phases      ] GC(13)     Total                          Min: 59, Avg: 222.8, Max: 320, Diff: 261, Sum: 891, Workers: 4
[114.007s][debug][gc,phases      ] GC(13)   ObjectSynchronizer Weak        Min:  0.0, Avg:  0.0, Max:  0.0, Diff:  0.0, Sum:  0.0, Workers: 4
[114.007s][debug][gc,phases      ] GC(13)     Dead                           Min: 0, Avg:  0.0, Max: 0, Diff: 0, Sum: 0, Workers: 4
[114.007s][debug][gc,phases      ] GC(13)     Total                          Min: 0, Avg:  1.0, Max: 4, Diff: 4, Sum: 4, Workers: 4
[114.007s][debug][gc,phases      ] GC(13)   JVMTI Tag Weak OopStorage      Min:  0.0, Avg:  0.0, Max:  0.0, Diff:  0.0, Sum:  0.0, Workers: 4
[114.007s][debug][gc,phases      ] GC(13)     Dead                           Min: 0, Avg:  0.0, Max: 0, Diff: 0, Sum: 0, Workers: 4
[114.007s][debug][gc,phases      ] GC(13)     Total                          Min: 0, Avg:  0.0, Max: 0, Diff: 0, Sum: 0, Workers: 4
[114.007s][debug][gc,phases      ] GC(13)   StringTable Weak               Min:  0.2, Avg:  0.2, Max:  0.2, Diff:  0.0, Sum:  0.7, Workers: 4
[114.007s][debug][gc,phases      ] GC(13)     Dead                           Min: 0, Avg:  0.0, Max: 0, Diff: 0, Sum: 0, Workers: 4
[114.007s][debug][gc,phases      ] GC(13)     Total                          Min: 10368, Avg: 11742.0, Max: 13112, Diff: 2744, Sum: 46968, Workers: 4
[114.007s][debug][gc,phases      ] GC(13)   ResolvedMethodTable Weak       Min:  0.0, Avg:  0.0, Max:  0.0, Diff:  0.0, Sum:  0.2, Workers: 4
[114.007s][debug][gc,phases      ] GC(13)     Dead                           Min: 0, Avg:  0.0, Max: 0, Diff: 0, Sum: 0, Workers: 4
[114.007s][debug][gc,phases      ] GC(13)     Total                          Min: 2900, Avg: 3062.5, Max: 3256, Diff: 356, Sum: 12250, Workers: 4
[114.007s][debug][gc,phases      ] GC(13)   JNI Weak                       Min:  0.0, Avg:  0.0, Max:  0.0, Diff:  0.0, Sum:  0.0, Workers: 4
[114.007s][debug][gc,phases      ] GC(13)     Dead                           Min: 0, Avg:  0.0, Max: 0, Diff: 0, Sum: 0, Workers: 4
[114.007s][debug][gc,phases      ] GC(13)     Total                          Min: 0, Avg: 12.0, Max: 48, Diff: 48, Sum: 48, Workers: 4
[114.007s][debug][gc,phases      ] GC(13)   StringDedup Table Weak         Min:  0.0, Avg:  0.0, Max:  0.0, Diff:  0.0, Sum:  0.0, Workers: 4
[114.007s][debug][gc,phases      ] GC(13)     Dead                           Min: 0, Avg:  0.0, Max: 0, Diff: 0, Sum: 0, Workers: 4
[114.007s][debug][gc,phases      ] GC(13)     Total                          Min: 0, Avg:  0.0, Max: 0, Diff: 0, Sum: 0, Workers: 4
[114.007s][debug][gc,phases      ] GC(13)   StringDedup Requests0 Weak     Min:  0.0, Avg:  0.0, Max:  0.0, Diff:  0.0, Sum:  0.0, Workers: 4
[114.007s][debug][gc,phases      ] GC(13)     Dead                           Min: 0, Avg:  0.0, Max: 0, Diff: 0, Sum: 0, Workers: 4
[114.007s][debug][gc,phases      ] GC(13)     Total                          Min: 0, Avg:  0.0, Max: 0, Diff: 0, Sum: 0, Workers: 4
[114.007s][debug][gc,phases      ] GC(13)   StringDedup Requests1 Weak     Min:  0.0, Avg:  0.0, Max:  0.0, Diff:  0.0, Sum:  0.0, Workers: 4
[114.007s][debug][gc,phases      ] GC(13)     Dead                           Min: 0, Avg:  0.0, Max: 0, Diff: 0, Sum: 0, Workers: 4
[114.007s][debug][gc,phases      ] GC(13)     Total                          Min: 0, Avg:  0.0, Max: 0, Diff: 0, Sum: 0, Workers: 4
[114.007s][debug][gc,phases      ] GC(13)   Weak JFR Old Object Samples    Min:  0.0, Avg:  0.0, Max:  0.0, Diff:  0.0, Sum:  0.0, Workers: 4
[114.007s][debug][gc,phases      ] GC(13)     Dead                           Min: 0, Avg:  0.0, Max: 0, Diff: 0, Sum: 0, Workers: 4
[114.007s][debug][gc,phases      ] GC(13)     Total                          Min: 0, Avg:  0.0, Max: 0, Diff: 0, Sum: 0, Workers: 4
[114.007s][debug][gc,phases      ] GC(13) Weak Processing 0.424ms
[114.008s][debug][gc,phases      ] GC(13) ClassLoaderData 0.114ms
[114.008s][debug][gc,phases      ] GC(13) Trigger cleanups 0.000ms
[114.035s][debug][gc,phases      ] GC(13) Class Unloading 27.762ms
[114.035s][debug][gc,phases      ] GC(13) Report Object Count 0.001ms
[114.035s][info ][gc,phases      ] GC(13) Marking Phase 106.008ms
[114.035s][info ][gc,phases,start] GC(13) Summary Phase
[114.035s][info ][gc,phases      ] GC(13) Summary Phase 0.008ms
[114.035s][info ][gc,phases,start] GC(13) Adjust Roots
[114.050s][info ][gc,phases      ] GC(13) Adjust Roots 14.953ms
[114.050s][info ][gc,phases,start] GC(13) Compaction Phase
[114.184s][info ][gc,phases      ] GC(13) Compaction Phase 133.498ms
[114.184s][info ][gc,phases,start] GC(13) Post Compact
[114.185s][info ][gc,phases      ] GC(13) Post Compact 1.052ms
[114.185s][info ][gc,heap        ] GC(13) PSYoungGen: 81901K(1826304K)->78490K(1826304K) Eden: 0K(1550336K)->0K(1550336K) From: 81901K(275968K)->78490K(275968K)
[114.185s][info ][gc,heap        ] GC(13) ParOldGen: 162957K(163328K)->163238K(244224K)
[114.185s][info ][gc,metaspace   ] GC(13) Metaspace: 91296K(92480K)->91296K(92480K) NonClass: 77686K(78336K)->77686K(78336K) Class: 13610K(14144K)->13610K(14144K)
[114.185s][info ][gc             ] GC(13) Pause Full (Ergonomics) 239M->236M(2022M) 255.815ms
[114.185s][info ][gc,cpu         ] GC(13) User=0.86s Sys=0.01s Real=0.26s
[114.185s][info ][safepoint      ] Safepoint "ParallelGCFailedAllocation", Time since last: 3175715 ns, Reaching safepoint: 3100 ns, Cleanup: 2500 ns, At safepoint: 328232971 ns, Total: 328238571 ns
[115.185s][info ][safepoint      ] Safepoint "Cleanup", Time since last: 1000045188 ns, Reaching safepoint: 7000 ns, Cleanup: 72700 ns, At safepoint: 2200 ns, Total: 81900 ns
[116.185s][info ][safepoint      ] Safepoint "Cleanup", Time since last: 1000108788 ns, Reaching safepoint: 5800 ns, Cleanup: 16500 ns, At safepoint: 1700 ns, Total: 24000 ns
[117.185s][info ][safepoint      ] Safepoint "Cleanup", Time since last: 1000102288 ns, Reaching safepoint: 8200 ns, Cleanup: 16600 ns, At safepoint: 2100 ns, Total: 26900 ns
[118.186s][info ][safepoint      ] Safepoint "Cleanup", Time since last: 1000101288 ns, Reaching safepoint: 6800 ns, Cleanup: 14500 ns, At safepoint: 2900 ns, Total: 24200 ns
[119.186s][info ][safepoint      ] Safepoint "Cleanup", Time since last: 1000107087 ns, Reaching safepoint: 5500 ns, Cleanup: 29400 ns, At safepoint: 10400 ns, Total: 45300 ns
[119.519s][info ][safepoint      ] Safepoint "ICBufferFull", Time since last: 333135295 ns, Reaching safepoint: 4400 ns, Cleanup: 162101 ns, At safepoint: 2300 ns, Total: 168801 ns
[119.708s][info ][safepoint      ] Safepoint "ICBufferFull", Time since last: 188812603 ns, Reaching safepoint: 154201 ns, Cleanup: 135801 ns, At safepoint: 9700 ns, Total: 299702 ns
[119.979s][info ][safepoint      ] Safepoint "ICBufferFull", Time since last: 271110198 ns, Reaching safepoint: 5100 ns, Cleanup: 161600 ns, At safepoint: 1800 ns, Total: 168500 ns
[120.473s][info ][safepoint      ] Safepoint "ICBufferFull", Time since last: 493555063 ns, Reaching safepoint: 4900 ns, Cleanup: 166801 ns, At safepoint: 3100 ns, Total: 174801 ns
[120.856s][info ][safepoint      ] Safepoint "ICBufferFull", Time since last: 383015733 ns, Reaching safepoint: 6300 ns, Cleanup: 162301 ns, At safepoint: 6500 ns, Total: 175101 ns
[121.361s][info ][safepoint      ] Safepoint "ICBufferFull", Time since last: 504470114 ns, Reaching safepoint: 6500 ns, Cleanup: 171601 ns, At safepoint: 12000 ns, Total: 190101 ns
[121.937s][info ][safepoint      ] Safepoint "ParallelGCFailedAllocation", Time since last: 576141958 ns, Reaching safepoint: 81200 ns, Cleanup: 199601 ns, At safepoint: 14000 ns, Total: 294801 ns
[121.938s][info ][gc,start       ] GC(14) Pause Young (GCLocker Initiated GC)
[121.991s][debug][gc,phases      ] GC(14) Scavenge 52.924ms
[121.991s][debug][gc,ref         ] GC(14) ReferenceProcessor::execute queues: 1, RefProcThreadModel::Single, marks_oops_alive: false
[121.991s][debug][gc,ref         ] GC(14) Skipped KeepAliveFinalRefsPhase of Reference Processing: no references
[121.991s][debug][gc,ref         ] GC(14) ReferenceProcessor::execute queues: 1, RefProcThreadModel::Single, marks_oops_alive: false
[121.991s][debug][gc,phases      ] GC(14) Reference Processing 0.175ms
[121.992s][debug][gc,phases      ] GC(14)   VM Weak                        Min:  0.0, Avg:  0.0, Max:  0.0, Diff:  0.0, Sum:  0.0, Workers: 4
[121.992s][debug][gc,phases      ] GC(14)     Dead                           Min: 0, Avg:  0.0, Max: 0, Diff: 0, Sum: 0, Workers: 4
[121.992s][debug][gc,phases      ] GC(14)     Total                          Min: 60, Avg: 239.0, Max: 384, Diff: 324, Sum: 956, Workers: 4
[121.992s][debug][gc,phases      ] GC(14)   ObjectSynchronizer Weak        Min:  0.0, Avg:  0.0, Max:  0.0, Diff:  0.0, Sum:  0.0, Workers: 4
[121.992s][debug][gc,phases      ] GC(14)     Dead                           Min: 0, Avg:  0.0, Max: 0, Diff: 0, Sum: 0, Workers: 4
[121.992s][debug][gc,phases      ] GC(14)     Total                          Min: 0, Avg:  0.8, Max: 3, Diff: 3, Sum: 3, Workers: 4
[121.992s][debug][gc,phases      ] GC(14)   JVMTI Tag Weak OopStorage      Min:  0.0, Avg:  0.0, Max:  0.0, Diff:  0.0, Sum:  0.0, Workers: 4
[121.992s][debug][gc,phases      ] GC(14)     Dead                           Min: 0, Avg:  0.0, Max: 0, Diff: 0, Sum: 0, Workers: 4
[121.992s][debug][gc,phases      ] GC(14)     Total                          Min: 0, Avg:  0.0, Max: 0, Diff: 0, Sum: 0, Workers: 4
[121.992s][debug][gc,phases      ] GC(14)   StringTable Weak               Min:  0.1, Avg:  0.1, Max:  0.1, Diff:  0.0, Sum:  0.5, Workers: 4
[121.992s][debug][gc,phases      ] GC(14)     Dead                           Min: 0, Avg:  1.8, Max: 6, Diff: 6, Sum: 7, Workers: 4
[121.992s][debug][gc,phases      ] GC(14)     Total                          Min: 11328, Avg: 11884.2, Max: 12672, Diff: 1344, Sum: 47537, Workers: 4
[121.992s][debug][gc,phases      ] GC(14)   ResolvedMethodTable Weak       Min:  0.0, Avg:  0.0, Max:  0.1, Diff:  0.0, Sum:  0.2, Workers: 4
[121.992s][debug][gc,phases      ] GC(14)     Dead                           Min: 30, Avg: 52.8, Max: 67, Diff: 37, Sum: 211, Workers: 4
[121.992s][debug][gc,phases      ] GC(14)     Total                          Min: 2281, Avg: 3243.8, Max: 3805, Diff: 1524, Sum: 12975, Workers: 4
[121.992s][debug][gc,phases      ] GC(14)   JNI Weak                       Min:  0.0, Avg:  0.0, Max:  0.0, Diff:  0.0, Sum:  0.0, Workers: 4
[121.992s][debug][gc,phases      ] GC(14)     Dead                           Min: 0, Avg:  0.0, Max: 0, Diff: 0, Sum: 0, Workers: 4
[121.992s][debug][gc,phases      ] GC(14)     Total                          Min: 0, Avg: 14.8, Max: 52, Diff: 52, Sum: 59, Workers: 4
[121.992s][debug][gc,phases      ] GC(14)   StringDedup Table Weak         Min:  0.0, Avg:  0.0, Max:  0.0, Diff:  0.0, Sum:  0.0, Workers: 4
[121.992s][debug][gc,phases      ] GC(14)     Dead                           Min: 0, Avg:  0.0, Max: 0, Diff: 0, Sum: 0, Workers: 4
[121.992s][debug][gc,phases      ] GC(14)     Total                          Min: 0, Avg:  0.0, Max: 0, Diff: 0, Sum: 0, Workers: 4
[121.992s][debug][gc,phases      ] GC(14)   StringDedup Requests0 Weak     Min:  0.0, Avg:  0.0, Max:  0.0, Diff:  0.0, Sum:  0.0, Workers: 4
[121.992s][debug][gc,phases      ] GC(14)     Dead                           Min: 0, Avg:  0.0, Max: 0, Diff: 0, Sum: 0, Workers: 4
[121.992s][debug][gc,phases      ] GC(14)     Total                          Min: 0, Avg:  0.0, Max: 0, Diff: 0, Sum: 0, Workers: 4
[121.992s][debug][gc,phases      ] GC(14)   StringDedup Requests1 Weak     Min:  0.0, Avg:  0.0, Max:  0.0, Diff:  0.0, Sum:  0.0, Workers: 4
[121.992s][debug][gc,phases      ] GC(14)     Dead                           Min: 0, Avg:  0.0, Max: 0, Diff: 0, Sum: 0, Workers: 4
[121.992s][debug][gc,phases      ] GC(14)     Total                          Min: 0, Avg:  0.0, Max: 0, Diff: 0, Sum: 0, Workers: 4
[121.992s][debug][gc,phases      ] GC(14)   Weak JFR Old Object Samples    Min:  0.0, Avg:  0.0, Max:  0.0, Diff:  0.0, Sum:  0.0, Workers: 4
[121.992s][debug][gc,phases      ] GC(14)     Dead                           Min: 0, Avg:  0.0, Max: 0, Diff: 0, Sum: 0, Workers: 4
[121.992s][debug][gc,phases      ] GC(14)     Total                          Min: 0, Avg:  0.0, Max: 0, Diff: 0, Sum: 0, Workers: 4
[121.992s][debug][gc,phases      ] GC(14) Weak Processing 0.388ms
[121.992s][debug][gc,age         ] GC(14) Desired survivor size 264241152 bytes, new threshold 6 (max threshold 15)
[121.992s][info ][gc,heap        ] GC(14) PSYoungGen: 1628826K(1826304K)->138646K(1821184K) Eden: 1550336K(1550336K)->0K(1550336K) From: 78490K(275968K)->138646K(270848K)
[121.992s][info ][gc,heap        ] GC(14) ParOldGen: 163631K(244224K)->163639K(244224K)
[121.992s][info ][gc,metaspace   ] GC(14) Metaspace: 93091K(94336K)->93091K(94336K) NonClass: 79208K(79936K)->79208K(79936K) Class: 13883K(14400K)->13883K(14400K)
[121.992s][info ][gc             ] GC(14) Pause Young (GCLocker Initiated GC) 1750M->295M(2017M) 53.605ms
[121.992s][info ][gc,cpu         ] GC(14) User=0.20s Sys=0.00s Real=0.05s
[121.992s][info ][safepoint      ] Safepoint "ParallelGCSystemGC", Time since last: 554403 ns, Reaching safepoint: 80301 ns, Cleanup: 1600 ns, At safepoint: 53685757 ns, Total: 53767658 ns
[122.735s][info ][safepoint      ] Safepoint "ICBufferFull", Time since last: 743004756 ns, Reaching safepoint: 4800 ns, Cleanup: 165301 ns, At safepoint: 2500 ns, Total: 172601 ns
[123.735s][info ][safepoint      ] Safepoint "Cleanup", Time since last: 1000106587 ns, Reaching safepoint: 5800 ns, Cleanup: 124600 ns, At safepoint: 7500 ns, Total: 137900 ns
[124.736s][info ][safepoint      ] Safepoint "Cleanup", Time since last: 1000317489 ns, Reaching safepoint: 7100 ns, Cleanup: 140600 ns, At safepoint: 11400 ns, Total: 159100 ns
[125.736s][info ][safepoint      ] Safepoint "Cleanup", Time since last: 1000112887 ns, Reaching safepoint: 6600 ns, Cleanup: 87001 ns, At safepoint: 1900 ns, Total: 95501 ns
[126.736s][info ][safepoint      ] Safepoint "Cleanup", Time since last: 1000129283 ns, Reaching safepoint: 5500 ns, Cleanup: 73900 ns, At safepoint: 1900 ns, Total: 81300 ns
[127.736s][info ][safepoint      ] Safepoint "Cleanup", Time since last: 1000104922 ns, Reaching safepoint: 5800 ns, Cleanup: 146701 ns, At safepoint: 5600 ns, Total: 158101 ns
[128.737s][info ][safepoint      ] Safepoint "Cleanup", Time since last: 1000118322 ns, Reaching safepoint: 6600 ns, Cleanup: 39301 ns, At safepoint: 2300 ns, Total: 48201 ns
[129.737s][info ][safepoint      ] Safepoint "Cleanup", Time since last: 1000108822 ns, Reaching safepoint: 5800 ns, Cleanup: 30200 ns, At safepoint: 1700 ns, Total: 37700 ns
[130.737s][info ][safepoint      ] Safepoint "Cleanup", Time since last: 1000116322 ns, Reaching safepoint: 6901 ns, Cleanup: 30500 ns, At safepoint: 2100 ns, Total: 39501 ns
[131.737s][info ][safepoint      ] Safepoint "Cleanup", Time since last: 1000100822 ns, Reaching safepoint: 5900 ns, Cleanup: 47700 ns, At safepoint: 2200 ns, Total: 55800 ns
[132.801s][info ][gc,start       ] GC(15) Pause Young (Allocation Failure)
[132.839s][debug][gc,phases      ] GC(15) Scavenge 37.936ms
[132.839s][debug][gc,ref         ] GC(15) ReferenceProcessor::execute queues: 1, RefProcThreadModel::Single, marks_oops_alive: false
[132.839s][debug][gc,ref         ] GC(15) Skipped KeepAliveFinalRefsPhase of Reference Processing: no references
[132.839s][debug][gc,ref         ] GC(15) ReferenceProcessor::execute queues: 1, RefProcThreadModel::Single, marks_oops_alive: false
[132.839s][debug][gc,phases      ] GC(15) Reference Processing 0.140ms
[132.839s][debug][gc,phases      ] GC(15)   VM Weak                        Min:  0.0, Avg:  0.0, Max:  0.0, Diff:  0.0, Sum:  0.0, Workers: 4
[132.839s][debug][gc,phases      ] GC(15)     Dead                           Min: 0, Avg:  0.0, Max: 0, Diff: 0, Sum: 0, Workers: 4
[132.839s][debug][gc,phases      ] GC(15)     Total                          Min: 0, Avg: 239.2, Max: 576, Diff: 576, Sum: 957, Workers: 4
[132.839s][debug][gc,phases      ] GC(15)   ObjectSynchronizer Weak        Min:  0.0, Avg:  0.0, Max:  0.0, Diff:  0.0, Sum:  0.0, Workers: 4
[132.839s][debug][gc,phases      ] GC(15)     Dead                           Min: 0, Avg:  0.0, Max: 0, Diff: 0, Sum: 0, Workers: 4
[132.839s][debug][gc,phases      ] GC(15)     Total                          Min: 0, Avg:  1.0, Max: 4, Diff: 4, Sum: 4, Workers: 4
[132.839s][debug][gc,phases      ] GC(15)   JVMTI Tag Weak OopStorage      Min:  0.0, Avg:  0.0, Max:  0.0, Diff:  0.0, Sum:  0.0, Workers: 4
[132.839s][debug][gc,phases      ] GC(15)     Dead                           Min: 0, Avg:  0.0, Max: 0, Diff: 0, Sum: 0, Workers: 4
[132.839s][debug][gc,phases      ] GC(15)     Total                          Min: 0, Avg:  0.0, Max: 0, Diff: 0, Sum: 0, Workers: 4
[132.839s][debug][gc,phases      ] GC(15)   StringTable Weak               Min:  0.0, Avg:  0.1, Max:  0.1, Diff:  0.1, Sum:  0.4, Workers: 4
[132.839s][debug][gc,phases      ] GC(15)     Dead                           Min: 0, Avg:  0.5, Max: 1, Diff: 1, Sum: 2, Workers: 4
[132.839s][debug][gc,phases      ] GC(15)     Total                          Min: 0, Avg: 11912.5, Max: 20864, Diff: 20864, Sum: 47650, Workers: 4
[132.840s][debug][gc,phases      ] GC(15)   ResolvedMethodTable Weak       Min:  0.0, Avg:  0.0, Max:  0.0, Diff:  0.0, Sum:  0.1, Workers: 4
[132.840s][debug][gc,phases      ] GC(15)     Dead                           Min: 0, Avg:  3.8, Max: 9, Diff: 9, Sum: 15, Workers: 4
[132.840s][debug][gc,phases      ] GC(15)     Total                          Min: 0, Avg: 3261.5, Max: 5480, Diff: 5480, Sum: 13046, Workers: 4
[132.840s][debug][gc,phases      ] GC(15)   JNI Weak                       Min:  0.0, Avg:  0.0, Max:  0.0, Diff:  0.0, Sum:  0.0, Workers: 4
[132.840s][debug][gc,phases      ] GC(15)     Dead                           Min: 0, Avg:  0.0, Max: 0, Diff: 0, Sum: 0, Workers: 4
[132.840s][debug][gc,phases      ] GC(15)     Total                          Min: 0, Avg: 12.0, Max: 48, Diff: 48, Sum: 48, Workers: 4
[132.840s][debug][gc,phases      ] GC(15)   StringDedup Table Weak         Min:  0.0, Avg:  0.0, Max:  0.0, Diff:  0.0, Sum:  0.0, Workers: 4
[132.840s][debug][gc,phases      ] GC(15)     Dead                           Min: 0, Avg:  0.0, Max: 0, Diff: 0, Sum: 0, Workers: 4
[132.840s][debug][gc,phases      ] GC(15)     Total                          Min: 0, Avg:  0.0, Max: 0, Diff: 0, Sum: 0, Workers: 4
[132.840s][debug][gc,phases      ] GC(15)   StringDedup Requests0 Weak     Min:  0.0, Avg:  0.0, Max:  0.0, Diff:  0.0, Sum:  0.0, Workers: 4
[132.840s][debug][gc,phases      ] GC(15)     Dead                           Min: 0, Avg:  0.0, Max: 0, Diff: 0, Sum: 0, Workers: 4
[132.840s][debug][gc,phases      ] GC(15)     Total                          Min: 0, Avg:  0.0, Max: 0, Diff: 0, Sum: 0, Workers: 4
[132.840s][debug][gc,phases      ] GC(15)   StringDedup Requests1 Weak     Min:  0.0, Avg:  0.0, Max:  0.0, Diff:  0.0, Sum:  0.0, Workers: 4
[132.840s][debug][gc,phases      ] GC(15)     Dead                           Min: 0, Avg:  0.0, Max: 0, Diff: 0, Sum: 0, Workers: 4
[132.840s][debug][gc,phases      ] GC(15)     Total                          Min: 0, Avg:  0.0, Max: 0, Diff: 0, Sum: 0, Workers: 4
[132.840s][debug][gc,phases      ] GC(15)   Weak JFR Old Object Samples    Min:  0.0, Avg:  0.0, Max:  0.0, Diff:  0.0, Sum:  0.0, Workers: 4
[132.840s][debug][gc,phases      ] GC(15)     Dead                           Min: 0, Avg:  0.0, Max: 0, Diff: 0, Sum: 0, Workers: 4
[132.840s][debug][gc,phases      ] GC(15)     Total                          Min: 0, Avg:  0.0, Max: 0, Diff: 0, Sum: 0, Workers: 4
[132.840s][debug][gc,phases      ] GC(15) Weak Processing 0.426ms
[132.840s][debug][gc,age         ] GC(15) Desired survivor size 261619712 bytes, new threshold 7 (max threshold 15)
[132.840s][info ][gc,heap        ] GC(15) PSYoungGen: 1688982K(1821184K)->160107K(1841664K) Eden: 1550336K(1550336K)->0K(1583616K) From: 138646K(270848K)->160107K(258048K)
[132.840s][info ][gc,heap        ] GC(15) ParOldGen: 163641K(244224K)->163649K(244224K)
[132.840s][info ][gc,metaspace   ] GC(15) Metaspace: 93535K(94784K)->93535K(94784K) NonClass: 79624K(80320K)->79624K(80320K) Class: 13910K(14464K)->13910K(14464K)
[132.840s][info ][gc             ] GC(15) Pause Young (Allocation Failure) 1809M->316M(2037M) 38.632ms
[132.840s][info ][gc,cpu         ] GC(15) User=0.15s Sys=0.00s Real=0.03s
[132.840s][info ][safepoint      ] Safepoint "ParallelGCFailedAllocation", Time since last: 1063898624 ns, Reaching safepoint: 79700 ns, Cleanup: 20800 ns, At safepoint: 38701883 ns, Total: 38802383 ns
[133.840s][info ][safepoint      ] Safepoint "Cleanup", Time since last: 1000092722 ns, Reaching safepoint: 5500 ns, Cleanup: 13600 ns, At safepoint: 1800 ns, Total: 20900 ns
[134.840s][info ][safepoint      ] Safepoint "Cleanup", Time since last: 1000104231 ns, Reaching safepoint: 6300 ns, Cleanup: 108201 ns, At safepoint: 1900 ns, Total: 116401 ns
[135.840s][info ][safepoint      ] Safepoint "Cleanup", Time since last: 1000062875 ns, Reaching safepoint: 8100 ns, Cleanup: 11900 ns, At safepoint: 5800 ns, Total: 25800 ns
[136.840s][info ][safepoint      ] Safepoint "Cleanup", Time since last: 1000114676 ns, Reaching safepoint: 8200 ns, Cleanup: 49900 ns, At safepoint: 5100 ns, Total: 63200 ns
[137.840s][info ][safepoint      ] Safepoint "Cleanup", Time since last: 1000103276 ns, Reaching safepoint: 6500 ns, Cleanup: 34900 ns, At safepoint: 1700 ns, Total: 43100 ns
[138.841s][info ][safepoint      ] Safepoint "Cleanup", Time since last: 1000075075 ns, Reaching safepoint: 6600 ns, Cleanup: 46101 ns, At safepoint: 1900 ns, Total: 54601 ns
[139.841s][info ][safepoint      ] Safepoint "Cleanup", Time since last: 1000098775 ns, Reaching safepoint: 5800 ns, Cleanup: 94301 ns, At safepoint: 4900 ns, Total: 105001 ns
[140.841s][info ][safepoint      ] Safepoint "Cleanup", Time since last: 1000104375 ns, Reaching safepoint: 5400 ns, Cleanup: 27100 ns, At safepoint: 1700 ns, Total: 34200 ns
[141.841s][info ][safepoint      ] Safepoint "Cleanup", Time since last: 1000107176 ns, Reaching safepoint: 6000 ns, Cleanup: 73800 ns, At safepoint: 2200 ns, Total: 82000 ns
[142.841s][info ][safepoint      ] Safepoint "Cleanup", Time since last: 1000109950 ns, Reaching safepoint: 6000 ns, Cleanup: 75401 ns, At safepoint: 6300 ns, Total: 87701 ns
[143.841s][info ][safepoint      ] Safepoint "Cleanup", Time since last: 1000111712 ns, Reaching safepoint: 6100 ns, Cleanup: 84800 ns, At safepoint: 3000 ns, Total: 93900 ns
[144.842s][info ][safepoint      ] Safepoint "Cleanup", Time since last: 1000107312 ns, Reaching safepoint: 6000 ns, Cleanup: 61300 ns, At safepoint: 7600 ns, Total: 74900 ns
[145.842s][info ][safepoint      ] Safepoint "Cleanup", Time since last: 1000114112 ns, Reaching safepoint: 6201 ns, Cleanup: 57900 ns, At safepoint: 2200 ns, Total: 66301 ns
[146.842s][info ][safepoint      ] Safepoint "Cleanup", Time since last: 1000109012 ns, Reaching safepoint: 5900 ns, Cleanup: 35300 ns, At safepoint: 3200 ns, Total: 44400 ns
[147.842s][info ][safepoint      ] Safepoint "Cleanup", Time since last: 1000106912 ns, Reaching safepoint: 5900 ns, Cleanup: 8900 ns, At safepoint: 2000 ns, Total: 16800 ns
[148.842s][info ][safepoint      ] Safepoint "Cleanup", Time since last: 1000094612 ns, Reaching safepoint: 5200 ns, Cleanup: 15900 ns, At safepoint: 2200 ns, Total: 23300 ns
[149.842s][info ][safepoint      ] Safepoint "Cleanup", Time since last: 1000117612 ns, Reaching safepoint: 5900 ns, Cleanup: 6800 ns, At safepoint: 1800 ns, Total: 14500 ns
[150.843s][info ][safepoint      ] Safepoint "Cleanup", Time since last: 1000103633 ns, Reaching safepoint: 5500 ns, Cleanup: 14300 ns, At safepoint: 1800 ns, Total: 21600 ns
[151.843s][info ][safepoint      ] Safepoint "Cleanup", Time since last: 1000073543 ns, Reaching safepoint: 6201 ns, Cleanup: 14700 ns, At safepoint: 1700 ns, Total: 22601 ns
[152.843s][info ][safepoint      ] Safepoint "Cleanup", Time since last: 1000120444 ns, Reaching safepoint: 5700 ns, Cleanup: 14300 ns, At safepoint: 1900 ns, Total: 21900 ns
[153.843s][info ][safepoint      ] Safepoint "Cleanup", Time since last: 1000128644 ns, Reaching safepoint: 7500 ns, Cleanup: 30000 ns, At safepoint: 2400 ns, Total: 39900 ns
[154.843s][info ][safepoint      ] Safepoint "Cleanup", Time since last: 1000115244 ns, Reaching safepoint: 8300 ns, Cleanup: 27900 ns, At safepoint: 2200 ns, Total: 38400 ns
[155.843s][info ][safepoint      ] Safepoint "Cleanup", Time since last: 1000112144 ns, Reaching safepoint: 6800 ns, Cleanup: 32100 ns, At safepoint: 2600 ns, Total: 41500 ns
[156.843s][info ][safepoint      ] Safepoint "Cleanup", Time since last: 1000106844 ns, Reaching safepoint: 7100 ns, Cleanup: 17100 ns, At safepoint: 8200 ns, Total: 32400 ns
[157.651s][info ][gc,start       ] GC(16) Pause Young (Allocation Failure)
[157.720s][debug][gc,phases      ] GC(16) Scavenge 68.955ms
[157.720s][debug][gc,ref         ] GC(16) ReferenceProcessor::execute queues: 1, RefProcThreadModel::Single, marks_oops_alive: false
[157.720s][debug][gc,ref         ] GC(16) Skipped KeepAliveFinalRefsPhase of Reference Processing: no references
[157.720s][debug][gc,ref         ] GC(16) ReferenceProcessor::execute queues: 1, RefProcThreadModel::Single, marks_oops_alive: false
[157.720s][debug][gc,phases      ] GC(16) Reference Processing 0.164ms
[157.721s][debug][gc,phases      ] GC(16)   VM Weak                        Min:  0.0, Avg:  0.0, Max:  0.0, Diff:  0.0, Sum:  0.0, Workers: 4
[157.721s][debug][gc,phases      ] GC(16)     Dead                           Min: 0, Avg:  0.0, Max: 0, Diff: 0, Sum: 0, Workers: 4
[157.721s][debug][gc,phases      ] GC(16)     Total                          Min: 0, Avg: 239.5, Max: 958, Diff: 958, Sum: 958, Workers: 4
[157.721s][debug][gc,phases      ] GC(16)   ObjectSynchronizer Weak        Min:  0.0, Avg:  0.0, Max:  0.0, Diff:  0.0, Sum:  0.0, Workers: 4
[157.721s][debug][gc,phases      ] GC(16)     Dead                           Min: 0, Avg:  0.0, Max: 0, Diff: 0, Sum: 0, Workers: 4
[157.721s][debug][gc,phases      ] GC(16)     Total                          Min: 0, Avg:  1.0, Max: 4, Diff: 4, Sum: 4, Workers: 4
[157.721s][debug][gc,phases      ] GC(16)   JVMTI Tag Weak OopStorage      Min:  0.0, Avg:  0.0, Max:  0.0, Diff:  0.0, Sum:  0.0, Workers: 4
[157.721s][debug][gc,phases      ] GC(16)     Dead                           Min: 0, Avg:  0.0, Max: 0, Diff: 0, Sum: 0, Workers: 4
[157.721s][debug][gc,phases      ] GC(16)     Total                          Min: 0, Avg:  0.0, Max: 0, Diff: 0, Sum: 0, Workers: 4
[157.721s][debug][gc,phases      ] GC(16)   StringTable Weak               Min:  0.0, Avg:  0.1, Max:  0.4, Diff:  0.4, Sum:  0.4, Workers: 4
[157.721s][debug][gc,phases      ] GC(16)     Dead                           Min: 0, Avg:  0.5, Max: 2, Diff: 2, Sum: 2, Workers: 4
[157.721s][debug][gc,phases      ] GC(16)     Total                          Min: 0, Avg: 11931.8, Max: 47727, Diff: 47727, Sum: 47727, Workers: 4
[157.721s][debug][gc,phases      ] GC(16)   ResolvedMethodTable Weak       Min:  0.0, Avg:  0.0, Max:  0.2, Diff:  0.2, Sum:  0.2, Workers: 4
[157.721s][debug][gc,phases      ] GC(16)     Dead                           Min: 0, Avg:  2.5, Max: 10, Diff: 10, Sum: 10, Workers: 4
[157.721s][debug][gc,phases      ] GC(16)     Total                          Min: 0, Avg: 3275.2, Max: 13101, Diff: 13101, Sum: 13101, Workers: 4
[157.721s][debug][gc,phases      ] GC(16)   JNI Weak                       Min:  0.0, Avg:  0.0, Max:  0.0, Diff:  0.0, Sum:  0.0, Workers: 4
[157.721s][debug][gc,phases      ] GC(16)     Dead                           Min: 0, Avg:  0.0, Max: 0, Diff: 0, Sum: 0, Workers: 4
[157.721s][debug][gc,phases      ] GC(16)     Total                          Min: 0, Avg: 12.5, Max: 50, Diff: 50, Sum: 50, Workers: 4
[157.721s][debug][gc,phases      ] GC(16)   StringDedup Table Weak         Min:  0.0, Avg:  0.0, Max:  0.0, Diff:  0.0, Sum:  0.0, Workers: 4
[157.721s][debug][gc,phases      ] GC(16)     Dead                           Min: 0, Avg:  0.0, Max: 0, Diff: 0, Sum: 0, Workers: 4
[157.721s][debug][gc,phases      ] GC(16)     Total                          Min: 0, Avg:  0.0, Max: 0, Diff: 0, Sum: 0, Workers: 4
[157.721s][debug][gc,phases      ] GC(16)   StringDedup Requests0 Weak     Min:  0.0, Avg:  0.0, Max:  0.0, Diff:  0.0, Sum:  0.0, Workers: 4
[157.721s][debug][gc,phases      ] GC(16)     Dead                           Min: 0, Avg:  0.0, Max: 0, Diff: 0, Sum: 0, Workers: 4
[157.721s][debug][gc,phases      ] GC(16)     Total                          Min: 0, Avg:  0.0, Max: 0, Diff: 0, Sum: 0, Workers: 4
[157.721s][debug][gc,phases      ] GC(16)   StringDedup Requests1 Weak     Min:  0.0, Avg:  0.0, Max:  0.0, Diff:  0.0, Sum:  0.0, Workers: 4
[157.721s][debug][gc,phases      ] GC(16)     Dead                           Min: 0, Avg:  0.0, Max: 0, Diff: 0, Sum: 0, Workers: 4
[157.721s][debug][gc,phases      ] GC(16)     Total                          Min: 0, Avg:  0.0, Max: 0, Diff: 0, Sum: 0, Workers: 4
[157.721s][debug][gc,phases      ] GC(16)   Weak JFR Old Object Samples    Min:  0.0, Avg:  0.0, Max:  0.0, Diff:  0.0, Sum:  0.0, Workers: 4
[157.721s][debug][gc,phases      ] GC(16)     Dead                           Min: 0, Avg:  0.0, Max: 0, Diff: 0, Sum: 0, Workers: 4
[157.721s][debug][gc,phases      ] GC(16)     Total                          Min: 0, Avg:  0.0, Max: 0, Diff: 0, Sum: 0, Workers: 4
[157.721s][debug][gc,phases      ] GC(16) Weak Processing 0.829ms
[157.721s][debug][gc,age         ] GC(16) Desired survivor size 260571136 bytes, new threshold 8 (max threshold 15)
[157.721s][info ][gc,heap        ] GC(16) PSYoungGen: 1743723K(1841664K)->165883K(1839104K) Eden: 1583616K(1583616K)->0K(1583616K) From: 160107K(258048K)->165883K(255488K)
[157.721s][info ][gc,heap        ] GC(16) ParOldGen: 163649K(244224K)->163657K(244224K)
[157.721s][info ][gc,metaspace   ] GC(16) Metaspace: 93933K(95168K)->93933K(95168K) NonClass: 79997K(80704K)->79997K(80704K) Class: 13936K(14464K)->13936K(14464K)
[157.721s][info ][gc             ] GC(16) Pause Young (Allocation Failure) 1862M->321M(2034M) 70.086ms
[157.721s][info ][gc,cpu         ] GC(16) User=0.13s Sys=0.00s Real=0.08s
[157.721s][info ][safepoint      ] Safepoint "ParallelGCFailedAllocation", Time since last: 806868527 ns, Reaching safepoint: 709004 ns, Cleanup: 12400 ns, At safepoint: 70175533 ns, Total: 70896937 ns
[158.721s][info ][safepoint      ] Safepoint "Cleanup", Time since last: 1000100144 ns, Reaching safepoint: 6300 ns, Cleanup: 22600 ns, At safepoint: 2000 ns, Total: 30900 ns
[159.721s][info ][safepoint      ] Safepoint "Cleanup", Time since last: 1000092743 ns, Reaching safepoint: 6600 ns, Cleanup: 23201 ns, At safepoint: 2500 ns, Total: 32301 ns
[160.722s][info ][safepoint      ] Safepoint "Cleanup", Time since last: 1000109643 ns, Reaching safepoint: 6600 ns, Cleanup: 16600 ns, At safepoint: 2500 ns, Total: 25700 ns
[161.722s][info ][safepoint      ] Safepoint "Cleanup", Time since last: 1000062544 ns, Reaching safepoint: 6600 ns, Cleanup: 22400 ns, At safepoint: 2200 ns, Total: 31200 ns
[162.722s][info ][safepoint      ] Safepoint "Cleanup", Time since last: 1000107644 ns, Reaching safepoint: 78000 ns, Cleanup: 20400 ns, At safepoint: 8200 ns, Total: 106600 ns
[163.722s][info ][safepoint      ] Safepoint "Cleanup", Time since last: 1000117744 ns, Reaching safepoint: 6400 ns, Cleanup: 24500 ns, At safepoint: 6200 ns, Total: 37100 ns
[164.722s][info ][safepoint      ] Safepoint "Cleanup", Time since last: 1000111744 ns, Reaching safepoint: 6600 ns, Cleanup: 10100 ns, At safepoint: 2600 ns, Total: 19300 ns
[165.722s][info ][safepoint      ] Safepoint "Cleanup", Time since last: 1000110444 ns, Reaching safepoint: 7600 ns, Cleanup: 22900 ns, At safepoint: 2700 ns, Total: 33200 ns
[166.723s][info ][safepoint      ] Safepoint "Cleanup", Time since last: 1000140543 ns, Reaching safepoint: 327802 ns, Cleanup: 297701 ns, At safepoint: 6900 ns, Total: 632403 ns
[167.723s][info ][safepoint      ] Safepoint "Cleanup", Time since last: 1000306284 ns, Reaching safepoint: 10900 ns, Cleanup: 18000 ns, At safepoint: 3400 ns, Total: 32300 ns
[168.723s][info ][safepoint      ] Safepoint "Cleanup", Time since last: 1000083982 ns, Reaching safepoint: 5200 ns, Cleanup: 9800 ns, At safepoint: 1800 ns, Total: 16800 ns
[169.724s][info ][safepoint      ] Safepoint "Cleanup", Time since last: 1000096883 ns, Reaching safepoint: 5500 ns, Cleanup: 16100 ns, At safepoint: 2000 ns, Total: 23600 ns
[170.724s][info ][safepoint      ] Safepoint "Cleanup", Time since last: 1000096783 ns, Reaching safepoint: 5800 ns, Cleanup: 14600 ns, At safepoint: 2000 ns, Total: 22400 ns
[171.724s][info ][safepoint      ] Safepoint "Cleanup", Time since last: 1000101982 ns, Reaching safepoint: 5600 ns, Cleanup: 15000 ns, At safepoint: 2300 ns, Total: 22900 ns
[172.724s][info ][safepoint      ] Safepoint "Cleanup", Time since last: 1000112883 ns, Reaching safepoint: 7300 ns, Cleanup: 16900 ns, At safepoint: 1900 ns, Total: 26100 ns
[173.724s][info ][safepoint      ] Safepoint "Cleanup", Time since last: 1000102183 ns, Reaching safepoint: 6300 ns, Cleanup: 18800 ns, At safepoint: 2200 ns, Total: 27300 ns
[174.724s][info ][safepoint      ] Safepoint "Cleanup", Time since last: 1000098083 ns, Reaching safepoint: 6300 ns, Cleanup: 8600 ns, At safepoint: 1600 ns, Total: 16500 ns
[175.724s][info ][safepoint      ] Safepoint "Cleanup", Time since last: 1000128556 ns, Reaching safepoint: 6600 ns, Cleanup: 9400 ns, At safepoint: 2500 ns, Total: 18500 ns
[176.724s][info ][safepoint      ] Safepoint "Cleanup", Time since last: 1000111456 ns, Reaching safepoint: 6100 ns, Cleanup: 15600 ns, At safepoint: 2100 ns, Total: 23800 ns
[177.725s][info ][safepoint      ] Safepoint "Cleanup", Time since last: 1000108456 ns, Reaching safepoint: 6400 ns, Cleanup: 11000 ns, At safepoint: 2100 ns, Total: 19500 ns
[178.725s][info ][safepoint      ] Safepoint "Cleanup", Time since last: 1000096056 ns, Reaching safepoint: 5500 ns, Cleanup: 16900 ns, At safepoint: 1900 ns, Total: 24300 ns
[179.725s][info ][safepoint      ] Safepoint "Cleanup", Time since last: 1000123356 ns, Reaching safepoint: 7900 ns, Cleanup: 10700 ns, At safepoint: 2900 ns, Total: 21500 ns
[180.151s][info ][gc,start       ] GC(17) Pause Young (Allocation Failure)
[180.189s][debug][gc,phases      ] GC(17) Scavenge 37.661ms
[180.189s][debug][gc,ref         ] GC(17) ReferenceProcessor::execute queues: 1, RefProcThreadModel::Single, marks_oops_alive: false
[180.189s][debug][gc,ref         ] GC(17) Skipped KeepAliveFinalRefsPhase of Reference Processing: no references
[180.189s][debug][gc,ref         ] GC(17) ReferenceProcessor::execute queues: 1, RefProcThreadModel::Single, marks_oops_alive: false
[180.189s][debug][gc,phases      ] GC(17) Reference Processing 0.184ms
[180.189s][debug][gc,phases      ] GC(17)   VM Weak                        Min:  0.0, Avg:  0.0, Max:  0.0, Diff:  0.0, Sum:  0.0, Workers: 4
[180.189s][debug][gc,phases      ] GC(17)     Dead                           Min: 0, Avg:  0.0, Max: 0, Diff: 0, Sum: 0, Workers: 4
[180.189s][debug][gc,phases      ] GC(17)     Total                          Min: 0, Avg: 240.5, Max: 576, Diff: 576, Sum: 962, Workers: 4
[180.189s][debug][gc,phases      ] GC(17)   ObjectSynchronizer Weak        Min:  0.0, Avg:  0.0, Max:  0.0, Diff:  0.0, Sum:  0.0, Workers: 4
[180.189s][debug][gc,phases      ] GC(17)     Dead                           Min: 0, Avg:  0.0, Max: 0, Diff: 0, Sum: 0, Workers: 4
[180.189s][debug][gc,phases      ] GC(17)     Total                          Min: 0, Avg:  0.8, Max: 3, Diff: 3, Sum: 3, Workers: 4
[180.189s][debug][gc,phases      ] GC(17)   JVMTI Tag Weak OopStorage      Min:  0.0, Avg:  0.0, Max:  0.0, Diff:  0.0, Sum:  0.0, Workers: 4
[180.189s][debug][gc,phases      ] GC(17)     Dead                           Min: 0, Avg:  0.0, Max: 0, Diff: 0, Sum: 0, Workers: 4
[180.189s][debug][gc,phases      ] GC(17)     Total                          Min: 0, Avg:  0.0, Max: 0, Diff: 0, Sum: 0, Workers: 4
[180.189s][debug][gc,phases      ] GC(17)   StringTable Weak               Min:  0.1, Avg:  0.1, Max:  0.1, Diff:  0.0, Sum:  0.5, Workers: 4
[180.189s][debug][gc,phases      ] GC(17)     Dead                           Min: 0, Avg:  0.0, Max: 0, Diff: 0, Sum: 0, Workers: 4
[180.189s][debug][gc,phases      ] GC(17)     Total                          Min: 11456, Avg: 11937.5, Max: 12672, Diff: 1216, Sum: 47750, Workers: 4
[180.189s][debug][gc,phases      ] GC(17)   ResolvedMethodTable Weak       Min:  0.0, Avg:  0.0, Max:  0.0, Diff:  0.0, Sum:  0.2, Workers: 4
[180.189s][debug][gc,phases      ] GC(17)     Dead                           Min: 0, Avg:  0.0, Max: 0, Diff: 0, Sum: 0, Workers: 4
[180.189s][debug][gc,phases      ] GC(17)     Total                          Min: 3165, Avg: 3278.0, Max: 3441, Diff: 276, Sum: 13112, Workers: 4
[180.189s][debug][gc,phases      ] GC(17)   JNI Weak                       Min:  0.0, Avg:  0.0, Max:  0.0, Diff:  0.0, Sum:  0.0, Workers: 4
[180.189s][debug][gc,phases      ] GC(17)     Dead                           Min: 0, Avg:  0.0, Max: 0, Diff: 0, Sum: 0, Workers: 4
[180.189s][debug][gc,phases      ] GC(17)     Total                          Min: 0, Avg: 12.0, Max: 48, Diff: 48, Sum: 48, Workers: 4
[180.189s][debug][gc,phases      ] GC(17)   StringDedup Table Weak         Min:  0.0, Avg:  0.0, Max:  0.0, Diff:  0.0, Sum:  0.0, Workers: 4
[180.189s][debug][gc,phases      ] GC(17)     Dead                           Min: 0, Avg:  0.0, Max: 0, Diff: 0, Sum: 0, Workers: 4
[180.189s][debug][gc,phases      ] GC(17)     Total                          Min: 0, Avg:  0.0, Max: 0, Diff: 0, Sum: 0, Workers: 4
[180.189s][debug][gc,phases      ] GC(17)   StringDedup Requests0 Weak     Min:  0.0, Avg:  0.0, Max:  0.0, Diff:  0.0, Sum:  0.0, Workers: 4
[180.189s][debug][gc,phases      ] GC(17)     Dead                           Min: 0, Avg:  0.0, Max: 0, Diff: 0, Sum: 0, Workers: 4
[180.189s][debug][gc,phases      ] GC(17)     Total                          Min: 0, Avg:  0.0, Max: 0, Diff: 0, Sum: 0, Workers: 4
[180.189s][debug][gc,phases      ] GC(17)   StringDedup Requests1 Weak     Min:  0.0, Avg:  0.0, Max:  0.0, Diff:  0.0, Sum:  0.0, Workers: 4
[180.189s][debug][gc,phases      ] GC(17)     Dead                           Min: 0, Avg:  0.0, Max: 0, Diff: 0, Sum: 0, Workers: 4
[180.189s][debug][gc,phases      ] GC(17)     Total                          Min: 0, Avg:  0.0, Max: 0, Diff: 0, Sum: 0, Workers: 4
[180.189s][debug][gc,phases      ] GC(17)   Weak JFR Old Object Samples    Min:  0.0, Avg:  0.0, Max:  0.0, Diff:  0.0, Sum:  0.0, Workers: 4
[180.189s][debug][gc,phases      ] GC(17)     Dead                           Min: 0, Avg:  0.0, Max: 0, Diff: 0, Sum: 0, Workers: 4
[180.189s][debug][gc,phases      ] GC(17)     Total                          Min: 0, Avg:  0.0, Max: 0, Diff: 0, Sum: 0, Workers: 4
[180.189s][debug][gc,phases      ] GC(17) Weak Processing 0.381ms
[180.189s][debug][gc,age         ] GC(17) Desired survivor size 261619712 bytes, new threshold 9 (max threshold 15)
[180.189s][info ][gc,heap        ] GC(17) PSYoungGen: 1749499K(1839104K)->172146K(1840640K) Eden: 1583616K(1583616K)->0K(1586176K) From: 165883K(255488K)->172146K(254464K)
[180.189s][info ][gc,heap        ] GC(17) ParOldGen: 163657K(244224K)->163665K(244224K)
[180.189s][info ][gc,metaspace   ] GC(17) Metaspace: 94051K(95296K)->94051K(95296K) NonClass: 80111K(80832K)->80111K(80832K) Class: 13940K(14464K)->13940K(14464K)
[180.189s][info ][gc             ] GC(17) Pause Young (Allocation Failure) 1868M->327M(2036M) 38.365ms
[180.189s][info ][gc,cpu         ] GC(17) User=0.15s Sys=0.00s Real=0.04s
[180.189s][info ][safepoint      ] Safepoint "ParallelGCFailedAllocation", Time since last: 426023126 ns, Reaching safepoint: 80400 ns, Cleanup: 3300 ns, At safepoint: 38438383 ns, Total: 38522083 ns
[181.190s][info ][safepoint      ] Safepoint "Cleanup", Time since last: 1000080156 ns, Reaching safepoint: 6000 ns, Cleanup: 12400 ns, At safepoint: 1700 ns, Total: 20100 ns
[182.190s][info ][safepoint      ] Safepoint "Cleanup", Time since last: 1000128555 ns, Reaching safepoint: 6601 ns, Cleanup: 15500 ns, At safepoint: 2100 ns, Total: 24201 ns
[183.190s][info ][safepoint      ] Safepoint "Cleanup", Time since last: 1000107958 ns, Reaching safepoint: 5600 ns, Cleanup: 11600 ns, At safepoint: 2100 ns, Total: 19300 ns
[184.190s][info ][safepoint      ] Safepoint "Cleanup", Time since last: 1000104661 ns, Reaching safepoint: 5900 ns, Cleanup: 9900 ns, At safepoint: 2400 ns, Total: 18200 ns
[185.190s][info ][safepoint      ] Safepoint "Cleanup", Time since last: 1000117161 ns, Reaching safepoint: 7100 ns, Cleanup: 12700 ns, At safepoint: 2200 ns, Total: 22000 ns
[186.190s][info ][safepoint      ] Safepoint "Cleanup", Time since last: 1000117861 ns, Reaching safepoint: 6800 ns, Cleanup: 14300 ns, At safepoint: 2000 ns, Total: 23100 ns
[187.190s][info ][safepoint      ] Safepoint "Cleanup", Time since last: 1000104061 ns, Reaching safepoint: 5900 ns, Cleanup: 6400 ns, At safepoint: 1800 ns, Total: 14100 ns
[190.191s][info ][safepoint      ] Safepoint "Cleanup", Time since last: 3000228982 ns, Reaching safepoint: 5800 ns, Cleanup: 8600 ns, At safepoint: 1800 ns, Total: 16200 ns
[191.191s][info ][safepoint      ] Safepoint "Cleanup", Time since last: 1000109866 ns, Reaching safepoint: 5800 ns, Cleanup: 11700 ns, At safepoint: 2700 ns, Total: 20200 ns
[192.191s][info ][safepoint      ] Safepoint "Cleanup", Time since last: 1000117873 ns, Reaching safepoint: 5500 ns, Cleanup: 18000 ns, At safepoint: 1700 ns, Total: 25200 ns
[193.191s][info ][safepoint      ] Safepoint "Cleanup", Time since last: 1000335574 ns, Reaching safepoint: 7600 ns, Cleanup: 15300 ns, At safepoint: 2700 ns, Total: 25600 ns
[194.191s][info ][safepoint      ] Safepoint "Cleanup", Time since last: 1000136373 ns, Reaching safepoint: 6300 ns, Cleanup: 15700 ns, At safepoint: 2000 ns, Total: 24000 ns
[195.192s][info ][safepoint      ] Safepoint "Cleanup", Time since last: 1000112973 ns, Reaching safepoint: 5600 ns, Cleanup: 15300 ns, At safepoint: 2000 ns, Total: 22900 ns
[196.192s][info ][safepoint      ] Safepoint "Cleanup", Time since last: 1000113673 ns, Reaching safepoint: 5900 ns, Cleanup: 15800 ns, At safepoint: 1800 ns, Total: 23500 ns
[197.192s][info ][safepoint      ] Safepoint "Cleanup", Time since last: 1000120572 ns, Reaching safepoint: 5800 ns, Cleanup: 9900 ns, At safepoint: 1800 ns, Total: 17500 ns
[198.192s][info ][safepoint      ] Safepoint "Cleanup", Time since last: 1000108973 ns, Reaching safepoint: 5000 ns, Cleanup: 26800 ns, At safepoint: 2300 ns, Total: 34100 ns
[199.192s][info ][safepoint      ] Safepoint "Cleanup", Time since last: 1000115631 ns, Reaching safepoint: 5900 ns, Cleanup: 9600 ns, At safepoint: 1900 ns, Total: 17400 ns
[200.192s][info ][safepoint      ] Safepoint "Cleanup", Time since last: 1000111102 ns, Reaching safepoint: 5600 ns, Cleanup: 16600 ns, At safepoint: 1900 ns, Total: 24100 ns
[201.192s][info ][safepoint      ] Safepoint "Cleanup", Time since last: 1000112301 ns, Reaching safepoint: 6800 ns, Cleanup: 14300 ns, At safepoint: 2000 ns, Total: 23100 ns
[202.192s][info ][safepoint      ] Safepoint "Cleanup", Time since last: 1000125202 ns, Reaching safepoint: 5400 ns, Cleanup: 11500 ns, At safepoint: 2100 ns, Total: 19000 ns
[203.193s][info ][safepoint      ] Safepoint "Cleanup", Time since last: 1000109501 ns, Reaching safepoint: 5100 ns, Cleanup: 11400 ns, At safepoint: 2500 ns, Total: 19000 ns
[204.193s][info ][safepoint      ] Safepoint "Cleanup", Time since last: 1000103401 ns, Reaching safepoint: 5800 ns, Cleanup: 11500 ns, At safepoint: 2200 ns, Total: 19500 ns
[205.193s][info ][safepoint      ] Safepoint "Cleanup", Time since last: 1000096802 ns, Reaching safepoint: 6000 ns, Cleanup: 9300 ns, At safepoint: 2000 ns, Total: 17300 ns
[206.193s][info ][safepoint      ] Safepoint "Cleanup", Time since last: 1000132901 ns, Reaching safepoint: 6200 ns, Cleanup: 9200 ns, At safepoint: 3300 ns, Total: 18700 ns
[207.193s][info ][safepoint      ] Safepoint "Cleanup", Time since last: 1000114033 ns, Reaching safepoint: 6601 ns, Cleanup: 13204 ns, At safepoint: 2100 ns, Total: 21905 ns
[207.605s][info ][gc,start       ] GC(18) Pause Young (Allocation Failure)
[207.642s][debug][gc,phases      ] GC(18) Scavenge 36.662ms
[207.642s][debug][gc,ref         ] GC(18) ReferenceProcessor::execute queues: 1, RefProcThreadModel::Single, marks_oops_alive: false
[207.642s][debug][gc,ref         ] GC(18) Skipped KeepAliveFinalRefsPhase of Reference Processing: no references
[207.642s][debug][gc,ref         ] GC(18) ReferenceProcessor::execute queues: 1, RefProcThreadModel::Single, marks_oops_alive: false
[207.642s][debug][gc,phases      ] GC(18) Reference Processing 0.130ms
[207.643s][debug][gc,phases      ] GC(18)   VM Weak                        Min:  0.0, Avg:  0.0, Max:  0.0, Diff:  0.0, Sum:  0.0, Workers: 4
[207.643s][debug][gc,phases      ] GC(18)     Dead                           Min: 0, Avg:  0.0, Max: 0, Diff: 0, Sum: 0, Workers: 4
[207.643s][debug][gc,phases      ] GC(18)     Total                          Min: 0, Avg: 241.5, Max: 896, Diff: 896, Sum: 966, Workers: 4
[207.643s][debug][gc,phases      ] GC(18)   ObjectSynchronizer Weak        Min:  0.0, Avg:  0.0, Max:  0.0, Diff:  0.0, Sum:  0.0, Workers: 4
[207.643s][debug][gc,phases      ] GC(18)     Dead                           Min: 0, Avg:  0.0, Max: 0, Diff: 0, Sum: 0, Workers: 4
[207.643s][debug][gc,phases      ] GC(18)     Total                          Min: 0, Avg:  1.0, Max: 4, Diff: 4, Sum: 4, Workers: 4
[207.643s][debug][gc,phases      ] GC(18)   JVMTI Tag Weak OopStorage      Min:  0.0, Avg:  0.0, Max:  0.0, Diff:  0.0, Sum:  0.0, Workers: 4
[207.643s][debug][gc,phases      ] GC(18)     Dead                           Min: 0, Avg:  0.0, Max: 0, Diff: 0, Sum: 0, Workers: 4
[207.643s][debug][gc,phases      ] GC(18)     Total                          Min: 0, Avg:  0.0, Max: 0, Diff: 0, Sum: 0, Workers: 4
[207.643s][debug][gc,phases      ] GC(18)   StringTable Weak               Min:  0.0, Avg:  0.1, Max:  0.1, Diff:  0.1, Sum:  0.4, Workers: 4
[207.643s][debug][gc,phases      ] GC(18)     Dead                           Min: 0, Avg:  0.0, Max: 0, Diff: 0, Sum: 0, Workers: 4
[207.643s][debug][gc,phases      ] GC(18)     Total                          Min: 0, Avg: 11945.2, Max: 20416, Diff: 20416, Sum: 47781, Workers: 4
[207.643s][debug][gc,phases      ] GC(18)   ResolvedMethodTable Weak       Min:  0.0, Avg:  0.0, Max:  0.0, Diff:  0.0, Sum:  0.1, Workers: 4
[207.643s][debug][gc,phases      ] GC(18)     Dead                           Min: 0, Avg:  0.0, Max: 0, Diff: 0, Sum: 0, Workers: 4
[207.643s][debug][gc,phases      ] GC(18)     Total                          Min: 0, Avg: 3280.5, Max: 5065, Diff: 5065, Sum: 13122, Workers: 4
[207.643s][debug][gc,phases      ] GC(18)   JNI Weak                       Min:  0.0, Avg:  0.0, Max:  0.0, Diff:  0.0, Sum:  0.0, Workers: 4
[207.643s][debug][gc,phases      ] GC(18)     Dead                           Min: 0, Avg:  0.0, Max: 0, Diff: 0, Sum: 0, Workers: 4
[207.643s][debug][gc,phases      ] GC(18)     Total                          Min: 0, Avg: 12.0, Max: 48, Diff: 48, Sum: 48, Workers: 4
[207.643s][debug][gc,phases      ] GC(18)   StringDedup Table Weak         Min:  0.0, Avg:  0.0, Max:  0.0, Diff:  0.0, Sum:  0.0, Workers: 4
[207.643s][debug][gc,phases      ] GC(18)     Dead                           Min: 0, Avg:  0.0, Max: 0, Diff: 0, Sum: 0, Workers: 4
[207.643s][debug][gc,phases      ] GC(18)     Total                          Min: 0, Avg:  0.0, Max: 0, Diff: 0, Sum: 0, Workers: 4
[207.643s][debug][gc,phases      ] GC(18)   StringDedup Requests0 Weak     Min:  0.0, Avg:  0.0, Max:  0.0, Diff:  0.0, Sum:  0.0, Workers: 4
[207.643s][debug][gc,phases      ] GC(18)     Dead                           Min: 0, Avg:  0.0, Max: 0, Diff: 0, Sum: 0, Workers: 4
[207.643s][debug][gc,phases      ] GC(18)     Total                          Min: 0, Avg:  0.0, Max: 0, Diff: 0, Sum: 0, Workers: 4
[207.643s][debug][gc,phases      ] GC(18)   StringDedup Requests1 Weak     Min:  0.0, Avg:  0.0, Max:  0.0, Diff:  0.0, Sum:  0.0, Workers: 4
[207.643s][debug][gc,phases      ] GC(18)     Dead                           Min: 0, Avg:  0.0, Max: 0, Diff: 0, Sum: 0, Workers: 4
[207.643s][debug][gc,phases      ] GC(18)     Total                          Min: 0, Avg:  0.0, Max: 0, Diff: 0, Sum: 0, Workers: 4
[207.643s][debug][gc,phases      ] GC(18)   Weak JFR Old Object Samples    Min:  0.0, Avg:  0.0, Max:  0.0, Diff:  0.0, Sum:  0.0, Workers: 4
[207.643s][debug][gc,phases      ] GC(18)     Dead                           Min: 0, Avg:  0.0, Max: 0, Diff: 0, Sum: 0, Workers: 4
[207.643s][debug][gc,phases      ] GC(18)     Total                          Min: 0, Avg:  0.0, Max: 0, Diff: 0, Sum: 0, Workers: 4
[207.643s][debug][gc,phases      ] GC(18) Weak Processing 0.402ms
[207.643s][debug][gc,age         ] GC(18) Desired survivor size 261619712 bytes, new threshold 10 (max threshold 15)
[207.643s][info ][gc,heap        ] GC(18) PSYoungGen: 1758322K(1840640K)->172595K(1841664K) Eden: 1586176K(1586176K)->0K(1586176K) From: 172146K(254464K)->172595K(255488K)
[207.643s][info ][gc,heap        ] GC(18) ParOldGen: 163665K(244224K)->163673K(244224K)
[207.643s][info ][gc,metaspace   ] GC(18) Metaspace: 94099K(95424K)->94099K(95424K) NonClass: 80156K(80896K)->80156K(80896K) Class: 13943K(14528K)->13943K(14528K)
[207.643s][info ][gc             ] GC(18) Pause Young (Allocation Failure) 1876M->328M(2037M) 37.323ms
[207.643s][info ][gc,cpu         ] GC(18) User=0.14s Sys=0.01s Real=0.04s
[207.643s][info ][safepoint      ] Safepoint "ParallelGCFailedAllocation", Time since last: 412309719 ns, Reaching safepoint: 5701 ns, Cleanup: 3101 ns, At safepoint: 37396143 ns, Total: 37404945 ns
[209.643s][info ][safepoint      ] Safepoint "Cleanup", Time since last: 2000190388 ns, Reaching safepoint: 6300 ns, Cleanup: 9900 ns, At safepoint: 2100 ns, Total: 18300 ns
[211.643s][info ][safepoint      ] Safepoint "Cleanup", Time since last: 2000222673 ns, Reaching safepoint: 5600 ns, Cleanup: 14400 ns, At safepoint: 1700 ns, Total: 21700 ns
[212.643s][info ][safepoint      ] Safepoint "Cleanup", Time since last: 1000128736 ns, Reaching safepoint: 5900 ns, Cleanup: 6500 ns, At safepoint: 2100 ns, Total: 14500 ns
[213.644s][info ][safepoint      ] Safepoint "Cleanup", Time since last: 1000122736 ns, Reaching safepoint: 6501 ns, Cleanup: 22200 ns, At safepoint: 2100 ns, Total: 30801 ns
[215.644s][info ][safepoint      ] Safepoint "Cleanup", Time since last: 2000233198 ns, Reaching safepoint: 6901 ns, Cleanup: 9600 ns, At safepoint: 2300 ns, Total: 18801 ns
[217.644s][info ][safepoint      ] Safepoint "Cleanup", Time since last: 2000195521 ns, Reaching safepoint: 5700 ns, Cleanup: 9700 ns, At safepoint: 6100 ns, Total: 21500 ns
[218.644s][info ][safepoint      ] Safepoint "Cleanup", Time since last: 1000112852 ns, Reaching safepoint: 6000 ns, Cleanup: 12000 ns, At safepoint: 2700 ns, Total: 20700 ns
[219.644s][info ][safepoint      ] Safepoint "Cleanup", Time since last: 1000140853 ns, Reaching safepoint: 7000 ns, Cleanup: 10500 ns, At safepoint: 2600 ns, Total: 20100 ns
[220.644s][info ][safepoint      ] Safepoint "Cleanup", Time since last: 1000107352 ns, Reaching safepoint: 5200 ns, Cleanup: 11700 ns, At safepoint: 2100 ns, Total: 19000 ns
[221.645s][info ][safepoint      ] Safepoint "Cleanup", Time since last: 1000105452 ns, Reaching safepoint: 6100 ns, Cleanup: 11900 ns, At safepoint: 4400 ns, Total: 22400 ns
[223.645s][info ][safepoint      ] Safepoint "Cleanup", Time since last: 2000171625 ns, Reaching safepoint: 5901 ns, Cleanup: 14500 ns, At safepoint: 2200 ns, Total: 22601 ns
[224.645s][info ][safepoint      ] Safepoint "Cleanup", Time since last: 1000121391 ns, Reaching safepoint: 5300 ns, Cleanup: 6301 ns, At safepoint: 2300 ns, Total: 13901 ns
[225.645s][info ][safepoint      ] Safepoint "Cleanup", Time since last: 1000099618 ns, Reaching safepoint: 6600 ns, Cleanup: 45000 ns, At safepoint: 10700 ns, Total: 62300 ns
[226.645s][info ][safepoint      ] Safepoint "Cleanup", Time since last: 1000133228 ns, Reaching safepoint: 6100 ns, Cleanup: 38200 ns, At safepoint: 2100 ns, Total: 46400 ns
[227.645s][info ][safepoint      ] Safepoint "Cleanup", Time since last: 1000105528 ns, Reaching safepoint: 6800 ns, Cleanup: 16100 ns, At safepoint: 2400 ns, Total: 25300 ns
[228.646s][info ][safepoint      ] Safepoint "Cleanup", Time since last: 1000150027 ns, Reaching safepoint: 6001 ns, Cleanup: 11100 ns, At safepoint: 2200 ns, Total: 19301 ns
[229.646s][info ][safepoint      ] Safepoint "Cleanup", Time since last: 1000119927 ns, Reaching safepoint: 5700 ns, Cleanup: 5900 ns, At safepoint: 1900 ns, Total: 13500 ns
[230.646s][info ][safepoint      ] Safepoint "Cleanup", Time since last: 1000112427 ns, Reaching safepoint: 5500 ns, Cleanup: 11301 ns, At safepoint: 4800 ns, Total: 21601 ns
[231.646s][info ][safepoint      ] Safepoint "Cleanup", Time since last: 1000112975 ns, Reaching safepoint: 5500 ns, Cleanup: 8700 ns, At safepoint: 1700 ns, Total: 15900 ns
[232.646s][info ][safepoint      ] Safepoint "Cleanup", Time since last: 1000123282 ns, Reaching safepoint: 5300 ns, Cleanup: 7700 ns, At safepoint: 2100 ns, Total: 15100 ns
[233.646s][info ][safepoint      ] Safepoint "Cleanup", Time since last: 1000105983 ns, Reaching safepoint: 5100 ns, Cleanup: 14900 ns, At safepoint: 2100 ns, Total: 22100 ns
[234.646s][info ][safepoint      ] Safepoint "Cleanup", Time since last: 1000105682 ns, Reaching safepoint: 5100 ns, Cleanup: 18300 ns, At safepoint: 1800 ns, Total: 25200 ns
[234.801s][info ][gc,start       ] GC(19) Pause Young (Allocation Failure)
[234.839s][debug][gc,phases      ] GC(19) Scavenge 37.901ms
[234.839s][debug][gc,ref         ] GC(19) ReferenceProcessor::execute queues: 1, RefProcThreadModel::Single, marks_oops_alive: false
[234.839s][debug][gc,ref         ] GC(19) Skipped KeepAliveFinalRefsPhase of Reference Processing: no references
[234.839s][debug][gc,ref         ] GC(19) ReferenceProcessor::execute queues: 1, RefProcThreadModel::Single, marks_oops_alive: false
[234.839s][debug][gc,phases      ] GC(19) Reference Processing 0.135ms
[234.839s][debug][gc,phases      ] GC(19)   VM Weak                        Min:  0.0, Avg:  0.0, Max:  0.0, Diff:  0.0, Sum:  0.0, Workers: 4
[234.839s][debug][gc,phases      ] GC(19)     Dead                           Min: 0, Avg:  0.0, Max: 0, Diff: 0, Sum: 0, Workers: 4
[234.839s][debug][gc,phases      ] GC(19)     Total                          Min: 0, Avg: 241.5, Max: 518, Diff: 518, Sum: 966, Workers: 4
[234.839s][debug][gc,phases      ] GC(19)   ObjectSynchronizer Weak        Min:  0.0, Avg:  0.0, Max:  0.0, Diff:  0.0, Sum:  0.0, Workers: 4
[234.839s][debug][gc,phases      ] GC(19)     Dead                           Min: 0, Avg:  0.0, Max: 0, Diff: 0, Sum: 0, Workers: 4
[234.839s][debug][gc,phases      ] GC(19)     Total                          Min: 0, Avg:  1.0, Max: 4, Diff: 4, Sum: 4, Workers: 4
[234.839s][debug][gc,phases      ] GC(19)   JVMTI Tag Weak OopStorage      Min:  0.0, Avg:  0.0, Max:  0.0, Diff:  0.0, Sum:  0.0, Workers: 4
[234.839s][debug][gc,phases      ] GC(19)     Dead                           Min: 0, Avg:  0.0, Max: 0, Diff: 0, Sum: 0, Workers: 4
[234.839s][debug][gc,phases      ] GC(19)     Total                          Min: 0, Avg:  0.0, Max: 0, Diff: 0, Sum: 0, Workers: 4
[234.839s][debug][gc,phases      ] GC(19)   StringTable Weak               Min:  0.1, Avg:  0.1, Max:  0.1, Diff:  0.0, Sum:  0.5, Workers: 4
[234.839s][debug][gc,phases      ] GC(19)     Dead                           Min: 0, Avg:  0.0, Max: 0, Diff: 0, Sum: 0, Workers: 4
[234.839s][debug][gc,phases      ] GC(19)     Total                          Min: 11401, Avg: 11954.2, Max: 12800, Diff: 1399, Sum: 47817, Workers: 4
[234.839s][debug][gc,phases      ] GC(19)   ResolvedMethodTable Weak       Min:  0.0, Avg:  0.0, Max:  0.0, Diff:  0.0, Sum:  0.2, Workers: 4
[234.839s][debug][gc,phases      ] GC(19)     Dead                           Min: 0, Avg:  0.0, Max: 0, Diff: 0, Sum: 0, Workers: 4
[234.839s][debug][gc,phases      ] GC(19)     Total                          Min: 3089, Avg: 3281.8, Max: 3468, Diff: 379, Sum: 13127, Workers: 4
[234.839s][debug][gc,phases      ] GC(19)   JNI Weak                       Min:  0.0, Avg:  0.0, Max:  0.0, Diff:  0.0, Sum:  0.0, Workers: 4
[234.839s][debug][gc,phases      ] GC(19)     Dead                           Min: 0, Avg:  0.0, Max: 0, Diff: 0, Sum: 0, Workers: 4
[234.839s][debug][gc,phases      ] GC(19)     Total                          Min: 0, Avg: 12.0, Max: 48, Diff: 48, Sum: 48, Workers: 4
[234.839s][debug][gc,phases      ] GC(19)   StringDedup Table Weak         Min:  0.0, Avg:  0.0, Max:  0.0, Diff:  0.0, Sum:  0.0, Workers: 4
[234.840s][debug][gc,phases      ] GC(19)     Dead                           Min: 0, Avg:  0.0, Max: 0, Diff: 0, Sum: 0, Workers: 4
[234.840s][debug][gc,phases      ] GC(19)     Total                          Min: 0, Avg:  0.0, Max: 0, Diff: 0, Sum: 0, Workers: 4
[234.840s][debug][gc,phases      ] GC(19)   StringDedup Requests0 Weak     Min:  0.0, Avg:  0.0, Max:  0.0, Diff:  0.0, Sum:  0.0, Workers: 4
[234.840s][debug][gc,phases      ] GC(19)     Dead                           Min: 0, Avg:  0.0, Max: 0, Diff: 0, Sum: 0, Workers: 4
[234.840s][debug][gc,phases      ] GC(19)     Total                          Min: 0, Avg:  0.0, Max: 0, Diff: 0, Sum: 0, Workers: 4
[234.840s][debug][gc,phases      ] GC(19)   StringDedup Requests1 Weak     Min:  0.0, Avg:  0.0, Max:  0.0, Diff:  0.0, Sum:  0.0, Workers: 4
[234.840s][debug][gc,phases      ] GC(19)     Dead                           Min: 0, Avg:  0.0, Max: 0, Diff: 0, Sum: 0, Workers: 4
[234.840s][debug][gc,phases      ] GC(19)     Total                          Min: 0, Avg:  0.0, Max: 0, Diff: 0, Sum: 0, Workers: 4
[234.840s][debug][gc,phases      ] GC(19)   Weak JFR Old Object Samples    Min:  0.0, Avg:  0.0, Max:  0.0, Diff:  0.0, Sum:  0.0, Workers: 4
[234.840s][debug][gc,phases      ] GC(19)     Dead                           Min: 0, Avg:  0.0, Max: 0, Diff: 0, Sum: 0, Workers: 4
[234.840s][debug][gc,phases      ] GC(19)     Total                          Min: 0, Avg:  0.0, Max: 0, Diff: 0, Sum: 0, Workers: 4
[234.840s][debug][gc,phases      ] GC(19) Weak Processing 0.377ms
[234.840s][debug][gc,age         ] GC(19) Desired survivor size 261619712 bytes, new threshold 11 (max threshold 15)
[234.840s][info ][gc,heap        ] GC(19) PSYoungGen: 1758771K(1841664K)->175227K(1841664K) Eden: 1586176K(1586176K)->0K(1586176K) From: 172595K(255488K)->175227K(255488K)
[234.840s][info ][gc,heap        ] GC(19) ParOldGen: 163673K(244224K)->163681K(244224K)
[234.840s][info ][gc,metaspace   ] GC(19) Metaspace: 94153K(95424K)->94153K(95424K) NonClass: 80206K(80896K)->80206K(80896K) Class: 13947K(14528K)->13947K(14528K)
[234.840s][info ][gc             ] GC(19) Pause Young (Allocation Failure) 1877M->330M(2037M) 38.543ms
[234.840s][info ][gc,cpu         ] GC(19) User=0.15s Sys=0.00s Real=0.03s
[234.840s][info ][safepoint      ] Safepoint "ParallelGCFailedAllocation", Time since last: 154578975 ns, Reaching safepoint: 77301 ns, Cleanup: 6800 ns, At safepoint: 38614543 ns, Total: 38698644 ns
[235.840s][info ][safepoint      ] Safepoint "Cleanup", Time since last: 1000093882 ns, Reaching safepoint: 5200 ns, Cleanup: 16000 ns, At safepoint: 2500 ns, Total: 23700 ns
[239.840s][info ][safepoint      ] Safepoint "Cleanup", Time since last: 4000333253 ns, Reaching safepoint: 5300 ns, Cleanup: 7400 ns, At safepoint: 1800 ns, Total: 14500 ns
[241.125s][info ][safepoint      ] Safepoint "Cleanup", Time since last: 1284446676 ns, Reaching safepoint: 6200 ns, Cleanup: 44501 ns, At safepoint: 2200 ns, Total: 52901 ns
[243.125s][info ][safepoint      ] Safepoint "Cleanup", Time since last: 2000148510 ns, Reaching safepoint: 6100 ns, Cleanup: 11000 ns, At safepoint: 2400 ns, Total: 19500 ns
[245.125s][info ][safepoint      ] Safepoint "Cleanup", Time since last: 2000165111 ns, Reaching safepoint: 5400 ns, Cleanup: 12500 ns, At safepoint: 1900 ns, Total: 19800 ns
[246.125s][info ][safepoint      ] Safepoint "Cleanup", Time since last: 1000147506 ns, Reaching safepoint: 6800 ns, Cleanup: 7700 ns, At safepoint: 2400 ns, Total: 16900 ns
[247.125s][info ][safepoint      ] Safepoint "Cleanup", Time since last: 1000149157 ns, Reaching safepoint: 6800 ns, Cleanup: 11800 ns, At safepoint: 2300 ns, Total: 20900 ns
[248.126s][info ][safepoint      ] Safepoint "Cleanup", Time since last: 1000122659 ns, Reaching safepoint: 78401 ns, Cleanup: 18300 ns, At safepoint: 5900 ns, Total: 102601 ns
[248.960s][info ][gc,start       ] GC(20) Pause Young (Allocation Failure)
[249.015s][debug][gc,phases      ] GC(20) Scavenge 55.037ms
[249.015s][debug][gc,ref         ] GC(20) ReferenceProcessor::execute queues: 1, RefProcThreadModel::Single, marks_oops_alive: false
[249.015s][debug][gc,ref         ] GC(20) Skipped KeepAliveFinalRefsPhase of Reference Processing: no references
[249.015s][debug][gc,ref         ] GC(20) ReferenceProcessor::execute queues: 1, RefProcThreadModel::Single, marks_oops_alive: false
[249.015s][debug][gc,phases      ] GC(20) Reference Processing 0.143ms
[249.015s][debug][gc,phases      ] GC(20)   VM Weak                        Min:  0.0, Avg:  0.0, Max:  0.0, Diff:  0.0, Sum:  0.0, Workers: 4
[249.015s][debug][gc,phases      ] GC(20)     Dead                           Min: 0, Avg:  0.0, Max: 0, Diff: 0, Sum: 0, Workers: 4
[249.015s][debug][gc,phases      ] GC(20)     Total                          Min: 162, Avg: 248.5, Max: 320, Diff: 158, Sum: 994, Workers: 4
[249.015s][debug][gc,phases      ] GC(20)   ObjectSynchronizer Weak        Min:  0.0, Avg:  0.0, Max:  0.0, Diff:  0.0, Sum:  0.0, Workers: 4
[249.015s][debug][gc,phases      ] GC(20)     Dead                           Min: 0, Avg:  0.0, Max: 0, Diff: 0, Sum: 0, Workers: 4
[249.015s][debug][gc,phases      ] GC(20)     Total                          Min: 0, Avg:  1.2, Max: 5, Diff: 5, Sum: 5, Workers: 4
[249.015s][debug][gc,phases      ] GC(20)   JVMTI Tag Weak OopStorage      Min:  0.0, Avg:  0.0, Max:  0.0, Diff:  0.0, Sum:  0.0, Workers: 4
[249.015s][debug][gc,phases      ] GC(20)     Dead                           Min: 0, Avg:  0.0, Max: 0, Diff: 0, Sum: 0, Workers: 4
[249.015s][debug][gc,phases      ] GC(20)     Total                          Min: 0, Avg:  0.0, Max: 0, Diff: 0, Sum: 0, Workers: 4
[249.015s][debug][gc,phases      ] GC(20)   StringTable Weak               Min:  0.1, Avg:  0.1, Max:  0.1, Diff:  0.0, Sum:  0.5, Workers: 4
[249.015s][debug][gc,phases      ] GC(20)     Dead                           Min: 0, Avg:  0.8, Max: 3, Diff: 3, Sum: 3, Workers: 4
[249.015s][debug][gc,phases      ] GC(20)     Total                          Min: 11343, Avg: 11971.8, Max: 12416, Diff: 1073, Sum: 47887, Workers: 4
[249.015s][debug][gc,phases      ] GC(20)   ResolvedMethodTable Weak       Min:  0.0, Avg:  0.0, Max:  0.0, Diff:  0.0, Sum:  0.2, Workers: 4
[249.015s][debug][gc,phases      ] GC(20)     Dead                           Min: 3, Avg:  4.5, Max: 6, Diff: 3, Sum: 18, Workers: 4
[249.015s][debug][gc,phases      ] GC(20)     Total                          Min: 3230, Avg: 3315.5, Max: 3403, Diff: 173, Sum: 13262, Workers: 4
[249.015s][debug][gc,phases      ] GC(20)   JNI Weak                       Min:  0.0, Avg:  0.0, Max:  0.0, Diff:  0.0, Sum:  0.0, Workers: 4
[249.015s][debug][gc,phases      ] GC(20)     Dead                           Min: 0, Avg:  0.0, Max: 0, Diff: 0, Sum: 0, Workers: 4
[249.015s][debug][gc,phases      ] GC(20)     Total                          Min: 0, Avg: 12.8, Max: 51, Diff: 51, Sum: 51, Workers: 4
[249.015s][debug][gc,phases      ] GC(20)   StringDedup Table Weak         Min:  0.0, Avg:  0.0, Max:  0.0, Diff:  0.0, Sum:  0.0, Workers: 4
[249.015s][debug][gc,phases      ] GC(20)     Dead                           Min: 0, Avg:  0.0, Max: 0, Diff: 0, Sum: 0, Workers: 4
[249.015s][debug][gc,phases      ] GC(20)     Total                          Min: 0, Avg:  0.0, Max: 0, Diff: 0, Sum: 0, Workers: 4
[249.015s][debug][gc,phases      ] GC(20)   StringDedup Requests0 Weak     Min:  0.0, Avg:  0.0, Max:  0.0, Diff:  0.0, Sum:  0.0, Workers: 4
[249.015s][debug][gc,phases      ] GC(20)     Dead                           Min: 0, Avg:  0.0, Max: 0, Diff: 0, Sum: 0, Workers: 4
[249.015s][debug][gc,phases      ] GC(20)     Total                          Min: 0, Avg:  0.0, Max: 0, Diff: 0, Sum: 0, Workers: 4
[249.015s][debug][gc,phases      ] GC(20)   StringDedup Requests1 Weak     Min:  0.0, Avg:  0.0, Max:  0.0, Diff:  0.0, Sum:  0.0, Workers: 4
[249.015s][debug][gc,phases      ] GC(20)     Dead                           Min: 0, Avg:  0.0, Max: 0, Diff: 0, Sum: 0, Workers: 4
[249.015s][debug][gc,phases      ] GC(20)     Total                          Min: 0, Avg:  0.0, Max: 0, Diff: 0, Sum: 0, Workers: 4
[249.015s][debug][gc,phases      ] GC(20)   Weak JFR Old Object Samples    Min:  0.0, Avg:  0.0, Max:  0.0, Diff:  0.0, Sum:  0.0, Workers: 4
[249.015s][debug][gc,phases      ] GC(20)     Dead                           Min: 0, Avg:  0.0, Max: 0, Diff: 0, Sum: 0, Workers: 4
[249.015s][debug][gc,phases      ] GC(20)     Total                          Min: 0, Avg:  0.0, Max: 0, Diff: 0, Sum: 0, Workers: 4
[249.015s][debug][gc,phases      ] GC(20) Weak Processing 0.379ms
[249.015s][debug][gc,age         ] GC(20) Desired survivor size 270008320 bytes, new threshold 12 (max threshold 15)
[249.015s][info ][gc,heap        ] GC(20) PSYoungGen: 1761301K(1841664K)->199607K(1785856K) Eden: 1586073K(1586176K)->0K(1586176K) From: 175227K(255488K)->199607K(199680K)
[249.015s][info ][gc,heap        ] GC(20) ParOldGen: 163681K(244224K)->163689K(244224K)
[249.015s][info ][gc,metaspace   ] GC(20) Metaspace: 94470K(95808K)->94470K(95808K) NonClass: 80470K(81216K)->80470K(81216K) Class: 13999K(14592K)->13999K(14592K)
[249.015s][info ][gc             ] GC(20) Pause Young (Allocation Failure) 1879M->354M(1982M) 55.695ms
[249.015s][info ][gc,cpu         ] GC(20) User=0.22s Sys=0.01s Real=0.06s
[249.015s][info ][safepoint      ] Safepoint "ParallelGCFailedAllocation", Time since last: 833864671 ns, Reaching safepoint: 78501 ns, Cleanup: 84701 ns, At safepoint: 55771733 ns, Total: 55934935 ns
[250.016s][info ][safepoint      ] Safepoint "Cleanup", Time since last: 1000110359 ns, Reaching safepoint: 80501 ns, Cleanup: 89501 ns, At safepoint: 16700 ns, Total: 186702 ns
[251.016s][info ][safepoint      ] Safepoint "Cleanup", Time since last: 1000103959 ns, Reaching safepoint: 5100 ns, Cleanup: 64801 ns, At safepoint: 5900 ns, Total: 75801 ns
[252.016s][info ][safepoint      ] Safepoint "Cleanup", Time since last: 1000111359 ns, Reaching safepoint: 4900 ns, Cleanup: 35900 ns, At safepoint: 3100 ns, Total: 43900 ns
[253.016s][info ][safepoint      ] Safepoint "Cleanup", Time since last: 1000102459 ns, Reaching safepoint: 6900 ns, Cleanup: 21301 ns, At safepoint: 6100 ns, Total: 34301 ns
[255.016s][info ][safepoint      ] Safepoint "Cleanup", Time since last: 2000182950 ns, Reaching safepoint: 6000 ns, Cleanup: 21600 ns, At safepoint: 12201 ns, Total: 39801 ns
[256.016s][info ][safepoint      ] Safepoint "Cleanup", Time since last: 1000096657 ns, Reaching safepoint: 5900 ns, Cleanup: 10300 ns, At safepoint: 1800 ns, Total: 18000 ns
[257.017s][info ][safepoint      ] Safepoint "Cleanup", Time since last: 1000092457 ns, Reaching safepoint: 5900 ns, Cleanup: 18100 ns, At safepoint: 1701 ns, Total: 25701 ns
[258.017s][info ][safepoint      ] Safepoint "Cleanup", Time since last: 1000068056 ns, Reaching safepoint: 6601 ns, Cleanup: 8500 ns, At safepoint: 2200 ns, Total: 17301 ns
[259.017s][info ][safepoint      ] Safepoint "Cleanup", Time since last: 1000106057 ns, Reaching safepoint: 6000 ns, Cleanup: 10600 ns, At safepoint: 2200 ns, Total: 18800 ns
[260.017s][info ][safepoint      ] Safepoint "Cleanup", Time since last: 1000096157 ns, Reaching safepoint: 5301 ns, Cleanup: 11100 ns, At safepoint: 1700 ns, Total: 18101 ns
[265.017s][info ][safepoint      ] Safepoint "Cleanup", Time since last: 5000462638 ns, Reaching safepoint: 6900 ns, Cleanup: 8700 ns, At safepoint: 2300 ns, Total: 17900 ns
[266.017s][info ][safepoint      ] Safepoint "Cleanup", Time since last: 1000071500 ns, Reaching safepoint: 6000 ns, Cleanup: 9900 ns, At safepoint: 2000 ns, Total: 17900 ns
[268.018s][info ][safepoint      ] Safepoint "Cleanup", Time since last: 2000180400 ns, Reaching safepoint: 6000 ns, Cleanup: 6300 ns, At safepoint: 1800 ns, Total: 14100 ns
[269.018s][info ][safepoint      ] Safepoint "Cleanup", Time since last: 1000109301 ns, Reaching safepoint: 5800 ns, Cleanup: 10200 ns, At safepoint: 2300 ns, Total: 18300 ns
[270.018s][info ][safepoint      ] Safepoint "Cleanup", Time since last: 1000112700 ns, Reaching safepoint: 6200 ns, Cleanup: 10600 ns, At safepoint: 5500 ns, Total: 22300 ns
[272.018s][info ][safepoint      ] Safepoint "Cleanup", Time since last: 2000232012 ns, Reaching safepoint: 6800 ns, Cleanup: 7100 ns, At safepoint: 1900 ns, Total: 15800 ns
[273.018s][info ][safepoint      ] Safepoint "Cleanup", Time since last: 1000116140 ns, Reaching safepoint: 5600 ns, Cleanup: 7700 ns, At safepoint: 2000 ns, Total: 15300 ns
[274.018s][info ][safepoint      ] Safepoint "Cleanup", Time since last: 1000104341 ns, Reaching safepoint: 4900 ns, Cleanup: 8900 ns, At safepoint: 1700 ns, Total: 15500 ns
[276.019s][info ][safepoint      ] Safepoint "Cleanup", Time since last: 2000174480 ns, Reaching safepoint: 5500 ns, Cleanup: 9100 ns, At safepoint: 1900 ns, Total: 16500 ns
[277.019s][info ][safepoint      ] Safepoint "Cleanup", Time since last: 1000108441 ns, Reaching safepoint: 6700 ns, Cleanup: 8500 ns, At safepoint: 1900 ns, Total: 17100 ns
[278.019s][info ][safepoint      ] Safepoint "Cleanup", Time since last: 1000118140 ns, Reaching safepoint: 6400 ns, Cleanup: 11701 ns, At safepoint: 2600 ns, Total: 20701 ns
[282.019s][info ][safepoint      ] Safepoint "Cleanup", Time since last: 4000330668 ns, Reaching safepoint: 6000 ns, Cleanup: 7800 ns, At safepoint: 2100 ns, Total: 15900 ns
[285.019s][info ][safepoint      ] Safepoint "Cleanup", Time since last: 3000236189 ns, Reaching safepoint: 6700 ns, Cleanup: 9000 ns, At safepoint: 2100 ns, Total: 17800 ns
[287.020s][info ][safepoint      ] Safepoint "Cleanup", Time since last: 2000170902 ns, Reaching safepoint: 6200 ns, Cleanup: 12500 ns, At safepoint: 2201 ns, Total: 20901 ns
[288.020s][info ][safepoint      ] Safepoint "Cleanup", Time since last: 1000105447 ns, Reaching safepoint: 5900 ns, Cleanup: 6300 ns, At safepoint: 2000 ns, Total: 14200 ns
[290.020s][info ][safepoint      ] Safepoint "Cleanup", Time since last: 2000167594 ns, Reaching safepoint: 5800 ns, Cleanup: 20500 ns, At safepoint: 2100 ns, Total: 28400 ns
[291.020s][info ][safepoint      ] Safepoint "Cleanup", Time since last: 1000107462 ns, Reaching safepoint: 6900 ns, Cleanup: 13900 ns, At safepoint: 2700 ns, Total: 23500 ns
[294.020s][info ][safepoint      ] Safepoint "Cleanup", Time since last: 3000212421 ns, Reaching safepoint: 5900 ns, Cleanup: 6500 ns, At safepoint: 1800 ns, Total: 14200 ns
[295.020s][info ][safepoint      ] Safepoint "Cleanup", Time since last: 1000101199 ns, Reaching safepoint: 5800 ns, Cleanup: 8600 ns, At safepoint: 2000 ns, Total: 16400 ns
[297.761s][info ][gc,start       ] GC(21) Pause Young (Allocation Failure)
[297.808s][debug][gc,phases      ] GC(21) Scavenge 46.940ms
[297.808s][debug][gc,ref         ] GC(21) ReferenceProcessor::execute queues: 1, RefProcThreadModel::Single, marks_oops_alive: false
[297.808s][debug][gc,ref         ] GC(21) Skipped KeepAliveFinalRefsPhase of Reference Processing: no references
[297.808s][debug][gc,ref         ] GC(21) ReferenceProcessor::execute queues: 1, RefProcThreadModel::Single, marks_oops_alive: false
[297.808s][debug][gc,phases      ] GC(21) Reference Processing 0.146ms
[297.808s][debug][gc,phases      ] GC(21)   VM Weak                        Min:  0.0, Avg:  0.0, Max:  0.0, Diff:  0.0, Sum:  0.0, Workers: 4
[297.808s][debug][gc,phases      ] GC(21)     Dead                           Min: 0, Avg:  0.0, Max: 0, Diff: 0, Sum: 0, Workers: 4
[297.808s][debug][gc,phases      ] GC(21)     Total                          Min: 0, Avg: 249.5, Max: 512, Diff: 512, Sum: 998, Workers: 4
[297.808s][debug][gc,phases      ] GC(21)   ObjectSynchronizer Weak        Min:  0.0, Avg:  0.0, Max:  0.0, Diff:  0.0, Sum:  0.0, Workers: 4
[297.808s][debug][gc,phases      ] GC(21)     Dead                           Min: 0, Avg:  0.0, Max: 0, Diff: 0, Sum: 0, Workers: 4
[297.808s][debug][gc,phases      ] GC(21)     Total                          Min: 0, Avg:  1.2, Max: 5, Diff: 5, Sum: 5, Workers: 4
[297.808s][debug][gc,phases      ] GC(21)   JVMTI Tag Weak OopStorage      Min:  0.0, Avg:  0.0, Max:  0.0, Diff:  0.0, Sum:  0.0, Workers: 4
[297.808s][debug][gc,phases      ] GC(21)     Dead                           Min: 0, Avg:  0.0, Max: 0, Diff: 0, Sum: 0, Workers: 4
[297.808s][debug][gc,phases      ] GC(21)     Total                          Min: 0, Avg:  0.0, Max: 0, Diff: 0, Sum: 0, Workers: 4
[297.808s][debug][gc,phases      ] GC(21)   StringTable Weak               Min:  0.0, Avg:  0.1, Max:  0.1, Diff:  0.1, Sum:  0.4, Workers: 4
[297.808s][debug][gc,phases      ] GC(21)     Dead                           Min: 0, Avg:  0.0, Max: 0, Diff: 0, Sum: 0, Workers: 4
[297.808s][debug][gc,phases      ] GC(21)     Total                          Min: 0, Avg: 11994.8, Max: 20416, Diff: 20416, Sum: 47979, Workers: 4
[297.808s][debug][gc,phases      ] GC(21)   ResolvedMethodTable Weak       Min:  0.0, Avg:  0.0, Max:  0.1, Diff:  0.1, Sum:  0.1, Workers: 4
[297.808s][debug][gc,phases      ] GC(21)     Dead                           Min: 0, Avg:  0.2, Max: 1, Diff: 1, Sum: 1, Workers: 4
[297.808s][debug][gc,phases      ] GC(21)     Total                          Min: 0, Avg: 3318.5, Max: 5465, Diff: 5465, Sum: 13274, Workers: 4
[297.808s][debug][gc,phases      ] GC(21)   JNI Weak                       Min:  0.0, Avg:  0.0, Max:  0.0, Diff:  0.0, Sum:  0.0, Workers: 4
[297.808s][debug][gc,phases      ] GC(21)     Dead                           Min: 0, Avg:  0.0, Max: 0, Diff: 0, Sum: 0, Workers: 4
[297.808s][debug][gc,phases      ] GC(21)     Total                          Min: 0, Avg: 12.0, Max: 48, Diff: 48, Sum: 48, Workers: 4
[297.808s][debug][gc,phases      ] GC(21)   StringDedup Table Weak         Min:  0.0, Avg:  0.0, Max:  0.0, Diff:  0.0, Sum:  0.0, Workers: 4
[297.808s][debug][gc,phases      ] GC(21)     Dead                           Min: 0, Avg:  0.0, Max: 0, Diff: 0, Sum: 0, Workers: 4
[297.808s][debug][gc,phases      ] GC(21)     Total                          Min: 0, Avg:  0.0, Max: 0, Diff: 0, Sum: 0, Workers: 4
[297.808s][debug][gc,phases      ] GC(21)   StringDedup Requests0 Weak     Min:  0.0, Avg:  0.0, Max:  0.0, Diff:  0.0, Sum:  0.0, Workers: 4
[297.808s][debug][gc,phases      ] GC(21)     Dead                           Min: 0, Avg:  0.0, Max: 0, Diff: 0, Sum: 0, Workers: 4
[297.808s][debug][gc,phases      ] GC(21)     Total                          Min: 0, Avg:  0.0, Max: 0, Diff: 0, Sum: 0, Workers: 4
[297.809s][debug][gc,phases      ] GC(21)   StringDedup Requests1 Weak     Min:  0.0, Avg:  0.0, Max:  0.0, Diff:  0.0, Sum:  0.0, Workers: 4
[297.809s][debug][gc,phases      ] GC(21)     Dead                           Min: 0, Avg:  0.0, Max: 0, Diff: 0, Sum: 0, Workers: 4
[297.809s][debug][gc,phases      ] GC(21)     Total                          Min: 0, Avg:  0.0, Max: 0, Diff: 0, Sum: 0, Workers: 4
[297.809s][debug][gc,phases      ] GC(21)   Weak JFR Old Object Samples    Min:  0.0, Avg:  0.0, Max:  0.0, Diff:  0.0, Sum:  0.0, Workers: 4
[297.809s][debug][gc,phases      ] GC(21)     Dead                           Min: 0, Avg:  0.0, Max: 0, Diff: 0, Sum: 0, Workers: 4
[297.809s][debug][gc,phases      ] GC(21)     Total                          Min: 0, Avg:  0.0, Max: 0, Diff: 0, Sum: 0, Workers: 4
[297.809s][debug][gc,phases      ] GC(21) Weak Processing 0.412ms
[297.809s][debug][gc,age         ] GC(21) Desired survivor size 281018368 bytes, new threshold 13 (max threshold 15)
[297.809s][info ][gc,heap        ] GC(21) PSYoungGen: 1785783K(1785856K)->212471K(1811968K) Eden: 1586176K(1586176K)->0K(1548288K) From: 199607K(199680K)->212471K(263680K)
[297.809s][info ][gc,heap        ] GC(21) ParOldGen: 163689K(244224K)->163697K(244224K)
[297.809s][info ][gc,metaspace   ] GC(21) Metaspace: 94538K(95872K)->94538K(95872K) NonClass: 80535K(81280K)->80535K(81280K) Class: 14003K(14592K)->14003K(14592K)
[297.809s][info ][gc             ] GC(21) Pause Young (Allocation Failure) 1903M->367M(2008M) 47.621ms
[297.809s][info ][gc,cpu         ] GC(21) User=0.18s Sys=0.00s Real=0.04s
[297.809s][info ][safepoint      ] Safepoint "ParallelGCFailedAllocation", Time since last: 2740398143 ns, Reaching safepoint: 78701 ns, Cleanup: 6500 ns, At safepoint: 47697522 ns, Total: 47782723 ns
[298.809s][info ][safepoint      ] Safepoint "Cleanup", Time since last: 1000106847 ns, Reaching safepoint: 6700 ns, Cleanup: 23600 ns, At safepoint: 2400 ns, Total: 32700 ns
[302.142s][info ][safepoint      ] Safepoint "Cleanup", Time since last: 3333073435 ns, Reaching safepoint: 5800 ns, Cleanup: 13100 ns, At safepoint: 2000 ns, Total: 20900 ns
[303.142s][info ][safepoint      ] Safepoint "Cleanup", Time since last: 1000126539 ns, Reaching safepoint: 6100 ns, Cleanup: 9600 ns, At safepoint: 2300 ns, Total: 18000 ns
[305.142s][info ][safepoint      ] Safepoint "Cleanup", Time since last: 2000173527 ns, Reaching safepoint: 5600 ns, Cleanup: 14700 ns, At safepoint: 2800 ns, Total: 23100 ns
[306.142s][info ][safepoint      ] Safepoint "Cleanup", Time since last: 1000094113 ns, Reaching safepoint: 7501 ns, Cleanup: 18000 ns, At safepoint: 2600 ns, Total: 28101 ns
[307.142s][info ][safepoint      ] Safepoint "Cleanup", Time since last: 1000109613 ns, Reaching safepoint: 6900 ns, Cleanup: 11201 ns, At safepoint: 2100 ns, Total: 20201 ns
[309.143s][info ][safepoint      ] Safepoint "Cleanup", Time since last: 2000212927 ns, Reaching safepoint: 7800 ns, Cleanup: 9500 ns, At safepoint: 2200 ns, Total: 19500 ns
[310.143s][info ][safepoint      ] Safepoint "Cleanup", Time since last: 1000123777 ns, Reaching safepoint: 8001 ns, Cleanup: 18400 ns, At safepoint: 2200 ns, Total: 28601 ns
[311.143s][info ][safepoint      ] Safepoint "Cleanup", Time since last: 1000107874 ns, Reaching safepoint: 5801 ns, Cleanup: 13200 ns, At safepoint: 2000 ns, Total: 21001 ns
[313.143s][info ][safepoint      ] Safepoint "Cleanup", Time since last: 2000193437 ns, Reaching safepoint: 6700 ns, Cleanup: 15800 ns, At safepoint: 1800 ns, Total: 24300 ns
[314.464s][info ][safepoint      ] Safepoint "Cleanup", Time since last: 1320476478 ns, Reaching safepoint: 5400 ns, Cleanup: 115202 ns, At safepoint: 2800 ns, Total: 123402 ns
[315.464s][info ][safepoint      ] Safepoint "Cleanup", Time since last: 1000106368 ns, Reaching safepoint: 6000 ns, Cleanup: 29601 ns, At safepoint: 2700 ns, Total: 38301 ns
[316.464s][info ][safepoint      ] Safepoint "Cleanup", Time since last: 1000114768 ns, Reaching safepoint: 5900 ns, Cleanup: 11901 ns, At safepoint: 18400 ns, Total: 36201 ns
[317.464s][info ][safepoint      ] Safepoint "Cleanup", Time since last: 1000104368 ns, Reaching safepoint: 5800 ns, Cleanup: 8400 ns, At safepoint: 2100 ns, Total: 16300 ns
[319.464s][info ][safepoint      ] Safepoint "Cleanup", Time since last: 2000151761 ns, Reaching safepoint: 5500 ns, Cleanup: 6700 ns, At safepoint: 1800 ns, Total: 14000 ns
[320.464s][info ][safepoint      ] Safepoint "Cleanup", Time since last: 1000083279 ns, Reaching safepoint: 5900 ns, Cleanup: 8200 ns, At safepoint: 2200 ns, Total: 16300 ns
[321.465s][info ][safepoint      ] Safepoint "Cleanup", Time since last: 1000110279 ns, Reaching safepoint: 6000 ns, Cleanup: 9100 ns, At safepoint: 1900 ns, Total: 17000 ns
[322.465s][info ][safepoint      ] Safepoint "Cleanup", Time since last: 1000115379 ns, Reaching safepoint: 6900 ns, Cleanup: 8301 ns, At safepoint: 2100 ns, Total: 17301 ns
[324.465s][info ][safepoint      ] Safepoint "Cleanup", Time since last: 2000159157 ns, Reaching safepoint: 7100 ns, Cleanup: 9100 ns, At safepoint: 2400 ns, Total: 18600 ns
[332.466s][info ][safepoint      ] Safepoint "Cleanup", Time since last: 8000588838 ns, Reaching safepoint: 5700 ns, Cleanup: 8300 ns, At safepoint: 1900 ns, Total: 15900 ns
[334.466s][info ][safepoint      ] Safepoint "Cleanup", Time since last: 2000202847 ns, Reaching safepoint: 5900 ns, Cleanup: 8801 ns, At safepoint: 2200 ns, Total: 16901 ns
[340.466s][info ][safepoint      ] Safepoint "Cleanup", Time since last: 6000456455 ns, Reaching safepoint: 6800 ns, Cleanup: 13100 ns, At safepoint: 3200 ns, Total: 23100 ns
[343.467s][info ][safepoint      ] Safepoint "Cleanup", Time since last: 3000256131 ns, Reaching safepoint: 8200 ns, Cleanup: 37601 ns, At safepoint: 6400 ns, Total: 52201 ns
[344.467s][info ][safepoint      ] Safepoint "Cleanup", Time since last: 1000106173 ns, Reaching safepoint: 6400 ns, Cleanup: 13100 ns, At safepoint: 2200 ns, Total: 21700 ns
[345.467s][info ][safepoint      ] Safepoint "Cleanup", Time since last: 1000100373 ns, Reaching safepoint: 5400 ns, Cleanup: 9501 ns, At safepoint: 1700 ns, Total: 16601 ns
[347.183s][info ][safepoint      ] Safepoint "Cleanup", Time since last: 1715713379 ns, Reaching safepoint: 6800 ns, Cleanup: 9900 ns, At safepoint: 14900 ns, Total: 31600 ns
[351.183s][info ][safepoint      ] Safepoint "Cleanup", Time since last: 4000312771 ns, Reaching safepoint: 7100 ns, Cleanup: 10700 ns, At safepoint: 2500 ns, Total: 20300 ns
[352.183s][info ][safepoint      ] Safepoint "Cleanup", Time since last: 1000122644 ns, Reaching safepoint: 7200 ns, Cleanup: 12400 ns, At safepoint: 2300 ns, Total: 21900 ns
[353.183s][info ][safepoint      ] Safepoint "Cleanup", Time since last: 1000084443 ns, Reaching safepoint: 7600 ns, Cleanup: 8900 ns, At safepoint: 2300 ns, Total: 18800 ns
[354.183s][info ][safepoint      ] Safepoint "Cleanup", Time since last: 1000124643 ns, Reaching safepoint: 17501 ns, Cleanup: 16100 ns, At safepoint: 2800 ns, Total: 36401 ns
[355.183s][info ][safepoint      ] Safepoint "Cleanup", Time since last: 1000133143 ns, Reaching safepoint: 7300 ns, Cleanup: 10300 ns, At safepoint: 2100 ns, Total: 19700 ns
[357.184s][info ][safepoint      ] Safepoint "Cleanup", Time since last: 2000207787 ns, Reaching safepoint: 7100 ns, Cleanup: 8300 ns, At safepoint: 2100 ns, Total: 17500 ns
[358.184s][info ][safepoint      ] Safepoint "Cleanup", Time since last: 1000130346 ns, Reaching safepoint: 7600 ns, Cleanup: 9001 ns, At safepoint: 2300 ns, Total: 18901 ns
[359.184s][info ][safepoint      ] Safepoint "Cleanup", Time since last: 1000147425 ns, Reaching safepoint: 8900 ns, Cleanup: 11700 ns, At safepoint: 2400 ns, Total: 23000 ns
[361.161s][info ][safepoint      ] Safepoint "Cleanup", Time since last: 1976869297 ns, Reaching safepoint: 6800 ns, Cleanup: 10100 ns, At safepoint: 2600 ns, Total: 19500 ns
[363.161s][info ][safepoint      ] Safepoint "Cleanup", Time since last: 2000201703 ns, Reaching safepoint: 5700 ns, Cleanup: 9300 ns, At safepoint: 2100 ns, Total: 17100 ns
[364.161s][info ][safepoint      ] Safepoint "Cleanup", Time since last: 1000106608 ns, Reaching safepoint: 7600 ns, Cleanup: 8400 ns, At safepoint: 2100 ns, Total: 18100 ns
[365.161s][info ][safepoint      ] Safepoint "Cleanup", Time since last: 1000111407 ns, Reaching safepoint: 7200 ns, Cleanup: 8400 ns, At safepoint: 2000 ns, Total: 17600 ns
[366.603s][info ][gc,start       ] GC(22) Pause Young (Allocation Failure)
[366.649s][debug][gc,phases      ] GC(22) Scavenge 46.030ms
[366.649s][debug][gc,ref         ] GC(22) ReferenceProcessor::execute queues: 1, RefProcThreadModel::Single, marks_oops_alive: false
[366.649s][debug][gc,ref         ] GC(22) Skipped KeepAliveFinalRefsPhase of Reference Processing: no references
[366.649s][debug][gc,ref         ] GC(22) ReferenceProcessor::execute queues: 1, RefProcThreadModel::Single, marks_oops_alive: false
[366.649s][debug][gc,phases      ] GC(22) Reference Processing 0.148ms
[366.649s][debug][gc,phases      ] GC(22)   VM Weak                        Min:  0.0, Avg:  0.0, Max:  0.0, Diff:  0.0, Sum:  0.0, Workers: 4
[366.649s][debug][gc,phases      ] GC(22)     Dead                           Min: 0, Avg:  0.0, Max: 0, Diff: 0, Sum: 0, Workers: 4
[366.649s][debug][gc,phases      ] GC(22)     Total                          Min: 0, Avg: 250.0, Max: 616, Diff: 616, Sum: 1000, Workers: 4
[366.649s][debug][gc,phases      ] GC(22)   ObjectSynchronizer Weak        Min:  0.0, Avg:  0.0, Max:  0.0, Diff:  0.0, Sum:  0.0, Workers: 4
[366.649s][debug][gc,phases      ] GC(22)     Dead                           Min: 0, Avg:  0.0, Max: 0, Diff: 0, Sum: 0, Workers: 4
[366.649s][debug][gc,phases      ] GC(22)     Total                          Min: 0, Avg:  0.8, Max: 3, Diff: 3, Sum: 3, Workers: 4
[366.649s][debug][gc,phases      ] GC(22)   JVMTI Tag Weak OopStorage      Min:  0.0, Avg:  0.0, Max:  0.0, Diff:  0.0, Sum:  0.0, Workers: 4
[366.649s][debug][gc,phases      ] GC(22)     Dead                           Min: 0, Avg:  0.0, Max: 0, Diff: 0, Sum: 0, Workers: 4
[366.649s][debug][gc,phases      ] GC(22)     Total                          Min: 0, Avg:  0.0, Max: 0, Diff: 0, Sum: 0, Workers: 4
[366.649s][debug][gc,phases      ] GC(22)   StringTable Weak               Min:  0.0, Avg:  0.1, Max:  0.1, Diff:  0.1, Sum:  0.4, Workers: 4
[366.649s][debug][gc,phases      ] GC(22)     Dead                           Min: 0, Avg:  0.8, Max: 2, Diff: 2, Sum: 3, Workers: 4
[366.649s][debug][gc,phases      ] GC(22)     Total                          Min: 0, Avg: 12037.5, Max: 20096, Diff: 20096, Sum: 48150, Workers: 4
[366.649s][debug][gc,phases      ] GC(22)   ResolvedMethodTable Weak       Min:  0.0, Avg:  0.0, Max:  0.1, Diff:  0.1, Sum:  0.2, Workers: 4
[366.649s][debug][gc,phases      ] GC(22)     Dead                           Min: 0, Avg:  4.8, Max: 12, Diff: 12, Sum: 19, Workers: 4
[366.650s][debug][gc,phases      ] GC(22)     Total                          Min: 0, Avg: 3339.0, Max: 5118, Diff: 5118, Sum: 13356, Workers: 4
[366.650s][debug][gc,phases      ] GC(22)   JNI Weak                       Min:  0.0, Avg:  0.0, Max:  0.0, Diff:  0.0, Sum:  0.0, Workers: 4
[366.650s][debug][gc,phases      ] GC(22)     Dead                           Min: 0, Avg:  0.0, Max: 0, Diff: 0, Sum: 0, Workers: 4
[366.650s][debug][gc,phases      ] GC(22)     Total                          Min: 0, Avg: 12.0, Max: 48, Diff: 48, Sum: 48, Workers: 4
[366.650s][debug][gc,phases      ] GC(22)   StringDedup Table Weak         Min:  0.0, Avg:  0.0, Max:  0.0, Diff:  0.0, Sum:  0.0, Workers: 4
[366.650s][debug][gc,phases      ] GC(22)     Dead                           Min: 0, Avg:  0.0, Max: 0, Diff: 0, Sum: 0, Workers: 4
[366.650s][debug][gc,phases      ] GC(22)     Total                          Min: 0, Avg:  0.0, Max: 0, Diff: 0, Sum: 0, Workers: 4
[366.650s][debug][gc,phases      ] GC(22)   StringDedup Requests0 Weak     Min:  0.0, Avg:  0.0, Max:  0.0, Diff:  0.0, Sum:  0.0, Workers: 4
[366.650s][debug][gc,phases      ] GC(22)     Dead                           Min: 0, Avg:  0.0, Max: 0, Diff: 0, Sum: 0, Workers: 4
[366.650s][debug][gc,phases      ] GC(22)     Total                          Min: 0, Avg:  0.0, Max: 0, Diff: 0, Sum: 0, Workers: 4
[366.650s][debug][gc,phases      ] GC(22)   StringDedup Requests1 Weak     Min:  0.0, Avg:  0.0, Max:  0.0, Diff:  0.0, Sum:  0.0, Workers: 4
[366.650s][debug][gc,phases      ] GC(22)     Dead                           Min: 0, Avg:  0.0, Max: 0, Diff: 0, Sum: 0, Workers: 4
[366.650s][debug][gc,phases      ] GC(22)     Total                          Min: 0, Avg:  0.0, Max: 0, Diff: 0, Sum: 0, Workers: 4
[366.650s][debug][gc,phases      ] GC(22)   Weak JFR Old Object Samples    Min:  0.0, Avg:  0.0, Max:  0.0, Diff:  0.0, Sum:  0.0, Workers: 4
[366.650s][debug][gc,phases      ] GC(22)     Dead                           Min: 0, Avg:  0.0, Max: 0, Diff: 0, Sum: 0, Workers: 4
[366.650s][debug][gc,phases      ] GC(22)     Total                          Min: 0, Avg:  0.0, Max: 0, Diff: 0, Sum: 0, Workers: 4
[366.650s][debug][gc,phases      ] GC(22) Weak Processing 0.433ms
[366.650s][debug][gc,age         ] GC(22) Desired survivor size 290979840 bytes, new threshold 14 (max threshold 15)
[366.650s][info ][gc,heap        ] GC(22) PSYoungGen: 1760759K(1811968K)->216911K(1765376K) Eden: 1548288K(1548288K)->0K(1548288K) From: 212471K(263680K)->216911K(217088K)
[366.650s][info ][gc,heap        ] GC(22) ParOldGen: 163697K(244224K)->163705K(244224K)
[366.650s][info ][gc,metaspace   ] GC(22) Metaspace: 94961K(96256K)->94961K(96256K) NonClass: 80911K(81664K)->80911K(81664K) Class: 14050K(14592K)->14050K(14592K)
[366.650s][info ][gc             ] GC(22) Pause Young (Allocation Failure) 1879M->371M(1962M) 46.745ms
[366.650s][info ][gc,cpu         ] GC(22) User=0.18s Sys=0.00s Real=0.04s
[366.650s][info ][safepoint      ] Safepoint "ParallelGCFailedAllocation", Time since last: 1441530803 ns, Reaching safepoint: 6700 ns, Cleanup: 3301 ns, At safepoint: 46813445 ns, Total: 46823446 ns
[369.650s][info ][safepoint      ] Safepoint "Cleanup", Time since last: 3000231588 ns, Reaching safepoint: 95701 ns, Cleanup: 8700 ns, At safepoint: 6400 ns, Total: 110801 ns
[372.650s][info ][safepoint      ] Safepoint "Cleanup", Time since last: 3000264395 ns, Reaching safepoint: 87601 ns, Cleanup: 13200 ns, At safepoint: 11600 ns, Total: 112401 ns
[374.651s][info ][safepoint      ] Safepoint "Cleanup", Time since last: 2000206030 ns, Reaching safepoint: 374304 ns, Cleanup: 9200 ns, At safepoint: 9200 ns, Total: 392704 ns
[376.651s][info ][safepoint      ] Safepoint "Cleanup", Time since last: 2000198596 ns, Reaching safepoint: 52301 ns, Cleanup: 10400 ns, At safepoint: 7100 ns, Total: 69801 ns
[378.652s][info ][safepoint      ] Safepoint "Cleanup", Time since last: 2000213314 ns, Reaching safepoint: 80100 ns, Cleanup: 12801 ns, At safepoint: 6300 ns, Total: 99201 ns
[379.652s][info ][safepoint      ] Safepoint "Cleanup", Time since last: 1000125257 ns, Reaching safepoint: 84100 ns, Cleanup: 8201 ns, At safepoint: 5800 ns, Total: 98101 ns
[380.652s][info ][safepoint      ] Safepoint "Cleanup", Time since last: 1000131957 ns, Reaching safepoint: 75400 ns, Cleanup: 21801 ns, At safepoint: 5800 ns, Total: 103001 ns
[381.652s][info ][safepoint      ] Safepoint "Cleanup", Time since last: 1000111099 ns, Reaching safepoint: 59400 ns, Cleanup: 14000 ns, At safepoint: 10001 ns, Total: 83401 ns
[382.652s][info ][safepoint      ] Safepoint "Cleanup", Time since last: 1000108714 ns, Reaching safepoint: 78300 ns, Cleanup: 9501 ns, At safepoint: 5500 ns, Total: 93301 ns
[385.653s][info ][safepoint      ] Safepoint "Cleanup", Time since last: 3000252423 ns, Reaching safepoint: 82001 ns, Cleanup: 7700 ns, At safepoint: 6000 ns, Total: 95701 ns
[386.653s][info ][safepoint      ] Safepoint "Cleanup", Time since last: 1000115726 ns, Reaching safepoint: 76801 ns, Cleanup: 18300 ns, At safepoint: 5600 ns, Total: 100701 ns
[388.653s][info ][safepoint      ] Safepoint "Cleanup", Time since last: 2000180968 ns, Reaching safepoint: 17800 ns, Cleanup: 13700 ns, At safepoint: 5901 ns, Total: 37401 ns
[389.653s][info ][safepoint      ] Safepoint "Cleanup", Time since last: 1000112516 ns, Reaching safepoint: 84201 ns, Cleanup: 7500 ns, At safepoint: 6400 ns, Total: 98101 ns
[390.654s][info ][safepoint      ] Safepoint "Cleanup", Time since last: 1000111916 ns, Reaching safepoint: 78501 ns, Cleanup: 11300 ns, At safepoint: 4800 ns, Total: 94601 ns
[391.654s][info ][safepoint      ] Safepoint "Cleanup", Time since last: 1000105587 ns, Reaching safepoint: 6300 ns, Cleanup: 5700 ns, At safepoint: 1700 ns, Total: 13700 ns
[392.654s][info ][safepoint      ] Safepoint "Cleanup", Time since last: 1000093187 ns, Reaching safepoint: 66201 ns, Cleanup: 9800 ns, At safepoint: 8400 ns, Total: 84401 ns
[393.654s][info ][safepoint      ] Safepoint "Cleanup", Time since last: 1000113787 ns, Reaching safepoint: 6200 ns, Cleanup: 8700 ns, At safepoint: 1900 ns, Total: 16800 ns
[394.654s][info ][safepoint      ] Safepoint "Cleanup", Time since last: 1000114187 ns, Reaching safepoint: 79900 ns, Cleanup: 7900 ns, At safepoint: 5700 ns, Total: 93500 ns
[395.654s][info ][safepoint      ] Safepoint "Cleanup", Time since last: 1000107387 ns, Reaching safepoint: 6000 ns, Cleanup: 6600 ns, At safepoint: 1800 ns, Total: 14400 ns
[397.655s][info ][safepoint      ] Safepoint "Cleanup", Time since last: 2000166088 ns, Reaching safepoint: 6400 ns, Cleanup: 12401 ns, At safepoint: 1900 ns, Total: 20701 ns
[400.655s][info ][safepoint      ] Safepoint "Cleanup", Time since last: 3000232164 ns, Reaching safepoint: 77101 ns, Cleanup: 12400 ns, At safepoint: 5400 ns, Total: 94901 ns
[401.655s][info ][safepoint      ] Safepoint "Cleanup", Time since last: 1000106513 ns, Reaching safepoint: 5100 ns, Cleanup: 8000 ns, At safepoint: 2200 ns, Total: 15300 ns
[407.655s][info ][safepoint      ] Safepoint "Cleanup", Time since last: 6000379826 ns, Reaching safepoint: 6000 ns, Cleanup: 7500 ns, At safepoint: 1700 ns, Total: 15200 ns
[409.656s][info ][safepoint      ] Safepoint "Cleanup", Time since last: 2000185662 ns, Reaching safepoint: 5900 ns, Cleanup: 7100 ns, At safepoint: 1700 ns, Total: 14700 ns
[412.656s][info ][safepoint      ] Safepoint "Cleanup", Time since last: 3000247843 ns, Reaching safepoint: 5400 ns, Cleanup: 8200 ns, At safepoint: 1900 ns, Total: 15500 ns
[413.656s][info ][safepoint      ] Safepoint "Cleanup", Time since last: 1000109622 ns, Reaching safepoint: 8300 ns, Cleanup: 8100 ns, At safepoint: 5500 ns, Total: 21900 ns
[414.656s][info ][safepoint      ] Safepoint "Cleanup", Time since last: 1000116321 ns, Reaching safepoint: 5700 ns, Cleanup: 7200 ns, At safepoint: 2000 ns, Total: 14900 ns
[418.656s][info ][safepoint      ] Safepoint "Cleanup", Time since last: 4000320741 ns, Reaching safepoint: 6100 ns, Cleanup: 6600 ns, At safepoint: 2100 ns, Total: 14800 ns
[419.657s][info ][safepoint      ] Safepoint "Cleanup", Time since last: 1000108748 ns, Reaching safepoint: 6500 ns, Cleanup: 9000 ns, At safepoint: 2000 ns, Total: 17500 ns
[421.177s][info ][safepoint      ] Safepoint "Cleanup", Time since last: 1519937887 ns, Reaching safepoint: 6000 ns, Cleanup: 6900 ns, At safepoint: 2100 ns, Total: 15000 ns
[423.177s][info ][safepoint      ] Safepoint "Cleanup", Time since last: 2000197064 ns, Reaching safepoint: 16100 ns, Cleanup: 10400 ns, At safepoint: 2000 ns, Total: 28500 ns
[424.177s][info ][safepoint      ] Safepoint "Cleanup", Time since last: 1000124379 ns, Reaching safepoint: 16900 ns, Cleanup: 9500 ns, At safepoint: 6000 ns, Total: 32400 ns
[425.177s][info ][safepoint      ] Safepoint "Cleanup", Time since last: 1000116679 ns, Reaching safepoint: 6700 ns, Cleanup: 9400 ns, At safepoint: 2000 ns, Total: 18100 ns
[429.177s][info ][safepoint      ] Safepoint "Cleanup", Time since last: 4000301402 ns, Reaching safepoint: 8600 ns, Cleanup: 27700 ns, At safepoint: 27900 ns, Total: 64200 ns
[431.178s][info ][safepoint      ] Safepoint "Cleanup", Time since last: 2000203600 ns, Reaching safepoint: 6000 ns, Cleanup: 13400 ns, At safepoint: 1800 ns, Total: 21200 ns
[432.178s][info ][safepoint      ] Safepoint "Cleanup", Time since last: 1000102432 ns, Reaching safepoint: 6200 ns, Cleanup: 8000 ns, At safepoint: 2300 ns, Total: 16500 ns
[433.178s][info ][safepoint      ] Safepoint "Cleanup", Time since last: 1000119332 ns, Reaching safepoint: 6200 ns, Cleanup: 7000 ns, At safepoint: 2600 ns, Total: 15800 ns
[434.178s][info ][safepoint      ] Safepoint "Cleanup", Time since last: 1000068732 ns, Reaching safepoint: 6100 ns, Cleanup: 9400 ns, At safepoint: 2000 ns, Total: 17500 ns
[434.652s][info ][gc,start       ] GC(23) Pause Young (Allocation Failure)
[434.702s][debug][gc,phases      ] GC(23) Scavenge 50.286ms
[434.702s][debug][gc,ref         ] GC(23) ReferenceProcessor::execute queues: 1, RefProcThreadModel::Single, marks_oops_alive: false
[434.702s][debug][gc,ref         ] GC(23) Skipped KeepAliveFinalRefsPhase of Reference Processing: no references
[434.702s][debug][gc,ref         ] GC(23) ReferenceProcessor::execute queues: 1, RefProcThreadModel::Single, marks_oops_alive: false
[434.702s][debug][gc,phases      ] GC(23) Reference Processing 0.153ms
[434.702s][debug][gc,phases      ] GC(23)   VM Weak                        Min:  0.0, Avg:  0.0, Max:  0.0, Diff:  0.0, Sum:  0.0, Workers: 4
[434.703s][debug][gc,phases      ] GC(23)     Dead                           Min: 0, Avg:  0.0, Max: 0, Diff: 0, Sum: 0, Workers: 4
[434.703s][debug][gc,phases      ] GC(23)     Total                          Min: 0, Avg: 251.5, Max: 768, Diff: 768, Sum: 1006, Workers: 4
[434.703s][debug][gc,phases      ] GC(23)   ObjectSynchronizer Weak        Min:  0.0, Avg:  0.0, Max:  0.0, Diff:  0.0, Sum:  0.0, Workers: 4
[434.703s][debug][gc,phases      ] GC(23)     Dead                           Min: 0, Avg:  0.0, Max: 0, Diff: 0, Sum: 0, Workers: 4
[434.703s][debug][gc,phases      ] GC(23)     Total                          Min: 0, Avg:  0.8, Max: 3, Diff: 3, Sum: 3, Workers: 4
[434.703s][debug][gc,phases      ] GC(23)   JVMTI Tag Weak OopStorage      Min:  0.0, Avg:  0.0, Max:  0.0, Diff:  0.0, Sum:  0.0, Workers: 4
[434.703s][debug][gc,phases      ] GC(23)     Dead                           Min: 0, Avg:  0.0, Max: 0, Diff: 0, Sum: 0, Workers: 4
[434.703s][debug][gc,phases      ] GC(23)     Total                          Min: 0, Avg:  0.0, Max: 0, Diff: 0, Sum: 0, Workers: 4
[434.703s][debug][gc,phases      ] GC(23)   StringTable Weak               Min:  0.1, Avg:  0.1, Max:  0.1, Diff:  0.0, Sum:  0.5, Workers: 4
[434.703s][debug][gc,phases      ] GC(23)     Dead                           Min: 0, Avg:  0.2, Max: 1, Diff: 1, Sum: 1, Workers: 4
[434.703s][debug][gc,phases      ] GC(23)     Total                          Min: 9920, Avg: 12045.0, Max: 12853, Diff: 2933, Sum: 48180, Workers: 4
[434.703s][debug][gc,phases      ] GC(23)   ResolvedMethodTable Weak       Min:  0.0, Avg:  0.0, Max:  0.0, Diff:  0.0, Sum:  0.2, Workers: 4
[434.703s][debug][gc,phases      ] GC(23)     Dead                           Min: 0, Avg:  0.2, Max: 1, Diff: 1, Sum: 1, Workers: 4
[434.703s][debug][gc,phases      ] GC(23)     Total                          Min: 3122, Avg: 3346.5, Max: 3521, Diff: 399, Sum: 13386, Workers: 4
[434.703s][debug][gc,phases      ] GC(23)   JNI Weak                       Min:  0.0, Avg:  0.0, Max:  0.0, Diff:  0.0, Sum:  0.0, Workers: 4
[434.703s][debug][gc,phases      ] GC(23)     Dead                           Min: 0, Avg:  0.0, Max: 0, Diff: 0, Sum: 0, Workers: 4
[434.703s][debug][gc,phases      ] GC(23)     Total                          Min: 0, Avg: 12.0, Max: 48, Diff: 48, Sum: 48, Workers: 4
[434.703s][debug][gc,phases      ] GC(23)   StringDedup Table Weak         Min:  0.0, Avg:  0.0, Max:  0.0, Diff:  0.0, Sum:  0.0, Workers: 4
[434.703s][debug][gc,phases      ] GC(23)     Dead                           Min: 0, Avg:  0.0, Max: 0, Diff: 0, Sum: 0, Workers: 4
[434.703s][debug][gc,phases      ] GC(23)     Total                          Min: 0, Avg:  0.0, Max: 0, Diff: 0, Sum: 0, Workers: 4
[434.703s][debug][gc,phases      ] GC(23)   StringDedup Requests0 Weak     Min:  0.0, Avg:  0.0, Max:  0.0, Diff:  0.0, Sum:  0.0, Workers: 4
[434.703s][debug][gc,phases      ] GC(23)     Dead                           Min: 0, Avg:  0.0, Max: 0, Diff: 0, Sum: 0, Workers: 4
[434.703s][debug][gc,phases      ] GC(23)     Total                          Min: 0, Avg:  0.0, Max: 0, Diff: 0, Sum: 0, Workers: 4
[434.703s][debug][gc,phases      ] GC(23)   StringDedup Requests1 Weak     Min:  0.0, Avg:  0.0, Max:  0.0, Diff:  0.0, Sum:  0.0, Workers: 4
[434.703s][debug][gc,phases      ] GC(23)     Dead                           Min: 0, Avg:  0.0, Max: 0, Diff: 0, Sum: 0, Workers: 4
[434.703s][debug][gc,phases      ] GC(23)     Total                          Min: 0, Avg:  0.0, Max: 0, Diff: 0, Sum: 0, Workers: 4
[434.703s][debug][gc,phases      ] GC(23)   Weak JFR Old Object Samples    Min:  0.0, Avg:  0.0, Max:  0.0, Diff:  0.0, Sum:  0.0, Workers: 4
[434.703s][debug][gc,phases      ] GC(23)     Dead                           Min: 0, Avg:  0.0, Max: 0, Diff: 0, Sum: 0, Workers: 4
[434.703s][debug][gc,phases      ] GC(23)     Total                          Min: 0, Avg:  0.0, Max: 0, Diff: 0, Sum: 0, Workers: 4
[434.703s][debug][gc,phases      ] GC(23) Weak Processing 0.424ms
[434.703s][debug][gc,age         ] GC(23) Desired survivor size 298319872 bytes, new threshold 15 (max threshold 15)
[434.703s][info ][gc,heap        ] GC(23) PSYoungGen: 1765199K(1765376K)->216364K(1798656K) Eden: 1548288K(1548288K)->0K(1514496K) From: 216911K(217088K)->216364K(284160K)
[434.703s][info ][gc,heap        ] GC(23) ParOldGen: 163705K(244224K)->163713K(244224K)
[434.703s][info ][gc,metaspace   ] GC(23) Metaspace: 95050K(96384K)->95050K(96384K) NonClass: 80989K(81728K)->80989K(81728K) Class: 14060K(14656K)->14060K(14656K)
[434.703s][info ][gc             ] GC(23) Pause Young (Allocation Failure) 1883M->371M(1995M) 50.994ms
[434.703s][info ][gc,cpu         ] GC(23) User=0.18s Sys=0.00s Real=0.06s
[434.703s][info ][safepoint      ] Safepoint "ParallelGCFailedAllocation", Time since last: 473699067 ns, Reaching safepoint: 5801 ns, Cleanup: 3300 ns, At safepoint: 51061584 ns, Total: 51070685 ns
[436.703s][info ][safepoint      ] Safepoint "Cleanup", Time since last: 2000165496 ns, Reaching safepoint: 80800 ns, Cleanup: 11400 ns, At safepoint: 5800 ns, Total: 98000 ns
[440.703s][info ][safepoint      ] Safepoint "Cleanup", Time since last: 4000337988 ns, Reaching safepoint: 6900 ns, Cleanup: 7500 ns, At safepoint: 2300 ns, Total: 16700 ns
[442.704s][info ][safepoint      ] Safepoint "Cleanup", Time since last: 2000201616 ns, Reaching safepoint: 6800 ns, Cleanup: 7300 ns, At safepoint: 1800 ns, Total: 15900 ns
[445.704s][info ][safepoint      ] Safepoint "Cleanup", Time since last: 3000254075 ns, Reaching safepoint: 6300 ns, Cleanup: 6800 ns, At safepoint: 1800 ns, Total: 14900 ns
[447.704s][info ][safepoint      ] Safepoint "Cleanup", Time since last: 2000179643 ns, Reaching safepoint: 7000 ns, Cleanup: 9300 ns, At safepoint: 2400 ns, Total: 18700 ns
[450.704s][info ][safepoint      ] Safepoint "Cleanup", Time since last: 3000223472 ns, Reaching safepoint: 5400 ns, Cleanup: 9000 ns, At safepoint: 1900 ns, Total: 16300 ns
[451.704s][info ][safepoint      ] Safepoint "Cleanup", Time since last: 1000101958 ns, Reaching safepoint: 6400 ns, Cleanup: 32100 ns, At safepoint: 5100 ns, Total: 43600 ns
[453.705s][info ][safepoint      ] Safepoint "Cleanup", Time since last: 2000179515 ns, Reaching safepoint: 7100 ns, Cleanup: 25300 ns, At safepoint: 1800 ns, Total: 34200 ns
[454.705s][info ][safepoint      ] Safepoint "Cleanup", Time since last: 1000117558 ns, Reaching safepoint: 6800 ns, Cleanup: 18800 ns, At safepoint: 2100 ns, Total: 27700 ns
[455.705s][info ][safepoint      ] Safepoint "Cleanup", Time since last: 1000109863 ns, Reaching safepoint: 5400 ns, Cleanup: 6800 ns, At safepoint: 1800 ns, Total: 14000 ns
[457.705s][info ][safepoint      ] Safepoint "Cleanup", Time since last: 2000166906 ns, Reaching safepoint: 6100 ns, Cleanup: 14500 ns, At safepoint: 1700 ns, Total: 22300 ns
[460.705s][info ][safepoint      ] Safepoint "Cleanup", Time since last: 3000236210 ns, Reaching safepoint: 5400 ns, Cleanup: 8000 ns, At safepoint: 27800 ns, Total: 41200 ns
[466.706s][info ][safepoint      ] Safepoint "Cleanup", Time since last: 6000407697 ns, Reaching safepoint: 5800 ns, Cleanup: 9600 ns, At safepoint: 1900 ns, Total: 17300 ns
[467.706s][info ][safepoint      ] Safepoint "Cleanup", Time since last: 1000121577 ns, Reaching safepoint: 6600 ns, Cleanup: 7100 ns, At safepoint: 2000 ns, Total: 15700 ns
[468.706s][info ][safepoint      ] Safepoint "Cleanup", Time since last: 1000103154 ns, Reaching safepoint: 6000 ns, Cleanup: 9300 ns, At safepoint: 1900 ns, Total: 17200 ns
[469.706s][info ][safepoint      ] Safepoint "Cleanup", Time since last: 1000111443 ns, Reaching safepoint: 6500 ns, Cleanup: 8600 ns, At safepoint: 2400 ns, Total: 17500 ns
[473.707s][info ][safepoint      ] Safepoint "Cleanup", Time since last: 4000312788 ns, Reaching safepoint: 6300 ns, Cleanup: 7600 ns, At safepoint: 6400 ns, Total: 20300 ns
[476.707s][info ][safepoint      ] Safepoint "Cleanup", Time since last: 3000243906 ns, Reaching safepoint: 5300 ns, Cleanup: 8700 ns, At safepoint: 1901 ns, Total: 15901 ns
[483.192s][info ][safepoint      ] Safepoint "Cleanup", Time since last: 6485361394 ns, Reaching safepoint: 6100 ns, Cleanup: 12700 ns, At safepoint: 2100 ns, Total: 20900 ns
[493.193s][info ][safepoint      ] Safepoint "Cleanup", Time since last: 10000678448 ns, Reaching safepoint: 7300 ns, Cleanup: 10000 ns, At safepoint: 2000 ns, Total: 19300 ns
[495.193s][info ][safepoint      ] Safepoint "Cleanup", Time since last: 2000178866 ns, Reaching safepoint: 6201 ns, Cleanup: 9200 ns, At safepoint: 1800 ns, Total: 17201 ns
[499.193s][info ][safepoint      ] Safepoint "Cleanup", Time since last: 4000271394 ns, Reaching safepoint: 7300 ns, Cleanup: 10000 ns, At safepoint: 2101 ns, Total: 19401 ns
[500.193s][info ][safepoint      ] Safepoint "Cleanup", Time since last: 1000114324 ns, Reaching safepoint: 5900 ns, Cleanup: 7700 ns, At safepoint: 2000 ns, Total: 15600 ns
[502.194s][info ][safepoint      ] Safepoint "Cleanup", Time since last: 2000183647 ns, Reaching safepoint: 6300 ns, Cleanup: 9400 ns, At safepoint: 2001 ns, Total: 17701 ns
[507.001s][info ][gc,start       ] GC(24) Pause Young (Allocation Failure)
[507.048s][debug][gc,phases      ] GC(24) Scavenge 46.692ms
[507.048s][debug][gc,ref         ] GC(24) ReferenceProcessor::execute queues: 1, RefProcThreadModel::Single, marks_oops_alive: false
[507.048s][debug][gc,ref         ] GC(24) Skipped KeepAliveFinalRefsPhase of Reference Processing: no references
[507.048s][debug][gc,ref         ] GC(24) ReferenceProcessor::execute queues: 1, RefProcThreadModel::Single, marks_oops_alive: false
[507.048s][debug][gc,phases      ] GC(24) Reference Processing 0.154ms
[507.048s][debug][gc,phases      ] GC(24)   VM Weak                        Min:  0.0, Avg:  0.0, Max:  0.0, Diff:  0.0, Sum:  0.0, Workers: 4
[507.048s][debug][gc,phases      ] GC(24)     Dead                           Min: 0, Avg:  0.0, Max: 0, Diff: 0, Sum: 0, Workers: 4
[507.048s][debug][gc,phases      ] GC(24)     Total                          Min: 0, Avg: 251.5, Max: 704, Diff: 704, Sum: 1006, Workers: 4
[507.048s][debug][gc,phases      ] GC(24)   ObjectSynchronizer Weak        Min:  0.0, Avg:  0.0, Max:  0.0, Diff:  0.0, Sum:  0.0, Workers: 4
[507.048s][debug][gc,phases      ] GC(24)     Dead                           Min: 0, Avg:  0.0, Max: 0, Diff: 0, Sum: 0, Workers: 4
[507.048s][debug][gc,phases      ] GC(24)     Total                          Min: 0, Avg:  0.8, Max: 3, Diff: 3, Sum: 3, Workers: 4
[507.048s][debug][gc,phases      ] GC(24)   JVMTI Tag Weak OopStorage      Min:  0.0, Avg:  0.0, Max:  0.0, Diff:  0.0, Sum:  0.0, Workers: 4
[507.048s][debug][gc,phases      ] GC(24)     Dead                           Min: 0, Avg:  0.0, Max: 0, Diff: 0, Sum: 0, Workers: 4
[507.048s][debug][gc,phases      ] GC(24)     Total                          Min: 0, Avg:  0.0, Max: 0, Diff: 0, Sum: 0, Workers: 4
[507.048s][debug][gc,phases      ] GC(24)   StringTable Weak               Min:  0.0, Avg:  0.1, Max:  0.2, Diff:  0.2, Sum:  0.5, Workers: 4
[507.048s][debug][gc,phases      ] GC(24)     Dead                           Min: 0, Avg:  0.0, Max: 0, Diff: 0, Sum: 0, Workers: 4
[507.048s][debug][gc,phases      ] GC(24)     Total                          Min: 0, Avg: 12045.2, Max: 19062, Diff: 19062, Sum: 48181, Workers: 4
[507.048s][debug][gc,phases      ] GC(24)   ResolvedMethodTable Weak       Min:  0.0, Avg:  0.0, Max:  0.1, Diff:  0.1, Sum:  0.2, Workers: 4
[507.048s][debug][gc,phases      ] GC(24)     Dead                           Min: 0, Avg:  0.0, Max: 0, Diff: 0, Sum: 0, Workers: 4
[507.048s][debug][gc,phases      ] GC(24)     Total                          Min: 0, Avg: 3346.5, Max: 5292, Diff: 5292, Sum: 13386, Workers: 4
[507.048s][debug][gc,phases      ] GC(24)   JNI Weak                       Min:  0.0, Avg:  0.0, Max:  0.0, Diff:  0.0, Sum:  0.0, Workers: 4
[507.048s][debug][gc,phases      ] GC(24)     Dead                           Min: 0, Avg:  0.0, Max: 0, Diff: 0, Sum: 0, Workers: 4
[507.048s][debug][gc,phases      ] GC(24)     Total                          Min: 0, Avg: 12.0, Max: 48, Diff: 48, Sum: 48, Workers: 4
[507.048s][debug][gc,phases      ] GC(24)   StringDedup Table Weak         Min:  0.0, Avg:  0.0, Max:  0.0, Diff:  0.0, Sum:  0.0, Workers: 4
[507.048s][debug][gc,phases      ] GC(24)     Dead                           Min: 0, Avg:  0.0, Max: 0, Diff: 0, Sum: 0, Workers: 4
[507.048s][debug][gc,phases      ] GC(24)     Total                          Min: 0, Avg:  0.0, Max: 0, Diff: 0, Sum: 0, Workers: 4
[507.048s][debug][gc,phases      ] GC(24)   StringDedup Requests0 Weak     Min:  0.0, Avg:  0.0, Max:  0.0, Diff:  0.0, Sum:  0.0, Workers: 4
[507.048s][debug][gc,phases      ] GC(24)     Dead                           Min: 0, Avg:  0.0, Max: 0, Diff: 0, Sum: 0, Workers: 4
[507.048s][debug][gc,phases      ] GC(24)     Total                          Min: 0, Avg:  0.0, Max: 0, Diff: 0, Sum: 0, Workers: 4
[507.048s][debug][gc,phases      ] GC(24)   StringDedup Requests1 Weak     Min:  0.0, Avg:  0.0, Max:  0.0, Diff:  0.0, Sum:  0.0, Workers: 4
[507.048s][debug][gc,phases      ] GC(24)     Dead                           Min: 0, Avg:  0.0, Max: 0, Diff: 0, Sum: 0, Workers: 4
[507.048s][debug][gc,phases      ] GC(24)     Total                          Min: 0, Avg:  0.0, Max: 0, Diff: 0, Sum: 0, Workers: 4
[507.048s][debug][gc,phases      ] GC(24)   Weak JFR Old Object Samples    Min:  0.0, Avg:  0.0, Max:  0.0, Diff:  0.0, Sum:  0.0, Workers: 4
[507.048s][debug][gc,phases      ] GC(24)     Dead                           Min: 0, Avg:  0.0, Max: 0, Diff: 0, Sum: 0, Workers: 4
[507.048s][debug][gc,phases      ] GC(24)     Total                          Min: 0, Avg:  0.0, Max: 0, Diff: 0, Sum: 0, Workers: 4
[507.048s][debug][gc,phases      ] GC(24) Weak Processing 0.427ms
[507.048s][debug][gc,age         ] GC(24) Desired survivor size 303038464 bytes, new threshold 15 (max threshold 15)
[507.048s][info ][gc,heap        ] GC(24) PSYoungGen: 1730860K(1798656K)->215751K(1730560K) Eden: 1514496K(1514496K)->0K(1514496K) From: 216364K(284160K)->215751K(216064K)
[507.048s][info ][gc,heap        ] GC(24) ParOldGen: 163713K(244224K)->163721K(244224K)
[507.048s][info ][gc,metaspace   ] GC(24) Metaspace: 95097K(96448K)->95097K(96448K) NonClass: 81037K(81792K)->81037K(81792K) Class: 14060K(14656K)->14060K(14656K)
[507.048s][info ][gc             ] GC(24) Pause Young (Allocation Failure) 1850M->370M(1928M) 47.402ms
[507.049s][info ][gc,cpu         ] GC(24) User=0.17s Sys=0.00s Real=0.04s
[507.049s][info ][safepoint      ] Safepoint "ParallelGCFailedAllocation", Time since last: 4807351241 ns, Reaching safepoint: 6300 ns, Cleanup: 3500 ns, At safepoint: 47474378 ns, Total: 47484178 ns
[516.049s][info ][safepoint      ] Safepoint "Cleanup", Time since last: 9000526817 ns, Reaching safepoint: 5000 ns, Cleanup: 7800 ns, At safepoint: 2000 ns, Total: 14800 ns
[519.049s][info ][safepoint      ] Safepoint "Cleanup", Time since last: 3000247430 ns, Reaching safepoint: 77301 ns, Cleanup: 9100 ns, At safepoint: 5300 ns, Total: 91701 ns
[520.050s][info ][safepoint      ] Safepoint "Cleanup", Time since last: 1000115867 ns, Reaching safepoint: 76901 ns, Cleanup: 9800 ns, At safepoint: 5000 ns, Total: 91701 ns
[521.050s][info ][safepoint      ] Safepoint "Cleanup", Time since last: 1000105267 ns, Reaching safepoint: 78701 ns, Cleanup: 11200 ns, At safepoint: 5000 ns, Total: 94901 ns
[524.050s][info ][safepoint      ] Safepoint "Cleanup", Time since last: 3000239401 ns, Reaching safepoint: 70901 ns, Cleanup: 8400 ns, At safepoint: 8100 ns, Total: 87401 ns
[525.050s][info ][safepoint      ] Safepoint "Cleanup", Time since last: 1000108167 ns, Reaching safepoint: 76801 ns, Cleanup: 8200 ns, At safepoint: 4900 ns, Total: 89901 ns
[526.051s][info ][safepoint      ] Safepoint "Cleanup", Time since last: 1000116467 ns, Reaching safepoint: 78501 ns, Cleanup: 11100 ns, At safepoint: 5600 ns, Total: 95201 ns
[530.051s][info ][safepoint      ] Safepoint "Cleanup", Time since last: 4000335171 ns, Reaching safepoint: 78800 ns, Cleanup: 11900 ns, At safepoint: 6000 ns, Total: 96700 ns
[531.051s][info ][safepoint      ] Safepoint "Cleanup", Time since last: 1000137835 ns, Reaching safepoint: 82401 ns, Cleanup: 11500 ns, At safepoint: 7300 ns, Total: 101201 ns
[532.051s][info ][safepoint      ] Safepoint "Cleanup", Time since last: 1000126535 ns, Reaching safepoint: 81001 ns, Cleanup: 15700 ns, At safepoint: 6500 ns, Total: 103201 ns
[534.052s][info ][safepoint      ] Safepoint "Cleanup", Time since last: 2000137369 ns, Reaching safepoint: 16100 ns, Cleanup: 12900 ns, At safepoint: 6100 ns, Total: 35100 ns
[535.052s][info ][safepoint      ] Safepoint "Cleanup", Time since last: 1000120135 ns, Reaching safepoint: 77301 ns, Cleanup: 7600 ns, At safepoint: 4800 ns, Total: 89701 ns
[537.052s][info ][safepoint      ] Safepoint "Cleanup", Time since last: 2000165294 ns, Reaching safepoint: 84901 ns, Cleanup: 8800 ns, At safepoint: 8100 ns, Total: 101801 ns
[544.209s][info ][safepoint      ] Safepoint "Cleanup", Time since last: 7157034388 ns, Reaching safepoint: 5801 ns, Cleanup: 16700 ns, At safepoint: 2100 ns, Total: 24601 ns
[545.209s][info ][safepoint      ] Safepoint "Cleanup", Time since last: 1000137273 ns, Reaching safepoint: 5400 ns, Cleanup: 12100 ns, At safepoint: 2300 ns, Total: 19800 ns
[550.210s][info ][safepoint      ] Safepoint "Cleanup", Time since last: 5000318966 ns, Reaching safepoint: 5900 ns, Cleanup: 9000 ns, At safepoint: 2000 ns, Total: 16900 ns
[551.210s][info ][safepoint      ] Safepoint "Cleanup", Time since last: 1000082083 ns, Reaching safepoint: 6900 ns, Cleanup: 8600 ns, At safepoint: 2300 ns, Total: 17800 ns
[552.210s][info ][safepoint      ] Safepoint "Cleanup", Time since last: 1000124973 ns, Reaching safepoint: 6500 ns, Cleanup: 10300 ns, At safepoint: 2200 ns, Total: 19000 ns
[557.210s][info ][safepoint      ] Safepoint "Cleanup", Time since last: 5000357865 ns, Reaching safepoint: 5300 ns, Cleanup: 9500 ns, At safepoint: 1900 ns, Total: 16700 ns
[560.211s][info ][safepoint      ] Safepoint "Cleanup", Time since last: 3000232547 ns, Reaching safepoint: 6000 ns, Cleanup: 8800 ns, At safepoint: 1900 ns, Total: 16700 ns
[568.211s][info ][safepoint      ] Safepoint "Cleanup", Time since last: 8000590304 ns, Reaching safepoint: 7100 ns, Cleanup: 24100 ns, At safepoint: 2100 ns, Total: 33300 ns
[573.752s][info ][gc,start       ] GC(25) Pause Young (Allocation Failure)
[573.812s][debug][gc,phases      ] GC(25) Scavenge 60.179ms
[573.812s][debug][gc,ref         ] GC(25) ReferenceProcessor::execute queues: 1, RefProcThreadModel::Single, marks_oops_alive: false
[573.812s][debug][gc,ref         ] GC(25) Skipped KeepAliveFinalRefsPhase of Reference Processing: no references
[573.812s][debug][gc,ref         ] GC(25) ReferenceProcessor::execute queues: 1, RefProcThreadModel::Single, marks_oops_alive: false
[573.812s][debug][gc,phases      ] GC(25) Reference Processing 0.121ms
[573.813s][debug][gc,phases      ] GC(25)   VM Weak                        Min:  0.0, Avg:  0.0, Max:  0.0, Diff:  0.0, Sum:  0.0, Workers: 4
[573.813s][debug][gc,phases      ] GC(25)     Dead                           Min: 0, Avg:  0.0, Max: 0, Diff: 0, Sum: 0, Workers: 4
[573.813s][debug][gc,phases      ] GC(25)     Total                          Min: 0, Avg: 251.5, Max: 622, Diff: 622, Sum: 1006, Workers: 4
[573.813s][debug][gc,phases      ] GC(25)   ObjectSynchronizer Weak        Min:  0.0, Avg:  0.0, Max:  0.0, Diff:  0.0, Sum:  0.0, Workers: 4
[573.813s][debug][gc,phases      ] GC(25)     Dead                           Min: 0, Avg:  0.0, Max: 0, Diff: 0, Sum: 0, Workers: 4
[573.813s][debug][gc,phases      ] GC(25)     Total                          Min: 0, Avg:  1.0, Max: 4, Diff: 4, Sum: 4, Workers: 4
[573.813s][debug][gc,phases      ] GC(25)   JVMTI Tag Weak OopStorage      Min:  0.0, Avg:  0.0, Max:  0.0, Diff:  0.0, Sum:  0.0, Workers: 4
[573.813s][debug][gc,phases      ] GC(25)     Dead                           Min: 0, Avg:  0.0, Max: 0, Diff: 0, Sum: 0, Workers: 4
[573.813s][debug][gc,phases      ] GC(25)     Total                          Min: 0, Avg:  0.0, Max: 0, Diff: 0, Sum: 0, Workers: 4
[573.813s][debug][gc,phases      ] GC(25)   StringTable Weak               Min:  0.0, Avg:  0.1, Max:  0.2, Diff:  0.2, Sum:  0.5, Workers: 4
[573.813s][debug][gc,phases      ] GC(25)     Dead                           Min: 0, Avg:  0.0, Max: 0, Diff: 0, Sum: 0, Workers: 4
[573.813s][debug][gc,phases      ] GC(25)     Total                          Min: 0, Avg: 12045.8, Max: 16952, Diff: 16952, Sum: 48183, Workers: 4
[573.813s][debug][gc,phases      ] GC(25)   ResolvedMethodTable Weak       Min:  0.0, Avg:  0.0, Max:  0.1, Diff:  0.0, Sum:  0.2, Workers: 4
[573.813s][debug][gc,phases      ] GC(25)     Dead                           Min: 0, Avg:  0.0, Max: 0, Diff: 0, Sum: 0, Workers: 4
[573.813s][debug][gc,phases      ] GC(25)     Total                          Min: 1982, Avg: 3346.5, Max: 3985, Diff: 2003, Sum: 13386, Workers: 4
[573.813s][debug][gc,phases      ] GC(25)   JNI Weak                       Min:  0.0, Avg:  0.0, Max:  0.0, Diff:  0.0, Sum:  0.0, Workers: 4
[573.813s][debug][gc,phases      ] GC(25)     Dead                           Min: 0, Avg:  0.0, Max: 0, Diff: 0, Sum: 0, Workers: 4
[573.813s][debug][gc,phases      ] GC(25)     Total                          Min: 0, Avg: 12.0, Max: 48, Diff: 48, Sum: 48, Workers: 4
[573.813s][debug][gc,phases      ] GC(25)   StringDedup Table Weak         Min:  0.0, Avg:  0.0, Max:  0.0, Diff:  0.0, Sum:  0.0, Workers: 4
[573.813s][debug][gc,phases      ] GC(25)     Dead                           Min: 0, Avg:  0.0, Max: 0, Diff: 0, Sum: 0, Workers: 4
[573.813s][debug][gc,phases      ] GC(25)     Total                          Min: 0, Avg:  0.0, Max: 0, Diff: 0, Sum: 0, Workers: 4
[573.813s][debug][gc,phases      ] GC(25)   StringDedup Requests0 Weak     Min:  0.0, Avg:  0.0, Max:  0.0, Diff:  0.0, Sum:  0.0, Workers: 4
[573.813s][debug][gc,phases      ] GC(25)     Dead                           Min: 0, Avg:  0.0, Max: 0, Diff: 0, Sum: 0, Workers: 4
[573.813s][debug][gc,phases      ] GC(25)     Total                          Min: 0, Avg:  0.0, Max: 0, Diff: 0, Sum: 0, Workers: 4
[573.813s][debug][gc,phases      ] GC(25)   StringDedup Requests1 Weak     Min:  0.0, Avg:  0.0, Max:  0.0, Diff:  0.0, Sum:  0.0, Workers: 4
[573.813s][debug][gc,phases      ] GC(25)     Dead                           Min: 0, Avg:  0.0, Max: 0, Diff: 0, Sum: 0, Workers: 4
[573.813s][debug][gc,phases      ] GC(25)     Total                          Min: 0, Avg:  0.0, Max: 0, Diff: 0, Sum: 0, Workers: 4
[573.813s][debug][gc,phases      ] GC(25)   Weak JFR Old Object Samples    Min:  0.0, Avg:  0.0, Max:  0.0, Diff:  0.0, Sum:  0.0, Workers: 4
[573.813s][debug][gc,phases      ] GC(25)     Dead                           Min: 0, Avg:  0.0, Max: 0, Diff: 0, Sum: 0, Workers: 4
[573.813s][debug][gc,phases      ] GC(25)     Total                          Min: 0, Avg:  0.0, Max: 0, Diff: 0, Sum: 0, Workers: 4
[573.813s][debug][gc,phases      ] GC(25) Weak Processing 0.455ms
[573.813s][debug][gc,age         ] GC(25) Desired survivor size 297795584 bytes, new threshold 15 (max threshold 15)
[573.813s][info ][gc,heap        ] GC(25) PSYoungGen: 1730247K(1730560K)->193410K(1806336K) Eden: 1514496K(1514496K)->0K(1510400K) From: 215751K(216064K)->193410K(295936K)
[573.813s][info ][gc,heap        ] GC(25) ParOldGen: 163721K(244224K)->186335K(244224K)
[573.813s][info ][gc,metaspace   ] GC(25) Metaspace: 95126K(96448K)->95126K(96448K) NonClass: 81065K(81792K)->81065K(81792K) Class: 14060K(14656K)->14060K(14656K)
[573.813s][info ][gc             ] GC(25) Pause Young (Allocation Failure) 1849M->370M(2002M) 60.886ms
[573.813s][info ][gc,cpu         ] GC(25) User=0.19s Sys=0.00s Real=0.06s
[573.813s][info ][safepoint      ] Safepoint "ParallelGCFailedAllocation", Time since last: 5540891766 ns, Reaching safepoint: 6500 ns, Cleanup: 3300 ns, At safepoint: 60968295 ns, Total: 60978095 ns
[579.813s][info ][safepoint      ] Safepoint "Cleanup", Time since last: 6000428973 ns, Reaching safepoint: 5300 ns, Cleanup: 19601 ns, At safepoint: 2300 ns, Total: 27201 ns
[581.814s][info ][safepoint      ] Safepoint "Cleanup", Time since last: 2000166030 ns, Reaching safepoint: 5501 ns, Cleanup: 7800 ns, At safepoint: 1400 ns, Total: 14701 ns
[584.814s][info ][safepoint      ] Safepoint "Cleanup", Time since last: 3000226210 ns, Reaching safepoint: 5600 ns, Cleanup: 6700 ns, At safepoint: 1700 ns, Total: 14000 ns
[586.814s][info ][safepoint      ] Safepoint "Cleanup", Time since last: 2000168357 ns, Reaching safepoint: 5300 ns, Cleanup: 29500 ns, At safepoint: 6200 ns, Total: 41000 ns
[587.814s][info ][safepoint      ] Safepoint "Cleanup", Time since last: 1000105329 ns, Reaching safepoint: 5900 ns, Cleanup: 14000 ns, At safepoint: 28000 ns, Total: 47900 ns
[588.814s][info ][safepoint      ] Safepoint "Cleanup", Time since last: 1000101929 ns, Reaching safepoint: 5600 ns, Cleanup: 8500 ns, At safepoint: 1800 ns, Total: 15900 ns
[589.815s][info ][safepoint      ] Safepoint "Cleanup", Time since last: 1000109428 ns, Reaching safepoint: 4800 ns, Cleanup: 12500 ns, At safepoint: 1900 ns, Total: 19200 ns
[595.815s][info ][safepoint      ] Safepoint "Cleanup", Time since last: 6000387997 ns, Reaching safepoint: 5300 ns, Cleanup: 9500 ns, At safepoint: 1800 ns, Total: 16600 ns
[599.815s][info ][safepoint      ] Safepoint "Cleanup", Time since last: 4000299280 ns, Reaching safepoint: 5700 ns, Cleanup: 7700 ns, At safepoint: 1800 ns, Total: 15200 ns
[601.224s][info ][safepoint      ] Safepoint "Cleanup", Time since last: 1408814544 ns, Reaching safepoint: 5100 ns, Cleanup: 7400 ns, At safepoint: 2000 ns, Total: 14500 ns
[602.224s][info ][safepoint      ] Safepoint "Cleanup", Time since last: 1000120449 ns, Reaching safepoint: 6300 ns, Cleanup: 14300 ns, At safepoint: 2300 ns, Total: 22900 ns
[603.224s][info ][safepoint      ] Safepoint "Cleanup", Time since last: 1000133249 ns, Reaching safepoint: 5900 ns, Cleanup: 9500 ns, At safepoint: 2400 ns, Total: 17800 ns
[606.225s][info ][safepoint      ] Safepoint "Cleanup", Time since last: 3000280648 ns, Reaching safepoint: 5700 ns, Cleanup: 8400 ns, At safepoint: 2600 ns, Total: 16700 ns
[611.225s][info ][safepoint      ] Safepoint "Cleanup", Time since last: 5000368830 ns, Reaching safepoint: 5700 ns, Cleanup: 10901 ns, At safepoint: 4200 ns, Total: 20801 ns
[614.225s][info ][safepoint      ] Safepoint "Cleanup", Time since last: 3000263371 ns, Reaching safepoint: 6800 ns, Cleanup: 57201 ns, At safepoint: 2700 ns, Total: 66701 ns
[615.226s][info ][safepoint      ] Safepoint "Cleanup", Time since last: 1000137889 ns, Reaching safepoint: 6900 ns, Cleanup: 11200 ns, At safepoint: 2600 ns, Total: 20700 ns
[619.226s][info ][safepoint      ] Safepoint "Cleanup", Time since last: 4000317897 ns, Reaching safepoint: 6500 ns, Cleanup: 9600 ns, At safepoint: 2600 ns, Total: 18700 ns
[623.226s][info ][safepoint      ] Safepoint "Cleanup", Time since last: 4000348143 ns, Reaching safepoint: 6200 ns, Cleanup: 7100 ns, At safepoint: 2400 ns, Total: 15700 ns
[624.226s][info ][safepoint      ] Safepoint "Cleanup", Time since last: 1000121413 ns, Reaching safepoint: 5400 ns, Cleanup: 8001 ns, At safepoint: 2000 ns, Total: 15401 ns
[626.227s][info ][safepoint      ] Safepoint "Cleanup", Time since last: 2000191727 ns, Reaching safepoint: 5400 ns, Cleanup: 7500 ns, At safepoint: 1900 ns, Total: 14800 ns
[631.227s][info ][safepoint      ] Safepoint "Cleanup", Time since last: 5000379543 ns, Reaching safepoint: 6400 ns, Cleanup: 8300 ns, At safepoint: 2400 ns, Total: 17100 ns
[632.227s][info ][safepoint      ] Safepoint "Cleanup", Time since last: 1000112349 ns, Reaching safepoint: 6100 ns, Cleanup: 8100 ns, At safepoint: 1600 ns, Total: 15800 ns
[641.473s][info ][gc,start       ] GC(26) Pause Young (Allocation Failure)
[641.515s][debug][gc,phases      ] GC(26) Scavenge 42.238ms
[641.515s][debug][gc,ref         ] GC(26) ReferenceProcessor::execute queues: 1, RefProcThreadModel::Single, marks_oops_alive: false
[641.515s][debug][gc,ref         ] GC(26) Skipped KeepAliveFinalRefsPhase of Reference Processing: no references
[641.515s][debug][gc,ref         ] GC(26) ReferenceProcessor::execute queues: 1, RefProcThreadModel::Single, marks_oops_alive: false
[641.515s][debug][gc,phases      ] GC(26) Reference Processing 0.125ms
[641.516s][debug][gc,phases      ] GC(26)   VM Weak                        Min:  0.0, Avg:  0.0, Max:  0.0, Diff:  0.0, Sum:  0.0, Workers: 4
[641.516s][debug][gc,phases      ] GC(26)     Dead                           Min: 0, Avg:  0.0, Max: 0, Diff: 0, Sum: 0, Workers: 4
[641.516s][debug][gc,phases      ] GC(26)     Total                          Min: 0, Avg: 251.5, Max: 494, Diff: 494, Sum: 1006, Workers: 4
[641.516s][debug][gc,phases      ] GC(26)   ObjectSynchronizer Weak        Min:  0.0, Avg:  0.0, Max:  0.0, Diff:  0.0, Sum:  0.0, Workers: 4
[641.516s][debug][gc,phases      ] GC(26)     Dead                           Min: 0, Avg:  0.0, Max: 0, Diff: 0, Sum: 0, Workers: 4
[641.516s][debug][gc,phases      ] GC(26)     Total                          Min: 0, Avg:  1.0, Max: 4, Diff: 4, Sum: 4, Workers: 4
[641.516s][debug][gc,phases      ] GC(26)   JVMTI Tag Weak OopStorage      Min:  0.0, Avg:  0.0, Max:  0.0, Diff:  0.0, Sum:  0.0, Workers: 4
[641.516s][debug][gc,phases      ] GC(26)     Dead                           Min: 0, Avg:  0.0, Max: 0, Diff: 0, Sum: 0, Workers: 4
[641.516s][debug][gc,phases      ] GC(26)     Total                          Min: 0, Avg:  0.0, Max: 0, Diff: 0, Sum: 0, Workers: 4
[641.516s][debug][gc,phases      ] GC(26)   StringTable Weak               Min:  0.0, Avg:  0.1, Max:  0.1, Diff:  0.1, Sum:  0.4, Workers: 4
[641.516s][debug][gc,phases      ] GC(26)     Dead                           Min: 0, Avg:  0.0, Max: 0, Diff: 0, Sum: 0, Workers: 4
[641.516s][debug][gc,phases      ] GC(26)     Total                          Min: 0, Avg: 12047.8, Max: 18752, Diff: 18752, Sum: 48191, Workers: 4
[641.516s][debug][gc,phases      ] GC(26)   ResolvedMethodTable Weak       Min:  0.0, Avg:  0.0, Max:  0.1, Diff:  0.1, Sum:  0.2, Workers: 4
[641.516s][debug][gc,phases      ] GC(26)     Dead                           Min: 0, Avg:  0.0, Max: 0, Diff: 0, Sum: 0, Workers: 4
[641.516s][debug][gc,phases      ] GC(26)     Total                          Min: 0, Avg: 3346.5, Max: 5569, Diff: 5569, Sum: 13386, Workers: 4
[641.516s][debug][gc,phases      ] GC(26)   JNI Weak                       Min:  0.0, Avg:  0.0, Max:  0.0, Diff:  0.0, Sum:  0.0, Workers: 4
[641.516s][debug][gc,phases      ] GC(26)     Dead                           Min: 0, Avg:  0.0, Max: 0, Diff: 0, Sum: 0, Workers: 4
[641.516s][debug][gc,phases      ] GC(26)     Total                          Min: 0, Avg: 12.0, Max: 48, Diff: 48, Sum: 48, Workers: 4
[641.516s][debug][gc,phases      ] GC(26)   StringDedup Table Weak         Min:  0.0, Avg:  0.0, Max:  0.0, Diff:  0.0, Sum:  0.0, Workers: 4
[641.516s][debug][gc,phases      ] GC(26)     Dead                           Min: 0, Avg:  0.0, Max: 0, Diff: 0, Sum: 0, Workers: 4
[641.516s][debug][gc,phases      ] GC(26)     Total                          Min: 0, Avg:  0.0, Max: 0, Diff: 0, Sum: 0, Workers: 4
[641.516s][debug][gc,phases      ] GC(26)   StringDedup Requests0 Weak     Min:  0.0, Avg:  0.0, Max:  0.0, Diff:  0.0, Sum:  0.0, Workers: 4
[641.516s][debug][gc,phases      ] GC(26)     Dead                           Min: 0, Avg:  0.0, Max: 0, Diff: 0, Sum: 0, Workers: 4
[641.516s][debug][gc,phases      ] GC(26)     Total                          Min: 0, Avg:  0.0, Max: 0, Diff: 0, Sum: 0, Workers: 4
[641.516s][debug][gc,phases      ] GC(26)   StringDedup Requests1 Weak     Min:  0.0, Avg:  0.0, Max:  0.0, Diff:  0.0, Sum:  0.0, Workers: 4
[641.516s][debug][gc,phases      ] GC(26)     Dead                           Min: 0, Avg:  0.0, Max: 0, Diff: 0, Sum: 0, Workers: 4
[641.516s][debug][gc,phases      ] GC(26)     Total                          Min: 0, Avg:  0.0, Max: 0, Diff: 0, Sum: 0, Workers: 4
[641.516s][debug][gc,phases      ] GC(26)   Weak JFR Old Object Samples    Min:  0.0, Avg:  0.0, Max:  0.0, Diff:  0.0, Sum:  0.0, Workers: 4
[641.516s][debug][gc,phases      ] GC(26)     Dead                           Min: 0, Avg:  0.0, Max: 0, Diff: 0, Sum: 0, Workers: 4
[641.516s][debug][gc,phases      ] GC(26)     Total                          Min: 0, Avg:  0.0, Max: 0, Diff: 0, Sum: 0, Workers: 4
[641.516s][debug][gc,phases      ] GC(26) Weak Processing 0.435ms
[641.516s][debug][gc,age         ] GC(26) Desired survivor size 292552704 bytes, new threshold 15 (max threshold 15)
[641.516s][info ][gc,heap        ] GC(26) PSYoungGen: 1703810K(1806336K)->193426K(1801216K) Eden: 1510400K(1510400K)->0K(1510400K) From: 193410K(295936K)->193426K(290816K)
[641.516s][info ][gc,heap        ] GC(26) ParOldGen: 186335K(244224K)->186431K(244224K)
[641.516s][info ][gc,metaspace   ] GC(26) Metaspace: 95205K(96512K)->95205K(96512K) NonClass: 81144K(81856K)->81144K(81856K) Class: 14061K(14656K)->14061K(14656K)
[641.516s][info ][gc             ] GC(26) Pause Young (Allocation Failure) 1845M->370M(1997M) 42.941ms
[641.516s][info ][gc,cpu         ] GC(26) User=0.15s Sys=0.00s Real=0.04s
[641.516s][info ][safepoint      ] Safepoint "ParallelGCFailedAllocation", Time since last: 9245800503 ns, Reaching safepoint: 5400 ns, Cleanup: 3000 ns, At safepoint: 43048562 ns, Total: 43056962 ns
[644.516s][info ][safepoint      ] Safepoint "Cleanup", Time since last: 3000222781 ns, Reaching safepoint: 5700 ns, Cleanup: 8000 ns, At safepoint: 2100 ns, Total: 15800 ns
[648.517s][info ][safepoint      ] Safepoint "Cleanup", Time since last: 4000298642 ns, Reaching safepoint: 5400 ns, Cleanup: 9700 ns, At safepoint: 2400 ns, Total: 17500 ns
[652.517s][info ][safepoint      ] Safepoint "Cleanup", Time since last: 4000267734 ns, Reaching safepoint: 5200 ns, Cleanup: 7900 ns, At safepoint: 2401 ns, Total: 15501 ns
[658.517s][info ][safepoint      ] Safepoint "Cleanup", Time since last: 6000434784 ns, Reaching safepoint: 5800 ns, Cleanup: 8400 ns, At safepoint: 1900 ns, Total: 16100 ns
[661.240s][info ][safepoint      ] Safepoint "Cleanup", Time since last: 2722957905 ns, Reaching safepoint: 6000 ns, Cleanup: 10100 ns, At safepoint: 2000 ns, Total: 18100 ns
[664.240s][info ][safepoint      ] Safepoint "Cleanup", Time since last: 3000242857 ns, Reaching safepoint: 6100 ns, Cleanup: 7800 ns, At safepoint: 2200 ns, Total: 16100 ns
[666.241s][info ][safepoint      ] Safepoint "Cleanup", Time since last: 2000172735 ns, Reaching safepoint: 5900 ns, Cleanup: 9300 ns, At safepoint: 1700 ns, Total: 16900 ns
[669.241s][info ][safepoint      ] Safepoint "Cleanup", Time since last: 3000199752 ns, Reaching safepoint: 7400 ns, Cleanup: 9700 ns, At safepoint: 2000 ns, Total: 19100 ns
[671.241s][info ][safepoint      ] Safepoint "Cleanup", Time since last: 2000170139 ns, Reaching safepoint: 5100 ns, Cleanup: 7600 ns, At safepoint: 1500 ns, Total: 14200 ns
[676.241s][info ][safepoint      ] Safepoint "Cleanup", Time since last: 5000370440 ns, Reaching safepoint: 6400 ns, Cleanup: 10500 ns, At safepoint: 2200 ns, Total: 19100 ns
[679.242s][info ][safepoint      ] Safepoint "Cleanup", Time since last: 3000252698 ns, Reaching safepoint: 6500 ns, Cleanup: 9500 ns, At safepoint: 2100 ns, Total: 18100 ns
[688.242s][info ][safepoint      ] Safepoint "Cleanup", Time since last: 9000604397 ns, Reaching safepoint: 6100 ns, Cleanup: 7100 ns, At safepoint: 2100 ns, Total: 15300 ns
[689.242s][info ][safepoint      ] Safepoint "Cleanup", Time since last: 1000116576 ns, Reaching safepoint: 5200 ns, Cleanup: 8400 ns, At safepoint: 2000 ns, Total: 15600 ns
[690.243s][info ][safepoint      ] Safepoint "Cleanup", Time since last: 1000108376 ns, Reaching safepoint: 6000 ns, Cleanup: 7900 ns, At safepoint: 1700 ns, Total: 15600 ns
[694.243s][info ][safepoint      ] Safepoint "Cleanup", Time since last: 4000302503 ns, Reaching safepoint: 6300 ns, Cleanup: 9100 ns, At safepoint: 1800 ns, Total: 17200 ns
[695.243s][info ][safepoint      ] Safepoint "Cleanup", Time since last: 1000065876 ns, Reaching safepoint: 6100 ns, Cleanup: 17000 ns, At safepoint: 2000 ns, Total: 25100 ns
[698.243s][info ][safepoint      ] Safepoint "Cleanup", Time since last: 3000196621 ns, Reaching safepoint: 6400 ns, Cleanup: 8200 ns, At safepoint: 1900 ns, Total: 16500 ns
[701.243s][info ][safepoint      ] Safepoint "Cleanup", Time since last: 3000241821 ns, Reaching safepoint: 7100 ns, Cleanup: 12200 ns, At safepoint: 2200 ns, Total: 21500 ns
[703.244s][info ][safepoint      ] Safepoint "Cleanup", Time since last: 2000176542 ns, Reaching safepoint: 6100 ns, Cleanup: 12200 ns, At safepoint: 1700 ns, Total: 20000 ns
[708.244s][info ][safepoint      ] Safepoint "Cleanup", Time since last: 5000374548 ns, Reaching safepoint: 5900 ns, Cleanup: 14800 ns, At safepoint: 2100 ns, Total: 22800 ns
[711.451s][info ][gc,start       ] GC(27) Pause Young (Allocation Failure)
[711.497s][debug][gc,phases      ] GC(27) Scavenge 45.830ms
[711.497s][debug][gc,ref         ] GC(27) ReferenceProcessor::execute queues: 1, RefProcThreadModel::Single, marks_oops_alive: false
[711.497s][debug][gc,ref         ] GC(27) Skipped KeepAliveFinalRefsPhase of Reference Processing: no references
[711.497s][debug][gc,ref         ] GC(27) ReferenceProcessor::execute queues: 1, RefProcThreadModel::Single, marks_oops_alive: false
[711.497s][debug][gc,phases      ] GC(27) Reference Processing 0.124ms
[711.497s][debug][gc,phases      ] GC(27)   VM Weak                        Min:  0.0, Avg:  0.1, Max:  0.2, Diff:  0.2, Sum:  0.2, Workers: 4
[711.497s][debug][gc,phases      ] GC(27)     Dead                           Min: 0, Avg:  0.0, Max: 0, Diff: 0, Sum: 0, Workers: 4
[711.497s][debug][gc,phases      ] GC(27)     Total                          Min: 0, Avg: 251.5, Max: 686, Diff: 686, Sum: 1006, Workers: 4
[711.498s][debug][gc,phases      ] GC(27)   ObjectSynchronizer Weak        Min:  0.0, Avg:  0.0, Max:  0.0, Diff:  0.0, Sum:  0.0, Workers: 4
[711.498s][debug][gc,phases      ] GC(27)     Dead                           Min: 0, Avg:  0.0, Max: 0, Diff: 0, Sum: 0, Workers: 4
[711.498s][debug][gc,phases      ] GC(27)     Total                          Min: 0, Avg:  0.8, Max: 3, Diff: 3, Sum: 3, Workers: 4
[711.498s][debug][gc,phases      ] GC(27)   JVMTI Tag Weak OopStorage      Min:  0.0, Avg:  0.0, Max:  0.0, Diff:  0.0, Sum:  0.0, Workers: 4
[711.498s][debug][gc,phases      ] GC(27)     Dead                           Min: 0, Avg:  0.0, Max: 0, Diff: 0, Sum: 0, Workers: 4
[711.498s][debug][gc,phases      ] GC(27)     Total                          Min: 0, Avg:  0.0, Max: 0, Diff: 0, Sum: 0, Workers: 4
[711.498s][debug][gc,phases      ] GC(27)   StringTable Weak               Min:  0.0, Avg:  0.1, Max:  0.1, Diff:  0.1, Sum:  0.4, Workers: 4
[711.498s][debug][gc,phases      ] GC(27)     Dead                           Min: 0, Avg:  0.0, Max: 0, Diff: 0, Sum: 0, Workers: 4
[711.498s][debug][gc,phases      ] GC(27)     Total                          Min: 0, Avg: 12049.2, Max: 21568, Diff: 21568, Sum: 48197, Workers: 4
[711.498s][debug][gc,phases      ] GC(27)   ResolvedMethodTable Weak       Min:  0.0, Avg:  0.0, Max:  0.1, Diff:  0.0, Sum:  0.2, Workers: 4
[711.498s][debug][gc,phases      ] GC(27)     Dead                           Min: 0, Avg:  0.0, Max: 0, Diff: 0, Sum: 0, Workers: 4
[711.498s][debug][gc,phases      ] GC(27)     Total                          Min: 936, Avg: 3346.5, Max: 6206, Diff: 5270, Sum: 13386, Workers: 4
[711.498s][debug][gc,phases      ] GC(27)   JNI Weak                       Min:  0.0, Avg:  0.0, Max:  0.0, Diff:  0.0, Sum:  0.0, Workers: 4
[711.498s][debug][gc,phases      ] GC(27)     Dead                           Min: 0, Avg:  0.0, Max: 0, Diff: 0, Sum: 0, Workers: 4
[711.498s][debug][gc,phases      ] GC(27)     Total                          Min: 0, Avg: 12.0, Max: 48, Diff: 48, Sum: 48, Workers: 4
[711.498s][debug][gc,phases      ] GC(27)   StringDedup Table Weak         Min:  0.0, Avg:  0.0, Max:  0.0, Diff:  0.0, Sum:  0.0, Workers: 4
[711.498s][debug][gc,phases      ] GC(27)     Dead                           Min: 0, Avg:  0.0, Max: 0, Diff: 0, Sum: 0, Workers: 4
[711.498s][debug][gc,phases      ] GC(27)     Total                          Min: 0, Avg:  0.0, Max: 0, Diff: 0, Sum: 0, Workers: 4
[711.498s][debug][gc,phases      ] GC(27)   StringDedup Requests0 Weak     Min:  0.0, Avg:  0.0, Max:  0.0, Diff:  0.0, Sum:  0.0, Workers: 4
[711.498s][debug][gc,phases      ] GC(27)     Dead                           Min: 0, Avg:  0.0, Max: 0, Diff: 0, Sum: 0, Workers: 4
[711.498s][debug][gc,phases      ] GC(27)     Total                          Min: 0, Avg:  0.0, Max: 0, Diff: 0, Sum: 0, Workers: 4
[711.498s][debug][gc,phases      ] GC(27)   StringDedup Requests1 Weak     Min:  0.0, Avg:  0.0, Max:  0.0, Diff:  0.0, Sum:  0.0, Workers: 4
[711.498s][debug][gc,phases      ] GC(27)     Dead                           Min: 0, Avg:  0.0, Max: 0, Diff: 0, Sum: 0, Workers: 4
[711.498s][debug][gc,phases      ] GC(27)     Total                          Min: 0, Avg:  0.0, Max: 0, Diff: 0, Sum: 0, Workers: 4
[711.498s][debug][gc,phases      ] GC(27)   Weak JFR Old Object Samples    Min:  0.0, Avg:  0.0, Max:  0.0, Diff:  0.0, Sum:  0.0, Workers: 4
[711.498s][debug][gc,phases      ] GC(27)     Dead                           Min: 0, Avg:  0.0, Max: 0, Diff: 0, Sum: 0, Workers: 4
[711.498s][debug][gc,phases      ] GC(27)     Total                          Min: 0, Avg:  0.0, Max: 0, Diff: 0, Sum: 0, Workers: 4
[711.498s][debug][gc,phases      ] GC(27) Weak Processing 0.468ms
[711.498s][debug][gc,age         ] GC(27) Desired survivor size 283115520 bytes, new threshold 15 (max threshold 15)
[711.498s][info ][gc,heap        ] GC(27) PSYoungGen: 1703826K(1801216K)->182210K(1820672K) Eden: 1510400K(1510400K)->0K(1534976K) From: 193426K(290816K)->182210K(285696K)
[711.498s][info ][gc,heap        ] GC(27) ParOldGen: 186431K(244224K)->197847K(244224K)
[711.498s][info ][gc,metaspace   ] GC(27) Metaspace: 95234K(96640K)->95234K(96640K) NonClass: 81173K(81984K)->81173K(81984K) Class: 14061K(14656K)->14061K(14656K)
[711.498s][info ][gc             ] GC(27) Pause Young (Allocation Failure) 1845M->371M(2016M) 46.552ms
[711.498s][info ][gc,cpu         ] GC(27) User=0.16s Sys=0.00s Real=0.05s
[711.498s][info ][safepoint      ] Safepoint "ParallelGCFailedAllocation", Time since last: 3206969074 ns, Reaching safepoint: 77101 ns, Cleanup: 2500 ns, At safepoint: 46651867 ns, Total: 46731468 ns
[716.498s][info ][safepoint      ] Safepoint "Cleanup", Time since last: 5000324665 ns, Reaching safepoint: 6800 ns, Cleanup: 11000 ns, At safepoint: 2100 ns, Total: 19900 ns
[719.498s][info ][safepoint      ] Safepoint "Cleanup", Time since last: 3000197914 ns, Reaching safepoint: 6600 ns, Cleanup: 23000 ns, At safepoint: 2900 ns, Total: 32500 ns
[720.499s][info ][safepoint      ] Safepoint "Cleanup", Time since last: 1000121688 ns, Reaching safepoint: 6500 ns, Cleanup: 12400 ns, At safepoint: 2500 ns, Total: 21400 ns
[721.499s][info ][safepoint      ] Safepoint "Cleanup", Time since last: 1000106188 ns, Reaching safepoint: 6300 ns, Cleanup: 20900 ns, At safepoint: 2000 ns, Total: 29200 ns
[723.499s][info ][safepoint      ] Safepoint "Cleanup", Time since last: 2000168176 ns, Reaching safepoint: 6500 ns, Cleanup: 8600 ns, At safepoint: 1900 ns, Total: 17000 ns
[724.499s][info ][safepoint      ] Safepoint "Cleanup", Time since last: 1000114488 ns, Reaching safepoint: 6100 ns, Cleanup: 47400 ns, At safepoint: 6000 ns, Total: 59500 ns
[725.499s][info ][safepoint      ] Safepoint "Cleanup", Time since last: 1000105188 ns, Reaching safepoint: 6600 ns, Cleanup: 30600 ns, At safepoint: 2000 ns, Total: 39200 ns
[726.499s][info ][safepoint      ] Safepoint "Cleanup", Time since last: 1000112088 ns, Reaching safepoint: 76101 ns, Cleanup: 12100 ns, At safepoint: 5600 ns, Total: 93801 ns
[728.500s][info ][safepoint      ] Safepoint "Cleanup", Time since last: 2000164894 ns, Reaching safepoint: 76800 ns, Cleanup: 30000 ns, At safepoint: 5300 ns, Total: 112100 ns
[729.500s][info ][safepoint      ] Safepoint "Cleanup", Time since last: 1000111346 ns, Reaching safepoint: 81900 ns, Cleanup: 10100 ns, At safepoint: 6700 ns, Total: 98700 ns
[730.500s][info ][safepoint      ] Safepoint "Cleanup", Time since last: 1000120146 ns, Reaching safepoint: 77400 ns, Cleanup: 8400 ns, At safepoint: 5500 ns, Total: 91300 ns
[734.500s][info ][safepoint      ] Safepoint "Cleanup", Time since last: 4000291181 ns, Reaching safepoint: 78301 ns, Cleanup: 12600 ns, At safepoint: 5900 ns, Total: 96801 ns
[735.501s][info ][safepoint      ] Safepoint "Cleanup", Time since last: 1000116083 ns, Reaching safepoint: 78900 ns, Cleanup: 8100 ns, At safepoint: 8600 ns, Total: 95600 ns
[736.501s][info ][safepoint      ] Safepoint "Cleanup", Time since last: 1000121585 ns, Reaching safepoint: 81801 ns, Cleanup: 26300 ns, At safepoint: 7200 ns, Total: 115301 ns
[737.501s][info ][safepoint      ] Safepoint "Cleanup", Time since last: 1000087984 ns, Reaching safepoint: 79901 ns, Cleanup: 8500 ns, At safepoint: 6400 ns, Total: 94801 ns
[739.501s][info ][safepoint      ] Safepoint "Cleanup", Time since last: 2000189069 ns, Reaching safepoint: 75601 ns, Cleanup: 8900 ns, At safepoint: 5500 ns, Total: 90001 ns
[740.502s][info ][safepoint      ] Safepoint "Cleanup", Time since last: 1000076584 ns, Reaching safepoint: 76801 ns, Cleanup: 9700 ns, At safepoint: 5500 ns, Total: 92001 ns
[745.502s][info ][safepoint      ] Safepoint "Cleanup", Time since last: 5000441368 ns, Reaching safepoint: 77200 ns, Cleanup: 9000 ns, At safepoint: 5001 ns, Total: 91201 ns
[748.502s][info ][safepoint      ] Safepoint "Cleanup", Time since last: 3000253893 ns, Reaching safepoint: 76900 ns, Cleanup: 7100 ns, At safepoint: 4600 ns, Total: 88600 ns
[750.503s][info ][safepoint      ] Safepoint "Cleanup", Time since last: 2000193735 ns, Reaching safepoint: 79100 ns, Cleanup: 12500 ns, At safepoint: 6500 ns, Total: 98100 ns
[752.032s][info ][safepoint      ] Safepoint "Cleanup", Time since last: 1529707285 ns, Reaching safepoint: 2400 ns, Cleanup: 3900 ns, At safepoint: 1400 ns, Total: 7700 ns
[753.033s][info ][safepoint      ] Safepoint "Cleanup", Time since last: 1000114113 ns, Reaching safepoint: 5400 ns, Cleanup: 17600 ns, At safepoint: 2600 ns, Total: 25600 ns
[758.033s][info ][safepoint      ] Safepoint "Cleanup", Time since last: 5000327766 ns, Reaching safepoint: 6900 ns, Cleanup: 7900 ns, At safepoint: 2300 ns, Total: 17100 ns
[759.033s][info ][safepoint      ] Safepoint "Cleanup", Time since last: 1000099214 ns, Reaching safepoint: 5800 ns, Cleanup: 8300 ns, At safepoint: 1700 ns, Total: 15800 ns
[763.033s][info ][safepoint      ] Safepoint "Cleanup", Time since last: 4000296823 ns, Reaching safepoint: 5800 ns, Cleanup: 15200 ns, At safepoint: 2000 ns, Total: 23000 ns
[764.033s][info ][safepoint      ] Safepoint "Cleanup", Time since last: 1000106805 ns, Reaching safepoint: 5400 ns, Cleanup: 7500 ns, At safepoint: 1800 ns, Total: 14700 ns
[770.034s][info ][safepoint      ] Safepoint "Cleanup", Time since last: 6000421850 ns, Reaching safepoint: 7300 ns, Cleanup: 8700 ns, At safepoint: 2300 ns, Total: 18300 ns
[773.034s][info ][safepoint      ] Safepoint "Cleanup", Time since last: 3000241699 ns, Reaching safepoint: 5900 ns, Cleanup: 8900 ns, At safepoint: 2400 ns, Total: 17200 ns
[774.034s][info ][safepoint      ] Safepoint "Cleanup", Time since last: 1000108934 ns, Reaching safepoint: 5800 ns, Cleanup: 9600 ns, At safepoint: 2200 ns, Total: 17600 ns
[776.034s][info ][safepoint      ] Safepoint "Cleanup", Time since last: 2000173248 ns, Reaching safepoint: 5600 ns, Cleanup: 9300 ns, At safepoint: 2000 ns, Total: 16900 ns
[780.035s][info ][safepoint      ] Safepoint "Cleanup", Time since last: 4000304141 ns, Reaching safepoint: 5800 ns, Cleanup: 7900 ns, At safepoint: 2000 ns, Total: 15700 ns
[781.271s][info ][safepoint      ] Safepoint "Cleanup", Time since last: 1236210288 ns, Reaching safepoint: 5100 ns, Cleanup: 7300 ns, At safepoint: 1900 ns, Total: 14300 ns
[782.551s][info ][gc,start       ] GC(28) Pause Young (Allocation Failure)
[782.591s][debug][gc,phases      ] GC(28) Scavenge 40.130ms
[782.591s][debug][gc,ref         ] GC(28) ReferenceProcessor::execute queues: 1, RefProcThreadModel::Single, marks_oops_alive: false
[782.591s][debug][gc,ref         ] GC(28) Skipped KeepAliveFinalRefsPhase of Reference Processing: no references
[782.591s][debug][gc,ref         ] GC(28) ReferenceProcessor::execute queues: 1, RefProcThreadModel::Single, marks_oops_alive: false
[782.591s][debug][gc,phases      ] GC(28) Reference Processing 0.128ms
[782.591s][debug][gc,phases      ] GC(28)   VM Weak                        Min:  0.0, Avg:  0.0, Max:  0.0, Diff:  0.0, Sum:  0.0, Workers: 4
[782.591s][debug][gc,phases      ] GC(28)     Dead                           Min: 0, Avg:  0.0, Max: 0, Diff: 0, Sum: 0, Workers: 4
[782.591s][debug][gc,phases      ] GC(28)     Total                          Min: 0, Avg: 251.8, Max: 495, Diff: 495, Sum: 1007, Workers: 4
[782.591s][debug][gc,phases      ] GC(28)   ObjectSynchronizer Weak        Min:  0.0, Avg:  0.0, Max:  0.0, Diff:  0.0, Sum:  0.0, Workers: 4
[782.591s][debug][gc,phases      ] GC(28)     Dead                           Min: 0, Avg:  0.0, Max: 0, Diff: 0, Sum: 0, Workers: 4
[782.591s][debug][gc,phases      ] GC(28)     Total                          Min: 0, Avg:  0.8, Max: 3, Diff: 3, Sum: 3, Workers: 4
[782.591s][debug][gc,phases      ] GC(28)   JVMTI Tag Weak OopStorage      Min:  0.0, Avg:  0.0, Max:  0.0, Diff:  0.0, Sum:  0.0, Workers: 4
[782.591s][debug][gc,phases      ] GC(28)     Dead                           Min: 0, Avg:  0.0, Max: 0, Diff: 0, Sum: 0, Workers: 4
[782.591s][debug][gc,phases      ] GC(28)     Total                          Min: 0, Avg:  0.0, Max: 0, Diff: 0, Sum: 0, Workers: 4
[782.591s][debug][gc,phases      ] GC(28)   StringTable Weak               Min:  0.0, Avg:  0.1, Max:  0.2, Diff:  0.2, Sum:  0.5, Workers: 4
[782.591s][debug][gc,phases      ] GC(28)     Dead                           Min: 0, Avg:  0.5, Max: 2, Diff: 2, Sum: 2, Workers: 4
[782.591s][debug][gc,phases      ] GC(28)     Total                          Min: 0, Avg: 12055.0, Max: 17086, Diff: 17086, Sum: 48220, Workers: 4
[782.591s][debug][gc,phases      ] GC(28)   ResolvedMethodTable Weak       Min:  0.0, Avg:  0.0, Max:  0.1, Diff:  0.1, Sum:  0.2, Workers: 4
[782.591s][debug][gc,phases      ] GC(28)     Dead                           Min: 0, Avg:  0.0, Max: 0, Diff: 0, Sum: 0, Workers: 4
[782.591s][debug][gc,phases      ] GC(28)     Total                          Min: 0, Avg: 3348.0, Max: 4678, Diff: 4678, Sum: 13392, Workers: 4
[782.591s][debug][gc,phases      ] GC(28)   JNI Weak                       Min:  0.0, Avg:  0.0, Max:  0.0, Diff:  0.0, Sum:  0.0, Workers: 4
[782.591s][debug][gc,phases      ] GC(28)     Dead                           Min: 0, Avg:  0.0, Max: 0, Diff: 0, Sum: 0, Workers: 4
[782.591s][debug][gc,phases      ] GC(28)     Total                          Min: 0, Avg: 12.0, Max: 48, Diff: 48, Sum: 48, Workers: 4
[782.591s][debug][gc,phases      ] GC(28)   StringDedup Table Weak         Min:  0.0, Avg:  0.0, Max:  0.0, Diff:  0.0, Sum:  0.0, Workers: 4
[782.591s][debug][gc,phases      ] GC(28)     Dead                           Min: 0, Avg:  0.0, Max: 0, Diff: 0, Sum: 0, Workers: 4
[782.591s][debug][gc,phases      ] GC(28)     Total                          Min: 0, Avg:  0.0, Max: 0, Diff: 0, Sum: 0, Workers: 4
[782.591s][debug][gc,phases      ] GC(28)   StringDedup Requests0 Weak     Min:  0.0, Avg:  0.0, Max:  0.0, Diff:  0.0, Sum:  0.0, Workers: 4
[782.591s][debug][gc,phases      ] GC(28)     Dead                           Min: 0, Avg:  0.0, Max: 0, Diff: 0, Sum: 0, Workers: 4
[782.591s][debug][gc,phases      ] GC(28)     Total                          Min: 0, Avg:  0.0, Max: 0, Diff: 0, Sum: 0, Workers: 4
[782.592s][debug][gc,phases      ] GC(28)   StringDedup Requests1 Weak     Min:  0.0, Avg:  0.0, Max:  0.0, Diff:  0.0, Sum:  0.0, Workers: 4
[782.592s][debug][gc,phases      ] GC(28)     Dead                           Min: 0, Avg:  0.0, Max: 0, Diff: 0, Sum: 0, Workers: 4
[782.592s][debug][gc,phases      ] GC(28)     Total                          Min: 0, Avg:  0.0, Max: 0, Diff: 0, Sum: 0, Workers: 4
[782.592s][debug][gc,phases      ] GC(28)   Weak JFR Old Object Samples    Min:  0.0, Avg:  0.0, Max:  0.0, Diff:  0.0, Sum:  0.0, Workers: 4
[782.592s][debug][gc,phases      ] GC(28)     Dead                           Min: 0, Avg:  0.0, Max: 0, Diff: 0, Sum: 0, Workers: 4
[782.592s][debug][gc,phases      ] GC(28)     Total                          Min: 0, Avg:  0.0, Max: 0, Diff: 0, Sum: 0, Workers: 4
[782.592s][debug][gc,phases      ] GC(28) Weak Processing 0.433ms
[782.592s][debug][gc,age         ] GC(28) Desired survivor size 276824064 bytes, new threshold 15 (max threshold 15)
[782.592s][info ][gc,heap        ] GC(28) PSYoungGen: 1717186K(1820672K)->156386K(1811456K) Eden: 1534976K(1534976K)->0K(1534976K) From: 182210K(285696K)->156386K(276480K)
[782.592s][info ][gc,heap        ] GC(28) ParOldGen: 197847K(244224K)->223915K(244224K)
[782.592s][info ][gc,metaspace   ] GC(28) Metaspace: 95416K(96768K)->95416K(96768K) NonClass: 81340K(82112K)->81340K(82112K) Class: 14076K(14656K)->14076K(14656K)
[782.592s][info ][gc             ] GC(28) Pause Young (Allocation Failure) 1870M->371M(2007M) 40.804ms
[782.592s][info ][gc,cpu         ] GC(28) User=0.15s Sys=0.00s Real=0.04s
[782.592s][debug][gc,phases      ] GC(29) Pre Compact 0.008ms
[782.592s][info ][gc,start       ] GC(29) Pause Full (Ergonomics)
[782.592s][info ][gc,phases,start] GC(29) Marking Phase
[782.687s][debug][gc,phases      ] GC(29) Par Mark 95.435ms
[782.688s][debug][gc,ref         ] GC(29) ReferenceProcessor::execute queues: 4, RefProcThreadModel::Multi, marks_oops_alive: false
[782.688s][debug][gc,ref         ] GC(29) Skipped KeepAliveFinalRefsPhase of Reference Processing: no references
[782.688s][debug][gc,ref         ] GC(29) ReferenceProcessor::execute queues: 1, RefProcThreadModel::Single, marks_oops_alive: false
[782.688s][debug][gc,phases      ] GC(29) Reference Processing 0.782ms
[782.688s][debug][gc,phases      ] GC(29)   VM Weak                        Min:  0.0, Avg:  0.0, Max:  0.0, Diff:  0.0, Sum:  0.0, Workers: 4
[782.688s][debug][gc,phases      ] GC(29)     Dead                           Min: 0, Avg:  0.0, Max: 0, Diff: 0, Sum: 0, Workers: 4
[782.688s][debug][gc,phases      ] GC(29)     Total                          Min: 0, Avg: 251.8, Max: 495, Diff: 495, Sum: 1007, Workers: 4
[782.688s][debug][gc,phases      ] GC(29)   ObjectSynchronizer Weak        Min:  0.0, Avg:  0.0, Max:  0.0, Diff:  0.0, Sum:  0.0, Workers: 4
[782.688s][debug][gc,phases      ] GC(29)     Dead                           Min: 0, Avg:  0.0, Max: 0, Diff: 0, Sum: 0, Workers: 4
[782.688s][debug][gc,phases      ] GC(29)     Total                          Min: 0, Avg:  0.8, Max: 3, Diff: 3, Sum: 3, Workers: 4
[782.688s][debug][gc,phases      ] GC(29)   JVMTI Tag Weak OopStorage      Min:  0.0, Avg:  0.0, Max:  0.0, Diff:  0.0, Sum:  0.0, Workers: 4
[782.688s][debug][gc,phases      ] GC(29)     Dead                           Min: 0, Avg:  0.0, Max: 0, Diff: 0, Sum: 0, Workers: 4
[782.688s][debug][gc,phases      ] GC(29)     Total                          Min: 0, Avg:  0.0, Max: 0, Diff: 0, Sum: 0, Workers: 4
[782.688s][debug][gc,phases      ] GC(29)   StringTable Weak               Min:  0.2, Avg:  0.2, Max:  0.2, Diff:  0.0, Sum:  0.7, Workers: 4
[782.688s][debug][gc,phases      ] GC(29)     Dead                           Min: 0, Avg:  0.0, Max: 0, Diff: 0, Sum: 0, Workers: 4
[782.688s][debug][gc,phases      ] GC(29)     Total                          Min: 11968, Avg: 12055.0, Max: 12159, Diff: 191, Sum: 48220, Workers: 4
[782.688s][debug][gc,phases      ] GC(29)   ResolvedMethodTable Weak       Min:  0.0, Avg:  0.0, Max:  0.0, Diff:  0.0, Sum:  0.2, Workers: 4
[782.688s][debug][gc,phases      ] GC(29)     Dead                           Min: 0, Avg:  0.0, Max: 0, Diff: 0, Sum: 0, Workers: 4
[782.688s][debug][gc,phases      ] GC(29)     Total                          Min: 3201, Avg: 3348.0, Max: 3480, Diff: 279, Sum: 13392, Workers: 4
[782.688s][debug][gc,phases      ] GC(29)   JNI Weak                       Min:  0.0, Avg:  0.0, Max:  0.0, Diff:  0.0, Sum:  0.0, Workers: 4
[782.688s][debug][gc,phases      ] GC(29)     Dead                           Min: 0, Avg:  0.0, Max: 0, Diff: 0, Sum: 0, Workers: 4
[782.688s][debug][gc,phases      ] GC(29)     Total                          Min: 0, Avg: 12.0, Max: 48, Diff: 48, Sum: 48, Workers: 4
[782.688s][debug][gc,phases      ] GC(29)   StringDedup Table Weak         Min:  0.0, Avg:  0.0, Max:  0.0, Diff:  0.0, Sum:  0.0, Workers: 4
[782.688s][debug][gc,phases      ] GC(29)     Dead                           Min: 0, Avg:  0.0, Max: 0, Diff: 0, Sum: 0, Workers: 4
[782.688s][debug][gc,phases      ] GC(29)     Total                          Min: 0, Avg:  0.0, Max: 0, Diff: 0, Sum: 0, Workers: 4
[782.688s][debug][gc,phases      ] GC(29)   StringDedup Requests0 Weak     Min:  0.0, Avg:  0.0, Max:  0.0, Diff:  0.0, Sum:  0.0, Workers: 4
[782.688s][debug][gc,phases      ] GC(29)     Dead                           Min: 0, Avg:  0.0, Max: 0, Diff: 0, Sum: 0, Workers: 4
[782.688s][debug][gc,phases      ] GC(29)     Total                          Min: 0, Avg:  0.0, Max: 0, Diff: 0, Sum: 0, Workers: 4
[782.688s][debug][gc,phases      ] GC(29)   StringDedup Requests1 Weak     Min:  0.0, Avg:  0.0, Max:  0.0, Diff:  0.0, Sum:  0.0, Workers: 4
[782.688s][debug][gc,phases      ] GC(29)     Dead                           Min: 0, Avg:  0.0, Max: 0, Diff: 0, Sum: 0, Workers: 4
[782.688s][debug][gc,phases      ] GC(29)     Total                          Min: 0, Avg:  0.0, Max: 0, Diff: 0, Sum: 0, Workers: 4
[782.688s][debug][gc,phases      ] GC(29)   Weak JFR Old Object Samples    Min:  0.0, Avg:  0.0, Max:  0.0, Diff:  0.0, Sum:  0.0, Workers: 4
[782.688s][debug][gc,phases      ] GC(29)     Dead                           Min: 0, Avg:  0.0, Max: 0, Diff: 0, Sum: 0, Workers: 4
[782.688s][debug][gc,phases      ] GC(29)     Total                          Min: 0, Avg:  0.0, Max: 0, Diff: 0, Sum: 0, Workers: 4
[782.688s][debug][gc,phases      ] GC(29) Weak Processing 0.476ms
[782.689s][debug][gc,phases      ] GC(29) ClassLoaderData 0.131ms
[782.689s][debug][gc,phases      ] GC(29) Trigger cleanups 0.000ms
[782.729s][debug][gc,phases      ] GC(29) Class Unloading 41.041ms
[782.729s][debug][gc,phases      ] GC(29) Report Object Count 0.002ms
[782.729s][info ][gc,phases      ] GC(29) Marking Phase 137.842ms
[782.729s][info ][gc,phases,start] GC(29) Summary Phase
[782.729s][info ][gc,phases      ] GC(29) Summary Phase 0.015ms
[782.730s][info ][gc,phases,start] GC(29) Adjust Roots
[782.752s][info ][gc,phases      ] GC(29) Adjust Roots 22.038ms
[782.752s][info ][gc,phases,start] GC(29) Compaction Phase
[782.907s][info ][gc,phases      ] GC(29) Compaction Phase 155.185ms
[782.907s][info ][gc,phases,start] GC(29) Post Compact
[782.909s][info ][gc,phases      ] GC(29) Post Compact 2.326ms
[782.909s][info ][gc,heap        ] GC(29) PSYoungGen: 156386K(1811456K)->55535K(1811456K) Eden: 0K(1534976K)->0K(1534976K) From: 156386K(276480K)->55535K(276480K)
[782.909s][info ][gc,heap        ] GC(29) ParOldGen: 223915K(244224K)->243806K(301568K)
[782.909s][info ][gc,metaspace   ] GC(29) Metaspace: 95416K(96768K)->95416K(96768K) NonClass: 81340K(82112K)->81340K(82112K) Class: 14076K(14656K)->14076K(14656K)
[782.909s][info ][gc             ] GC(29) Pause Full (Ergonomics) 371M->292M(2063M) 317.690ms
[782.909s][info ][gc,cpu         ] GC(29) User=0.97s Sys=0.01s Real=0.32s
[782.909s][info ][safepoint      ] Safepoint "ParallelGCFailedAllocation", Time since last: 1279658422 ns, Reaching safepoint: 80101 ns, Cleanup: 3300 ns, At safepoint: 358613140 ns, Total: 358696541 ns
[786.910s][info ][safepoint      ] Safepoint "Cleanup", Time since last: 4000283776 ns, Reaching safepoint: 5700 ns, Cleanup: 17400 ns, At safepoint: 1800 ns, Total: 24900 ns
[787.910s][info ][safepoint      ] Safepoint "Cleanup", Time since last: 1000118027 ns, Reaching safepoint: 6600 ns, Cleanup: 15301 ns, At safepoint: 3500 ns, Total: 25401 ns
[790.910s][info ][safepoint      ] Safepoint "Cleanup", Time since last: 3000218222 ns, Reaching safepoint: 5600 ns, Cleanup: 7801 ns, At safepoint: 1700 ns, Total: 15101 ns
[791.910s][info ][safepoint      ] Safepoint "Cleanup", Time since last: 1000108791 ns, Reaching safepoint: 5700 ns, Cleanup: 7600 ns, At safepoint: 1700 ns, Total: 15000 ns
[795.910s][info ][safepoint      ] Safepoint "Cleanup", Time since last: 4000294021 ns, Reaching safepoint: 6501 ns, Cleanup: 12000 ns, At safepoint: 6000 ns, Total: 24501 ns
[796.911s][info ][safepoint      ] Safepoint "Cleanup", Time since last: 1000121230 ns, Reaching safepoint: 6200 ns, Cleanup: 10600 ns, At safepoint: 2100 ns, Total: 18900 ns
[797.911s][info ][safepoint      ] Safepoint "Cleanup", Time since last: 1000124631 ns, Reaching safepoint: 6400 ns, Cleanup: 9900 ns, At safepoint: 2200 ns, Total: 18500 ns
[800.911s][info ][safepoint      ] Safepoint "Cleanup", Time since last: 3000255643 ns, Reaching safepoint: 5900 ns, Cleanup: 10800 ns, At safepoint: 1900 ns, Total: 18600 ns
[802.911s][info ][safepoint      ] Safepoint "Cleanup", Time since last: 2000133178 ns, Reaching safepoint: 6400 ns, Cleanup: 10400 ns, At safepoint: 2800 ns, Total: 19600 ns
[808.912s][info ][safepoint      ] Safepoint "Cleanup", Time since last: 6000411967 ns, Reaching safepoint: 5700 ns, Cleanup: 9400 ns, At safepoint: 1900 ns, Total: 17000 ns
[810.912s][info ][safepoint      ] Safepoint "Cleanup", Time since last: 2000179793 ns, Reaching safepoint: 5500 ns, Cleanup: 7801 ns, At safepoint: 4800 ns, Total: 18101 ns
[813.912s][info ][safepoint      ] Safepoint "Cleanup", Time since last: 3000238390 ns, Reaching safepoint: 6100 ns, Cleanup: 8200 ns, At safepoint: 2400 ns, Total: 16700 ns
[814.912s][info ][safepoint      ] Safepoint "Cleanup", Time since last: 1000105297 ns, Reaching safepoint: 5700 ns, Cleanup: 7700 ns, At safepoint: 4700 ns, Total: 18100 ns
[817.912s][info ][safepoint      ] Safepoint "Cleanup", Time since last: 3000230705 ns, Reaching safepoint: 4900 ns, Cleanup: 8000 ns, At safepoint: 1600 ns, Total: 14500 ns
[818.913s][info ][safepoint      ] Safepoint "Cleanup", Time since last: 1000114103 ns, Reaching safepoint: 7300 ns, Cleanup: 10700 ns, At safepoint: 7500 ns, Total: 25500 ns
[821.913s][info ][safepoint      ] Safepoint "Cleanup", Time since last: 3000265707 ns, Reaching safepoint: 5600 ns, Cleanup: 10600 ns, At safepoint: 1900 ns, Total: 18100 ns
[823.913s][info ][safepoint      ] Safepoint "Cleanup", Time since last: 2000169051 ns, Reaching safepoint: 5700 ns, Cleanup: 7700 ns, At safepoint: 22001 ns, Total: 35401 ns
[828.913s][info ][safepoint      ] Safepoint "Cleanup", Time since last: 5000372027 ns, Reaching safepoint: 5900 ns, Cleanup: 9800 ns, At safepoint: 2000 ns, Total: 17700 ns
[829.914s][info ][safepoint      ] Safepoint "Cleanup", Time since last: 1000111996 ns, Reaching safepoint: 5400 ns, Cleanup: 9100 ns, At safepoint: 1900 ns, Total: 16400 ns
[832.914s][info ][safepoint      ] Safepoint "Cleanup", Time since last: 3000245198 ns, Reaching safepoint: 5900 ns, Cleanup: 13100 ns, At safepoint: 1900 ns, Total: 20900 ns
[834.914s][info ][safepoint      ] Safepoint "Cleanup", Time since last: 2000178993 ns, Reaching safepoint: 5800 ns, Cleanup: 30100 ns, At safepoint: 2400 ns, Total: 38300 ns
[835.914s][info ][safepoint      ] Safepoint "Cleanup", Time since last: 1000124596 ns, Reaching safepoint: 6700 ns, Cleanup: 47900 ns, At safepoint: 2400 ns, Total: 57000 ns
[839.915s][info ][safepoint      ] Safepoint "Cleanup", Time since last: 4000245221 ns, Reaching safepoint: 6600 ns, Cleanup: 7700 ns, At safepoint: 2100 ns, Total: 16400 ns
[842.291s][info ][safepoint      ] Safepoint "Cleanup", Time since last: 2376217172 ns, Reaching safepoint: 5500 ns, Cleanup: 9600 ns, At safepoint: 2500 ns, Total: 17600 ns
[843.291s][info ][safepoint      ] Safepoint "Cleanup", Time since last: 1000124723 ns, Reaching safepoint: 6200 ns, Cleanup: 8400 ns, At safepoint: 2200 ns, Total: 16800 ns
[847.291s][info ][safepoint      ] Safepoint "Cleanup", Time since last: 4000240544 ns, Reaching safepoint: 6500 ns, Cleanup: 9000 ns, At safepoint: 2200 ns, Total: 17700 ns
[848.291s][info ][safepoint      ] Safepoint "Cleanup", Time since last: 1000114504 ns, Reaching safepoint: 6200 ns, Cleanup: 8400 ns, At safepoint: 1700 ns, Total: 16300 ns
[849.291s][info ][safepoint      ] Safepoint "Cleanup", Time since last: 1000113301 ns, Reaching safepoint: 7300 ns, Cleanup: 24500 ns, At safepoint: 2000 ns, Total: 33800 ns
[850.551s][info ][gc,start       ] GC(30) Pause Young (Allocation Failure)
[850.599s][debug][gc,phases      ] GC(30) Scavenge 48.120ms
[850.599s][debug][gc,ref         ] GC(30) ReferenceProcessor::execute queues: 1, RefProcThreadModel::Single, marks_oops_alive: false
[850.599s][debug][gc,ref         ] GC(30) Skipped KeepAliveFinalRefsPhase of Reference Processing: no references
[850.599s][debug][gc,ref         ] GC(30) ReferenceProcessor::execute queues: 1, RefProcThreadModel::Single, marks_oops_alive: false
[850.599s][debug][gc,phases      ] GC(30) Reference Processing 0.108ms
[850.599s][debug][gc,phases      ] GC(30)   VM Weak                        Min:  0.0, Avg:  0.0, Max:  0.0, Diff:  0.0, Sum:  0.0, Workers: 4
[850.599s][debug][gc,phases      ] GC(30)     Dead                           Min: 0, Avg:  0.0, Max: 0, Diff: 0, Sum: 0, Workers: 4
[850.599s][debug][gc,phases      ] GC(30)     Total                          Min: 0, Avg: 251.8, Max: 1007, Diff: 1007, Sum: 1007, Workers: 4
[850.599s][debug][gc,phases      ] GC(30)   ObjectSynchronizer Weak        Min:  0.0, Avg:  0.0, Max:  0.0, Diff:  0.0, Sum:  0.0, Workers: 4
[850.599s][debug][gc,phases      ] GC(30)     Dead                           Min: 0, Avg:  0.0, Max: 0, Diff: 0, Sum: 0, Workers: 4
[850.599s][debug][gc,phases      ] GC(30)     Total                          Min: 0, Avg:  1.0, Max: 4, Diff: 4, Sum: 4, Workers: 4
[850.599s][debug][gc,phases      ] GC(30)   JVMTI Tag Weak OopStorage      Min:  0.0, Avg:  0.0, Max:  0.0, Diff:  0.0, Sum:  0.0, Workers: 4
[850.599s][debug][gc,phases      ] GC(30)     Dead                           Min: 0, Avg:  0.0, Max: 0, Diff: 0, Sum: 0, Workers: 4
[850.599s][debug][gc,phases      ] GC(30)     Total                          Min: 0, Avg:  0.0, Max: 0, Diff: 0, Sum: 0, Workers: 4
[850.599s][debug][gc,phases      ] GC(30)   StringTable Weak               Min:  0.1, Avg:  0.1, Max:  0.1, Diff:  0.0, Sum:  0.5, Workers: 4
[850.599s][debug][gc,phases      ] GC(30)     Dead                           Min: 0, Avg:  0.2, Max: 1, Diff: 1, Sum: 1, Workers: 4
[850.599s][debug][gc,phases      ] GC(30)     Total                          Min: 11520, Avg: 12060.0, Max: 12479, Diff: 959, Sum: 48240, Workers: 4
[850.600s][debug][gc,phases      ] GC(30)   ResolvedMethodTable Weak       Min:  0.0, Avg:  0.0, Max:  0.0, Diff:  0.0, Sum:  0.1, Workers: 4
[850.600s][debug][gc,phases      ] GC(30)     Dead                           Min: 0, Avg:  0.8, Max: 3, Diff: 3, Sum: 3, Workers: 4
[850.600s][debug][gc,phases      ] GC(30)     Total                          Min: 2378, Avg: 3349.5, Max: 3791, Diff: 1413, Sum: 13398, Workers: 4
[850.600s][debug][gc,phases      ] GC(30)   JNI Weak                       Min:  0.0, Avg:  0.0, Max:  0.0, Diff:  0.0, Sum:  0.0, Workers: 4
[850.600s][debug][gc,phases      ] GC(30)     Dead                           Min: 0, Avg:  0.0, Max: 0, Diff: 0, Sum: 0, Workers: 4
[850.600s][debug][gc,phases      ] GC(30)     Total                          Min: 0, Avg: 12.0, Max: 48, Diff: 48, Sum: 48, Workers: 4
[850.600s][debug][gc,phases      ] GC(30)   StringDedup Table Weak         Min:  0.0, Avg:  0.0, Max:  0.0, Diff:  0.0, Sum:  0.0, Workers: 4
[850.600s][debug][gc,phases      ] GC(30)     Dead                           Min: 0, Avg:  0.0, Max: 0, Diff: 0, Sum: 0, Workers: 4
[850.600s][debug][gc,phases      ] GC(30)     Total                          Min: 0, Avg:  0.0, Max: 0, Diff: 0, Sum: 0, Workers: 4
[850.600s][debug][gc,phases      ] GC(30)   StringDedup Requests0 Weak     Min:  0.0, Avg:  0.0, Max:  0.0, Diff:  0.0, Sum:  0.0, Workers: 4
[850.600s][debug][gc,phases      ] GC(30)     Dead                           Min: 0, Avg:  0.0, Max: 0, Diff: 0, Sum: 0, Workers: 4
[850.600s][debug][gc,phases      ] GC(30)     Total                          Min: 0, Avg:  0.0, Max: 0, Diff: 0, Sum: 0, Workers: 4
[850.600s][debug][gc,phases      ] GC(30)   StringDedup Requests1 Weak     Min:  0.0, Avg:  0.0, Max:  0.0, Diff:  0.0, Sum:  0.0, Workers: 4
[850.600s][debug][gc,phases      ] GC(30)     Dead                           Min: 0, Avg:  0.0, Max: 0, Diff: 0, Sum: 0, Workers: 4
[850.600s][debug][gc,phases      ] GC(30)     Total                          Min: 0, Avg:  0.0, Max: 0, Diff: 0, Sum: 0, Workers: 4
[850.600s][debug][gc,phases      ] GC(30)   Weak JFR Old Object Samples    Min:  0.0, Avg:  0.0, Max:  0.0, Diff:  0.0, Sum:  0.0, Workers: 4
[850.600s][debug][gc,phases      ] GC(30)     Dead                           Min: 0, Avg:  0.0, Max: 0, Diff: 0, Sum: 0, Workers: 4
[850.600s][debug][gc,phases      ] GC(30)     Total                          Min: 0, Avg:  0.0, Max: 0, Diff: 0, Sum: 0, Workers: 4
[850.600s][debug][gc,phases      ] GC(30) Weak Processing 0.375ms
[850.600s][debug][gc,age         ] GC(30) Desired survivor size 290979840 bytes, new threshold 15 (max threshold 15)
[850.600s][info ][gc,heap        ] GC(30) PSYoungGen: 1590511K(1811456K)->41536K(1799168K) Eden: 1534976K(1534976K)->0K(1528832K) From: 55535K(276480K)->41536K(270336K)
[850.600s][info ][gc,heap        ] GC(30) ParOldGen: 243806K(301568K)->265002K(301568K)
[850.600s][info ][gc,metaspace   ] GC(30) Metaspace: 95461K(96768K)->95461K(96768K) NonClass: 81380K(82112K)->81380K(82112K) Class: 14080K(14656K)->14080K(14656K)
[850.600s][info ][gc             ] GC(30) Pause Young (Allocation Failure) 1791M->299M(2051M) 48.726ms
[850.600s][info ][gc,cpu         ] GC(30) User=0.16s Sys=0.01s Real=0.05s
[850.600s][debug][gc,phases      ] GC(31) Pre Compact 0.009ms
[850.600s][info ][gc,start       ] GC(31) Pause Full (Ergonomics)
[850.600s][info ][gc,phases,start] GC(31) Marking Phase
[850.697s][debug][gc,phases      ] GC(31) Par Mark 97.194ms
[850.697s][debug][gc,ref         ] GC(31) ReferenceProcessor::execute queues: 4, RefProcThreadModel::Multi, marks_oops_alive: false
[850.698s][debug][gc,ref         ] GC(31) Skipped KeepAliveFinalRefsPhase of Reference Processing: no references
[850.698s][debug][gc,ref         ] GC(31) ReferenceProcessor::execute queues: 1, RefProcThreadModel::Single, marks_oops_alive: false
[850.698s][debug][gc,phases      ] GC(31) Reference Processing 0.763ms
[850.698s][debug][gc,phases      ] GC(31)   VM Weak                        Min:  0.0, Avg:  0.0, Max:  0.0, Diff:  0.0, Sum:  0.0, Workers: 4
[850.698s][debug][gc,phases      ] GC(31)     Dead                           Min: 0, Avg:  0.0, Max: 0, Diff: 0, Sum: 0, Workers: 4
[850.698s][debug][gc,phases      ] GC(31)     Total                          Min: 0, Avg: 251.8, Max: 448, Diff: 448, Sum: 1007, Workers: 4
[850.698s][debug][gc,phases      ] GC(31)   ObjectSynchronizer Weak        Min:  0.0, Avg:  0.0, Max:  0.0, Diff:  0.0, Sum:  0.0, Workers: 4
[850.698s][debug][gc,phases      ] GC(31)     Dead                           Min: 0, Avg:  0.0, Max: 0, Diff: 0, Sum: 0, Workers: 4
[850.698s][debug][gc,phases      ] GC(31)     Total                          Min: 0, Avg:  1.0, Max: 4, Diff: 4, Sum: 4, Workers: 4
[850.698s][debug][gc,phases      ] GC(31)   JVMTI Tag Weak OopStorage      Min:  0.0, Avg:  0.0, Max:  0.0, Diff:  0.0, Sum:  0.0, Workers: 4
[850.698s][debug][gc,phases      ] GC(31)     Dead                           Min: 0, Avg:  0.0, Max: 0, Diff: 0, Sum: 0, Workers: 4
[850.698s][debug][gc,phases      ] GC(31)     Total                          Min: 0, Avg:  0.0, Max: 0, Diff: 0, Sum: 0, Workers: 4
[850.698s][debug][gc,phases      ] GC(31)   StringTable Weak               Min:  0.2, Avg:  0.2, Max:  0.2, Diff:  0.0, Sum:  0.8, Workers: 4
[850.698s][debug][gc,phases      ] GC(31)     Dead                           Min: 0, Avg:  0.0, Max: 0, Diff: 0, Sum: 0, Workers: 4
[850.698s][debug][gc,phases      ] GC(31)     Total                          Min: 10431, Avg: 12060.0, Max: 13489, Diff: 3058, Sum: 48240, Workers: 4
[850.698s][debug][gc,phases      ] GC(31)   ResolvedMethodTable Weak       Min:  0.0, Avg:  0.0, Max:  0.0, Diff:  0.0, Sum:  0.2, Workers: 4
[850.698s][debug][gc,phases      ] GC(31)     Dead                           Min: 0, Avg:  0.0, Max: 0, Diff: 0, Sum: 0, Workers: 4
[850.698s][debug][gc,phases      ] GC(31)     Total                          Min: 3239, Avg: 3349.5, Max: 3523, Diff: 284, Sum: 13398, Workers: 4
[850.698s][debug][gc,phases      ] GC(31)   JNI Weak                       Min:  0.0, Avg:  0.0, Max:  0.0, Diff:  0.0, Sum:  0.0, Workers: 4
[850.698s][debug][gc,phases      ] GC(31)     Dead                           Min: 0, Avg:  0.0, Max: 0, Diff: 0, Sum: 0, Workers: 4
[850.698s][debug][gc,phases      ] GC(31)     Total                          Min: 0, Avg: 12.0, Max: 48, Diff: 48, Sum: 48, Workers: 4
[850.698s][debug][gc,phases      ] GC(31)   StringDedup Table Weak         Min:  0.0, Avg:  0.0, Max:  0.0, Diff:  0.0, Sum:  0.0, Workers: 4
[850.698s][debug][gc,phases      ] GC(31)     Dead                           Min: 0, Avg:  0.0, Max: 0, Diff: 0, Sum: 0, Workers: 4
[850.698s][debug][gc,phases      ] GC(31)     Total                          Min: 0, Avg:  0.0, Max: 0, Diff: 0, Sum: 0, Workers: 4
[850.698s][debug][gc,phases      ] GC(31)   StringDedup Requests0 Weak     Min:  0.0, Avg:  0.0, Max:  0.0, Diff:  0.0, Sum:  0.0, Workers: 4
[850.698s][debug][gc,phases      ] GC(31)     Dead                           Min: 0, Avg:  0.0, Max: 0, Diff: 0, Sum: 0, Workers: 4
[850.698s][debug][gc,phases      ] GC(31)     Total                          Min: 0, Avg:  0.0, Max: 0, Diff: 0, Sum: 0, Workers: 4
[850.698s][debug][gc,phases      ] GC(31)   StringDedup Requests1 Weak     Min:  0.0, Avg:  0.0, Max:  0.0, Diff:  0.0, Sum:  0.0, Workers: 4
[850.698s][debug][gc,phases      ] GC(31)     Dead                           Min: 0, Avg:  0.0, Max: 0, Diff: 0, Sum: 0, Workers: 4
[850.698s][debug][gc,phases      ] GC(31)     Total                          Min: 0, Avg:  0.0, Max: 0, Diff: 0, Sum: 0, Workers: 4
[850.698s][debug][gc,phases      ] GC(31)   Weak JFR Old Object Samples    Min:  0.0, Avg:  0.0, Max:  0.0, Diff:  0.0, Sum:  0.0, Workers: 4
[850.698s][debug][gc,phases      ] GC(31)     Dead                           Min: 0, Avg:  0.0, Max: 0, Diff: 0, Sum: 0, Workers: 4
[850.698s][debug][gc,phases      ] GC(31)     Total                          Min: 0, Avg:  0.0, Max: 0, Diff: 0, Sum: 0, Workers: 4
[850.698s][debug][gc,phases      ] GC(31) Weak Processing 0.452ms
[850.698s][debug][gc,phases      ] GC(31) ClassLoaderData 0.129ms
[850.698s][debug][gc,phases      ] GC(31) Trigger cleanups 0.000ms
[850.745s][debug][gc,phases      ] GC(31) Class Unloading 47.268ms
[850.745s][debug][gc,phases      ] GC(31) Report Object Count 0.001ms
[850.745s][info ][gc,phases      ] GC(31) Marking Phase 145.765ms
[850.745s][info ][gc,phases,start] GC(31) Summary Phase
[850.745s][info ][gc,phases      ] GC(31) Summary Phase 0.013ms
[850.745s][info ][gc,phases,start] GC(31) Adjust Roots
[850.756s][info ][gc,phases      ] GC(31) Adjust Roots 10.079ms
[850.756s][info ][gc,phases,start] GC(31) Compaction Phase
[850.846s][info ][gc,phases      ] GC(31) Compaction Phase 90.711ms
[850.846s][info ][gc,phases,start] GC(31) Post Compact
[850.848s][info ][gc,phases      ] GC(31) Post Compact 1.767ms
[850.848s][info ][gc,heap        ] GC(31) PSYoungGen: 41536K(1799168K)->0K(1812992K) Eden: 0K(1528832K)->0K(1528832K) From: 41536K(270336K)->0K(284160K)
[850.848s][info ][gc,heap        ] GC(31) ParOldGen: 265002K(301568K)->300300K(359424K)
[850.848s][info ][gc,metaspace   ] GC(31) Metaspace: 95461K(96768K)->95461K(96768K) NonClass: 81380K(82112K)->81380K(82112K) Class: 14080K(14656K)->14080K(14656K)
[850.848s][info ][gc             ] GC(31) Pause Full (Ergonomics) 299M->293M(2121M) 248.595ms
[850.848s][info ][gc,cpu         ] GC(31) User=0.72s Sys=0.00s Real=0.25s
[850.848s][info ][safepoint      ] Safepoint "ParallelGCFailedAllocation", Time since last: 1259356075 ns, Reaching safepoint: 88700 ns, Cleanup: 4100 ns, At safepoint: 297444677 ns, Total: 297537477 ns
[851.849s][info ][safepoint      ] Safepoint "Cleanup", Time since last: 1000089100 ns, Reaching safepoint: 6301 ns, Cleanup: 123400 ns, At safepoint: 6200 ns, Total: 135901 ns
[852.849s][info ][safepoint      ] Safepoint "Cleanup", Time since last: 1000110901 ns, Reaching safepoint: 8500 ns, Cleanup: 21700 ns, At safepoint: 2100 ns, Total: 32300 ns
[855.849s][info ][safepoint      ] Safepoint "Cleanup", Time since last: 3000214215 ns, Reaching safepoint: 5600 ns, Cleanup: 7900 ns, At safepoint: 2500 ns, Total: 16000 ns
[858.849s][info ][safepoint      ] Safepoint "Cleanup", Time since last: 3000238485 ns, Reaching safepoint: 6401 ns, Cleanup: 10300 ns, At safepoint: 5900 ns, Total: 22601 ns
[861.850s][info ][safepoint      ] Safepoint "Cleanup", Time since last: 3000265535 ns, Reaching safepoint: 79200 ns, Cleanup: 7401 ns, At safepoint: 6000 ns, Total: 92601 ns
[862.850s][info ][safepoint      ] Safepoint "Cleanup", Time since last: 1000120323 ns, Reaching safepoint: 79700 ns, Cleanup: 20301 ns, At safepoint: 6500 ns, Total: 106501 ns
[863.850s][info ][safepoint      ] Safepoint "Cleanup", Time since last: 1000117574 ns, Reaching safepoint: 77401 ns, Cleanup: 10200 ns, At safepoint: 6200 ns, Total: 93801 ns
[866.850s][info ][safepoint      ] Safepoint "Cleanup", Time since last: 3000224282 ns, Reaching safepoint: 78300 ns, Cleanup: 6400 ns, At safepoint: 6200 ns, Total: 90900 ns
[867.851s][info ][safepoint      ] Safepoint "Cleanup", Time since last: 1000129228 ns, Reaching safepoint: 79300 ns, Cleanup: 7000 ns, At safepoint: 6400 ns, Total: 92700 ns
[868.851s][info ][safepoint      ] Safepoint "Cleanup", Time since last: 1000122128 ns, Reaching safepoint: 78001 ns, Cleanup: 7900 ns, At safepoint: 5900 ns, Total: 91801 ns
[871.851s][info ][safepoint      ] Safepoint "Cleanup", Time since last: 3000268797 ns, Reaching safepoint: 79701 ns, Cleanup: 9900 ns, At safepoint: 6100 ns, Total: 95701 ns
[881.852s][info ][safepoint      ] Safepoint "Cleanup", Time since last: 10000717822 ns, Reaching safepoint: 80000 ns, Cleanup: 11100 ns, At safepoint: 21600 ns, Total: 112700 ns
[882.852s][info ][safepoint      ] Safepoint "Cleanup", Time since last: 1000134937 ns, Reaching safepoint: 80601 ns, Cleanup: 8500 ns, At safepoint: 6900 ns, Total: 96001 ns
[911.307s][info ][safepoint      ] Safepoint "Cleanup", Time since last: 28454881386 ns, Reaching safepoint: 6800 ns, Cleanup: 9400 ns, At safepoint: 2000 ns, Total: 18200 ns
[914.307s][info ][safepoint      ] Safepoint "Cleanup", Time since last: 3000251803 ns, Reaching safepoint: 5900 ns, Cleanup: 43600 ns, At safepoint: 2000 ns, Total: 51500 ns
[923.308s][info ][safepoint      ] Safepoint "Cleanup", Time since last: 9000663867 ns, Reaching safepoint: 7300 ns, Cleanup: 8900 ns, At safepoint: 4600 ns, Total: 20800 ns
[925.308s][info ][safepoint      ] Safepoint "Cleanup", Time since last: 2000177954 ns, Reaching safepoint: 6100 ns, Cleanup: 8900 ns, At safepoint: 2100 ns, Total: 17100 ns
[926.609s][info ][gc,start       ] GC(32) Pause Young (Allocation Failure)
[926.613s][debug][gc,phases      ] GC(32) Scavenge 4.089ms
[926.613s][debug][gc,ref         ] GC(32) ReferenceProcessor::execute queues: 1, RefProcThreadModel::Single, marks_oops_alive: false
[926.613s][debug][gc,ref         ] GC(32) Skipped KeepAliveFinalRefsPhase of Reference Processing: no references
[926.613s][debug][gc,ref         ] GC(32) ReferenceProcessor::execute queues: 1, RefProcThreadModel::Single, marks_oops_alive: false
[926.613s][debug][gc,phases      ] GC(32) Reference Processing 0.097ms
[926.613s][debug][gc,phases      ] GC(32)   VM Weak                        Min:  0.0, Avg:  0.0, Max:  0.0, Diff:  0.0, Sum:  0.0, Workers: 4
[926.613s][debug][gc,phases      ] GC(32)     Dead                           Min: 0, Avg:  0.0, Max: 0, Diff: 0, Sum: 0, Workers: 4
[926.613s][debug][gc,phases      ] GC(32)     Total                          Min: 0, Avg: 251.8, Max: 512, Diff: 512, Sum: 1007, Workers: 4
[926.613s][debug][gc,phases      ] GC(32)   ObjectSynchronizer Weak        Min:  0.0, Avg:  0.0, Max:  0.0, Diff:  0.0, Sum:  0.0, Workers: 4
[926.613s][debug][gc,phases      ] GC(32)     Dead                           Min: 0, Avg:  0.0, Max: 0, Diff: 0, Sum: 0, Workers: 4
[926.613s][debug][gc,phases      ] GC(32)     Total                          Min: 0, Avg:  1.0, Max: 4, Diff: 4, Sum: 4, Workers: 4
[926.613s][debug][gc,phases      ] GC(32)   JVMTI Tag Weak OopStorage      Min:  0.0, Avg:  0.0, Max:  0.0, Diff:  0.0, Sum:  0.0, Workers: 4
[926.613s][debug][gc,phases      ] GC(32)     Dead                           Min: 0, Avg:  0.0, Max: 0, Diff: 0, Sum: 0, Workers: 4
[926.613s][debug][gc,phases      ] GC(32)     Total                          Min: 0, Avg:  0.0, Max: 0, Diff: 0, Sum: 0, Workers: 4
[926.613s][debug][gc,phases      ] GC(32)   StringTable Weak               Min:  0.0, Avg:  0.1, Max:  0.1, Diff:  0.1, Sum:  0.4, Workers: 4
[926.613s][debug][gc,phases      ] GC(32)     Dead                           Min: 0, Avg:  0.2, Max: 1, Diff: 1, Sum: 1, Workers: 4
[926.613s][debug][gc,phases      ] GC(32)     Total                          Min: 0, Avg: 12064.2, Max: 19520, Diff: 19520, Sum: 48257, Workers: 4
[926.613s][debug][gc,phases      ] GC(32)   ResolvedMethodTable Weak       Min:  0.0, Avg:  0.0, Max:  0.0, Diff:  0.0, Sum:  0.1, Workers: 4
[926.613s][debug][gc,phases      ] GC(32)     Dead                           Min: 0, Avg:  0.8, Max: 2, Diff: 2, Sum: 3, Workers: 4
[926.613s][debug][gc,phases      ] GC(32)     Total                          Min: 0, Avg: 3353.2, Max: 5699, Diff: 5699, Sum: 13413, Workers: 4
[926.613s][debug][gc,phases      ] GC(32)   JNI Weak                       Min:  0.0, Avg:  0.0, Max:  0.0, Diff:  0.0, Sum:  0.0, Workers: 4
[926.613s][debug][gc,phases      ] GC(32)     Dead                           Min: 0, Avg:  0.0, Max: 0, Diff: 0, Sum: 0, Workers: 4
[926.613s][debug][gc,phases      ] GC(32)     Total                          Min: 0, Avg: 12.0, Max: 48, Diff: 48, Sum: 48, Workers: 4
[926.613s][debug][gc,phases      ] GC(32)   StringDedup Table Weak         Min:  0.0, Avg:  0.0, Max:  0.0, Diff:  0.0, Sum:  0.0, Workers: 4
[926.613s][debug][gc,phases      ] GC(32)     Dead                           Min: 0, Avg:  0.0, Max: 0, Diff: 0, Sum: 0, Workers: 4
[926.613s][debug][gc,phases      ] GC(32)     Total                          Min: 0, Avg:  0.0, Max: 0, Diff: 0, Sum: 0, Workers: 4
[926.613s][debug][gc,phases      ] GC(32)   StringDedup Requests0 Weak     Min:  0.0, Avg:  0.0, Max:  0.0, Diff:  0.0, Sum:  0.0, Workers: 4
[926.613s][debug][gc,phases      ] GC(32)     Dead                           Min: 0, Avg:  0.0, Max: 0, Diff: 0, Sum: 0, Workers: 4
[926.613s][debug][gc,phases      ] GC(32)     Total                          Min: 0, Avg:  0.0, Max: 0, Diff: 0, Sum: 0, Workers: 4
[926.613s][debug][gc,phases      ] GC(32)   StringDedup Requests1 Weak     Min:  0.0, Avg:  0.0, Max:  0.0, Diff:  0.0, Sum:  0.0, Workers: 4
[926.613s][debug][gc,phases      ] GC(32)     Dead                           Min: 0, Avg:  0.0, Max: 0, Diff: 0, Sum: 0, Workers: 4
[926.613s][debug][gc,phases      ] GC(32)     Total                          Min: 0, Avg:  0.0, Max: 0, Diff: 0, Sum: 0, Workers: 4
[926.613s][debug][gc,phases      ] GC(32)   Weak JFR Old Object Samples    Min:  0.0, Avg:  0.0, Max:  0.0, Diff:  0.0, Sum:  0.0, Workers: 4
[926.613s][debug][gc,phases      ] GC(32)     Dead                           Min: 0, Avg:  0.0, Max: 0, Diff: 0, Sum: 0, Workers: 4
[926.613s][debug][gc,phases      ] GC(32)     Total                          Min: 0, Avg:  0.0, Max: 0, Diff: 0, Sum: 0, Workers: 4
[926.613s][debug][gc,phases      ] GC(32) Weak Processing 0.393ms
[926.613s][debug][gc,age         ] GC(32) Desired survivor size 306184192 bytes, new threshold 15 (max threshold 15)
[926.613s][info ][gc,heap        ] GC(32) PSYoungGen: 1528832K(1812992K)->4496K(1783296K) Eden: 1528832K(1528832K)->0K(1499136K) From: 0K(284160K)->4496K(284160K)
[926.613s][info ][gc,heap        ] GC(32) ParOldGen: 300300K(359424K)->300308K(359424K)
[926.613s][info ][gc,metaspace   ] GC(32) Metaspace: 95492K(96832K)->95492K(96832K) NonClass: 81407K(82176K)->81407K(82176K) Class: 14085K(14656K)->14085K(14656K)
[926.613s][info ][gc             ] GC(32) Pause Young (Allocation Failure) 1786M->297M(2092M) 4.682ms
[926.613s][info ][gc,cpu         ] GC(32) User=0.01s Sys=0.01s Real=0.01s
[926.613s][info ][safepoint      ] Safepoint "ParallelGCFailedAllocation", Time since last: 1300442171 ns, Reaching safepoint: 5000 ns, Cleanup: 8400 ns, At safepoint: 4742724 ns, Total: 4756124 ns
[938.614s][info ][safepoint      ] Safepoint "Cleanup", Time since last: 12000783967 ns, Reaching safepoint: 6000 ns, Cleanup: 6500 ns, At safepoint: 2000 ns, Total: 14500 ns
[944.615s][info ][safepoint      ] Safepoint "Cleanup", Time since last: 6000451084 ns, Reaching safepoint: 6100 ns, Cleanup: 15400 ns, At safepoint: 1800 ns, Total: 23300 ns
[945.615s][info ][safepoint      ] Safepoint "Cleanup", Time since last: 1000117957 ns, Reaching safepoint: 6100 ns, Cleanup: 17501 ns, At safepoint: 1900 ns, Total: 25501 ns
[946.615s][info ][safepoint      ] Safepoint "Cleanup", Time since last: 1000081157 ns, Reaching safepoint: 5800 ns, Cleanup: 9800 ns, At safepoint: 2100 ns, Total: 17700 ns
[947.615s][info ][safepoint      ] Safepoint "Cleanup", Time since last: 1000115858 ns, Reaching safepoint: 6300 ns, Cleanup: 14500 ns, At safepoint: 2100 ns, Total: 22900 ns
[964.322s][info ][safepoint      ] Safepoint "Cleanup", Time since last: 16706596750 ns, Reaching safepoint: 6400 ns, Cleanup: 9200 ns, At safepoint: 2200 ns, Total: 17800 ns
[966.322s][info ][safepoint      ] Safepoint "Cleanup", Time since last: 2000174598 ns, Reaching safepoint: 6800 ns, Cleanup: 16300 ns, At safepoint: 2000 ns, Total: 25100 ns
[973.322s][info ][safepoint      ] Safepoint "Cleanup", Time since last: 7000528306 ns, Reaching safepoint: 6400 ns, Cleanup: 9500 ns, At safepoint: 2200 ns, Total: 18100 ns
[976.323s][info ][safepoint      ] Safepoint "Cleanup", Time since last: 3000266988 ns, Reaching safepoint: 8300 ns, Cleanup: 11200 ns, At safepoint: 5900 ns, Total: 25400 ns
[980.323s][info ][safepoint      ] Safepoint "Cleanup", Time since last: 4000301258 ns, Reaching safepoint: 5300 ns, Cleanup: 14700 ns, At safepoint: 1800 ns, Total: 21800 ns
[981.323s][info ][safepoint      ] Safepoint "Cleanup", Time since last: 1000143464 ns, Reaching safepoint: 6600 ns, Cleanup: 9400 ns, At safepoint: 2700 ns, Total: 18700 ns
[982.323s][info ][safepoint      ] Safepoint "Cleanup", Time since last: 1000130565 ns, Reaching safepoint: 6300 ns, Cleanup: 10900 ns, At safepoint: 2300 ns, Total: 19500 ns
[990.324s][info ][safepoint      ] Safepoint "Cleanup", Time since last: 8000616559 ns, Reaching safepoint: 6300 ns, Cleanup: 8300 ns, At safepoint: 1800 ns, Total: 16400 ns
[994.324s][info ][safepoint      ] Safepoint "Cleanup", Time since last: 4000315708 ns, Reaching safepoint: 6200 ns, Cleanup: 8200 ns, At safepoint: 1700 ns, Total: 16100 ns
[999.557s][info ][gc,start       ] GC(33) Pause Young (Allocation Failure)
[999.561s][debug][gc,phases      ] GC(33) Scavenge 3.619ms
[999.561s][debug][gc,ref         ] GC(33) ReferenceProcessor::execute queues: 1, RefProcThreadModel::Single, marks_oops_alive: false
[999.561s][debug][gc,ref         ] GC(33) Skipped KeepAliveFinalRefsPhase of Reference Processing: no references
[999.561s][debug][gc,ref         ] GC(33) ReferenceProcessor::execute queues: 1, RefProcThreadModel::Single, marks_oops_alive: false
[999.561s][debug][gc,phases      ] GC(33) Reference Processing 0.101ms
[999.561s][debug][gc,phases      ] GC(33)   VM Weak                        Min:  0.0, Avg:  0.0, Max:  0.0, Diff:  0.0, Sum:  0.0, Workers: 4
[999.561s][debug][gc,phases      ] GC(33)     Dead                           Min: 0, Avg:  0.0, Max: 0, Diff: 0, Sum: 0, Workers: 4
[999.561s][debug][gc,phases      ] GC(33)     Total                          Min: 0, Avg: 251.8, Max: 832, Diff: 832, Sum: 1007, Workers: 4
[999.561s][debug][gc,phases      ] GC(33)   ObjectSynchronizer Weak        Min:  0.0, Avg:  0.0, Max:  0.0, Diff:  0.0, Sum:  0.0, Workers: 4
[999.561s][debug][gc,phases      ] GC(33)     Dead                           Min: 0, Avg:  0.0, Max: 0, Diff: 0, Sum: 0, Workers: 4
[999.561s][debug][gc,phases      ] GC(33)     Total                          Min: 0, Avg:  1.0, Max: 4, Diff: 4, Sum: 4, Workers: 4
[999.561s][debug][gc,phases      ] GC(33)   JVMTI Tag Weak OopStorage      Min:  0.0, Avg:  0.0, Max:  0.0, Diff:  0.0, Sum:  0.0, Workers: 4
[999.561s][debug][gc,phases      ] GC(33)     Dead                           Min: 0, Avg:  0.0, Max: 0, Diff: 0, Sum: 0, Workers: 4
[999.561s][debug][gc,phases      ] GC(33)     Total                          Min: 0, Avg:  0.0, Max: 0, Diff: 0, Sum: 0, Workers: 4
[999.561s][debug][gc,phases      ] GC(33)   StringTable Weak               Min:  0.0, Avg:  0.1, Max:  0.1, Diff:  0.1, Sum:  0.4, Workers: 4
[999.561s][debug][gc,phases      ] GC(33)     Dead                           Min: 0, Avg:  0.0, Max: 0, Diff: 0, Sum: 0, Workers: 4
[999.561s][debug][gc,phases      ] GC(33)     Total                          Min: 0, Avg: 12065.8, Max: 21120, Diff: 21120, Sum: 48263, Workers: 4
[999.561s][debug][gc,phases      ] GC(33)   ResolvedMethodTable Weak       Min:  0.0, Avg:  0.0, Max:  0.0, Diff:  0.0, Sum:  0.1, Workers: 4
[999.561s][debug][gc,phases      ] GC(33)     Dead                           Min: 0, Avg:  0.0, Max: 0, Diff: 0, Sum: 0, Workers: 4
[999.561s][debug][gc,phases      ] GC(33)     Total                          Min: 0, Avg: 3353.2, Max: 5526, Diff: 5526, Sum: 13413, Workers: 4
[999.561s][debug][gc,phases      ] GC(33)   JNI Weak                       Min:  0.0, Avg:  0.0, Max:  0.0, Diff:  0.0, Sum:  0.0, Workers: 4
[999.561s][debug][gc,phases      ] GC(33)     Dead                           Min: 0, Avg:  0.0, Max: 0, Diff: 0, Sum: 0, Workers: 4
[999.561s][debug][gc,phases      ] GC(33)     Total                          Min: 0, Avg: 12.0, Max: 48, Diff: 48, Sum: 48, Workers: 4
[999.561s][debug][gc,phases      ] GC(33)   StringDedup Table Weak         Min:  0.0, Avg:  0.0, Max:  0.0, Diff:  0.0, Sum:  0.0, Workers: 4
[999.561s][debug][gc,phases      ] GC(33)     Dead                           Min: 0, Avg:  0.0, Max: 0, Diff: 0, Sum: 0, Workers: 4
[999.561s][debug][gc,phases      ] GC(33)     Total                          Min: 0, Avg:  0.0, Max: 0, Diff: 0, Sum: 0, Workers: 4
[999.561s][debug][gc,phases      ] GC(33)   StringDedup Requests0 Weak     Min:  0.0, Avg:  0.0, Max:  0.0, Diff:  0.0, Sum:  0.0, Workers: 4
[999.561s][debug][gc,phases      ] GC(33)     Dead                           Min: 0, Avg:  0.0, Max: 0, Diff: 0, Sum: 0, Workers: 4
[999.561s][debug][gc,phases      ] GC(33)     Total                          Min: 0, Avg:  0.0, Max: 0, Diff: 0, Sum: 0, Workers: 4
[999.561s][debug][gc,phases      ] GC(33)   StringDedup Requests1 Weak     Min:  0.0, Avg:  0.0, Max:  0.0, Diff:  0.0, Sum:  0.0, Workers: 4
[999.561s][debug][gc,phases      ] GC(33)     Dead                           Min: 0, Avg:  0.0, Max: 0, Diff: 0, Sum: 0, Workers: 4
[999.561s][debug][gc,phases      ] GC(33)     Total                          Min: 0, Avg:  0.0, Max: 0, Diff: 0, Sum: 0, Workers: 4
[999.561s][debug][gc,phases      ] GC(33)   Weak JFR Old Object Samples    Min:  0.0, Avg:  0.0, Max:  0.0, Diff:  0.0, Sum:  0.0, Workers: 4
[999.561s][debug][gc,phases      ] GC(33)     Dead                           Min: 0, Avg:  0.0, Max: 0, Diff: 0, Sum: 0, Workers: 4
[999.561s][debug][gc,phases      ] GC(33)     Total                          Min: 0, Avg:  0.0, Max: 0, Diff: 0, Sum: 0, Workers: 4
[999.561s][debug][gc,phases      ] GC(33) Weak Processing 0.402ms
[999.561s][debug][gc,age         ] GC(33) Desired survivor size 315097088 bytes, new threshold 15 (max threshold 15)
[999.561s][info ][gc,heap        ] GC(33) PSYoungGen: 1503632K(1783296K)->6480K(1505792K) Eden: 1499136K(1499136K)->0K(1499136K) From: 4496K(284160K)->6480K(6656K)
[999.561s][info ][gc,heap        ] GC(33) ParOldGen: 300308K(359424K)->300308K(359424K)
[999.561s][info ][gc,metaspace   ] GC(33) Metaspace: 95501K(96832K)->95501K(96832K) NonClass: 81416K(82176K)->81416K(82176K) Class: 14085K(14656K)->14085K(14656K)
[999.561s][info ][gc             ] GC(33) Pause Young (Allocation Failure) 1761M->299M(1821M) 4.254ms
[999.561s][info ][gc,cpu         ] GC(33) User=0.02s Sys=0.00s Real=0.01s
[999.561s][info ][safepoint      ] Safepoint "ParallelGCFailedAllocation", Time since last: 5232628658 ns, Reaching safepoint: 6200 ns, Cleanup: 3200 ns, At safepoint: 4323322 ns, Total: 4332722 ns
[1008.562s][info ][safepoint      ] Safepoint "Cleanup", Time since last: 9000589444 ns, Reaching safepoint: 6400 ns, Cleanup: 10100 ns, At safepoint: 1900 ns, Total: 18400 ns
[1021.338s][info ][safepoint      ] Safepoint "Cleanup", Time since last: 12776434334 ns, Reaching safepoint: 6400 ns, Cleanup: 11700 ns, At safepoint: 2100 ns, Total: 20200 ns
[1023.339s][info ][safepoint      ] Safepoint "Cleanup", Time since last: 2000179462 ns, Reaching safepoint: 6900 ns, Cleanup: 7400 ns, At safepoint: 1900 ns, Total: 16200 ns
[1031.339s][info ][safepoint      ] Safepoint "Cleanup", Time since last: 8000566576 ns, Reaching safepoint: 5100 ns, Cleanup: 18800 ns, At safepoint: 1700 ns, Total: 25600 ns
[1033.339s][info ][safepoint      ] Safepoint "Cleanup", Time since last: 2000187159 ns, Reaching safepoint: 7000 ns, Cleanup: 19000 ns, At safepoint: 17400 ns, Total: 43400 ns
[1038.340s][info ][safepoint      ] Safepoint "Cleanup", Time since last: 5000384022 ns, Reaching safepoint: 6300 ns, Cleanup: 8300 ns, At safepoint: 1900 ns, Total: 16500 ns
[1039.340s][info ][safepoint      ] Safepoint "Cleanup", Time since last: 1000114464 ns, Reaching safepoint: 15900 ns, Cleanup: 7900 ns, At safepoint: 2000 ns, Total: 25800 ns
[1042.340s][info ][safepoint      ] Safepoint "Cleanup", Time since last: 3000203676 ns, Reaching safepoint: 7000 ns, Cleanup: 8900 ns, At safepoint: 2000 ns, Total: 17900 ns
[1050.341s][info ][safepoint      ] Safepoint "Cleanup", Time since last: 8000562243 ns, Reaching safepoint: 6400 ns, Cleanup: 7300 ns, At safepoint: 1500 ns, Total: 15200 ns
[1067.342s][info ][safepoint      ] Safepoint "Cleanup", Time since last: 17001136687 ns, Reaching safepoint: 6000 ns, Cleanup: 11400 ns, At safepoint: 2300 ns, Total: 19700 ns
[1070.342s][info ][safepoint      ] Safepoint "Cleanup", Time since last: 3000234469 ns, Reaching safepoint: 4900 ns, Cleanup: 8200 ns, At safepoint: 1700 ns, Total: 14800 ns
[1071.342s][info ][safepoint      ] Safepoint "Cleanup", Time since last: 1000105123 ns, Reaching safepoint: 6200 ns, Cleanup: 7300 ns, At safepoint: 2700 ns, Total: 16200 ns
[1072.342s][info ][safepoint      ] Safepoint "Cleanup", Time since last: 1000087439 ns, Reaching safepoint: 7200 ns, Cleanup: 10700 ns, At safepoint: 2800 ns, Total: 20700 ns
[1074.343s][info ][safepoint      ] Safepoint "Cleanup", Time since last: 2000173586 ns, Reaching safepoint: 6600 ns, Cleanup: 10600 ns, At safepoint: 21100 ns, Total: 38300 ns
[1077.400s][info ][gc,start       ] GC(34) Pause Young (Allocation Failure)
[1077.405s][debug][gc,phases      ] GC(34) Scavenge 4.721ms
[1077.405s][debug][gc,ref         ] GC(34) ReferenceProcessor::execute queues: 1, RefProcThreadModel::Single, marks_oops_alive: false
[1077.405s][debug][gc,ref         ] GC(34) Skipped KeepAliveFinalRefsPhase of Reference Processing: no references
[1077.405s][debug][gc,ref         ] GC(34) ReferenceProcessor::execute queues: 1, RefProcThreadModel::Single, marks_oops_alive: false
[1077.405s][debug][gc,phases      ] GC(34) Reference Processing 0.102ms
[1077.406s][debug][gc,phases      ] GC(34)   VM Weak                        Min:  0.0, Avg:  0.0, Max:  0.0, Diff:  0.0, Sum:  0.0, Workers: 4
[1077.406s][debug][gc,phases      ] GC(34)     Dead                           Min: 0, Avg:  0.0, Max: 0, Diff: 0, Sum: 0, Workers: 4
[1077.406s][debug][gc,phases      ] GC(34)     Total                          Min: 0, Avg: 251.8, Max: 1007, Diff: 1007, Sum: 1007, Workers: 4
[1077.406s][debug][gc,phases      ] GC(34)   ObjectSynchronizer Weak        Min:  0.0, Avg:  0.0, Max:  0.0, Diff:  0.0, Sum:  0.0, Workers: 4
[1077.406s][debug][gc,phases      ] GC(34)     Dead                           Min: 0, Avg:  0.0, Max: 0, Diff: 0, Sum: 0, Workers: 4
[1077.406s][debug][gc,phases      ] GC(34)     Total                          Min: 0, Avg:  1.0, Max: 4, Diff: 4, Sum: 4, Workers: 4
[1077.406s][debug][gc,phases      ] GC(34)   JVMTI Tag Weak OopStorage      Min:  0.0, Avg:  0.0, Max:  0.0, Diff:  0.0, Sum:  0.0, Workers: 4
[1077.406s][debug][gc,phases      ] GC(34)     Dead                           Min: 0, Avg:  0.0, Max: 0, Diff: 0, Sum: 0, Workers: 4
[1077.406s][debug][gc,phases      ] GC(34)     Total                          Min: 0, Avg:  0.0, Max: 0, Diff: 0, Sum: 0, Workers: 4
[1077.406s][debug][gc,phases      ] GC(34)   StringTable Weak               Min:  0.0, Avg:  0.1, Max:  0.1, Diff:  0.1, Sum:  0.4, Workers: 4
[1077.406s][debug][gc,phases      ] GC(34)     Dead                           Min: 0, Avg:  0.2, Max: 1, Diff: 1, Sum: 1, Workers: 4
[1077.406s][debug][gc,phases      ] GC(34)     Total                          Min: 0, Avg: 12071.0, Max: 21213, Diff: 21213, Sum: 48284, Workers: 4
[1077.406s][debug][gc,phases      ] GC(34)   ResolvedMethodTable Weak       Min:  0.0, Avg:  0.0, Max:  0.0, Diff:  0.0, Sum:  0.1, Workers: 4
[1077.406s][debug][gc,phases      ] GC(34)     Dead                           Min: 0, Avg:  0.0, Max: 0, Diff: 0, Sum: 0, Workers: 4
[1077.406s][debug][gc,phases      ] GC(34)     Total                          Min: 0, Avg: 3354.2, Max: 4691, Diff: 4691, Sum: 13417, Workers: 4
[1077.406s][debug][gc,phases      ] GC(34)   JNI Weak                       Min:  0.0, Avg:  0.0, Max:  0.0, Diff:  0.0, Sum:  0.0, Workers: 4
[1077.406s][debug][gc,phases      ] GC(34)     Dead                           Min: 0, Avg:  0.0, Max: 0, Diff: 0, Sum: 0, Workers: 4
[1077.406s][debug][gc,phases      ] GC(34)     Total                          Min: 0, Avg: 12.0, Max: 48, Diff: 48, Sum: 48, Workers: 4
[1077.406s][debug][gc,phases      ] GC(34)   StringDedup Table Weak         Min:  0.0, Avg:  0.0, Max:  0.0, Diff:  0.0, Sum:  0.0, Workers: 4
[1077.406s][debug][gc,phases      ] GC(34)     Dead                           Min: 0, Avg:  0.0, Max: 0, Diff: 0, Sum: 0, Workers: 4
[1077.406s][debug][gc,phases      ] GC(34)     Total                          Min: 0, Avg:  0.0, Max: 0, Diff: 0, Sum: 0, Workers: 4
[1077.406s][debug][gc,phases      ] GC(34)   StringDedup Requests0 Weak     Min:  0.0, Avg:  0.0, Max:  0.0, Diff:  0.0, Sum:  0.0, Workers: 4
[1077.406s][debug][gc,phases      ] GC(34)     Dead                           Min: 0, Avg:  0.0, Max: 0, Diff: 0, Sum: 0, Workers: 4
[1077.406s][debug][gc,phases      ] GC(34)     Total                          Min: 0, Avg:  0.0, Max: 0, Diff: 0, Sum: 0, Workers: 4
[1077.406s][debug][gc,phases      ] GC(34)   StringDedup Requests1 Weak     Min:  0.0, Avg:  0.0, Max:  0.0, Diff:  0.0, Sum:  0.0, Workers: 4
[1077.406s][debug][gc,phases      ] GC(34)     Dead                           Min: 0, Avg:  0.0, Max: 0, Diff: 0, Sum: 0, Workers: 4
[1077.406s][debug][gc,phases      ] GC(34)     Total                          Min: 0, Avg:  0.0, Max: 0, Diff: 0, Sum: 0, Workers: 4
[1077.406s][debug][gc,phases      ] GC(34)   Weak JFR Old Object Samples    Min:  0.0, Avg:  0.0, Max:  0.0, Diff:  0.0, Sum:  0.0, Workers: 4
[1077.406s][debug][gc,phases      ] GC(34)     Dead                           Min: 0, Avg:  0.0, Max: 0, Diff: 0, Sum: 0, Workers: 4
[1077.406s][debug][gc,phases      ] GC(34)     Total                          Min: 0, Avg:  0.0, Max: 0, Diff: 0, Sum: 0, Workers: 4
[1077.406s][debug][gc,phases      ] GC(34) Weak Processing 0.400ms
[1077.406s][debug][gc,age         ] GC(34) Desired survivor size 319291392 bytes, new threshold 15 (max threshold 15)
[1077.406s][info ][gc,heap        ] GC(34) PSYoungGen: 1505616K(1505792K)->6176K(1781248K) Eden: 1499136K(1499136K)->0K(1473536K) From: 6480K(6656K)->6176K(307712K)
[1077.406s][info ][gc,heap        ] GC(34) ParOldGen: 300308K(359424K)->300308K(359424K)
[1077.406s][info ][gc,metaspace   ] GC(34) Metaspace: 95529K(96832K)->95529K(96832K) NonClass: 81442K(82176K)->81442K(82176K) Class: 14086K(14656K)->14086K(14656K)
[1077.406s][info ][gc             ] GC(34) Pause Young (Allocation Failure) 1763M->299M(2090M) 5.336ms
[1077.406s][info ][gc,cpu         ] GC(34) User=0.02s Sys=0.00s Real=0.00s
[1077.406s][info ][safepoint      ] Safepoint "ParallelGCFailedAllocation", Time since last: 3057747512 ns, Reaching safepoint: 82401 ns, Cleanup: 3700 ns, At safepoint: 5406426 ns, Total: 5492527 ns
[1082.354s][info ][safepoint      ] Safepoint "Cleanup", Time since last: 4948337434 ns, Reaching safepoint: 75300 ns, Cleanup: 15200 ns, At safepoint: 7300 ns, Total: 97800 ns
[1083.354s][info ][safepoint      ] Safepoint "Cleanup", Time since last: 1000102551 ns, Reaching safepoint: 76901 ns, Cleanup: 64800 ns, At safepoint: 7300 ns, Total: 149001 ns
[1084.355s][info ][safepoint      ] Safepoint "Cleanup", Time since last: 1000098651 ns, Reaching safepoint: 79100 ns, Cleanup: 10800 ns, At safepoint: 5300 ns, Total: 95200 ns
[1085.355s][info ][safepoint      ] Safepoint "Cleanup", Time since last: 1000111751 ns, Reaching safepoint: 74601 ns, Cleanup: 7000 ns, At safepoint: 4700 ns, Total: 86301 ns
[1086.355s][info ][safepoint      ] Safepoint "Cleanup", Time since last: 1000114351 ns, Reaching safepoint: 79100 ns, Cleanup: 41300 ns, At safepoint: 7200 ns, Total: 127600 ns
[1087.355s][info ][safepoint      ] Safepoint "Cleanup", Time since last: 1000111751 ns, Reaching safepoint: 80701 ns, Cleanup: 35000 ns, At safepoint: 6100 ns, Total: 121801 ns
[1087.951s][info ][gc,start       ] GC(35) Pause Young (Allocation Failure)
[1087.962s][debug][gc,phases      ] GC(35) Scavenge 11.573ms
[1087.963s][debug][gc,ref         ] GC(35) ReferenceProcessor::execute queues: 1, RefProcThreadModel::Single, marks_oops_alive: false
[1087.963s][debug][gc,ref         ] GC(35) Skipped KeepAliveFinalRefsPhase of Reference Processing: no references
[1087.963s][debug][gc,ref         ] GC(35) ReferenceProcessor::execute queues: 1, RefProcThreadModel::Single, marks_oops_alive: false
[1087.963s][debug][gc,phases      ] GC(35) Reference Processing 0.111ms
[1087.963s][debug][gc,phases      ] GC(35)   VM Weak                        Min:  0.0, Avg:  0.0, Max:  0.0, Diff:  0.0, Sum:  0.0, Workers: 4
[1087.963s][debug][gc,phases      ] GC(35)     Dead                           Min: 0, Avg:  0.0, Max: 0, Diff: 0, Sum: 0, Workers: 4
[1087.963s][debug][gc,phases      ] GC(35)     Total                          Min: 0, Avg: 251.8, Max: 704, Diff: 704, Sum: 1007, Workers: 4
[1087.963s][debug][gc,phases      ] GC(35)   ObjectSynchronizer Weak        Min:  0.0, Avg:  0.0, Max:  0.0, Diff:  0.0, Sum:  0.0, Workers: 4
[1087.963s][debug][gc,phases      ] GC(35)     Dead                           Min: 0, Avg:  0.0, Max: 0, Diff: 0, Sum: 0, Workers: 4
[1087.963s][debug][gc,phases      ] GC(35)     Total                          Min: 0, Avg:  1.0, Max: 4, Diff: 4, Sum: 4, Workers: 4
[1087.963s][debug][gc,phases      ] GC(35)   JVMTI Tag Weak OopStorage      Min:  0.0, Avg:  0.0, Max:  0.0, Diff:  0.0, Sum:  0.0, Workers: 4
[1087.963s][debug][gc,phases      ] GC(35)     Dead                           Min: 0, Avg:  0.0, Max: 0, Diff: 0, Sum: 0, Workers: 4
[1087.963s][debug][gc,phases      ] GC(35)     Total                          Min: 0, Avg:  0.0, Max: 0, Diff: 0, Sum: 0, Workers: 4
[1087.963s][debug][gc,phases      ] GC(35)   StringTable Weak               Min:  0.0, Avg:  0.1, Max:  0.1, Diff:  0.1, Sum:  0.4, Workers: 4
[1087.963s][debug][gc,phases      ] GC(35)     Dead                           Min: 0, Avg:  0.0, Max: 0, Diff: 0, Sum: 0, Workers: 4
[1087.963s][debug][gc,phases      ] GC(35)     Total                          Min: 0, Avg: 12076.2, Max: 20608, Diff: 20608, Sum: 48305, Workers: 4
[1087.963s][debug][gc,phases      ] GC(35)   ResolvedMethodTable Weak       Min:  0.0, Avg:  0.0, Max:  0.0, Diff:  0.0, Sum:  0.1, Workers: 4
[1087.963s][debug][gc,phases      ] GC(35)     Dead                           Min: 0, Avg:  0.2, Max: 1, Diff: 1, Sum: 1, Workers: 4
[1087.963s][debug][gc,phases      ] GC(35)     Total                          Min: 0, Avg: 3354.8, Max: 5215, Diff: 5215, Sum: 13419, Workers: 4
[1087.963s][debug][gc,phases      ] GC(35)   JNI Weak                       Min:  0.0, Avg:  0.0, Max:  0.0, Diff:  0.0, Sum:  0.0, Workers: 4
[1087.963s][debug][gc,phases      ] GC(35)     Dead                           Min: 0, Avg:  0.0, Max: 0, Diff: 0, Sum: 0, Workers: 4
[1087.963s][debug][gc,phases      ] GC(35)     Total                          Min: 0, Avg: 12.0, Max: 48, Diff: 48, Sum: 48, Workers: 4
[1087.963s][debug][gc,phases      ] GC(35)   StringDedup Table Weak         Min:  0.0, Avg:  0.0, Max:  0.0, Diff:  0.0, Sum:  0.0, Workers: 4
[1087.963s][debug][gc,phases      ] GC(35)     Dead                           Min: 0, Avg:  0.0, Max: 0, Diff: 0, Sum: 0, Workers: 4
[1087.963s][debug][gc,phases      ] GC(35)     Total                          Min: 0, Avg:  0.0, Max: 0, Diff: 0, Sum: 0, Workers: 4
[1087.963s][debug][gc,phases      ] GC(35)   StringDedup Requests0 Weak     Min:  0.0, Avg:  0.0, Max:  0.0, Diff:  0.0, Sum:  0.0, Workers: 4
[1087.963s][debug][gc,phases      ] GC(35)     Dead                           Min: 0, Avg:  0.0, Max: 0, Diff: 0, Sum: 0, Workers: 4
[1087.963s][debug][gc,phases      ] GC(35)     Total                          Min: 0, Avg:  0.0, Max: 0, Diff: 0, Sum: 0, Workers: 4
[1087.963s][debug][gc,phases      ] GC(35)   StringDedup Requests1 Weak     Min:  0.0, Avg:  0.0, Max:  0.0, Diff:  0.0, Sum:  0.0, Workers: 4
[1087.963s][debug][gc,phases      ] GC(35)     Dead                           Min: 0, Avg:  0.0, Max: 0, Diff: 0, Sum: 0, Workers: 4
[1087.963s][debug][gc,phases      ] GC(35)     Total                          Min: 0, Avg:  0.0, Max: 0, Diff: 0, Sum: 0, Workers: 4
[1087.963s][debug][gc,phases      ] GC(35)   Weak JFR Old Object Samples    Min:  0.0, Avg:  0.0, Max:  0.0, Diff:  0.0, Sum:  0.0, Workers: 4
[1087.963s][debug][gc,phases      ] GC(35)     Dead                           Min: 0, Avg:  0.0, Max: 0, Diff: 0, Sum: 0, Workers: 4
[1087.963s][debug][gc,phases      ] GC(35)     Total                          Min: 0, Avg:  0.0, Max: 0, Diff: 0, Sum: 0, Workers: 4
[1087.963s][debug][gc,phases      ] GC(35) Weak Processing 0.422ms
[1087.963s][debug][gc,age         ] GC(35) Desired survivor size 315097088 bytes, new threshold 15 (max threshold 15)
[1087.963s][info ][gc,heap        ] GC(35) PSYoungGen: 1479712K(1781248K)->32368K(1785344K) Eden: 1473536K(1473536K)->0K(1473536K) From: 6176K(307712K)->32368K(311808K)
[1087.963s][info ][gc,heap        ] GC(35) ParOldGen: 300308K(359424K)->300308K(359424K)
[1087.963s][info ][gc,metaspace   ] GC(35) Metaspace: 95577K(96896K)->95577K(96896K) NonClass: 81484K(82240K)->81484K(82240K) Class: 14093K(14656K)->14093K(14656K)
[1087.963s][info ][gc             ] GC(35) Pause Young (Allocation Failure) 1738M->324M(2094M) 12.243ms
[1087.963s][info ][gc,cpu         ] GC(35) User=0.05s Sys=0.00s Real=0.02s
[1087.963s][info ][safepoint      ] Safepoint "ParallelGCFailedAllocation", Time since last: 595307566 ns, Reaching safepoint: 83000 ns, Cleanup: 11300 ns, At safepoint: 12317760 ns, Total: 12412060 ns
[1089.963s][info ][safepoint      ] Safepoint "Cleanup", Time since last: 2000146675 ns, Reaching safepoint: 6100 ns, Cleanup: 8201 ns, At safepoint: 1900 ns, Total: 16201 ns
[1090.963s][info ][safepoint      ] Safepoint "Cleanup", Time since last: 1000112387 ns, Reaching safepoint: 6200 ns, Cleanup: 9800 ns, At safepoint: 1800 ns, Total: 17800 ns
[1091.964s][info ][safepoint      ] Safepoint "Cleanup", Time since last: 1000113488 ns, Reaching safepoint: 6500 ns, Cleanup: 9500 ns, At safepoint: 2300 ns, Total: 18300 ns
[1092.964s][info ][safepoint      ] Safepoint "Cleanup", Time since last: 1000111488 ns, Reaching safepoint: 6400 ns, Cleanup: 12600 ns, At safepoint: 2000 ns, Total: 21000 ns
[1093.964s][info ][safepoint      ] Safepoint "Cleanup", Time since last: 1000109388 ns, Reaching safepoint: 6800 ns, Cleanup: 11000 ns, At safepoint: 2000 ns, Total: 19800 ns
[1095.964s][info ][safepoint      ] Safepoint "Cleanup", Time since last: 2000193311 ns, Reaching safepoint: 7200 ns, Cleanup: 12100 ns, At safepoint: 2400 ns, Total: 21700 ns
[1096.964s][info ][safepoint      ] Safepoint "Cleanup", Time since last: 1000093792 ns, Reaching safepoint: 6300 ns, Cleanup: 9400 ns, At safepoint: 2100 ns, Total: 17800 ns
[1099.964s][info ][safepoint      ] Safepoint "Cleanup", Time since last: 3000252178 ns, Reaching safepoint: 6500 ns, Cleanup: 10800 ns, At safepoint: 2100 ns, Total: 19400 ns
[1100.964s][info ][safepoint      ] Safepoint "Cleanup", Time since last: 1000113193 ns, Reaching safepoint: 6400 ns, Cleanup: 6300 ns, At safepoint: 1900 ns, Total: 14600 ns
[1101.965s][info ][safepoint      ] Safepoint "Cleanup", Time since last: 1000130993 ns, Reaching safepoint: 6800 ns, Cleanup: 14400 ns, At safepoint: 2000 ns, Total: 23200 ns
[1102.965s][info ][safepoint      ] Safepoint "Cleanup", Time since last: 1000088492 ns, Reaching safepoint: 5500 ns, Cleanup: 11500 ns, At safepoint: 1900 ns, Total: 18900 ns
[1103.965s][info ][safepoint      ] Safepoint "Cleanup", Time since last: 1000108954 ns, Reaching safepoint: 5900 ns, Cleanup: 8100 ns, At safepoint: 1800 ns, Total: 15800 ns
[1106.965s][info ][safepoint      ] Safepoint "Cleanup", Time since last: 3000254426 ns, Reaching safepoint: 7800 ns, Cleanup: 8700 ns, At safepoint: 3300 ns, Total: 19800 ns
[1108.965s][info ][safepoint      ] Safepoint "Cleanup", Time since last: 2000184384 ns, Reaching safepoint: 6100 ns, Cleanup: 9000 ns, At safepoint: 2000 ns, Total: 17100 ns
[1109.965s][info ][safepoint      ] Safepoint "Cleanup", Time since last: 1000122442 ns, Reaching safepoint: 6000 ns, Cleanup: 8300 ns, At safepoint: 1800 ns, Total: 16100 ns
[1112.966s][info ][safepoint      ] Safepoint "Cleanup", Time since last: 3000243424 ns, Reaching safepoint: 8200 ns, Cleanup: 10400 ns, At safepoint: 6700 ns, Total: 25300 ns
[1113.966s][info ][safepoint      ] Safepoint "Cleanup", Time since last: 1000116983 ns, Reaching safepoint: 6600 ns, Cleanup: 11700 ns, At safepoint: 2100 ns, Total: 20400 ns
[1117.406s][info ][gc,start       ] GC(36) Pause Young (Allocation Failure)
[1117.416s][debug][gc,phases      ] GC(36) Scavenge 9.231ms
[1117.416s][debug][gc,ref         ] GC(36) ReferenceProcessor::execute queues: 1, RefProcThreadModel::Single, marks_oops_alive: false
[1117.416s][debug][gc,ref         ] GC(36) Skipped KeepAliveFinalRefsPhase of Reference Processing: no references
[1117.416s][debug][gc,ref         ] GC(36) ReferenceProcessor::execute queues: 1, RefProcThreadModel::Single, marks_oops_alive: false
[1117.416s][debug][gc,phases      ] GC(36) Reference Processing 0.139ms
[1117.416s][debug][gc,phases      ] GC(36)   VM Weak                        Min:  0.0, Avg:  0.0, Max:  0.0, Diff:  0.0, Sum:  0.0, Workers: 4
[1117.416s][debug][gc,phases      ] GC(36)     Dead                           Min: 0, Avg:  0.0, Max: 0, Diff: 0, Sum: 0, Workers: 4
[1117.416s][debug][gc,phases      ] GC(36)     Total                          Min: 0, Avg: 253.8, Max: 512, Diff: 512, Sum: 1015, Workers: 4
[1117.416s][debug][gc,phases      ] GC(36)   ObjectSynchronizer Weak        Min:  0.0, Avg:  0.0, Max:  0.0, Diff:  0.0, Sum:  0.0, Workers: 4
[1117.416s][debug][gc,phases      ] GC(36)     Dead                           Min: 0, Avg:  0.0, Max: 0, Diff: 0, Sum: 0, Workers: 4
[1117.416s][debug][gc,phases      ] GC(36)     Total                          Min: 0, Avg:  1.0, Max: 4, Diff: 4, Sum: 4, Workers: 4
[1117.416s][debug][gc,phases      ] GC(36)   JVMTI Tag Weak OopStorage      Min:  0.0, Avg:  0.0, Max:  0.0, Diff:  0.0, Sum:  0.0, Workers: 4
[1117.416s][debug][gc,phases      ] GC(36)     Dead                           Min: 0, Avg:  0.0, Max: 0, Diff: 0, Sum: 0, Workers: 4
[1117.416s][debug][gc,phases      ] GC(36)     Total                          Min: 0, Avg:  0.0, Max: 0, Diff: 0, Sum: 0, Workers: 4
[1117.416s][debug][gc,phases      ] GC(36)   StringTable Weak               Min:  0.0, Avg:  0.1, Max:  0.2, Diff:  0.2, Sum:  0.5, Workers: 4
[1117.416s][debug][gc,phases      ] GC(36)     Dead                           Min: 0, Avg:  0.2, Max: 1, Diff: 1, Sum: 1, Workers: 4
[1117.416s][debug][gc,phases      ] GC(36)     Total                          Min: 0, Avg: 12081.0, Max: 20356, Diff: 20356, Sum: 48324, Workers: 4
[1117.416s][debug][gc,phases      ] GC(36)   ResolvedMethodTable Weak       Min:  0.0, Avg:  0.0, Max:  0.0, Diff:  0.0, Sum:  0.1, Workers: 4
[1117.416s][debug][gc,phases      ] GC(36)     Dead                           Min: 0, Avg:  1.0, Max: 3, Diff: 3, Sum: 4, Workers: 4
[1117.416s][debug][gc,phases      ] GC(36)     Total                          Min: 0, Avg: 3365.0, Max: 5682, Diff: 5682, Sum: 13460, Workers: 4
[1117.416s][debug][gc,phases      ] GC(36)   JNI Weak                       Min:  0.0, Avg:  0.0, Max:  0.0, Diff:  0.0, Sum:  0.0, Workers: 4
[1117.416s][debug][gc,phases      ] GC(36)     Dead                           Min: 0, Avg:  0.0, Max: 0, Diff: 0, Sum: 0, Workers: 4
[1117.416s][debug][gc,phases      ] GC(36)     Total                          Min: 0, Avg: 12.0, Max: 48, Diff: 48, Sum: 48, Workers: 4
[1117.416s][debug][gc,phases      ] GC(36)   StringDedup Table Weak         Min:  0.0, Avg:  0.0, Max:  0.0, Diff:  0.0, Sum:  0.0, Workers: 4
[1117.416s][debug][gc,phases      ] GC(36)     Dead                           Min: 0, Avg:  0.0, Max: 0, Diff: 0, Sum: 0, Workers: 4
[1117.416s][debug][gc,phases      ] GC(36)     Total                          Min: 0, Avg:  0.0, Max: 0, Diff: 0, Sum: 0, Workers: 4
[1117.416s][debug][gc,phases      ] GC(36)   StringDedup Requests0 Weak     Min:  0.0, Avg:  0.0, Max:  0.0, Diff:  0.0, Sum:  0.0, Workers: 4
[1117.416s][debug][gc,phases      ] GC(36)     Dead                           Min: 0, Avg:  0.0, Max: 0, Diff: 0, Sum: 0, Workers: 4
[1117.416s][debug][gc,phases      ] GC(36)     Total                          Min: 0, Avg:  0.0, Max: 0, Diff: 0, Sum: 0, Workers: 4
[1117.416s][debug][gc,phases      ] GC(36)   StringDedup Requests1 Weak     Min:  0.0, Avg:  0.0, Max:  0.0, Diff:  0.0, Sum:  0.0, Workers: 4
[1117.416s][debug][gc,phases      ] GC(36)     Dead                           Min: 0, Avg:  0.0, Max: 0, Diff: 0, Sum: 0, Workers: 4
[1117.416s][debug][gc,phases      ] GC(36)     Total                          Min: 0, Avg:  0.0, Max: 0, Diff: 0, Sum: 0, Workers: 4
[1117.416s][debug][gc,phases      ] GC(36)   Weak JFR Old Object Samples    Min:  0.0, Avg:  0.0, Max:  0.0, Diff:  0.0, Sum:  0.0, Workers: 4
[1117.416s][debug][gc,phases      ] GC(36)     Dead                           Min: 0, Avg:  0.0, Max: 0, Diff: 0, Sum: 0, Workers: 4
[1117.416s][debug][gc,phases      ] GC(36)     Total                          Min: 0, Avg:  0.0, Max: 0, Diff: 0, Sum: 0, Workers: 4
[1117.416s][debug][gc,phases      ] GC(36) Weak Processing 0.411ms
[1117.416s][debug][gc,age         ] GC(36) Desired survivor size 308805632 bytes, new threshold 15 (max threshold 15)
[1117.416s][info ][gc,heap        ] GC(36) PSYoungGen: 1505904K(1785344K)->32640K(1795584K) Eden: 1473536K(1473536K)->0K(1487872K) From: 32368K(311808K)->32640K(307712K)
[1117.416s][info ][gc,heap        ] GC(36) ParOldGen: 300308K(359424K)->300308K(359424K)
[1117.416s][info ][gc,metaspace   ] GC(36) Metaspace: 95671K(96960K)->95671K(96960K) NonClass: 81564K(82304K)->81564K(82304K) Class: 14107K(14656K)->14107K(14656K)
[1117.416s][info ][gc             ] GC(36) Pause Young (Allocation Failure) 1763M->325M(2104M) 9.928ms
[1117.416s][info ][gc,cpu         ] GC(36) User=0.04s Sys=0.00s Real=0.01s
[1117.416s][info ][safepoint      ] Safepoint "ParallelGCFailedAllocation", Time since last: 3440428053 ns, Reaching safepoint: 6100 ns, Cleanup: 10100 ns, At safepoint: 9992348 ns, Total: 10008548 ns
[1119.417s][info ][safepoint      ] Safepoint "Cleanup", Time since last: 2000150665 ns, Reaching safepoint: 6100 ns, Cleanup: 9000 ns, At safepoint: 1900 ns, Total: 17000 ns
[1121.417s][info ][safepoint      ] Safepoint "Cleanup", Time since last: 2000162952 ns, Reaching safepoint: 6400 ns, Cleanup: 6900 ns, At safepoint: 2000 ns, Total: 15300 ns
[1122.417s][info ][safepoint      ] Safepoint "Cleanup", Time since last: 1000098875 ns, Reaching safepoint: 7000 ns, Cleanup: 10400 ns, At safepoint: 2000 ns, Total: 19400 ns
[1125.417s][info ][safepoint      ] Safepoint "Cleanup", Time since last: 3000241825 ns, Reaching safepoint: 6700 ns, Cleanup: 7000 ns, At safepoint: 2400 ns, Total: 16100 ns
[1127.417s][info ][safepoint      ] Safepoint "Cleanup", Time since last: 2000128650 ns, Reaching safepoint: 6100 ns, Cleanup: 7800 ns, At safepoint: 2200 ns, Total: 16100 ns
[1128.417s][info ][safepoint      ] Safepoint "Cleanup", Time since last: 1000105430 ns, Reaching safepoint: 6700 ns, Cleanup: 8200 ns, At safepoint: 2200 ns, Total: 17100 ns
[1129.417s][info ][safepoint      ] Safepoint "Cleanup", Time since last: 1000072440 ns, Reaching safepoint: 5900 ns, Cleanup: 8300 ns, At safepoint: 2000 ns, Total: 16200 ns
[1131.418s][info ][safepoint      ] Safepoint "Cleanup", Time since last: 2000176780 ns, Reaching safepoint: 5800 ns, Cleanup: 8100 ns, At safepoint: 2100 ns, Total: 16000 ns
[1137.418s][info ][safepoint      ] Safepoint "Cleanup", Time since last: 6000402616 ns, Reaching safepoint: 6600 ns, Cleanup: 6300 ns, At safepoint: 1901 ns, Total: 14801 ns
[1143.370s][info ][safepoint      ] Safepoint "Cleanup", Time since last: 5951697107 ns, Reaching safepoint: 4900 ns, Cleanup: 8600 ns, At safepoint: 1700 ns, Total: 15200 ns
[1144.370s][info ][safepoint      ] Safepoint "Cleanup", Time since last: 1000098524 ns, Reaching safepoint: 7000 ns, Cleanup: 12400 ns, At safepoint: 3000 ns, Total: 22400 ns
[1145.370s][info ][safepoint      ] Safepoint "Cleanup", Time since last: 1000105911 ns, Reaching safepoint: 5500 ns, Cleanup: 31900 ns, At safepoint: 2000 ns, Total: 39400 ns
[1146.370s][info ][safepoint      ] Safepoint "Cleanup", Time since last: 1000106211 ns, Reaching safepoint: 4900 ns, Cleanup: 6800 ns, At safepoint: 1800 ns, Total: 13500 ns
[1147.370s][info ][safepoint      ] Safepoint "Cleanup", Time since last: 1000106610 ns, Reaching safepoint: 7200 ns, Cleanup: 13700 ns, At safepoint: 2200 ns, Total: 23100 ns
[1147.705s][info ][gc,start       ] GC(37) Pause Young (Allocation Failure)
[1147.715s][debug][gc,phases      ] GC(37) Scavenge 9.841ms
[1147.715s][debug][gc,ref         ] GC(37) ReferenceProcessor::execute queues: 1, RefProcThreadModel::Single, marks_oops_alive: false
[1147.715s][debug][gc,ref         ] GC(37) Skipped KeepAliveFinalRefsPhase of Reference Processing: no references
[1147.715s][debug][gc,ref         ] GC(37) ReferenceProcessor::execute queues: 1, RefProcThreadModel::Single, marks_oops_alive: false
[1147.715s][debug][gc,phases      ] GC(37) Reference Processing 0.134ms
[1147.715s][debug][gc,phases      ] GC(37)   VM Weak                        Min:  0.0, Avg:  0.0, Max:  0.0, Diff:  0.0, Sum:  0.0, Workers: 4
[1147.715s][debug][gc,phases      ] GC(37)     Dead                           Min: 0, Avg:  0.0, Max: 0, Diff: 0, Sum: 0, Workers: 4
[1147.715s][debug][gc,phases      ] GC(37)     Total                          Min: 0, Avg: 253.8, Max: 695, Diff: 695, Sum: 1015, Workers: 4
[1147.715s][debug][gc,phases      ] GC(37)   ObjectSynchronizer Weak        Min:  0.0, Avg:  0.0, Max:  0.0, Diff:  0.0, Sum:  0.0, Workers: 4
[1147.715s][debug][gc,phases      ] GC(37)     Dead                           Min: 0, Avg:  0.0, Max: 0, Diff: 0, Sum: 0, Workers: 4
[1147.715s][debug][gc,phases      ] GC(37)     Total                          Min: 0, Avg:  0.8, Max: 3, Diff: 3, Sum: 3, Workers: 4
[1147.715s][debug][gc,phases      ] GC(37)   JVMTI Tag Weak OopStorage      Min:  0.0, Avg:  0.0, Max:  0.0, Diff:  0.0, Sum:  0.0, Workers: 4
[1147.715s][debug][gc,phases      ] GC(37)     Dead                           Min: 0, Avg:  0.0, Max: 0, Diff: 0, Sum: 0, Workers: 4
[1147.715s][debug][gc,phases      ] GC(37)     Total                          Min: 0, Avg:  0.0, Max: 0, Diff: 0, Sum: 0, Workers: 4
[1147.715s][debug][gc,phases      ] GC(37)   StringTable Weak               Min:  0.0, Avg:  0.1, Max:  0.1, Diff:  0.1, Sum:  0.4, Workers: 4
[1147.715s][debug][gc,phases      ] GC(37)     Dead                           Min: 0, Avg:  0.0, Max: 0, Diff: 0, Sum: 0, Workers: 4
[1147.715s][debug][gc,phases      ] GC(37)     Total                          Min: 0, Avg: 12081.5, Max: 20166, Diff: 20166, Sum: 48326, Workers: 4
[1147.715s][debug][gc,phases      ] GC(37)   ResolvedMethodTable Weak       Min:  0.0, Avg:  0.0, Max:  0.0, Diff:  0.0, Sum:  0.1, Workers: 4
[1147.715s][debug][gc,phases      ] GC(37)     Dead                           Min: 0, Avg:  0.2, Max: 1, Diff: 1, Sum: 1, Workers: 4
[1147.715s][debug][gc,phases      ] GC(37)     Total                          Min: 0, Avg: 3365.8, Max: 5532, Diff: 5532, Sum: 13463, Workers: 4
[1147.715s][debug][gc,phases      ] GC(37)   JNI Weak                       Min:  0.0, Avg:  0.0, Max:  0.0, Diff:  0.0, Sum:  0.0, Workers: 4
[1147.715s][debug][gc,phases      ] GC(37)     Dead                           Min: 0, Avg:  0.0, Max: 0, Diff: 0, Sum: 0, Workers: 4
[1147.715s][debug][gc,phases      ] GC(37)     Total                          Min: 0, Avg: 12.0, Max: 48, Diff: 48, Sum: 48, Workers: 4
[1147.715s][debug][gc,phases      ] GC(37)   StringDedup Table Weak         Min:  0.0, Avg:  0.0, Max:  0.0, Diff:  0.0, Sum:  0.0, Workers: 4
[1147.715s][debug][gc,phases      ] GC(37)     Dead                           Min: 0, Avg:  0.0, Max: 0, Diff: 0, Sum: 0, Workers: 4
[1147.715s][debug][gc,phases      ] GC(37)     Total                          Min: 0, Avg:  0.0, Max: 0, Diff: 0, Sum: 0, Workers: 4
[1147.715s][debug][gc,phases      ] GC(37)   StringDedup Requests0 Weak     Min:  0.0, Avg:  0.0, Max:  0.0, Diff:  0.0, Sum:  0.0, Workers: 4
[1147.715s][debug][gc,phases      ] GC(37)     Dead                           Min: 0, Avg:  0.0, Max: 0, Diff: 0, Sum: 0, Workers: 4
[1147.715s][debug][gc,phases      ] GC(37)     Total                          Min: 0, Avg:  0.0, Max: 0, Diff: 0, Sum: 0, Workers: 4
[1147.715s][debug][gc,phases      ] GC(37)   StringDedup Requests1 Weak     Min:  0.0, Avg:  0.0, Max:  0.0, Diff:  0.0, Sum:  0.0, Workers: 4
[1147.715s][debug][gc,phases      ] GC(37)     Dead                           Min: 0, Avg:  0.0, Max: 0, Diff: 0, Sum: 0, Workers: 4
[1147.715s][debug][gc,phases      ] GC(37)     Total                          Min: 0, Avg:  0.0, Max: 0, Diff: 0, Sum: 0, Workers: 4
[1147.715s][debug][gc,phases      ] GC(37)   Weak JFR Old Object Samples    Min:  0.0, Avg:  0.0, Max:  0.0, Diff:  0.0, Sum:  0.0, Workers: 4
[1147.715s][debug][gc,phases      ] GC(37)     Dead                           Min: 0, Avg:  0.0, Max: 0, Diff: 0, Sum: 0, Workers: 4
[1147.715s][debug][gc,phases      ] GC(37)     Total                          Min: 0, Avg:  0.0, Max: 0, Diff: 0, Sum: 0, Workers: 4
[1147.715s][debug][gc,phases      ] GC(37) Weak Processing 0.401ms
[1147.715s][debug][gc,age         ] GC(37) Desired survivor size 300941312 bytes, new threshold 15 (max threshold 15)
[1147.715s][info ][gc,heap        ] GC(37) PSYoungGen: 1520512K(1795584K)->32608K(1789440K) Eden: 1487872K(1487872K)->0K(1487872K) From: 32640K(307712K)->32608K(301568K)
[1147.715s][info ][gc,heap        ] GC(37) ParOldGen: 300308K(359424K)->300316K(359424K)
[1147.715s][info ][gc,metaspace   ] GC(37) Metaspace: 95707K(96960K)->95707K(96960K) NonClass: 81599K(82304K)->81599K(82304K) Class: 14107K(14656K)->14107K(14656K)
[1147.715s][info ][gc             ] GC(37) Pause Young (Allocation Failure) 1778M->325M(2098M) 10.507ms
[1147.715s][info ][gc,cpu         ] GC(37) User=0.03s Sys=0.01s Real=0.01s
[1147.715s][info ][safepoint      ] Safepoint "ParallelGCFailedAllocation", Time since last: 334656776 ns, Reaching safepoint: 5700 ns, Cleanup: 3100 ns, At safepoint: 10572450 ns, Total: 10581250 ns
[1148.716s][info ][safepoint      ] Safepoint "Cleanup", Time since last: 1000093611 ns, Reaching safepoint: 6000 ns, Cleanup: 10000 ns, At safepoint: 2300 ns, Total: 18300 ns
[1150.716s][info ][safepoint      ] Safepoint "Cleanup", Time since last: 2000175320 ns, Reaching safepoint: 5901 ns, Cleanup: 8800 ns, At safepoint: 2000 ns, Total: 16701 ns
[1155.716s][info ][safepoint      ] Safepoint "Cleanup", Time since last: 5000328842 ns, Reaching safepoint: 5500 ns, Cleanup: 8900 ns, At safepoint: 3100 ns, Total: 17500 ns
[1156.716s][info ][safepoint      ] Safepoint "Cleanup", Time since last: 1000120805 ns, Reaching safepoint: 5500 ns, Cleanup: 15001 ns, At safepoint: 2100 ns, Total: 22601 ns
[1158.716s][info ][safepoint      ] Safepoint "Cleanup", Time since last: 2000135310 ns, Reaching safepoint: 5500 ns, Cleanup: 13000 ns, At safepoint: 1900 ns, Total: 20400 ns
[1159.717s][info ][safepoint      ] Safepoint "Cleanup", Time since last: 1000104201 ns, Reaching safepoint: 6400 ns, Cleanup: 11400 ns, At safepoint: 2500 ns, Total: 20300 ns
[1160.717s][info ][safepoint      ] Safepoint "Cleanup", Time since last: 1000115764 ns, Reaching safepoint: 5400 ns, Cleanup: 7600 ns, At safepoint: 2100 ns, Total: 15100 ns
[1161.717s][info ][safepoint      ] Safepoint "Cleanup", Time since last: 1000098165 ns, Reaching safepoint: 4900 ns, Cleanup: 6300 ns, At safepoint: 1800 ns, Total: 13000 ns
[1163.717s][info ][safepoint      ] Safepoint "Cleanup", Time since last: 2000157328 ns, Reaching safepoint: 5000 ns, Cleanup: 7300 ns, At safepoint: 1900 ns, Total: 14200 ns
[1165.717s][info ][safepoint      ] Safepoint "Cleanup", Time since last: 2000180928 ns, Reaching safepoint: 5000 ns, Cleanup: 7000 ns, At safepoint: 2000 ns, Total: 14000 ns
[1166.717s][info ][safepoint      ] Safepoint "Cleanup", Time since last: 1000102065 ns, Reaching safepoint: 5600 ns, Cleanup: 11800 ns, At safepoint: 25100 ns, Total: 42500 ns
[1167.717s][info ][safepoint      ] Safepoint "Cleanup", Time since last: 1000075862 ns, Reaching safepoint: 6000 ns, Cleanup: 7400 ns, At safepoint: 1800 ns, Total: 15200 ns
[1168.718s][info ][safepoint      ] Safepoint "Cleanup", Time since last: 1000112044 ns, Reaching safepoint: 5300 ns, Cleanup: 14600 ns, At safepoint: 1800 ns, Total: 21700 ns
[1171.718s][info ][safepoint      ] Safepoint "Cleanup", Time since last: 3000244431 ns, Reaching safepoint: 5300 ns, Cleanup: 8300 ns, At safepoint: 1700 ns, Total: 15300 ns
[1176.718s][info ][safepoint      ] Safepoint "Cleanup", Time since last: 5000367614 ns, Reaching safepoint: 5400 ns, Cleanup: 8900 ns, At safepoint: 23501 ns, Total: 37801 ns
[1177.718s][info ][safepoint      ] Safepoint "Cleanup", Time since last: 1000102440 ns, Reaching safepoint: 5100 ns, Cleanup: 10500 ns, At safepoint: 2200 ns, Total: 17800 ns
[1178.002s][info ][gc,start       ] GC(38) Pause Young (Allocation Failure)
[1178.011s][debug][gc,phases      ] GC(38) Scavenge 8.662ms
[1178.011s][debug][gc,ref         ] GC(38) ReferenceProcessor::execute queues: 1, RefProcThreadModel::Single, marks_oops_alive: false
[1178.011s][debug][gc,ref         ] GC(38) Skipped KeepAliveFinalRefsPhase of Reference Processing: no references
[1178.011s][debug][gc,ref         ] GC(38) ReferenceProcessor::execute queues: 1, RefProcThreadModel::Single, marks_oops_alive: false
[1178.011s][debug][gc,phases      ] GC(38) Reference Processing 0.127ms
[1178.012s][debug][gc,phases      ] GC(38)   VM Weak                        Min:  0.0, Avg:  0.0, Max:  0.0, Diff:  0.0, Sum:  0.0, Workers: 4
[1178.012s][debug][gc,phases      ] GC(38)     Dead                           Min: 0, Avg:  0.0, Max: 0, Diff: 0, Sum: 0, Workers: 4
[1178.012s][debug][gc,phases      ] GC(38)     Total                          Min: 0, Avg: 253.8, Max: 887, Diff: 887, Sum: 1015, Workers: 4
[1178.012s][debug][gc,phases      ] GC(38)   ObjectSynchronizer Weak        Min:  0.0, Avg:  0.0, Max:  0.0, Diff:  0.0, Sum:  0.0, Workers: 4
[1178.012s][debug][gc,phases      ] GC(38)     Dead                           Min: 0, Avg:  0.0, Max: 0, Diff: 0, Sum: 0, Workers: 4
[1178.012s][debug][gc,phases      ] GC(38)     Total                          Min: 0, Avg:  0.8, Max: 3, Diff: 3, Sum: 3, Workers: 4
[1178.012s][debug][gc,phases      ] GC(38)   JVMTI Tag Weak OopStorage      Min:  0.0, Avg:  0.0, Max:  0.0, Diff:  0.0, Sum:  0.0, Workers: 4
[1178.012s][debug][gc,phases      ] GC(38)     Dead                           Min: 0, Avg:  0.0, Max: 0, Diff: 0, Sum: 0, Workers: 4
[1178.012s][debug][gc,phases      ] GC(38)     Total                          Min: 0, Avg:  0.0, Max: 0, Diff: 0, Sum: 0, Workers: 4
[1178.012s][debug][gc,phases      ] GC(38)   StringTable Weak               Min:  0.0, Avg:  0.1, Max:  0.1, Diff:  0.1, Sum:  0.4, Workers: 4
[1178.012s][debug][gc,phases      ] GC(38)     Dead                           Min: 0, Avg:  0.2, Max: 1, Diff: 1, Sum: 1, Workers: 4
[1178.012s][debug][gc,phases      ] GC(38)     Total                          Min: 0, Avg: 12084.5, Max: 20415, Diff: 20415, Sum: 48338, Workers: 4
[1178.012s][debug][gc,phases      ] GC(38)   ResolvedMethodTable Weak       Min:  0.0, Avg:  0.0, Max:  0.0, Diff:  0.0, Sum:  0.1, Workers: 4
[1178.012s][debug][gc,phases      ] GC(38)     Dead                           Min: 0, Avg:  2.0, Max: 8, Diff: 8, Sum: 8, Workers: 4
[1178.012s][debug][gc,phases      ] GC(38)     Total                          Min: 0, Avg: 3369.2, Max: 5638, Diff: 5638, Sum: 13477, Workers: 4
[1178.012s][debug][gc,phases      ] GC(38)   JNI Weak                       Min:  0.0, Avg:  0.0, Max:  0.0, Diff:  0.0, Sum:  0.0, Workers: 4
[1178.012s][debug][gc,phases      ] GC(38)     Dead                           Min: 0, Avg:  0.0, Max: 0, Diff: 0, Sum: 0, Workers: 4
[1178.012s][debug][gc,phases      ] GC(38)     Total                          Min: 0, Avg: 12.0, Max: 48, Diff: 48, Sum: 48, Workers: 4
[1178.012s][debug][gc,phases      ] GC(38)   StringDedup Table Weak         Min:  0.0, Avg:  0.0, Max:  0.0, Diff:  0.0, Sum:  0.0, Workers: 4
[1178.012s][debug][gc,phases      ] GC(38)     Dead                           Min: 0, Avg:  0.0, Max: 0, Diff: 0, Sum: 0, Workers: 4
[1178.012s][debug][gc,phases      ] GC(38)     Total                          Min: 0, Avg:  0.0, Max: 0, Diff: 0, Sum: 0, Workers: 4
[1178.012s][debug][gc,phases      ] GC(38)   StringDedup Requests0 Weak     Min:  0.0, Avg:  0.0, Max:  0.0, Diff:  0.0, Sum:  0.0, Workers: 4
[1178.012s][debug][gc,phases      ] GC(38)     Dead                           Min: 0, Avg:  0.0, Max: 0, Diff: 0, Sum: 0, Workers: 4
[1178.012s][debug][gc,phases      ] GC(38)     Total                          Min: 0, Avg:  0.0, Max: 0, Diff: 0, Sum: 0, Workers: 4
[1178.012s][debug][gc,phases      ] GC(38)   StringDedup Requests1 Weak     Min:  0.0, Avg:  0.0, Max:  0.0, Diff:  0.0, Sum:  0.0, Workers: 4
[1178.012s][debug][gc,phases      ] GC(38)     Dead                           Min: 0, Avg:  0.0, Max: 0, Diff: 0, Sum: 0, Workers: 4
[1178.012s][debug][gc,phases      ] GC(38)     Total                          Min: 0, Avg:  0.0, Max: 0, Diff: 0, Sum: 0, Workers: 4
[1178.012s][debug][gc,phases      ] GC(38)   Weak JFR Old Object Samples    Min:  0.0, Avg:  0.0, Max:  0.0, Diff:  0.0, Sum:  0.0, Workers: 4
[1178.012s][debug][gc,phases      ] GC(38)     Dead                           Min: 0, Avg:  0.0, Max: 0, Diff: 0, Sum: 0, Workers: 4
[1178.012s][debug][gc,phases      ] GC(38)     Total                          Min: 0, Avg:  0.0, Max: 0, Diff: 0, Sum: 0, Workers: 4
[1178.012s][debug][gc,phases      ] GC(38) Weak Processing 0.399ms
[1178.012s][debug][gc,age         ] GC(38) Desired survivor size 292028416 bytes, new threshold 15 (max threshold 15)
[1178.012s][info ][gc,heap        ] GC(38) PSYoungGen: 1520480K(1789440K)->32720K(1811968K) Eden: 1487872K(1487872K)->0K(1518080K) From: 32608K(301568K)->32720K(293888K)
[1178.012s][info ][gc,heap        ] GC(38) ParOldGen: 300316K(359424K)->300316K(359424K)
[1178.012s][info ][gc,metaspace   ] GC(38) Metaspace: 95737K(97024K)->95737K(97024K) NonClass: 81623K(82368K)->81623K(82368K) Class: 14113K(14656K)->14113K(14656K)
[1178.012s][info ][gc             ] GC(38) Pause Young (Allocation Failure) 1778M->325M(2120M) 9.315ms
[1178.012s][info ][gc,cpu         ] GC(38) User=0.04s Sys=0.00s Real=0.00s
[1178.012s][info ][safepoint      ] Safepoint "ParallelGCFailedAllocation", Time since last: 284066847 ns, Reaching safepoint: 6200 ns, Cleanup: 3500 ns, At safepoint: 9378945 ns, Total: 9388645 ns
[1185.012s][info ][safepoint      ] Safepoint "Cleanup", Time since last: 7000458450 ns, Reaching safepoint: 5400 ns, Cleanup: 8100 ns, At safepoint: 1800 ns, Total: 15300 ns
[1186.012s][info ][safepoint      ] Safepoint "Cleanup", Time since last: 1000122844 ns, Reaching safepoint: 6000 ns, Cleanup: 10400 ns, At safepoint: 2000 ns, Total: 18400 ns
[1189.013s][info ][safepoint      ] Safepoint "Cleanup", Time since last: 3000232133 ns, Reaching safepoint: 5700 ns, Cleanup: 13400 ns, At safepoint: 2000 ns, Total: 21100 ns
[1190.013s][info ][safepoint      ] Safepoint "Cleanup", Time since last: 1000117644 ns, Reaching safepoint: 5400 ns, Cleanup: 11000 ns, At safepoint: 1900 ns, Total: 18300 ns
[1194.013s][info ][safepoint      ] Safepoint "Cleanup", Time since last: 4000295840 ns, Reaching safepoint: 5000 ns, Cleanup: 10701 ns, At safepoint: 1800 ns, Total: 17501 ns
[1198.013s][info ][safepoint      ] Safepoint "Cleanup", Time since last: 4000297219 ns, Reaching safepoint: 7400 ns, Cleanup: 9000 ns, At safepoint: 2200 ns, Total: 18600 ns
[1199.014s][info ][safepoint      ] Safepoint "Cleanup", Time since last: 1000096455 ns, Reaching safepoint: 6601 ns, Cleanup: 16400 ns, At safepoint: 4300 ns, Total: 27301 ns
[1200.014s][info ][safepoint      ] Safepoint "Cleanup", Time since last: 1000110855 ns, Reaching safepoint: 5200 ns, Cleanup: 7800 ns, At safepoint: 1900 ns, Total: 14900 ns
[1208.001s][info ][gc,start       ] GC(39) Pause Young (Allocation Failure)
[1208.009s][debug][gc,phases      ] GC(39) Scavenge 8.094ms
[1208.009s][debug][gc,ref         ] GC(39) ReferenceProcessor::execute queues: 1, RefProcThreadModel::Single, marks_oops_alive: false
[1208.009s][debug][gc,ref         ] GC(39) Skipped KeepAliveFinalRefsPhase of Reference Processing: no references
[1208.009s][debug][gc,ref         ] GC(39) ReferenceProcessor::execute queues: 1, RefProcThreadModel::Single, marks_oops_alive: false
[1208.009s][debug][gc,phases      ] GC(39) Reference Processing 0.115ms
[1208.009s][debug][gc,phases      ] GC(39)   VM Weak                        Min:  0.0, Avg:  0.0, Max:  0.0, Diff:  0.0, Sum:  0.0, Workers: 4
[1208.009s][debug][gc,phases      ] GC(39)     Dead                           Min: 0, Avg:  0.0, Max: 0, Diff: 0, Sum: 0, Workers: 4
[1208.009s][debug][gc,phases      ] GC(39)     Total                          Min: 0, Avg: 253.8, Max: 759, Diff: 759, Sum: 1015, Workers: 4
[1208.009s][debug][gc,phases      ] GC(39)   ObjectSynchronizer Weak        Min:  0.0, Avg:  0.0, Max:  0.0, Diff:  0.0, Sum:  0.0, Workers: 4
[1208.009s][debug][gc,phases      ] GC(39)     Dead                           Min: 0, Avg:  0.0, Max: 0, Diff: 0, Sum: 0, Workers: 4
[1208.009s][debug][gc,phases      ] GC(39)     Total                          Min: 0, Avg:  0.8, Max: 3, Diff: 3, Sum: 3, Workers: 4
[1208.009s][debug][gc,phases      ] GC(39)   JVMTI Tag Weak OopStorage      Min:  0.0, Avg:  0.0, Max:  0.0, Diff:  0.0, Sum:  0.0, Workers: 4
[1208.009s][debug][gc,phases      ] GC(39)     Dead                           Min: 0, Avg:  0.0, Max: 0, Diff: 0, Sum: 0, Workers: 4
[1208.009s][debug][gc,phases      ] GC(39)     Total                          Min: 0, Avg:  0.0, Max: 0, Diff: 0, Sum: 0, Workers: 4
[1208.009s][debug][gc,phases      ] GC(39)   StringTable Weak               Min:  0.0, Avg:  0.1, Max:  0.1, Diff:  0.1, Sum:  0.4, Workers: 4
[1208.009s][debug][gc,phases      ] GC(39)     Dead                           Min: 0, Avg:  0.0, Max: 0, Diff: 0, Sum: 0, Workers: 4
[1208.009s][debug][gc,phases      ] GC(39)     Total                          Min: 0, Avg: 12084.5, Max: 20607, Diff: 20607, Sum: 48338, Workers: 4
[1208.009s][debug][gc,phases      ] GC(39)   ResolvedMethodTable Weak       Min:  0.0, Avg:  0.0, Max:  0.0, Diff:  0.0, Sum:  0.1, Workers: 4
[1208.009s][debug][gc,phases      ] GC(39)     Dead                           Min: 0, Avg:  0.0, Max: 0, Diff: 0, Sum: 0, Workers: 4
[1208.009s][debug][gc,phases      ] GC(39)     Total                          Min: 0, Avg: 3369.2, Max: 5356, Diff: 5356, Sum: 13477, Workers: 4
[1208.009s][debug][gc,phases      ] GC(39)   JNI Weak                       Min:  0.0, Avg:  0.0, Max:  0.0, Diff:  0.0, Sum:  0.0, Workers: 4
[1208.009s][debug][gc,phases      ] GC(39)     Dead                           Min: 0, Avg:  0.0, Max: 0, Diff: 0, Sum: 0, Workers: 4
[1208.009s][debug][gc,phases      ] GC(39)     Total                          Min: 0, Avg: 12.0, Max: 48, Diff: 48, Sum: 48, Workers: 4
[1208.009s][debug][gc,phases      ] GC(39)   StringDedup Table Weak         Min:  0.0, Avg:  0.0, Max:  0.0, Diff:  0.0, Sum:  0.0, Workers: 4
[1208.009s][debug][gc,phases      ] GC(39)     Dead                           Min: 0, Avg:  0.0, Max: 0, Diff: 0, Sum: 0, Workers: 4
[1208.009s][debug][gc,phases      ] GC(39)     Total                          Min: 0, Avg:  0.0, Max: 0, Diff: 0, Sum: 0, Workers: 4
[1208.010s][debug][gc,phases      ] GC(39)   StringDedup Requests0 Weak     Min:  0.0, Avg:  0.0, Max:  0.0, Diff:  0.0, Sum:  0.0, Workers: 4
[1208.010s][debug][gc,phases      ] GC(39)     Dead                           Min: 0, Avg:  0.0, Max: 0, Diff: 0, Sum: 0, Workers: 4
[1208.010s][debug][gc,phases      ] GC(39)     Total                          Min: 0, Avg:  0.0, Max: 0, Diff: 0, Sum: 0, Workers: 4
[1208.010s][debug][gc,phases      ] GC(39)   StringDedup Requests1 Weak     Min:  0.0, Avg:  0.0, Max:  0.0, Diff:  0.0, Sum:  0.0, Workers: 4
[1208.010s][debug][gc,phases      ] GC(39)     Dead                           Min: 0, Avg:  0.0, Max: 0, Diff: 0, Sum: 0, Workers: 4
[1208.010s][debug][gc,phases      ] GC(39)     Total                          Min: 0, Avg:  0.0, Max: 0, Diff: 0, Sum: 0, Workers: 4
[1208.010s][debug][gc,phases      ] GC(39)   Weak JFR Old Object Samples    Min:  0.0, Avg:  0.0, Max:  0.0, Diff:  0.0, Sum:  0.0, Workers: 4
[1208.010s][debug][gc,phases      ] GC(39)     Dead                           Min: 0, Avg:  0.0, Max: 0, Diff: 0, Sum: 0, Workers: 4
[1208.010s][debug][gc,phases      ] GC(39)     Total                          Min: 0, Avg:  0.0, Max: 0, Diff: 0, Sum: 0, Workers: 4
[1208.010s][debug][gc,phases      ] GC(39) Weak Processing 0.435ms
[1208.010s][debug][gc,age         ] GC(39) Desired survivor size 282066944 bytes, new threshold 15 (max threshold 15)
[1208.010s][info ][gc,heap        ] GC(39) PSYoungGen: 1550800K(1811968K)->32864K(1803264K) Eden: 1518080K(1518080K)->0K(1518080K) From: 32720K(293888K)->32864K(285184K)
[1208.010s][info ][gc,heap        ] GC(39) ParOldGen: 300316K(359424K)->300316K(359424K)
[1208.010s][info ][gc,metaspace   ] GC(39) Metaspace: 95748K(97024K)->95748K(97024K) NonClass: 81634K(82368K)->81634K(82368K) Class: 14113K(14656K)->14113K(14656K)
[1208.010s][info ][gc             ] GC(39) Pause Young (Allocation Failure) 1807M->325M(2112M) 8.786ms
[1208.010s][info ][gc,cpu         ] GC(39) User=0.04s Sys=0.00s Real=0.00s
[1208.010s][info ][safepoint      ] Safepoint "ParallelGCFailedAllocation", Time since last: 7987036586 ns, Reaching safepoint: 75900 ns, Cleanup: 3100 ns, At safepoint: 8854143 ns, Total: 8933143 ns
[1209.010s][info ][safepoint      ] Safepoint "Cleanup", Time since last: 1000089167 ns, Reaching safepoint: 5100 ns, Cleanup: 9400 ns, At safepoint: 1800 ns, Total: 16300 ns
[1210.010s][info ][safepoint      ] Safepoint "Cleanup", Time since last: 1000107567 ns, Reaching safepoint: 77500 ns, Cleanup: 12800 ns, At safepoint: 5800 ns, Total: 96100 ns
[1214.010s][info ][safepoint      ] Safepoint "Cleanup", Time since last: 4000318168 ns, Reaching safepoint: 7000 ns, Cleanup: 17900 ns, At safepoint: 2100 ns, Total: 27000 ns
[1215.010s][info ][safepoint      ] Safepoint "Cleanup", Time since last: 1000125368 ns, Reaching safepoint: 6600 ns, Cleanup: 11800 ns, At safepoint: 7700 ns, Total: 26100 ns
[1218.011s][info ][safepoint      ] Safepoint "Cleanup", Time since last: 3000250192 ns, Reaching safepoint: 6200 ns, Cleanup: 11700 ns, At safepoint: 1700 ns, Total: 19600 ns
[1219.011s][info ][safepoint      ] Safepoint "Cleanup", Time since last: 1000115591 ns, Reaching safepoint: 5500 ns, Cleanup: 12000 ns, At safepoint: 1800 ns, Total: 19300 ns
[1221.011s][info ][safepoint      ] Safepoint "Cleanup", Time since last: 2000173682 ns, Reaching safepoint: 6400 ns, Cleanup: 8200 ns, At safepoint: 2900 ns, Total: 17500 ns
[1223.011s][info ][safepoint      ] Safepoint "Cleanup", Time since last: 2000181582 ns, Reaching safepoint: 6200 ns, Cleanup: 10500 ns, At safepoint: 2100 ns, Total: 18800 ns
[1230.358s][info ][gc,start       ] GC(40) Pause Young (Allocation Failure)
[1230.369s][debug][gc,phases      ] GC(40) Scavenge 10.754ms
[1230.369s][debug][gc,ref         ] GC(40) ReferenceProcessor::execute queues: 1, RefProcThreadModel::Single, marks_oops_alive: false
[1230.369s][debug][gc,ref         ] GC(40) Skipped KeepAliveFinalRefsPhase of Reference Processing: no references
[1230.369s][debug][gc,ref         ] GC(40) ReferenceProcessor::execute queues: 1, RefProcThreadModel::Single, marks_oops_alive: false
[1230.369s][debug][gc,phases      ] GC(40) Reference Processing 0.118ms
[1230.370s][debug][gc,phases      ] GC(40)   VM Weak                        Min:  0.0, Avg:  0.0, Max:  0.0, Diff:  0.0, Sum:  0.0, Workers: 4
[1230.370s][debug][gc,phases      ] GC(40)     Dead                           Min: 0, Avg:  0.0, Max: 0, Diff: 0, Sum: 0, Workers: 4
[1230.370s][debug][gc,phases      ] GC(40)     Total                          Min: 55, Avg: 253.8, Max: 576, Diff: 521, Sum: 1015, Workers: 4
[1230.370s][debug][gc,phases      ] GC(40)   ObjectSynchronizer Weak        Min:  0.0, Avg:  0.0, Max:  0.0, Diff:  0.0, Sum:  0.0, Workers: 4
[1230.370s][debug][gc,phases      ] GC(40)     Dead                           Min: 0, Avg:  0.0, Max: 0, Diff: 0, Sum: 0, Workers: 4
[1230.370s][debug][gc,phases      ] GC(40)     Total                          Min: 0, Avg:  1.0, Max: 4, Diff: 4, Sum: 4, Workers: 4
[1230.370s][debug][gc,phases      ] GC(40)   JVMTI Tag Weak OopStorage      Min:  0.0, Avg:  0.0, Max:  0.0, Diff:  0.0, Sum:  0.0, Workers: 4
[1230.370s][debug][gc,phases      ] GC(40)     Dead                           Min: 0, Avg:  0.0, Max: 0, Diff: 0, Sum: 0, Workers: 4
[1230.370s][debug][gc,phases      ] GC(40)     Total                          Min: 0, Avg:  0.0, Max: 0, Diff: 0, Sum: 0, Workers: 4
[1230.370s][debug][gc,phases      ] GC(40)   StringTable Weak               Min:  0.1, Avg:  0.1, Max:  0.1, Diff:  0.0, Sum:  0.5, Workers: 4
[1230.370s][debug][gc,phases      ] GC(40)     Dead                           Min: 0, Avg:  0.0, Max: 0, Diff: 0, Sum: 0, Workers: 4
[1230.370s][debug][gc,phases      ] GC(40)     Total                          Min: 11988, Avg: 12084.8, Max: 12160, Diff: 172, Sum: 48339, Workers: 4
[1230.370s][debug][gc,phases      ] GC(40)   ResolvedMethodTable Weak       Min:  0.0, Avg:  0.0, Max:  0.0, Diff:  0.0, Sum:  0.2, Workers: 4
[1230.370s][debug][gc,phases      ] GC(40)     Dead                           Min: 0, Avg:  0.0, Max: 0, Diff: 0, Sum: 0, Workers: 4
[1230.370s][debug][gc,phases      ] GC(40)     Total                          Min: 1657, Avg: 3369.5, Max: 4029, Diff: 2372, Sum: 13478, Workers: 4
[1230.370s][debug][gc,phases      ] GC(40)   JNI Weak                       Min:  0.0, Avg:  0.0, Max:  0.0, Diff:  0.0, Sum:  0.0, Workers: 4
[1230.370s][debug][gc,phases      ] GC(40)     Dead                           Min: 0, Avg:  0.0, Max: 0, Diff: 0, Sum: 0, Workers: 4
[1230.370s][debug][gc,phases      ] GC(40)     Total                          Min: 0, Avg: 12.0, Max: 48, Diff: 48, Sum: 48, Workers: 4
[1230.370s][debug][gc,phases      ] GC(40)   StringDedup Table Weak         Min:  0.0, Avg:  0.0, Max:  0.0, Diff:  0.0, Sum:  0.0, Workers: 4
[1230.370s][debug][gc,phases      ] GC(40)     Dead                           Min: 0, Avg:  0.0, Max: 0, Diff: 0, Sum: 0, Workers: 4
[1230.370s][debug][gc,phases      ] GC(40)     Total                          Min: 0, Avg:  0.0, Max: 0, Diff: 0, Sum: 0, Workers: 4
[1230.370s][debug][gc,phases      ] GC(40)   StringDedup Requests0 Weak     Min:  0.0, Avg:  0.0, Max:  0.0, Diff:  0.0, Sum:  0.0, Workers: 4
[1230.370s][debug][gc,phases      ] GC(40)     Dead                           Min: 0, Avg:  0.0, Max: 0, Diff: 0, Sum: 0, Workers: 4
[1230.370s][debug][gc,phases      ] GC(40)     Total                          Min: 0, Avg:  0.0, Max: 0, Diff: 0, Sum: 0, Workers: 4
[1230.370s][debug][gc,phases      ] GC(40)   StringDedup Requests1 Weak     Min:  0.0, Avg:  0.0, Max:  0.0, Diff:  0.0, Sum:  0.0, Workers: 4
[1230.370s][debug][gc,phases      ] GC(40)     Dead                           Min: 0, Avg:  0.0, Max: 0, Diff: 0, Sum: 0, Workers: 4
[1230.370s][debug][gc,phases      ] GC(40)     Total                          Min: 0, Avg:  0.0, Max: 0, Diff: 0, Sum: 0, Workers: 4
[1230.370s][debug][gc,phases      ] GC(40)   Weak JFR Old Object Samples    Min:  0.0, Avg:  0.0, Max:  0.0, Diff:  0.0, Sum:  0.0, Workers: 4
[1230.370s][debug][gc,phases      ] GC(40)     Dead                           Min: 0, Avg:  0.0, Max: 0, Diff: 0, Sum: 0, Workers: 4
[1230.370s][debug][gc,phases      ] GC(40)     Total                          Min: 0, Avg:  0.0, Max: 0, Diff: 0, Sum: 0, Workers: 4
[1230.370s][debug][gc,phases      ] GC(40) Weak Processing 0.392ms
[1230.370s][debug][gc,age         ] GC(40) Desired survivor size 270008320 bytes, new threshold 15 (max threshold 15)
[1230.370s][info ][gc,heap        ] GC(40) PSYoungGen: 1550944K(1803264K)->40112K(1833472K) Eden: 1518080K(1518080K)->0K(1558016K) From: 32864K(285184K)->40112K(275456K)
[1230.370s][info ][gc,heap        ] GC(40) ParOldGen: 300316K(359424K)->300316K(359424K)
[1230.370s][info ][gc,metaspace   ] GC(40) Metaspace: 95772K(97024K)->95772K(97024K) NonClass: 81658K(82368K)->81658K(82368K) Class: 14114K(14656K)->14114K(14656K)
[1230.370s][info ][gc             ] GC(40) Pause Young (Allocation Failure) 1807M->332M(2141M) 11.403ms
[1230.370s][info ][gc,cpu         ] GC(40) User=0.04s Sys=0.00s Real=0.01s
[1230.370s][info ][safepoint      ] Safepoint "ParallelGCFailedAllocation", Time since last: 7347081268 ns, Reaching safepoint: 5900 ns, Cleanup: 3600 ns, At safepoint: 11474756 ns, Total: 11484256 ns
[1236.370s][info ][safepoint      ] Safepoint "Cleanup", Time since last: 6000406781 ns, Reaching safepoint: 6200 ns, Cleanup: 8701 ns, At safepoint: 2200 ns, Total: 17101 ns
[1240.371s][info ][safepoint      ] Safepoint "Cleanup", Time since last: 4000276352 ns, Reaching safepoint: 5801 ns, Cleanup: 8103 ns, At safepoint: 1800 ns, Total: 15704 ns
[1241.371s][info ][safepoint      ] Safepoint "Cleanup", Time since last: 1000112842 ns, Reaching safepoint: 5300 ns, Cleanup: 6000 ns, At safepoint: 1600 ns, Total: 12900 ns
[1243.371s][info ][safepoint      ] Safepoint "Cleanup", Time since last: 2000154427 ns, Reaching safepoint: 5600 ns, Cleanup: 6100 ns, At safepoint: 1800 ns, Total: 13500 ns
[1248.371s][info ][safepoint      ] Safepoint "Cleanup", Time since last: 5000380059 ns, Reaching safepoint: 5901 ns, Cleanup: 11100 ns, At safepoint: 1900 ns, Total: 18901 ns
[1249.371s][info ][safepoint      ] Safepoint "Cleanup", Time since last: 1000109943 ns, Reaching safepoint: 7700 ns, Cleanup: 15600 ns, At safepoint: 7301 ns, Total: 30601 ns
[1253.372s][info ][safepoint      ] Safepoint "Cleanup", Time since last: 4000318280 ns, Reaching safepoint: 22300 ns, Cleanup: 7000 ns, At safepoint: 10601 ns, Total: 39901 ns
[1254.372s][info ][safepoint      ] Safepoint "Cleanup", Time since last: 1000105145 ns, Reaching safepoint: 6700 ns, Cleanup: 8500 ns, At safepoint: 2500 ns, Total: 17700 ns
[1255.372s][info ][safepoint      ] Safepoint "Cleanup", Time since last: 1000114946 ns, Reaching safepoint: 7300 ns, Cleanup: 9000 ns, At safepoint: 2300 ns, Total: 18600 ns
[1256.372s][info ][safepoint      ] Safepoint "Cleanup", Time since last: 1000125746 ns, Reaching safepoint: 6100 ns, Cleanup: 9000 ns, At safepoint: 1700 ns, Total: 16800 ns
[1257.372s][info ][safepoint      ] Safepoint "Cleanup", Time since last: 1000122521 ns, Reaching safepoint: 5700 ns, Cleanup: 6200 ns, At safepoint: 1800 ns, Total: 13700 ns
[1257.968s][info ][safepoint      ] Safepoint "ParallelGCFailedAllocation", Time since last: 595572360 ns, Reaching safepoint: 77801 ns, Cleanup: 34300 ns, At safepoint: 12701 ns, Total: 124802 ns
[1257.969s][info ][gc,start       ] GC(41) Pause Young (GCLocker Initiated GC)
[1257.982s][debug][gc,phases      ] GC(41) Scavenge 13.265ms
[1257.982s][debug][gc,ref         ] GC(41) ReferenceProcessor::execute queues: 1, RefProcThreadModel::Single, marks_oops_alive: false
[1257.982s][debug][gc,ref         ] GC(41) Skipped KeepAliveFinalRefsPhase of Reference Processing: no references
[1257.982s][debug][gc,ref         ] GC(41) ReferenceProcessor::execute queues: 1, RefProcThreadModel::Single, marks_oops_alive: false
[1257.982s][debug][gc,phases      ] GC(41) Reference Processing 0.110ms
[1257.982s][debug][gc,phases      ] GC(41)   VM Weak                        Min:  0.0, Avg:  0.0, Max:  0.0, Diff:  0.0, Sum:  0.0, Workers: 4
[1257.982s][debug][gc,phases      ] GC(41)     Dead                           Min: 0, Avg:  0.0, Max: 0, Diff: 0, Sum: 0, Workers: 4
[1257.982s][debug][gc,phases      ] GC(41)     Total                          Min: 0, Avg: 253.8, Max: 640, Diff: 640, Sum: 1015, Workers: 4
[1257.982s][debug][gc,phases      ] GC(41)   ObjectSynchronizer Weak        Min:  0.0, Avg:  0.0, Max:  0.0, Diff:  0.0, Sum:  0.0, Workers: 4
[1257.982s][debug][gc,phases      ] GC(41)     Dead                           Min: 0, Avg:  0.0, Max: 0, Diff: 0, Sum: 0, Workers: 4
[1257.982s][debug][gc,phases      ] GC(41)     Total                          Min: 0, Avg:  1.0, Max: 4, Diff: 4, Sum: 4, Workers: 4
[1257.982s][debug][gc,phases      ] GC(41)   JVMTI Tag Weak OopStorage      Min:  0.0, Avg:  0.0, Max:  0.0, Diff:  0.0, Sum:  0.0, Workers: 4
[1257.982s][debug][gc,phases      ] GC(41)     Dead                           Min: 0, Avg:  0.0, Max: 0, Diff: 0, Sum: 0, Workers: 4
[1257.982s][debug][gc,phases      ] GC(41)     Total                          Min: 0, Avg:  0.0, Max: 0, Diff: 0, Sum: 0, Workers: 4
[1257.982s][debug][gc,phases      ] GC(41)   StringTable Weak               Min:  0.0, Avg:  0.1, Max:  0.1, Diff:  0.1, Sum:  0.4, Workers: 4
[1257.982s][debug][gc,phases      ] GC(41)     Dead                           Min: 0, Avg:  0.0, Max: 0, Diff: 0, Sum: 0, Workers: 4
[1257.982s][debug][gc,phases      ] GC(41)     Total                          Min: 0, Avg: 12084.8, Max: 16319, Diff: 16319, Sum: 48339, Workers: 4
[1257.982s][debug][gc,phases      ] GC(41)   ResolvedMethodTable Weak       Min:  0.0, Avg:  0.0, Max:  0.0, Diff:  0.0, Sum:  0.1, Workers: 4
[1257.983s][debug][gc,phases      ] GC(41)     Dead                           Min: 0, Avg:  0.0, Max: 0, Diff: 0, Sum: 0, Workers: 4
[1257.983s][debug][gc,phases      ] GC(41)     Total                          Min: 0, Avg: 3369.5, Max: 4610, Diff: 4610, Sum: 13478, Workers: 4
[1257.983s][debug][gc,phases      ] GC(41)   JNI Weak                       Min:  0.0, Avg:  0.0, Max:  0.0, Diff:  0.0, Sum:  0.0, Workers: 4
[1257.983s][debug][gc,phases      ] GC(41)     Dead                           Min: 0, Avg:  0.0, Max: 0, Diff: 0, Sum: 0, Workers: 4
[1257.983s][debug][gc,phases      ] GC(41)     Total                          Min: 0, Avg: 12.0, Max: 48, Diff: 48, Sum: 48, Workers: 4
[1257.983s][debug][gc,phases      ] GC(41)   StringDedup Table Weak         Min:  0.0, Avg:  0.0, Max:  0.0, Diff:  0.0, Sum:  0.0, Workers: 4
[1257.983s][debug][gc,phases      ] GC(41)     Dead                           Min: 0, Avg:  0.0, Max: 0, Diff: 0, Sum: 0, Workers: 4
[1257.983s][debug][gc,phases      ] GC(41)     Total                          Min: 0, Avg:  0.0, Max: 0, Diff: 0, Sum: 0, Workers: 4
[1257.983s][debug][gc,phases      ] GC(41)   StringDedup Requests0 Weak     Min:  0.0, Avg:  0.0, Max:  0.0, Diff:  0.0, Sum:  0.0, Workers: 4
[1257.983s][debug][gc,phases      ] GC(41)     Dead                           Min: 0, Avg:  0.0, Max: 0, Diff: 0, Sum: 0, Workers: 4
[1257.983s][debug][gc,phases      ] GC(41)     Total                          Min: 0, Avg:  0.0, Max: 0, Diff: 0, Sum: 0, Workers: 4
[1257.983s][debug][gc,phases      ] GC(41)   StringDedup Requests1 Weak     Min:  0.0, Avg:  0.0, Max:  0.0, Diff:  0.0, Sum:  0.0, Workers: 4
[1257.983s][debug][gc,phases      ] GC(41)     Dead                           Min: 0, Avg:  0.0, Max: 0, Diff: 0, Sum: 0, Workers: 4
[1257.983s][debug][gc,phases      ] GC(41)     Total                          Min: 0, Avg:  0.0, Max: 0, Diff: 0, Sum: 0, Workers: 4
[1257.983s][debug][gc,phases      ] GC(41)   Weak JFR Old Object Samples    Min:  0.0, Avg:  0.0, Max:  0.0, Diff:  0.0, Sum:  0.0, Workers: 4
[1257.983s][debug][gc,phases      ] GC(41)     Dead                           Min: 0, Avg:  0.0, Max: 0, Diff: 0, Sum: 0, Workers: 4
[1257.983s][debug][gc,phases      ] GC(41)     Total                          Min: 0, Avg:  0.0, Max: 0, Diff: 0, Sum: 0, Workers: 4
[1257.983s][debug][gc,phases      ] GC(41) Weak Processing 0.415ms
[1257.983s][debug][gc,age         ] GC(41) Desired survivor size 257949696 bytes, new threshold 15 (max threshold 15)
[1257.983s][info ][gc,heap        ] GC(41) PSYoungGen: 1598128K(1833472K)->42619K(1821696K) Eden: 1558016K(1558016K)->0K(1558016K) From: 40112K(275456K)->42619K(263680K)
[1257.983s][info ][gc,heap        ] GC(41) ParOldGen: 301922K(359424K)->301922K(359424K)
[1257.983s][info ][gc,metaspace   ] GC(41) Metaspace: 95785K(97024K)->95785K(97024K) NonClass: 81671K(82368K)->81671K(82368K) Class: 14114K(14656K)->14114K(14656K)
[1257.983s][info ][gc             ] GC(41) Pause Young (GCLocker Initiated GC) 1855M->336M(2130M) 13.901ms
[1257.983s][info ][gc,cpu         ] GC(41) User=0.04s Sys=0.00s Real=0.02s
[1257.983s][info ][safepoint      ] Safepoint "ParallelGCSystemGC", Time since last: 682607 ns, Reaching safepoint: 79501 ns, Cleanup: 1600 ns, At safepoint: 13970361 ns, Total: 14051462 ns
[1258.983s][info ][safepoint      ] Safepoint "Cleanup", Time since last: 1000093320 ns, Reaching safepoint: 5200 ns, Cleanup: 21901 ns, At safepoint: 2600 ns, Total: 29701 ns
[1259.983s][info ][safepoint      ] Safepoint "Cleanup", Time since last: 1000097320 ns, Reaching safepoint: 6000 ns, Cleanup: 8800 ns, At safepoint: 1800 ns, Total: 16600 ns
[1261.404s][info ][safepoint      ] Safepoint "Cleanup", Time since last: 1420509463 ns, Reaching safepoint: 78200 ns, Cleanup: 10901 ns, At safepoint: 5300 ns, Total: 94401 ns
[1263.404s][info ][safepoint      ] Safepoint "Cleanup", Time since last: 2000184040 ns, Reaching safepoint: 6300 ns, Cleanup: 9200 ns, At safepoint: 1600 ns, Total: 17100 ns
[1264.404s][info ][safepoint      ] Safepoint "Cleanup", Time since last: 1000102419 ns, Reaching safepoint: 5900 ns, Cleanup: 9700 ns, At safepoint: 2000 ns, Total: 17600 ns
[1268.404s][info ][safepoint      ] Safepoint "Cleanup", Time since last: 4000294979 ns, Reaching safepoint: 6500 ns, Cleanup: 7300 ns, At safepoint: 1700 ns, Total: 15500 ns
[1273.951s][info ][gc,start       ] GC(42) Pause Young (Allocation Failure)
[1273.965s][debug][gc,phases      ] GC(42) Scavenge 14.051ms
[1273.965s][debug][gc,ref         ] GC(42) ReferenceProcessor::execute queues: 1, RefProcThreadModel::Single, marks_oops_alive: false
[1273.965s][debug][gc,ref         ] GC(42) Skipped KeepAliveFinalRefsPhase of Reference Processing: no references
[1273.965s][debug][gc,ref         ] GC(42) ReferenceProcessor::execute queues: 1, RefProcThreadModel::Single, marks_oops_alive: false
[1273.965s][debug][gc,phases      ] GC(42) Reference Processing 0.112ms
[1273.965s][debug][gc,phases      ] GC(42)   VM Weak                        Min:  0.0, Avg:  0.0, Max:  0.0, Diff:  0.0, Sum:  0.0, Workers: 4
[1273.965s][debug][gc,phases      ] GC(42)     Dead                           Min: 0, Avg:  0.0, Max: 0, Diff: 0, Sum: 0, Workers: 4
[1273.965s][debug][gc,phases      ] GC(42)     Total                          Min: 0, Avg: 253.8, Max: 951, Diff: 951, Sum: 1015, Workers: 4
[1273.965s][debug][gc,phases      ] GC(42)   ObjectSynchronizer Weak        Min:  0.0, Avg:  0.0, Max:  0.0, Diff:  0.0, Sum:  0.0, Workers: 4
[1273.965s][debug][gc,phases      ] GC(42)     Dead                           Min: 0, Avg:  0.0, Max: 0, Diff: 0, Sum: 0, Workers: 4
[1273.965s][debug][gc,phases      ] GC(42)     Total                          Min: 0, Avg:  1.0, Max: 4, Diff: 4, Sum: 4, Workers: 4
[1273.965s][debug][gc,phases      ] GC(42)   JVMTI Tag Weak OopStorage      Min:  0.0, Avg:  0.0, Max:  0.0, Diff:  0.0, Sum:  0.0, Workers: 4
[1273.965s][debug][gc,phases      ] GC(42)     Dead                           Min: 0, Avg:  0.0, Max: 0, Diff: 0, Sum: 0, Workers: 4
[1273.965s][debug][gc,phases      ] GC(42)     Total                          Min: 0, Avg:  0.0, Max: 0, Diff: 0, Sum: 0, Workers: 4
[1273.965s][debug][gc,phases      ] GC(42)   StringTable Weak               Min:  0.0, Avg:  0.1, Max:  0.1, Diff:  0.1, Sum:  0.4, Workers: 4
[1273.965s][debug][gc,phases      ] GC(42)     Dead                           Min: 0, Avg:  0.0, Max: 0, Diff: 0, Sum: 0, Workers: 4
[1273.965s][debug][gc,phases      ] GC(42)     Total                          Min: 0, Avg: 12085.2, Max: 19798, Diff: 19798, Sum: 48341, Workers: 4
[1273.965s][debug][gc,phases      ] GC(42)   ResolvedMethodTable Weak       Min:  0.0, Avg:  0.0, Max:  0.0, Diff:  0.0, Sum:  0.1, Workers: 4
[1273.965s][debug][gc,phases      ] GC(42)     Dead                           Min: 0, Avg:  0.0, Max: 0, Diff: 0, Sum: 0, Workers: 4
[1273.965s][debug][gc,phases      ] GC(42)     Total                          Min: 0, Avg: 3369.5, Max: 6302, Diff: 6302, Sum: 13478, Workers: 4
[1273.965s][debug][gc,phases      ] GC(42)   JNI Weak                       Min:  0.0, Avg:  0.0, Max:  0.0, Diff:  0.0, Sum:  0.0, Workers: 4
[1273.965s][debug][gc,phases      ] GC(42)     Dead                           Min: 0, Avg:  0.0, Max: 0, Diff: 0, Sum: 0, Workers: 4
[1273.965s][debug][gc,phases      ] GC(42)     Total                          Min: 0, Avg: 12.0, Max: 48, Diff: 48, Sum: 48, Workers: 4
[1273.965s][debug][gc,phases      ] GC(42)   StringDedup Table Weak         Min:  0.0, Avg:  0.0, Max:  0.0, Diff:  0.0, Sum:  0.0, Workers: 4
[1273.965s][debug][gc,phases      ] GC(42)     Dead                           Min: 0, Avg:  0.0, Max: 0, Diff: 0, Sum: 0, Workers: 4
[1273.965s][debug][gc,phases      ] GC(42)     Total                          Min: 0, Avg:  0.0, Max: 0, Diff: 0, Sum: 0, Workers: 4
[1273.965s][debug][gc,phases      ] GC(42)   StringDedup Requests0 Weak     Min:  0.0, Avg:  0.0, Max:  0.0, Diff:  0.0, Sum:  0.0, Workers: 4
[1273.965s][debug][gc,phases      ] GC(42)     Dead                           Min: 0, Avg:  0.0, Max: 0, Diff: 0, Sum: 0, Workers: 4
[1273.965s][debug][gc,phases      ] GC(42)     Total                          Min: 0, Avg:  0.0, Max: 0, Diff: 0, Sum: 0, Workers: 4
[1273.965s][debug][gc,phases      ] GC(42)   StringDedup Requests1 Weak     Min:  0.0, Avg:  0.0, Max:  0.0, Diff:  0.0, Sum:  0.0, Workers: 4
[1273.965s][debug][gc,phases      ] GC(42)     Dead                           Min: 0, Avg:  0.0, Max: 0, Diff: 0, Sum: 0, Workers: 4
[1273.965s][debug][gc,phases      ] GC(42)     Total                          Min: 0, Avg:  0.0, Max: 0, Diff: 0, Sum: 0, Workers: 4
[1273.965s][debug][gc,phases      ] GC(42)   Weak JFR Old Object Samples    Min:  0.0, Avg:  0.0, Max:  0.0, Diff:  0.0, Sum:  0.0, Workers: 4
[1273.965s][debug][gc,phases      ] GC(42)     Dead                           Min: 0, Avg:  0.0, Max: 0, Diff: 0, Sum: 0, Workers: 4
[1273.965s][debug][gc,phases      ] GC(42)     Total                          Min: 0, Avg:  0.0, Max: 0, Diff: 0, Sum: 0, Workers: 4
[1273.965s][debug][gc,phases      ] GC(42) Weak Processing 0.408ms
[1273.965s][debug][gc,age         ] GC(42) Desired survivor size 244318208 bytes, new threshold 15 (max threshold 15)
[1273.965s][info ][gc,heap        ] GC(42) PSYoungGen: 1600635K(1821696K)->50176K(1858560K) Eden: 1558016K(1558016K)->0K(1606656K) From: 42619K(263680K)->50176K(251904K)
[1273.965s][info ][gc,heap        ] GC(42) ParOldGen: 301924K(359424K)->301924K(359424K)
[1273.965s][info ][gc,metaspace   ] GC(42) Metaspace: 95797K(97152K)->95797K(97152K) NonClass: 81683K(82496K)->81683K(82496K) Class: 14114K(14656K)->14114K(14656K)
[1273.965s][info ][gc             ] GC(42) Pause Young (Allocation Failure) 1857M->343M(2166M) 14.694ms
[1273.965s][info ][gc,cpu         ] GC(42) User=0.06s Sys=0.00s Real=0.02s
[1273.965s][info ][safepoint      ] Safepoint "ParallelGCFailedAllocation", Time since last: 5546346599 ns, Reaching safepoint: 78101 ns, Cleanup: 4300 ns, At safepoint: 14782763 ns, Total: 14865164 ns
[1279.966s][info ][safepoint      ] Safepoint "Cleanup", Time since last: 6000383163 ns, Reaching safepoint: 6500 ns, Cleanup: 8000 ns, At safepoint: 2200 ns, Total: 16700 ns
[1282.966s][info ][safepoint      ] Safepoint "Cleanup", Time since last: 3000198898 ns, Reaching safepoint: 7000 ns, Cleanup: 9300 ns, At safepoint: 2200 ns, Total: 18500 ns
[1310.968s][info ][safepoint      ] Safepoint "Cleanup", Time since last: 28001847800 ns, Reaching safepoint: 5900 ns, Cleanup: 7800 ns, At safepoint: 1800 ns, Total: 15500 ns
[1311.968s][info ][safepoint      ] Safepoint "Cleanup", Time since last: 1000108053 ns, Reaching safepoint: 5500 ns, Cleanup: 17900 ns, At safepoint: 1900 ns, Total: 25300 ns
[1313.968s][info ][safepoint      ] Safepoint "Cleanup", Time since last: 2000178187 ns, Reaching safepoint: 5900 ns, Cleanup: 17400 ns, At safepoint: 6600 ns, Total: 29900 ns
[1315.968s][info ][safepoint      ] Safepoint "Cleanup", Time since last: 2000217388 ns, Reaching safepoint: 5600 ns, Cleanup: 10100 ns, At safepoint: 11100 ns, Total: 26800 ns
[1316.969s][info ][safepoint      ] Safepoint "Cleanup", Time since last: 1000101093 ns, Reaching safepoint: 5901 ns, Cleanup: 15300 ns, At safepoint: 2700 ns, Total: 23901 ns
[1317.969s][info ][safepoint      ] Safepoint "Cleanup", Time since last: 1000125794 ns, Reaching safepoint: 6000 ns, Cleanup: 14800 ns, At safepoint: 2200 ns, Total: 23000 ns
[1318.969s][info ][safepoint      ] Safepoint "Cleanup", Time since last: 1000109194 ns, Reaching safepoint: 5700 ns, Cleanup: 6800 ns, At safepoint: 1800 ns, Total: 14300 ns
[1319.969s][info ][safepoint      ] Safepoint "Cleanup", Time since last: 1000138372 ns, Reaching safepoint: 7100 ns, Cleanup: 10201 ns, At safepoint: 2000 ns, Total: 19301 ns
[1321.418s][info ][safepoint      ] Safepoint "Cleanup", Time since last: 1449483506 ns, Reaching safepoint: 7000 ns, Cleanup: 10500 ns, At safepoint: 2400 ns, Total: 19900 ns
[1322.419s][info ][safepoint      ] Safepoint "Cleanup", Time since last: 1000107712 ns, Reaching safepoint: 5500 ns, Cleanup: 7901 ns, At safepoint: 1700 ns, Total: 15101 ns
[1323.419s][info ][safepoint      ] Safepoint "Cleanup", Time since last: 1000102512 ns, Reaching safepoint: 6800 ns, Cleanup: 8100 ns, At safepoint: 2300 ns, Total: 17200 ns
[1329.964s][info ][safepoint      ] Safepoint "Cleanup", Time since last: 6545573569 ns, Reaching safepoint: 74300 ns, Cleanup: 10301 ns, At safepoint: 8000 ns, Total: 92601 ns
[1330.965s][info ][safepoint      ] Safepoint "Cleanup", Time since last: 1000102423 ns, Reaching safepoint: 5600 ns, Cleanup: 9800 ns, At safepoint: 2100 ns, Total: 17500 ns
[1331.965s][info ][safepoint      ] Safepoint "Cleanup", Time since last: 1000102124 ns, Reaching safepoint: 7400 ns, Cleanup: 18600 ns, At safepoint: 2200 ns, Total: 28200 ns
[1332.965s][info ][safepoint      ] Safepoint "Cleanup", Time since last: 1000104023 ns, Reaching safepoint: 5400 ns, Cleanup: 8800 ns, At safepoint: 2100 ns, Total: 16300 ns
[1333.965s][info ][safepoint      ] Safepoint "Cleanup", Time since last: 1000104224 ns, Reaching safepoint: 5600 ns, Cleanup: 8300 ns, At safepoint: 2000 ns, Total: 15900 ns
[1334.965s][info ][safepoint      ] Safepoint "Cleanup", Time since last: 1000099923 ns, Reaching safepoint: 5500 ns, Cleanup: 16001 ns, At safepoint: 2000 ns, Total: 23501 ns
[1336.965s][info ][safepoint      ] Safepoint "Cleanup", Time since last: 2000182439 ns, Reaching safepoint: 5800 ns, Cleanup: 13600 ns, At safepoint: 2000 ns, Total: 21400 ns
[1338.965s][info ][safepoint      ] Safepoint "Cleanup", Time since last: 2000133940 ns, Reaching safepoint: 6400 ns, Cleanup: 7400 ns, At safepoint: 1900 ns, Total: 15700 ns
[1341.626s][info ][gc,start       ] GC(43) Pause Young (Allocation Failure)
[1341.641s][debug][gc,phases      ] GC(43) Scavenge 14.641ms
[1341.641s][debug][gc,ref         ] GC(43) ReferenceProcessor::execute queues: 1, RefProcThreadModel::Single, marks_oops_alive: false
[1341.641s][debug][gc,ref         ] GC(43) Skipped KeepAliveFinalRefsPhase of Reference Processing: no references
[1341.641s][debug][gc,ref         ] GC(43) ReferenceProcessor::execute queues: 1, RefProcThreadModel::Single, marks_oops_alive: false
[1341.641s][debug][gc,phases      ] GC(43) Reference Processing 0.116ms
[1341.641s][debug][gc,phases      ] GC(43)   VM Weak                        Min:  0.0, Avg:  0.0, Max:  0.0, Diff:  0.0, Sum:  0.0, Workers: 4
[1341.641s][debug][gc,phases      ] GC(43)     Dead                           Min: 0, Avg:  0.0, Max: 0, Diff: 0, Sum: 0, Workers: 4
[1341.641s][debug][gc,phases      ] GC(43)     Total                          Min: 0, Avg: 253.8, Max: 951, Diff: 951, Sum: 1015, Workers: 4
[1341.641s][debug][gc,phases      ] GC(43)   ObjectSynchronizer Weak        Min:  0.0, Avg:  0.0, Max:  0.0, Diff:  0.0, Sum:  0.0, Workers: 4
[1341.641s][debug][gc,phases      ] GC(43)     Dead                           Min: 0, Avg:  0.0, Max: 0, Diff: 0, Sum: 0, Workers: 4
[1341.641s][debug][gc,phases      ] GC(43)     Total                          Min: 0, Avg:  1.0, Max: 4, Diff: 4, Sum: 4, Workers: 4
[1341.641s][debug][gc,phases      ] GC(43)   JVMTI Tag Weak OopStorage      Min:  0.0, Avg:  0.0, Max:  0.0, Diff:  0.0, Sum:  0.0, Workers: 4
[1341.641s][debug][gc,phases      ] GC(43)     Dead                           Min: 0, Avg:  0.0, Max: 0, Diff: 0, Sum: 0, Workers: 4
[1341.641s][debug][gc,phases      ] GC(43)     Total                          Min: 0, Avg:  0.0, Max: 0, Diff: 0, Sum: 0, Workers: 4
[1341.641s][debug][gc,phases      ] GC(43)   StringTable Weak               Min:  0.0, Avg:  0.1, Max:  0.1, Diff:  0.1, Sum:  0.4, Workers: 4
[1341.641s][debug][gc,phases      ] GC(43)     Dead                           Min: 0, Avg:  0.0, Max: 0, Diff: 0, Sum: 0, Workers: 4
[1341.641s][debug][gc,phases      ] GC(43)     Total                          Min: 0, Avg: 12086.8, Max: 19327, Diff: 19327, Sum: 48347, Workers: 4
[1341.641s][debug][gc,phases      ] GC(43)   ResolvedMethodTable Weak       Min:  0.0, Avg:  0.0, Max:  0.0, Diff:  0.0, Sum:  0.1, Workers: 4
[1341.641s][debug][gc,phases      ] GC(43)     Dead                           Min: 0, Avg:  0.2, Max: 1, Diff: 1, Sum: 1, Workers: 4
[1341.641s][debug][gc,phases      ] GC(43)     Total                          Min: 0, Avg: 3369.8, Max: 5511, Diff: 5511, Sum: 13479, Workers: 4
[1341.641s][debug][gc,phases      ] GC(43)   JNI Weak                       Min:  0.0, Avg:  0.0, Max:  0.0, Diff:  0.0, Sum:  0.0, Workers: 4
[1341.641s][debug][gc,phases      ] GC(43)     Dead                           Min: 0, Avg:  0.0, Max: 0, Diff: 0, Sum: 0, Workers: 4
[1341.641s][debug][gc,phases      ] GC(43)     Total                          Min: 0, Avg: 12.0, Max: 48, Diff: 48, Sum: 48, Workers: 4
[1341.641s][debug][gc,phases      ] GC(43)   StringDedup Table Weak         Min:  0.0, Avg:  0.0, Max:  0.0, Diff:  0.0, Sum:  0.0, Workers: 4
[1341.641s][debug][gc,phases      ] GC(43)     Dead                           Min: 0, Avg:  0.0, Max: 0, Diff: 0, Sum: 0, Workers: 4
[1341.641s][debug][gc,phases      ] GC(43)     Total                          Min: 0, Avg:  0.0, Max: 0, Diff: 0, Sum: 0, Workers: 4
[1341.641s][debug][gc,phases      ] GC(43)   StringDedup Requests0 Weak     Min:  0.0, Avg:  0.0, Max:  0.0, Diff:  0.0, Sum:  0.0, Workers: 4
[1341.641s][debug][gc,phases      ] GC(43)     Dead                           Min: 0, Avg:  0.0, Max: 0, Diff: 0, Sum: 0, Workers: 4
[1341.641s][debug][gc,phases      ] GC(43)     Total                          Min: 0, Avg:  0.0, Max: 0, Diff: 0, Sum: 0, Workers: 4
[1341.641s][debug][gc,phases      ] GC(43)   StringDedup Requests1 Weak     Min:  0.0, Avg:  0.0, Max:  0.0, Diff:  0.0, Sum:  0.0, Workers: 4
[1341.641s][debug][gc,phases      ] GC(43)     Dead                           Min: 0, Avg:  0.0, Max: 0, Diff: 0, Sum: 0, Workers: 4
[1341.641s][debug][gc,phases      ] GC(43)     Total                          Min: 0, Avg:  0.0, Max: 0, Diff: 0, Sum: 0, Workers: 4
[1341.641s][debug][gc,phases      ] GC(43)   Weak JFR Old Object Samples    Min:  0.0, Avg:  0.0, Max:  0.0, Diff:  0.0, Sum:  0.0, Workers: 4
[1341.641s][debug][gc,phases      ] GC(43)     Dead                           Min: 0, Avg:  0.0, Max: 0, Diff: 0, Sum: 0, Workers: 4
[1341.641s][debug][gc,phases      ] GC(43)     Total                          Min: 0, Avg:  0.0, Max: 0, Diff: 0, Sum: 0, Workers: 4
[1341.641s][debug][gc,phases      ] GC(43) Weak Processing 0.410ms
[1341.641s][debug][gc,age         ] GC(43) Desired survivor size 230686720 bytes, new threshold 15 (max threshold 15)
[1341.641s][info ][gc,heap        ] GC(43) PSYoungGen: 1656832K(1858560K)->54816K(1845248K) Eden: 1606656K(1606656K)->0K(1606656K) From: 50176K(251904K)->54816K(238592K)
[1341.641s][info ][gc,heap        ] GC(43) ParOldGen: 301924K(359424K)->301932K(359424K)
[1341.641s][info ][gc,metaspace   ] GC(43) Metaspace: 95848K(97152K)->95848K(97152K) NonClass: 81732K(82496K)->81732K(82496K) Class: 14116K(14656K)->14116K(14656K)
[1341.641s][info ][gc             ] GC(43) Pause Young (Allocation Failure) 1912M->348M(2153M) 15.301ms
[1341.641s][info ][gc,cpu         ] GC(43) User=0.04s Sys=0.00s Real=0.02s
[1341.641s][info ][safepoint      ] Safepoint "ParallelGCFailedAllocation", Time since last: 2660704830 ns, Reaching safepoint: 6500 ns, Cleanup: 9500 ns, At safepoint: 15374542 ns, Total: 15390542 ns
[1343.642s][info ][safepoint      ] Safepoint "Cleanup", Time since last: 2000159637 ns, Reaching safepoint: 5301 ns, Cleanup: 8600 ns, At safepoint: 2100 ns, Total: 16001 ns
[1344.642s][info ][safepoint      ] Safepoint "Cleanup", Time since last: 1000107212 ns, Reaching safepoint: 8600 ns, Cleanup: 15700 ns, At safepoint: 2200 ns, Total: 26500 ns
[1345.642s][info ][safepoint      ] Safepoint "Cleanup", Time since last: 1000108747 ns, Reaching safepoint: 5300 ns, Cleanup: 6601 ns, At safepoint: 1800 ns, Total: 13701 ns
[1346.642s][info ][safepoint      ] Safepoint "Cleanup", Time since last: 1000108547 ns, Reaching safepoint: 6600 ns, Cleanup: 14400 ns, At safepoint: 2100 ns, Total: 23100 ns
[1348.642s][info ][safepoint      ] Safepoint "Cleanup", Time since last: 2000175910 ns, Reaching safepoint: 7000 ns, Cleanup: 9400 ns, At safepoint: 2000 ns, Total: 18400 ns
[1351.642s][info ][safepoint      ] Safepoint "Cleanup", Time since last: 3000232572 ns, Reaching safepoint: 6301 ns, Cleanup: 7200 ns, At safepoint: 1700 ns, Total: 15201 ns
[1362.643s][info ][safepoint      ] Safepoint "Cleanup", Time since last: 11000773451 ns, Reaching safepoint: 5400 ns, Cleanup: 6400 ns, At safepoint: 1900 ns, Total: 13700 ns
[1363.643s][info ][safepoint      ] Safepoint "Cleanup", Time since last: 1000102565 ns, Reaching safepoint: 6000 ns, Cleanup: 9200 ns, At safepoint: 1700 ns, Total: 16900 ns
[1364.643s][info ][safepoint      ] Safepoint "Cleanup", Time since last: 1000095547 ns, Reaching safepoint: 5500 ns, Cleanup: 6900 ns, At safepoint: 2100 ns, Total: 14500 ns
[1365.644s][info ][safepoint      ] Safepoint "Cleanup", Time since last: 1000103187 ns, Reaching safepoint: 6400 ns, Cleanup: 9500 ns, At safepoint: 1900 ns, Total: 17800 ns
[1368.644s][info ][safepoint      ] Safepoint "Cleanup", Time since last: 3000227945 ns, Reaching safepoint: 5900 ns, Cleanup: 11800 ns, At safepoint: 3100 ns, Total: 20800 ns
[1370.644s][info ][safepoint      ] Safepoint "Cleanup", Time since last: 2000151373 ns, Reaching safepoint: 6000 ns, Cleanup: 7100 ns, At safepoint: 2100 ns, Total: 15200 ns
[1372.644s][info ][safepoint      ] Safepoint "Cleanup", Time since last: 2000178774 ns, Reaching safepoint: 5900 ns, Cleanup: 9400 ns, At safepoint: 2300 ns, Total: 17600 ns
[1373.644s][info ][safepoint      ] Safepoint "Cleanup", Time since last: 1000063936 ns, Reaching safepoint: 5300 ns, Cleanup: 10801 ns, At safepoint: 2000 ns, Total: 18101 ns
[1383.435s][info ][safepoint      ] Safepoint "Cleanup", Time since last: 9790206253 ns, Reaching safepoint: 6100 ns, Cleanup: 8901 ns, At safepoint: 1900 ns, Total: 16901 ns
[1384.435s][info ][safepoint      ] Safepoint "Cleanup", Time since last: 1000095507 ns, Reaching safepoint: 6600 ns, Cleanup: 41100 ns, At safepoint: 2100 ns, Total: 49800 ns
[1385.435s][info ][safepoint      ] Safepoint "Cleanup", Time since last: 1000114946 ns, Reaching safepoint: 7000 ns, Cleanup: 19500 ns, At safepoint: 2600 ns, Total: 29100 ns
[1386.435s][info ][safepoint      ] Safepoint "Cleanup", Time since last: 1000119046 ns, Reaching safepoint: 6501 ns, Cleanup: 41200 ns, At safepoint: 2200 ns, Total: 49901 ns
[1387.435s][info ][safepoint      ] Safepoint "Cleanup", Time since last: 1000099446 ns, Reaching safepoint: 6400 ns, Cleanup: 9300 ns, At safepoint: 2200 ns, Total: 17900 ns
[1389.435s][info ][safepoint      ] Safepoint "Cleanup", Time since last: 2000170091 ns, Reaching safepoint: 5900 ns, Cleanup: 8200 ns, At safepoint: 2400 ns, Total: 16500 ns
[1390.435s][info ][safepoint      ] Safepoint "Cleanup", Time since last: 1000107865 ns, Reaching safepoint: 5400 ns, Cleanup: 9800 ns, At safepoint: 2100 ns, Total: 17300 ns
[1391.436s][info ][safepoint      ] Safepoint "Cleanup", Time since last: 1000085348 ns, Reaching safepoint: 5900 ns, Cleanup: 8800 ns, At safepoint: 1900 ns, Total: 16600 ns
[1392.436s][info ][safepoint      ] Safepoint "Cleanup", Time since last: 1000115677 ns, Reaching safepoint: 8600 ns, Cleanup: 15600 ns, At safepoint: 7400 ns, Total: 31600 ns
[1401.436s][info ][safepoint      ] Safepoint "Cleanup", Time since last: 9000615616 ns, Reaching safepoint: 5900 ns, Cleanup: 7000 ns, At safepoint: 2100 ns, Total: 15000 ns
[1412.437s][info ][safepoint      ] Safepoint "Cleanup", Time since last: 11000758232 ns, Reaching safepoint: 5500 ns, Cleanup: 6500 ns, At safepoint: 2600 ns, Total: 14600 ns
[1414.437s][info ][safepoint      ] Safepoint "Cleanup", Time since last: 2000160131 ns, Reaching safepoint: 5700 ns, Cleanup: 8200 ns, At safepoint: 2200 ns, Total: 16100 ns
[1414.641s][info ][gc,start       ] GC(44) Pause Young (Allocation Failure)
[1414.654s][debug][gc,phases      ] GC(44) Scavenge 13.610ms
[1414.654s][debug][gc,ref         ] GC(44) ReferenceProcessor::execute queues: 1, RefProcThreadModel::Single, marks_oops_alive: false
[1414.654s][debug][gc,ref         ] GC(44) Skipped KeepAliveFinalRefsPhase of Reference Processing: no references
[1414.654s][debug][gc,ref         ] GC(44) ReferenceProcessor::execute queues: 1, RefProcThreadModel::Single, marks_oops_alive: false
[1414.654s][debug][gc,phases      ] GC(44) Reference Processing 0.113ms
[1414.655s][debug][gc,phases      ] GC(44)   VM Weak                        Min:  0.0, Avg:  0.0, Max:  0.0, Diff:  0.0, Sum:  0.0, Workers: 4
[1414.655s][debug][gc,phases      ] GC(44)     Dead                           Min: 0, Avg:  0.0, Max: 0, Diff: 0, Sum: 0, Workers: 4
[1414.655s][debug][gc,phases      ] GC(44)     Total                          Min: 0, Avg: 253.8, Max: 896, Diff: 896, Sum: 1015, Workers: 4
[1414.655s][debug][gc,phases      ] GC(44)   ObjectSynchronizer Weak        Min:  0.0, Avg:  0.0, Max:  0.0, Diff:  0.0, Sum:  0.0, Workers: 4
[1414.655s][debug][gc,phases      ] GC(44)     Dead                           Min: 0, Avg:  0.0, Max: 0, Diff: 0, Sum: 0, Workers: 4
[1414.655s][debug][gc,phases      ] GC(44)     Total                          Min: 0, Avg:  1.0, Max: 4, Diff: 4, Sum: 4, Workers: 4
[1414.655s][debug][gc,phases      ] GC(44)   JVMTI Tag Weak OopStorage      Min:  0.0, Avg:  0.0, Max:  0.0, Diff:  0.0, Sum:  0.0, Workers: 4
[1414.655s][debug][gc,phases      ] GC(44)     Dead                           Min: 0, Avg:  0.0, Max: 0, Diff: 0, Sum: 0, Workers: 4
[1414.655s][debug][gc,phases      ] GC(44)     Total                          Min: 0, Avg:  0.0, Max: 0, Diff: 0, Sum: 0, Workers: 4
[1414.655s][debug][gc,phases      ] GC(44)   StringTable Weak               Min:  0.0, Avg:  0.1, Max:  0.1, Diff:  0.1, Sum:  0.4, Workers: 4
[1414.655s][debug][gc,phases      ] GC(44)     Dead                           Min: 0, Avg:  0.0, Max: 0, Diff: 0, Sum: 0, Workers: 4
[1414.655s][debug][gc,phases      ] GC(44)     Total                          Min: 0, Avg: 12088.5, Max: 19647, Diff: 19647, Sum: 48354, Workers: 4
[1414.655s][debug][gc,phases      ] GC(44)   ResolvedMethodTable Weak       Min:  0.0, Avg:  0.0, Max:  0.0, Diff:  0.0, Sum:  0.1, Workers: 4
[1414.655s][debug][gc,phases      ] GC(44)     Dead                           Min: 0, Avg:  0.0, Max: 0, Diff: 0, Sum: 0, Workers: 4
[1414.655s][debug][gc,phases      ] GC(44)     Total                          Min: 0, Avg: 3369.8, Max: 5437, Diff: 5437, Sum: 13479, Workers: 4
[1414.655s][debug][gc,phases      ] GC(44)   JNI Weak                       Min:  0.0, Avg:  0.0, Max:  0.0, Diff:  0.0, Sum:  0.0, Workers: 4
[1414.655s][debug][gc,phases      ] GC(44)     Dead                           Min: 0, Avg:  0.0, Max: 0, Diff: 0, Sum: 0, Workers: 4
[1414.655s][debug][gc,phases      ] GC(44)     Total                          Min: 0, Avg: 12.0, Max: 48, Diff: 48, Sum: 48, Workers: 4
[1414.655s][debug][gc,phases      ] GC(44)   StringDedup Table Weak         Min:  0.0, Avg:  0.0, Max:  0.0, Diff:  0.0, Sum:  0.0, Workers: 4
[1414.655s][debug][gc,phases      ] GC(44)     Dead                           Min: 0, Avg:  0.0, Max: 0, Diff: 0, Sum: 0, Workers: 4
[1414.655s][debug][gc,phases      ] GC(44)     Total                          Min: 0, Avg:  0.0, Max: 0, Diff: 0, Sum: 0, Workers: 4
[1414.655s][debug][gc,phases      ] GC(44)   StringDedup Requests0 Weak     Min:  0.0, Avg:  0.0, Max:  0.0, Diff:  0.0, Sum:  0.0, Workers: 4
[1414.655s][debug][gc,phases      ] GC(44)     Dead                           Min: 0, Avg:  0.0, Max: 0, Diff: 0, Sum: 0, Workers: 4
[1414.655s][debug][gc,phases      ] GC(44)     Total                          Min: 0, Avg:  0.0, Max: 0, Diff: 0, Sum: 0, Workers: 4
[1414.655s][debug][gc,phases      ] GC(44)   StringDedup Requests1 Weak     Min:  0.0, Avg:  0.0, Max:  0.0, Diff:  0.0, Sum:  0.0, Workers: 4
[1414.655s][debug][gc,phases      ] GC(44)     Dead                           Min: 0, Avg:  0.0, Max: 0, Diff: 0, Sum: 0, Workers: 4
[1414.655s][debug][gc,phases      ] GC(44)     Total                          Min: 0, Avg:  0.0, Max: 0, Diff: 0, Sum: 0, Workers: 4
[1414.655s][debug][gc,phases      ] GC(44)   Weak JFR Old Object Samples    Min:  0.0, Avg:  0.0, Max:  0.0, Diff:  0.0, Sum:  0.0, Workers: 4
[1414.655s][debug][gc,phases      ] GC(44)     Dead                           Min: 0, Avg:  0.0, Max: 0, Diff: 0, Sum: 0, Workers: 4
[1414.655s][debug][gc,phases      ] GC(44)     Total                          Min: 0, Avg:  0.0, Max: 0, Diff: 0, Sum: 0, Workers: 4
[1414.655s][debug][gc,phases      ] GC(44) Weak Processing 0.399ms
[1414.655s][debug][gc,age         ] GC(44) Desired survivor size 217579520 bytes, new threshold 15 (max threshold 15)
[1414.655s][info ][gc,heap        ] GC(44) PSYoungGen: 1661472K(1845248K)->56288K(1884672K) Eden: 1606656K(1606656K)->0K(1659392K) From: 54816K(238592K)->56288K(225280K)
[1414.655s][info ][gc,heap        ] GC(44) ParOldGen: 301932K(359424K)->301940K(359424K)
[1414.655s][info ][gc,metaspace   ] GC(44) Metaspace: 95876K(97216K)->95876K(97216K) NonClass: 81760K(82560K)->81760K(82560K) Class: 14116K(14656K)->14116K(14656K)
[1414.655s][info ][gc             ] GC(44) Pause Young (Allocation Failure) 1917M->349M(2191M) 14.267ms
[1414.655s][info ][gc,cpu         ] GC(44) User=0.05s Sys=0.00s Real=0.01s
[1414.655s][info ][safepoint      ] Safepoint "ParallelGCFailedAllocation", Time since last: 203375732 ns, Reaching safepoint: 6000 ns, Cleanup: 3300 ns, At safepoint: 14334522 ns, Total: 14343822 ns
[1415.655s][info ][safepoint      ] Safepoint "Cleanup", Time since last: 1000084117 ns, Reaching safepoint: 5500 ns, Cleanup: 9500 ns, At safepoint: 2600 ns, Total: 17600 ns
[1417.655s][info ][safepoint      ] Safepoint "Cleanup", Time since last: 2000163832 ns, Reaching safepoint: 6300 ns, Cleanup: 10300 ns, At safepoint: 2200 ns, Total: 18800 ns
[1424.656s][info ][safepoint      ] Safepoint "Cleanup", Time since last: 7000488725 ns, Reaching safepoint: 5500 ns, Cleanup: 7100 ns, At safepoint: 2300 ns, Total: 14900 ns
[1426.656s][info ][safepoint      ] Safepoint "Cleanup", Time since last: 2000182563 ns, Reaching safepoint: 6501 ns, Cleanup: 8300 ns, At safepoint: 2100 ns, Total: 16901 ns
[1439.657s][info ][safepoint      ] Safepoint "Cleanup", Time since last: 13000794924 ns, Reaching safepoint: 6500 ns, Cleanup: 8600 ns, At safepoint: 2000 ns, Total: 17100 ns
[1446.450s][info ][safepoint      ] Safepoint "Cleanup", Time since last: 6793045209 ns, Reaching safepoint: 79601 ns, Cleanup: 13400 ns, At safepoint: 5300 ns, Total: 98301 ns
[1452.450s][info ][safepoint      ] Safepoint "Cleanup", Time since last: 6000443511 ns, Reaching safepoint: 78801 ns, Cleanup: 13900 ns, At safepoint: 5300 ns, Total: 98001 ns
[1454.451s][info ][safepoint      ] Safepoint "Cleanup", Time since last: 2000170460 ns, Reaching safepoint: 80900 ns, Cleanup: 13700 ns, At safepoint: 6000 ns, Total: 100600 ns
[1464.452s][info ][safepoint      ] Safepoint "Cleanup", Time since last: 10000759976 ns, Reaching safepoint: 61600 ns, Cleanup: 11500 ns, At safepoint: 7000 ns, Total: 80100 ns
[1477.453s][info ][safepoint      ] Safepoint "Cleanup", Time since last: 13000934939 ns, Reaching safepoint: 78400 ns, Cleanup: 9500 ns, At safepoint: 5300 ns, Total: 93200 ns
[1483.453s][info ][safepoint      ] Safepoint "Cleanup", Time since last: 6000472995 ns, Reaching safepoint: 83801 ns, Cleanup: 10200 ns, At safepoint: 5400 ns, Total: 99401 ns
[1486.453s][info ][safepoint      ] Safepoint "Cleanup", Time since last: 3000196692 ns, Reaching safepoint: 6000 ns, Cleanup: 8800 ns, At safepoint: 2200 ns, Total: 17000 ns
[1493.454s][info ][safepoint      ] Safepoint "Cleanup", Time since last: 7000448407 ns, Reaching safepoint: 6200 ns, Cleanup: 9500 ns, At safepoint: 2100 ns, Total: 17800 ns
[1504.455s][info ][safepoint      ] Safepoint "Cleanup", Time since last: 11000759171 ns, Reaching safepoint: 7000 ns, Cleanup: 8400 ns, At safepoint: 21100 ns, Total: 36500 ns
[1513.415s][info ][gc,start       ] GC(45) Pause Young (Allocation Failure)
[1513.427s][debug][gc,phases      ] GC(45) Scavenge 12.219ms
[1513.427s][debug][gc,ref         ] GC(45) ReferenceProcessor::execute queues: 1, RefProcThreadModel::Single, marks_oops_alive: false
[1513.427s][debug][gc,ref         ] GC(45) Skipped KeepAliveFinalRefsPhase of Reference Processing: no references
[1513.427s][debug][gc,ref         ] GC(45) ReferenceProcessor::execute queues: 1, RefProcThreadModel::Single, marks_oops_alive: false
[1513.427s][debug][gc,phases      ] GC(45) Reference Processing 0.127ms
[1513.428s][debug][gc,phases      ] GC(45)   VM Weak                        Min:  0.0, Avg:  0.0, Max:  0.0, Diff:  0.0, Sum:  0.0, Workers: 4
[1513.428s][debug][gc,phases      ] GC(45)     Dead                           Min: 0, Avg:  0.0, Max: 0, Diff: 0, Sum: 0, Workers: 4
[1513.428s][debug][gc,phases      ] GC(45)     Total                          Min: 0, Avg: 253.8, Max: 631, Diff: 631, Sum: 1015, Workers: 4
[1513.428s][debug][gc,phases      ] GC(45)   ObjectSynchronizer Weak        Min:  0.0, Avg:  0.0, Max:  0.0, Diff:  0.0, Sum:  0.0, Workers: 4
[1513.428s][debug][gc,phases      ] GC(45)     Dead                           Min: 0, Avg:  0.0, Max: 0, Diff: 0, Sum: 0, Workers: 4
[1513.428s][debug][gc,phases      ] GC(45)     Total                          Min: 0, Avg:  0.8, Max: 3, Diff: 3, Sum: 3, Workers: 4
[1513.428s][debug][gc,phases      ] GC(45)   JVMTI Tag Weak OopStorage      Min:  0.0, Avg:  0.0, Max:  0.0, Diff:  0.0, Sum:  0.0, Workers: 4
[1513.428s][debug][gc,phases      ] GC(45)     Dead                           Min: 0, Avg:  0.0, Max: 0, Diff: 0, Sum: 0, Workers: 4
[1513.428s][debug][gc,phases      ] GC(45)     Total                          Min: 0, Avg:  0.0, Max: 0, Diff: 0, Sum: 0, Workers: 4
[1513.428s][debug][gc,phases      ] GC(45)   StringTable Weak               Min:  0.0, Avg:  0.1, Max:  0.2, Diff:  0.2, Sum:  0.3, Workers: 4
[1513.428s][debug][gc,phases      ] GC(45)     Dead                           Min: 0, Avg:  0.0, Max: 0, Diff: 0, Sum: 0, Workers: 4
[1513.428s][debug][gc,phases      ] GC(45)     Total                          Min: 0, Avg: 12088.5, Max: 28863, Diff: 28863, Sum: 48354, Workers: 4
[1513.428s][debug][gc,phases      ] GC(45)   ResolvedMethodTable Weak       Min:  0.0, Avg:  0.0, Max:  0.1, Diff:  0.1, Sum:  0.1, Workers: 4
[1513.428s][debug][gc,phases      ] GC(45)     Dead                           Min: 0, Avg:  0.0, Max: 0, Diff: 0, Sum: 0, Workers: 4
[1513.428s][debug][gc,phases      ] GC(45)     Total                          Min: 0, Avg: 3369.8, Max: 7785, Diff: 7785, Sum: 13479, Workers: 4
[1513.428s][debug][gc,phases      ] GC(45)   JNI Weak                       Min:  0.0, Avg:  0.0, Max:  0.0, Diff:  0.0, Sum:  0.0, Workers: 4
[1513.428s][debug][gc,phases      ] GC(45)     Dead                           Min: 0, Avg:  0.0, Max: 0, Diff: 0, Sum: 0, Workers: 4
[1513.428s][debug][gc,phases      ] GC(45)     Total                          Min: 0, Avg: 13.0, Max: 52, Diff: 52, Sum: 52, Workers: 4
[1513.428s][debug][gc,phases      ] GC(45)   StringDedup Table Weak         Min:  0.0, Avg:  0.0, Max:  0.0, Diff:  0.0, Sum:  0.0, Workers: 4
[1513.428s][debug][gc,phases      ] GC(45)     Dead                           Min: 0, Avg:  0.0, Max: 0, Diff: 0, Sum: 0, Workers: 4
[1513.428s][debug][gc,phases      ] GC(45)     Total                          Min: 0, Avg:  0.0, Max: 0, Diff: 0, Sum: 0, Workers: 4
[1513.428s][debug][gc,phases      ] GC(45)   StringDedup Requests0 Weak     Min:  0.0, Avg:  0.0, Max:  0.0, Diff:  0.0, Sum:  0.0, Workers: 4
[1513.428s][debug][gc,phases      ] GC(45)     Dead                           Min: 0, Avg:  0.0, Max: 0, Diff: 0, Sum: 0, Workers: 4
[1513.428s][debug][gc,phases      ] GC(45)     Total                          Min: 0, Avg:  0.0, Max: 0, Diff: 0, Sum: 0, Workers: 4
[1513.428s][debug][gc,phases      ] GC(45)   StringDedup Requests1 Weak     Min:  0.0, Avg:  0.0, Max:  0.0, Diff:  0.0, Sum:  0.0, Workers: 4
[1513.428s][debug][gc,phases      ] GC(45)     Dead                           Min: 0, Avg:  0.0, Max: 0, Diff: 0, Sum: 0, Workers: 4
[1513.428s][debug][gc,phases      ] GC(45)     Total                          Min: 0, Avg:  0.0, Max: 0, Diff: 0, Sum: 0, Workers: 4
[1513.428s][debug][gc,phases      ] GC(45)   Weak JFR Old Object Samples    Min:  0.0, Avg:  0.0, Max:  0.0, Diff:  0.0, Sum:  0.0, Workers: 4
[1513.428s][debug][gc,phases      ] GC(45)     Dead                           Min: 0, Avg:  0.0, Max: 0, Diff: 0, Sum: 0, Workers: 4
[1513.428s][debug][gc,phases      ] GC(45)     Total                          Min: 0, Avg:  0.0, Max: 0, Diff: 0, Sum: 0, Workers: 4
[1513.428s][debug][gc,phases      ] GC(45) Weak Processing 0.672ms
[1513.428s][debug][gc,age         ] GC(45) Desired survivor size 206045184 bytes, new threshold 15 (max threshold 15)
[1513.428s][info ][gc,heap        ] GC(45) PSYoungGen: 1715680K(1884672K)->55456K(1871872K) Eden: 1659392K(1659392K)->0K(1659392K) From: 56288K(225280K)->55456K(212480K)
[1513.428s][info ][gc,heap        ] GC(45) ParOldGen: 301940K(359424K)->301940K(359424K)
[1513.428s][info ][gc,metaspace   ] GC(45) Metaspace: 95885K(97216K)->95885K(97216K) NonClass: 81769K(82560K)->81769K(82560K) Class: 14116K(14656K)->14116K(14656K)
[1513.428s][info ][gc             ] GC(45) Pause Young (Allocation Failure) 1970M->349M(2179M) 13.161ms
[1513.428s][info ][gc,cpu         ] GC(45) User=0.05s Sys=0.00s Real=0.01s
[1513.428s][info ][safepoint      ] Safepoint "ParallelGCFailedAllocation", Time since last: 8960312562 ns, Reaching safepoint: 7500 ns, Cleanup: 8700 ns, At safepoint: 13234789 ns, Total: 13250989 ns
[1514.428s][info ][safepoint      ] Safepoint "Cleanup", Time since last: 1000115735 ns, Reaching safepoint: 7400 ns, Cleanup: 13300 ns, At safepoint: 2200 ns, Total: 22900 ns
[1523.429s][info ][safepoint      ] Safepoint "Cleanup", Time since last: 9000680464 ns, Reaching safepoint: 6100 ns, Cleanup: 8600 ns, At safepoint: 1800 ns, Total: 16500 ns
[1524.429s][info ][safepoint      ] Safepoint "Cleanup", Time since last: 1000122822 ns, Reaching safepoint: 7100 ns, Cleanup: 9000 ns, At safepoint: 2500 ns, Total: 18600 ns
[1546.431s][info ][safepoint      ] Safepoint "Cleanup", Time since last: 22001633579 ns, Reaching safepoint: 6400 ns, Cleanup: 12500 ns, At safepoint: 2200 ns, Total: 21100 ns
[1549.431s][info ][safepoint      ] Safepoint "Cleanup", Time since last: 3000252933 ns, Reaching safepoint: 6300 ns, Cleanup: 8800 ns, At safepoint: 2100 ns, Total: 17200 ns
[1550.431s][info ][safepoint      ] Safepoint "Cleanup", Time since last: 1000117412 ns, Reaching safepoint: 6100 ns, Cleanup: 14100 ns, At safepoint: 20100 ns, Total: 40300 ns
[1566.432s][info ][safepoint      ] Safepoint "Cleanup", Time since last: 16001071776 ns, Reaching safepoint: 6600 ns, Cleanup: 7300 ns, At safepoint: 21200 ns, Total: 35100 ns
[1574.433s][info ][safepoint      ] Safepoint "Cleanup", Time since last: 8000590876 ns, Reaching safepoint: 6100 ns, Cleanup: 8900 ns, At safepoint: 1700 ns, Total: 16700 ns
[1611.435s][info ][safepoint      ] Safepoint "Cleanup", Time since last: 37002373371 ns, Reaching safepoint: 6300 ns, Cleanup: 25400 ns, At safepoint: 2100 ns, Total: 33800 ns
[1613.436s][info ][safepoint      ] Safepoint "Cleanup", Time since last: 2000189021 ns, Reaching safepoint: 6400 ns, Cleanup: 11700 ns, At safepoint: 1700 ns, Total: 19800 ns
[1614.436s][info ][safepoint      ] Safepoint "Cleanup", Time since last: 1000103311 ns, Reaching safepoint: 6000 ns, Cleanup: 10500 ns, At safepoint: 2100 ns, Total: 18600 ns
[1615.680s][info ][gc,start       ] GC(46) Pause Young (Allocation Failure)
[1615.697s][debug][gc,phases      ] GC(46) Scavenge 17.583ms
[1615.697s][debug][gc,ref         ] GC(46) ReferenceProcessor::execute queues: 1, RefProcThreadModel::Single, marks_oops_alive: false
[1615.697s][debug][gc,ref         ] GC(46) Skipped KeepAliveFinalRefsPhase of Reference Processing: no references
[1615.697s][debug][gc,ref         ] GC(46) ReferenceProcessor::execute queues: 1, RefProcThreadModel::Single, marks_oops_alive: false
[1615.697s][debug][gc,phases      ] GC(46) Reference Processing 0.108ms
[1615.698s][debug][gc,phases      ] GC(46)   VM Weak                        Min:  0.0, Avg:  0.0, Max:  0.0, Diff:  0.0, Sum:  0.0, Workers: 4
[1615.698s][debug][gc,phases      ] GC(46)     Dead                           Min: 0, Avg:  0.0, Max: 0, Diff: 0, Sum: 0, Workers: 4
[1615.698s][debug][gc,phases      ] GC(46)     Total                          Min: 0, Avg: 253.8, Max: 695, Diff: 695, Sum: 1015, Workers: 4
[1615.698s][debug][gc,phases      ] GC(46)   ObjectSynchronizer Weak        Min:  0.0, Avg:  0.0, Max:  0.0, Diff:  0.0, Sum:  0.0, Workers: 4
[1615.698s][debug][gc,phases      ] GC(46)     Dead                           Min: 0, Avg:  0.0, Max: 0, Diff: 0, Sum: 0, Workers: 4
[1615.698s][debug][gc,phases      ] GC(46)     Total                          Min: 0, Avg:  0.8, Max: 3, Diff: 3, Sum: 3, Workers: 4
[1615.698s][debug][gc,phases      ] GC(46)   JVMTI Tag Weak OopStorage      Min:  0.0, Avg:  0.0, Max:  0.0, Diff:  0.0, Sum:  0.0, Workers: 4
[1615.698s][debug][gc,phases      ] GC(46)     Dead                           Min: 0, Avg:  0.0, Max: 0, Diff: 0, Sum: 0, Workers: 4
[1615.698s][debug][gc,phases      ] GC(46)     Total                          Min: 0, Avg:  0.0, Max: 0, Diff: 0, Sum: 0, Workers: 4
[1615.698s][debug][gc,phases      ] GC(46)   StringTable Weak               Min:  0.0, Avg:  0.1, Max:  0.2, Diff:  0.2, Sum:  0.5, Workers: 4
[1615.698s][debug][gc,phases      ] GC(46)     Dead                           Min: 0, Avg:  0.0, Max: 0, Diff: 0, Sum: 0, Workers: 4
[1615.698s][debug][gc,phases      ] GC(46)     Total                          Min: 0, Avg: 12088.8, Max: 16896, Diff: 16896, Sum: 48355, Workers: 4
[1615.698s][debug][gc,phases      ] GC(46)   ResolvedMethodTable Weak       Min:  0.0, Avg:  0.0, Max:  0.1, Diff:  0.1, Sum:  0.2, Workers: 4
[1615.698s][debug][gc,phases      ] GC(46)     Dead                           Min: 0, Avg:  0.0, Max: 0, Diff: 0, Sum: 0, Workers: 4
[1615.698s][debug][gc,phases      ] GC(46)     Total                          Min: 0, Avg: 3369.8, Max: 5107, Diff: 5107, Sum: 13479, Workers: 4
[1615.698s][debug][gc,phases      ] GC(46)   JNI Weak                       Min:  0.0, Avg:  0.0, Max:  0.0, Diff:  0.0, Sum:  0.0, Workers: 4
[1615.698s][debug][gc,phases      ] GC(46)     Dead                           Min: 0, Avg:  0.0, Max: 0, Diff: 0, Sum: 0, Workers: 4
[1615.698s][debug][gc,phases      ] GC(46)     Total                          Min: 0, Avg: 12.0, Max: 48, Diff: 48, Sum: 48, Workers: 4
[1615.698s][debug][gc,phases      ] GC(46)   StringDedup Table Weak         Min:  0.0, Avg:  0.0, Max:  0.0, Diff:  0.0, Sum:  0.0, Workers: 4
[1615.698s][debug][gc,phases      ] GC(46)     Dead                           Min: 0, Avg:  0.0, Max: 0, Diff: 0, Sum: 0, Workers: 4
[1615.698s][debug][gc,phases      ] GC(46)     Total                          Min: 0, Avg:  0.0, Max: 0, Diff: 0, Sum: 0, Workers: 4
[1615.698s][debug][gc,phases      ] GC(46)   StringDedup Requests0 Weak     Min:  0.0, Avg:  0.0, Max:  0.0, Diff:  0.0, Sum:  0.0, Workers: 4
[1615.698s][debug][gc,phases      ] GC(46)     Dead                           Min: 0, Avg:  0.0, Max: 0, Diff: 0, Sum: 0, Workers: 4
[1615.698s][debug][gc,phases      ] GC(46)     Total                          Min: 0, Avg:  0.0, Max: 0, Diff: 0, Sum: 0, Workers: 4
[1615.698s][debug][gc,phases      ] GC(46)   StringDedup Requests1 Weak     Min:  0.0, Avg:  0.0, Max:  0.0, Diff:  0.0, Sum:  0.0, Workers: 4
[1615.698s][debug][gc,phases      ] GC(46)     Dead                           Min: 0, Avg:  0.0, Max: 0, Diff: 0, Sum: 0, Workers: 4
[1615.698s][debug][gc,phases      ] GC(46)     Total                          Min: 0, Avg:  0.0, Max: 0, Diff: 0, Sum: 0, Workers: 4
[1615.698s][debug][gc,phases      ] GC(46)   Weak JFR Old Object Samples    Min:  0.0, Avg:  0.0, Max:  0.0, Diff:  0.0, Sum:  0.0, Workers: 4
[1615.698s][debug][gc,phases      ] GC(46)     Dead                           Min: 0, Avg:  0.0, Max: 0, Diff: 0, Sum: 0, Workers: 4
[1615.698s][debug][gc,phases      ] GC(46)     Total                          Min: 0, Avg:  0.0, Max: 0, Diff: 0, Sum: 0, Workers: 4
[1615.698s][debug][gc,phases      ] GC(46) Weak Processing 0.457ms
[1615.698s][debug][gc,age         ] GC(46) Desired survivor size 194510848 bytes, new threshold 15 (max threshold 15)
[1615.698s][info ][gc,heap        ] GC(46) PSYoungGen: 1714848K(1871872K)->55104K(1907200K) Eden: 1659392K(1659392K)->0K(1705984K) From: 55456K(212480K)->55104K(201216K)
[1615.698s][info ][gc,heap        ] GC(46) ParOldGen: 301940K(359424K)->301940K(359424K)
[1615.698s][info ][gc,metaspace   ] GC(46) Metaspace: 95893K(97216K)->95893K(97216K) NonClass: 81776K(82560K)->81776K(82560K) Class: 14117K(14656K)->14117K(14656K)
[1615.698s][info ][gc             ] GC(46) Pause Young (Allocation Failure) 1969M->348M(2213M) 18.278ms
[1615.698s][info ][gc,cpu         ] GC(46) User=0.04s Sys=0.01s Real=0.02s
[1615.698s][info ][safepoint      ] Safepoint "ParallelGCFailedAllocation", Time since last: 1243770997 ns, Reaching safepoint: 7300 ns, Cleanup: 3700 ns, At safepoint: 18356020 ns, Total: 18367020 ns
[1616.698s][info ][safepoint      ] Safepoint "Cleanup", Time since last: 1000101077 ns, Reaching safepoint: 5800 ns, Cleanup: 8900 ns, At safepoint: 5600 ns, Total: 20300 ns
[1617.698s][info ][safepoint      ] Safepoint "Cleanup", Time since last: 1000110700 ns, Reaching safepoint: 5300 ns, Cleanup: 8300 ns, At safepoint: 2000 ns, Total: 15600 ns
[1622.698s][info ][safepoint      ] Safepoint "Cleanup", Time since last: 5000366647 ns, Reaching safepoint: 5000 ns, Cleanup: 8100 ns, At safepoint: 1800 ns, Total: 14900 ns
[1628.699s][info ][safepoint      ] Safepoint "Cleanup", Time since last: 6000421219 ns, Reaching safepoint: 6000 ns, Cleanup: 10800 ns, At safepoint: 1500 ns, Total: 18300 ns
[1629.699s][info ][safepoint      ] Safepoint "Cleanup", Time since last: 1000097314 ns, Reaching safepoint: 4900 ns, Cleanup: 27401 ns, At safepoint: 1700 ns, Total: 34001 ns
[1631.699s][info ][safepoint      ] Safepoint "Cleanup", Time since last: 2000133328 ns, Reaching safepoint: 78901 ns, Cleanup: 9400 ns, At safepoint: 6000 ns, Total: 94301 ns
[1632.699s][info ][safepoint      ] Safepoint "Cleanup", Time since last: 1000118584 ns, Reaching safepoint: 79601 ns, Cleanup: 8400 ns, At safepoint: 5800 ns, Total: 93801 ns
[1642.700s][info ][safepoint      ] Safepoint "Cleanup", Time since last: 10000749286 ns, Reaching safepoint: 76900 ns, Cleanup: 7100 ns, At safepoint: 18700 ns, Total: 102700 ns
[1644.701s][info ][safepoint      ] Safepoint "Cleanup", Time since last: 2000166182 ns, Reaching safepoint: 75001 ns, Cleanup: 12300 ns, At safepoint: 5000 ns, Total: 92301 ns
[1646.701s][info ][safepoint      ] Safepoint "Cleanup", Time since last: 2000178081 ns, Reaching safepoint: 76401 ns, Cleanup: 11500 ns, At safepoint: 5000 ns, Total: 92901 ns
[1654.702s][info ][safepoint      ] Safepoint "Cleanup", Time since last: 8000621098 ns, Reaching safepoint: 75900 ns, Cleanup: 11501 ns, At safepoint: 5800 ns, Total: 93201 ns
[1671.703s][info ][safepoint      ] Safepoint "Cleanup", Time since last: 17001148925 ns, Reaching safepoint: 75401 ns, Cleanup: 8800 ns, At safepoint: 18700 ns, Total: 102901 ns
[1677.703s][info ][safepoint      ] Safepoint "Cleanup", Time since last: 6000425357 ns, Reaching safepoint: 78300 ns, Cleanup: 8101 ns, At safepoint: 5500 ns, Total: 91901 ns
[1682.704s][info ][safepoint      ] Safepoint "Cleanup", Time since last: 5000302840 ns, Reaching safepoint: 5600 ns, Cleanup: 17501 ns, At safepoint: 1900 ns, Total: 25001 ns
[1690.704s][info ][safepoint      ] Safepoint "Cleanup", Time since last: 8000564408 ns, Reaching safepoint: 5100 ns, Cleanup: 8800 ns, At safepoint: 1600 ns, Total: 15500 ns
[1691.704s][info ][safepoint      ] Safepoint "Cleanup", Time since last: 1000105244 ns, Reaching safepoint: 5700 ns, Cleanup: 10000 ns, At safepoint: 1800 ns, Total: 17500 ns
[1696.705s][info ][safepoint      ] Safepoint "Cleanup", Time since last: 5000352836 ns, Reaching safepoint: 5600 ns, Cleanup: 8700 ns, At safepoint: 1901 ns, Total: 16201 ns
[1700.705s][info ][safepoint      ] Safepoint "Cleanup", Time since last: 4000309007 ns, Reaching safepoint: 5400 ns, Cleanup: 8000 ns, At safepoint: 2100 ns, Total: 15500 ns
[1704.705s][info ][safepoint      ] Safepoint "Cleanup", Time since last: 4000302872 ns, Reaching safepoint: 5300 ns, Cleanup: 8700 ns, At safepoint: 1700 ns, Total: 15700 ns
[1710.706s][info ][safepoint      ] Safepoint "Cleanup", Time since last: 6000356975 ns, Reaching safepoint: 6400 ns, Cleanup: 16500 ns, At safepoint: 2300 ns, Total: 25200 ns
[1712.706s][info ][safepoint      ] Safepoint "Cleanup", Time since last: 2000134686 ns, Reaching safepoint: 5500 ns, Cleanup: 6500 ns, At safepoint: 1700 ns, Total: 13700 ns
[1714.706s][info ][safepoint      ] Safepoint "Cleanup", Time since last: 2000177846 ns, Reaching safepoint: 4900 ns, Cleanup: 10700 ns, At safepoint: 1900 ns, Total: 17500 ns
[1719.700s][info ][gc,start       ] GC(47) Pause Young (Allocation Failure)
[1719.712s][debug][gc,phases      ] GC(47) Scavenge 11.941ms
[1719.712s][debug][gc,ref         ] GC(47) ReferenceProcessor::execute queues: 1, RefProcThreadModel::Single, marks_oops_alive: false
[1719.712s][debug][gc,ref         ] GC(47) Skipped KeepAliveFinalRefsPhase of Reference Processing: no references
[1719.712s][debug][gc,ref         ] GC(47) ReferenceProcessor::execute queues: 1, RefProcThreadModel::Single, marks_oops_alive: false
[1719.712s][debug][gc,phases      ] GC(47) Reference Processing 0.124ms
[1719.712s][debug][gc,phases      ] GC(47)   VM Weak                        Min:  0.0, Avg:  0.0, Max:  0.0, Diff:  0.0, Sum:  0.0, Workers: 4
[1719.712s][debug][gc,phases      ] GC(47)     Dead                           Min: 0, Avg:  0.0, Max: 0, Diff: 0, Sum: 0, Workers: 4
[1719.712s][debug][gc,phases      ] GC(47)     Total                          Min: 0, Avg: 253.8, Max: 704, Diff: 704, Sum: 1015, Workers: 4
[1719.712s][debug][gc,phases      ] GC(47)   ObjectSynchronizer Weak        Min:  0.0, Avg:  0.0, Max:  0.0, Diff:  0.0, Sum:  0.0, Workers: 4
[1719.712s][debug][gc,phases      ] GC(47)     Dead                           Min: 0, Avg:  0.0, Max: 0, Diff: 0, Sum: 0, Workers: 4
[1719.712s][debug][gc,phases      ] GC(47)     Total                          Min: 0, Avg:  0.8, Max: 3, Diff: 3, Sum: 3, Workers: 4
[1719.712s][debug][gc,phases      ] GC(47)   JVMTI Tag Weak OopStorage      Min:  0.0, Avg:  0.0, Max:  0.0, Diff:  0.0, Sum:  0.0, Workers: 4
[1719.712s][debug][gc,phases      ] GC(47)     Dead                           Min: 0, Avg:  0.0, Max: 0, Diff: 0, Sum: 0, Workers: 4
[1719.712s][debug][gc,phases      ] GC(47)     Total                          Min: 0, Avg:  0.0, Max: 0, Diff: 0, Sum: 0, Workers: 4
[1719.712s][debug][gc,phases      ] GC(47)   StringTable Weak               Min:  0.0, Avg:  0.1, Max:  0.1, Diff:  0.1, Sum:  0.4, Workers: 4
[1719.712s][debug][gc,phases      ] GC(47)     Dead                           Min: 0, Avg:  0.0, Max: 0, Diff: 0, Sum: 0, Workers: 4
[1719.712s][debug][gc,phases      ] GC(47)     Total                          Min: 0, Avg: 12088.8, Max: 19455, Diff: 19455, Sum: 48355, Workers: 4
[1719.712s][debug][gc,phases      ] GC(47)   ResolvedMethodTable Weak       Min:  0.0, Avg:  0.0, Max:  0.0, Diff:  0.0, Sum:  0.1, Workers: 4
[1719.712s][debug][gc,phases      ] GC(47)     Dead                           Min: 0, Avg:  0.0, Max: 0, Diff: 0, Sum: 0, Workers: 4
[1719.712s][debug][gc,phases      ] GC(47)     Total                          Min: 0, Avg: 3369.8, Max: 5762, Diff: 5762, Sum: 13479, Workers: 4
[1719.712s][debug][gc,phases      ] GC(47)   JNI Weak                       Min:  0.0, Avg:  0.0, Max:  0.0, Diff:  0.0, Sum:  0.0, Workers: 4
[1719.712s][debug][gc,phases      ] GC(47)     Dead                           Min: 0, Avg:  0.0, Max: 0, Diff: 0, Sum: 0, Workers: 4
[1719.712s][debug][gc,phases      ] GC(47)     Total                          Min: 0, Avg: 12.0, Max: 48, Diff: 48, Sum: 48, Workers: 4
[1719.712s][debug][gc,phases      ] GC(47)   StringDedup Table Weak         Min:  0.0, Avg:  0.0, Max:  0.0, Diff:  0.0, Sum:  0.0, Workers: 4
[1719.712s][debug][gc,phases      ] GC(47)     Dead                           Min: 0, Avg:  0.0, Max: 0, Diff: 0, Sum: 0, Workers: 4
[1719.712s][debug][gc,phases      ] GC(47)     Total                          Min: 0, Avg:  0.0, Max: 0, Diff: 0, Sum: 0, Workers: 4
[1719.712s][debug][gc,phases      ] GC(47)   StringDedup Requests0 Weak     Min:  0.0, Avg:  0.0, Max:  0.0, Diff:  0.0, Sum:  0.0, Workers: 4
[1719.713s][debug][gc,phases      ] GC(47)     Dead                           Min: 0, Avg:  0.0, Max: 0, Diff: 0, Sum: 0, Workers: 4
[1719.713s][debug][gc,phases      ] GC(47)     Total                          Min: 0, Avg:  0.0, Max: 0, Diff: 0, Sum: 0, Workers: 4
[1719.713s][debug][gc,phases      ] GC(47)   StringDedup Requests1 Weak     Min:  0.0, Avg:  0.0, Max:  0.0, Diff:  0.0, Sum:  0.0, Workers: 4
[1719.713s][debug][gc,phases      ] GC(47)     Dead                           Min: 0, Avg:  0.0, Max: 0, Diff: 0, Sum: 0, Workers: 4
[1719.713s][debug][gc,phases      ] GC(47)     Total                          Min: 0, Avg:  0.0, Max: 0, Diff: 0, Sum: 0, Workers: 4
[1719.713s][debug][gc,phases      ] GC(47)   Weak JFR Old Object Samples    Min:  0.0, Avg:  0.0, Max:  0.0, Diff:  0.0, Sum:  0.0, Workers: 4
[1719.713s][debug][gc,phases      ] GC(47)     Dead                           Min: 0, Avg:  0.0, Max: 0, Diff: 0, Sum: 0, Workers: 4
[1719.713s][debug][gc,phases      ] GC(47)     Total                          Min: 0, Avg:  0.0, Max: 0, Diff: 0, Sum: 0, Workers: 4
[1719.713s][debug][gc,phases      ] GC(47) Weak Processing 0.415ms
[1719.713s][debug][gc,age         ] GC(47) Desired survivor size 184549376 bytes, new threshold 15 (max threshold 15)
[1719.713s][info ][gc,heap        ] GC(47) PSYoungGen: 1761088K(1907200K)->54768K(1895936K) Eden: 1705984K(1705984K)->0K(1705984K) From: 55104K(201216K)->54768K(189952K)
[1719.713s][info ][gc,heap        ] GC(47) ParOldGen: 301940K(359424K)->302428K(359424K)
[1719.713s][info ][gc,metaspace   ] GC(47) Metaspace: 95898K(97216K)->95898K(97216K) NonClass: 81781K(82560K)->81781K(82560K) Class: 14117K(14656K)->14117K(14656K)
[1719.713s][info ][gc             ] GC(47) Pause Young (Allocation Failure) 2014M->348M(2202M) 12.607ms
[1719.713s][info ][gc,cpu         ] GC(47) User=0.05s Sys=0.00s Real=0.01s
[1719.713s][info ][safepoint      ] Safepoint "ParallelGCFailedAllocation", Time since last: 4993777779 ns, Reaching safepoint: 76700 ns, Cleanup: 3300 ns, At safepoint: 12676573 ns, Total: 12756573 ns
[1734.714s][info ][safepoint      ] Safepoint "Cleanup", Time since last: 15000958219 ns, Reaching safepoint: 5200 ns, Cleanup: 9900 ns, At safepoint: 2200 ns, Total: 17300 ns
[1740.714s][info ][safepoint      ] Safepoint "Cleanup", Time since last: 6000452749 ns, Reaching safepoint: 6000 ns, Cleanup: 8300 ns, At safepoint: 1900 ns, Total: 16200 ns
[1776.716s][info ][safepoint      ] Safepoint "Cleanup", Time since last: 36002299755 ns, Reaching safepoint: 5700 ns, Cleanup: 7900 ns, At safepoint: 17100 ns, Total: 30700 ns
[1783.717s][info ][safepoint      ] Safepoint "Cleanup", Time since last: 7000455975 ns, Reaching safepoint: 6300 ns, Cleanup: 10500 ns, At safepoint: 6700 ns, Total: 23500 ns
[1786.717s][info ][safepoint      ] Safepoint "Cleanup", Time since last: 3000239761 ns, Reaching safepoint: 5600 ns, Cleanup: 8300 ns, At safepoint: 2000 ns, Total: 15900 ns
[1789.717s][info ][safepoint      ] Safepoint "Cleanup", Time since last: 3000205047 ns, Reaching safepoint: 6400 ns, Cleanup: 23200 ns, At safepoint: 1900 ns, Total: 31500 ns
[1790.718s][info ][safepoint      ] Safepoint "Cleanup", Time since last: 1000103449 ns, Reaching safepoint: 4800 ns, Cleanup: 14000 ns, At safepoint: 5500 ns, Total: 24300 ns
[1800.719s][info ][safepoint      ] Safepoint "Cleanup", Time since last: 10000875524 ns, Reaching safepoint: 79501 ns, Cleanup: 24800 ns, At safepoint: 9900 ns, Total: 114201 ns
[1802.719s][info ][safepoint      ] Safepoint "Cleanup", Time since last: 2000169090 ns, Reaching safepoint: 7500 ns, Cleanup: 11900 ns, At safepoint: 8600 ns, Total: 28000 ns
[1813.719s][info ][safepoint      ] Safepoint "Cleanup", Time since last: 11000756475 ns, Reaching safepoint: 7500 ns, Cleanup: 15000 ns, At safepoint: 5900 ns, Total: 28400 ns
[1815.720s][info ][safepoint      ] Safepoint "Cleanup", Time since last: 2000197924 ns, Reaching safepoint: 8200 ns, Cleanup: 12400 ns, At safepoint: 2900 ns, Total: 23500 ns
[1825.401s][info ][gc,start       ] GC(48) Pause Young (Allocation Failure)
[1825.413s][debug][gc,phases      ] GC(48) Scavenge 12.670ms
[1825.414s][debug][gc,ref         ] GC(48) ReferenceProcessor::execute queues: 1, RefProcThreadModel::Single, marks_oops_alive: false
[1825.414s][debug][gc,ref         ] GC(48) Skipped KeepAliveFinalRefsPhase of Reference Processing: no references
[1825.414s][debug][gc,ref         ] GC(48) ReferenceProcessor::execute queues: 1, RefProcThreadModel::Single, marks_oops_alive: false
[1825.414s][debug][gc,phases      ] GC(48) Reference Processing 0.131ms
[1825.414s][debug][gc,phases      ] GC(48)   VM Weak                        Min:  0.0, Avg:  0.0, Max:  0.0, Diff:  0.0, Sum:  0.0, Workers: 4
[1825.414s][debug][gc,phases      ] GC(48)     Dead                           Min: 0, Avg:  0.0, Max: 0, Diff: 0, Sum: 0, Workers: 4
[1825.414s][debug][gc,phases      ] GC(48)     Total                          Min: 0, Avg: 253.8, Max: 640, Diff: 640, Sum: 1015, Workers: 4
[1825.414s][debug][gc,phases      ] GC(48)   ObjectSynchronizer Weak        Min:  0.0, Avg:  0.0, Max:  0.0, Diff:  0.0, Sum:  0.0, Workers: 4
[1825.414s][debug][gc,phases      ] GC(48)     Dead                           Min: 0, Avg:  0.0, Max: 0, Diff: 0, Sum: 0, Workers: 4
[1825.414s][debug][gc,phases      ] GC(48)     Total                          Min: 0, Avg:  0.8, Max: 3, Diff: 3, Sum: 3, Workers: 4
[1825.414s][debug][gc,phases      ] GC(48)   JVMTI Tag Weak OopStorage      Min:  0.0, Avg:  0.0, Max:  0.0, Diff:  0.0, Sum:  0.0, Workers: 4
[1825.414s][debug][gc,phases      ] GC(48)     Dead                           Min: 0, Avg:  0.0, Max: 0, Diff: 0, Sum: 0, Workers: 4
[1825.414s][debug][gc,phases      ] GC(48)     Total                          Min: 0, Avg:  0.0, Max: 0, Diff: 0, Sum: 0, Workers: 4
[1825.414s][debug][gc,phases      ] GC(48)   StringTable Weak               Min:  0.0, Avg:  0.1, Max:  0.1, Diff:  0.1, Sum:  0.4, Workers: 4
[1825.414s][debug][gc,phases      ] GC(48)     Dead                           Min: 0, Avg:  0.5, Max: 2, Diff: 2, Sum: 2, Workers: 4
[1825.414s][debug][gc,phases      ] GC(48)     Total                          Min: 0, Avg: 12097.8, Max: 20800, Diff: 20800, Sum: 48391, Workers: 4
[1825.414s][debug][gc,phases      ] GC(48)   ResolvedMethodTable Weak       Min:  0.0, Avg:  0.0, Max:  0.0, Diff:  0.0, Sum:  0.1, Workers: 4
[1825.414s][debug][gc,phases      ] GC(48)     Dead                           Min: 0, Avg:  3.2, Max: 8, Diff: 8, Sum: 13, Workers: 4
[1825.414s][debug][gc,phases      ] GC(48)     Total                          Min: 0, Avg: 3380.8, Max: 5169, Diff: 5169, Sum: 13523, Workers: 4
[1825.414s][debug][gc,phases      ] GC(48)   JNI Weak                       Min:  0.0, Avg:  0.0, Max:  0.0, Diff:  0.0, Sum:  0.0, Workers: 4
[1825.414s][debug][gc,phases      ] GC(48)     Dead                           Min: 0, Avg:  0.0, Max: 0, Diff: 0, Sum: 0, Workers: 4
[1825.414s][debug][gc,phases      ] GC(48)     Total                          Min: 0, Avg: 12.0, Max: 48, Diff: 48, Sum: 48, Workers: 4
[1825.414s][debug][gc,phases      ] GC(48)   StringDedup Table Weak         Min:  0.0, Avg:  0.0, Max:  0.0, Diff:  0.0, Sum:  0.0, Workers: 4
[1825.414s][debug][gc,phases      ] GC(48)     Dead                           Min: 0, Avg:  0.0, Max: 0, Diff: 0, Sum: 0, Workers: 4
[1825.414s][debug][gc,phases      ] GC(48)     Total                          Min: 0, Avg:  0.0, Max: 0, Diff: 0, Sum: 0, Workers: 4
[1825.414s][debug][gc,phases      ] GC(48)   StringDedup Requests0 Weak     Min:  0.0, Avg:  0.0, Max:  0.0, Diff:  0.0, Sum:  0.0, Workers: 4
[1825.414s][debug][gc,phases      ] GC(48)     Dead                           Min: 0, Avg:  0.0, Max: 0, Diff: 0, Sum: 0, Workers: 4
[1825.414s][debug][gc,phases      ] GC(48)     Total                          Min: 0, Avg:  0.0, Max: 0, Diff: 0, Sum: 0, Workers: 4
[1825.414s][debug][gc,phases      ] GC(48)   StringDedup Requests1 Weak     Min:  0.0, Avg:  0.0, Max:  0.0, Diff:  0.0, Sum:  0.0, Workers: 4
[1825.414s][debug][gc,phases      ] GC(48)     Dead                           Min: 0, Avg:  0.0, Max: 0, Diff: 0, Sum: 0, Workers: 4
[1825.414s][debug][gc,phases      ] GC(48)     Total                          Min: 0, Avg:  0.0, Max: 0, Diff: 0, Sum: 0, Workers: 4
[1825.414s][debug][gc,phases      ] GC(48)   Weak JFR Old Object Samples    Min:  0.0, Avg:  0.0, Max:  0.0, Diff:  0.0, Sum:  0.0, Workers: 4
[1825.414s][debug][gc,phases      ] GC(48)     Dead                           Min: 0, Avg:  0.0, Max: 0, Diff: 0, Sum: 0, Workers: 4
[1825.414s][debug][gc,phases      ] GC(48)     Total                          Min: 0, Avg:  0.0, Max: 0, Diff: 0, Sum: 0, Workers: 4
[1825.414s][debug][gc,phases      ] GC(48) Weak Processing 0.403ms
[1825.414s][debug][gc,age         ] GC(48) Desired survivor size 174587904 bytes, new threshold 15 (max threshold 15)
[1825.414s][info ][gc,heap        ] GC(48) PSYoungGen: 1760752K(1895936K)->54208K(1926656K) Eden: 1705984K(1705984K)->0K(1746432K) From: 54768K(189952K)->54208K(180224K)
[1825.414s][info ][gc,heap        ] GC(48) ParOldGen: 302428K(359424K)->302916K(359424K)
[1825.414s][info ][gc,metaspace   ] GC(48) Metaspace: 95987K(97344K)->95987K(97344K) NonClass: 81852K(82624K)->81852K(82624K) Class: 14134K(14720K)->14134K(14720K)
[1825.414s][info ][gc             ] GC(48) Pause Young (Allocation Failure) 2014M->348M(2232M) 13.350ms
[1825.414s][info ][gc,cpu         ] GC(48) User=0.05s Sys=0.00s Real=0.01s
[1825.414s][info ][safepoint      ] Safepoint "ParallelGCFailedAllocation", Time since last: 9680929779 ns, Reaching safepoint: 7200 ns, Cleanup: 9100 ns, At safepoint: 13418970 ns, Total: 13435270 ns
[1831.415s][info ][safepoint      ] Safepoint "Cleanup", Time since last: 6000429309 ns, Reaching safepoint: 6900 ns, Cleanup: 6600 ns, At safepoint: 2000 ns, Total: 15500 ns
[1837.415s][info ][safepoint      ] Safepoint "Cleanup", Time since last: 6000396390 ns, Reaching safepoint: 5300 ns, Cleanup: 8800 ns, At safepoint: 2000 ns, Total: 16100 ns
[1854.416s][info ][safepoint      ] Safepoint "Cleanup", Time since last: 17001156471 ns, Reaching safepoint: 7100 ns, Cleanup: 8900 ns, At safepoint: 18201 ns, Total: 34201 ns
[1865.567s][info ][safepoint      ] Safepoint "Cleanup", Time since last: 11150569819 ns, Reaching safepoint: 6500 ns, Cleanup: 8400 ns, At safepoint: 2300 ns, Total: 17200 ns
[1874.567s][info ][safepoint      ] Safepoint "Cleanup", Time since last: 9000572821 ns, Reaching safepoint: 8000 ns, Cleanup: 9000 ns, At safepoint: 6300 ns, Total: 23300 ns
[1875.567s][info ][safepoint      ] Safepoint "Cleanup", Time since last: 1000110917 ns, Reaching safepoint: 6300 ns, Cleanup: 12500 ns, At safepoint: 2100 ns, Total: 20900 ns
[1885.568s][info ][safepoint      ] Safepoint "Cleanup", Time since last: 10000658977 ns, Reaching safepoint: 5800 ns, Cleanup: 10400 ns, At safepoint: 1800 ns, Total: 18000 ns
[1887.568s][info ][safepoint      ] Safepoint "Cleanup", Time since last: 2000170412 ns, Reaching safepoint: 6301 ns, Cleanup: 8200 ns, At safepoint: 1900 ns, Total: 16401 ns
[1895.569s][info ][safepoint      ] Safepoint "Cleanup", Time since last: 8000581071 ns, Reaching safepoint: 6700 ns, Cleanup: 11000 ns, At safepoint: 2100 ns, Total: 19800 ns
[1932.743s][info ][gc,start       ] GC(49) Pause Young (Allocation Failure)
[1932.757s][debug][gc,phases      ] GC(49) Scavenge 13.275ms
[1932.757s][debug][gc,ref         ] GC(49) ReferenceProcessor::execute queues: 1, RefProcThreadModel::Single, marks_oops_alive: false
[1932.757s][debug][gc,ref         ] GC(49) Skipped KeepAliveFinalRefsPhase of Reference Processing: no references
[1932.757s][debug][gc,ref         ] GC(49) ReferenceProcessor::execute queues: 1, RefProcThreadModel::Single, marks_oops_alive: false
[1932.757s][debug][gc,phases      ] GC(49) Reference Processing 0.111ms
[1932.757s][debug][gc,phases      ] GC(49)   VM Weak                        Min:  0.0, Avg:  0.0, Max:  0.0, Diff:  0.0, Sum:  0.0, Workers: 4
[1932.757s][debug][gc,phases      ] GC(49)     Dead                           Min: 0, Avg:  0.0, Max: 0, Diff: 0, Sum: 0, Workers: 4
[1932.757s][debug][gc,phases      ] GC(49)     Total                          Min: 0, Avg: 253.8, Max: 759, Diff: 759, Sum: 1015, Workers: 4
[1932.757s][debug][gc,phases      ] GC(49)   ObjectSynchronizer Weak        Min:  0.0, Avg:  0.0, Max:  0.0, Diff:  0.0, Sum:  0.0, Workers: 4
[1932.757s][debug][gc,phases      ] GC(49)     Dead                           Min: 0, Avg:  0.0, Max: 0, Diff: 0, Sum: 0, Workers: 4
[1932.757s][debug][gc,phases      ] GC(49)     Total                          Min: 0, Avg:  0.8, Max: 3, Diff: 3, Sum: 3, Workers: 4
[1932.757s][debug][gc,phases      ] GC(49)   JVMTI Tag Weak OopStorage      Min:  0.0, Avg:  0.0, Max:  0.0, Diff:  0.0, Sum:  0.0, Workers: 4
[1932.757s][debug][gc,phases      ] GC(49)     Dead                           Min: 0, Avg:  0.0, Max: 0, Diff: 0, Sum: 0, Workers: 4
[1932.757s][debug][gc,phases      ] GC(49)     Total                          Min: 0, Avg:  0.0, Max: 0, Diff: 0, Sum: 0, Workers: 4
[1932.757s][debug][gc,phases      ] GC(49)   StringTable Weak               Min:  0.0, Avg:  0.1, Max:  0.1, Diff:  0.1, Sum:  0.4, Workers: 4
[1932.757s][debug][gc,phases      ] GC(49)     Dead                           Min: 0, Avg:  0.0, Max: 0, Diff: 0, Sum: 0, Workers: 4
[1932.757s][debug][gc,phases      ] GC(49)     Total                          Min: 0, Avg: 12097.8, Max: 21248, Diff: 21248, Sum: 48391, Workers: 4
[1932.757s][debug][gc,phases      ] GC(49)   ResolvedMethodTable Weak       Min:  0.0, Avg:  0.0, Max:  0.0, Diff:  0.0, Sum:  0.1, Workers: 4
[1932.757s][debug][gc,phases      ] GC(49)     Dead                           Min: 0, Avg:  0.0, Max: 0, Diff: 0, Sum: 0, Workers: 4
[1932.757s][debug][gc,phases      ] GC(49)     Total                          Min: 0, Avg: 3380.8, Max: 5590, Diff: 5590, Sum: 13523, Workers: 4
[1932.757s][debug][gc,phases      ] GC(49)   JNI Weak                       Min:  0.0, Avg:  0.0, Max:  0.0, Diff:  0.0, Sum:  0.0, Workers: 4
[1932.757s][debug][gc,phases      ] GC(49)     Dead                           Min: 0, Avg:  0.0, Max: 0, Diff: 0, Sum: 0, Workers: 4
[1932.757s][debug][gc,phases      ] GC(49)     Total                          Min: 0, Avg: 12.0, Max: 48, Diff: 48, Sum: 48, Workers: 4
[1932.757s][debug][gc,phases      ] GC(49)   StringDedup Table Weak         Min:  0.0, Avg:  0.0, Max:  0.0, Diff:  0.0, Sum:  0.0, Workers: 4
[1932.757s][debug][gc,phases      ] GC(49)     Dead                           Min: 0, Avg:  0.0, Max: 0, Diff: 0, Sum: 0, Workers: 4
[1932.757s][debug][gc,phases      ] GC(49)     Total                          Min: 0, Avg:  0.0, Max: 0, Diff: 0, Sum: 0, Workers: 4
[1932.757s][debug][gc,phases      ] GC(49)   StringDedup Requests0 Weak     Min:  0.0, Avg:  0.0, Max:  0.0, Diff:  0.0, Sum:  0.0, Workers: 4
[1932.757s][debug][gc,phases      ] GC(49)     Dead                           Min: 0, Avg:  0.0, Max: 0, Diff: 0, Sum: 0, Workers: 4
[1932.757s][debug][gc,phases      ] GC(49)     Total                          Min: 0, Avg:  0.0, Max: 0, Diff: 0, Sum: 0, Workers: 4
[1932.757s][debug][gc,phases      ] GC(49)   StringDedup Requests1 Weak     Min:  0.0, Avg:  0.0, Max:  0.0, Diff:  0.0, Sum:  0.0, Workers: 4
[1932.757s][debug][gc,phases      ] GC(49)     Dead                           Min: 0, Avg:  0.0, Max: 0, Diff: 0, Sum: 0, Workers: 4
[1932.757s][debug][gc,phases      ] GC(49)     Total                          Min: 0, Avg:  0.0, Max: 0, Diff: 0, Sum: 0, Workers: 4
[1932.757s][debug][gc,phases      ] GC(49)   Weak JFR Old Object Samples    Min:  0.0, Avg:  0.0, Max:  0.0, Diff:  0.0, Sum:  0.0, Workers: 4
[1932.757s][debug][gc,phases      ] GC(49)     Dead                           Min: 0, Avg:  0.0, Max: 0, Diff: 0, Sum: 0, Workers: 4
[1932.757s][debug][gc,phases      ] GC(49)     Total                          Min: 0, Avg:  0.0, Max: 0, Diff: 0, Sum: 0, Workers: 4
[1932.757s][debug][gc,phases      ] GC(49) Weak Processing 0.413ms
[1932.757s][debug][gc,age         ] GC(49) Desired survivor size 166199296 bytes, new threshold 15 (max threshold 15)
[1932.757s][info ][gc,heap        ] GC(49) PSYoungGen: 1800640K(1926656K)->52976K(1916928K) Eden: 1746432K(1746432K)->0K(1746432K) From: 54208K(180224K)->52976K(170496K)
[1932.757s][info ][gc,heap        ] GC(49) ParOldGen: 302916K(359424K)->303964K(359424K)
[1932.757s][info ][gc,metaspace   ] GC(49) Metaspace: 95992K(97344K)->95992K(97344K) NonClass: 81858K(82624K)->81858K(82624K) Class: 14134K(14720K)->14134K(14720K)
[1932.757s][info ][gc             ] GC(49) Pause Young (Allocation Failure) 2054M->348M(2223M) 13.945ms
[1932.757s][info ][gc,cpu         ] GC(49) User=0.04s Sys=0.00s Real=0.01s
[1932.757s][info ][safepoint      ] Safepoint "ParallelGCFailedAllocation", Time since last: 37174307460 ns, Reaching safepoint: 6500 ns, Cleanup: 3700 ns, At safepoint: 14017673 ns, Total: 14027873 ns
[1936.758s][info ][safepoint      ] Safepoint "Cleanup", Time since last: 4000271445 ns, Reaching safepoint: 5600 ns, Cleanup: 8500 ns, At safepoint: 1800 ns, Total: 15900 ns
[1946.758s][info ][safepoint      ] Safepoint "Cleanup", Time since last: 10000683237 ns, Reaching safepoint: 5500 ns, Cleanup: 8400 ns, At safepoint: 2300 ns, Total: 16200 ns
[1954.759s][info ][safepoint      ] Safepoint "Cleanup", Time since last: 8000515973 ns, Reaching safepoint: 6100 ns, Cleanup: 9500 ns, At safepoint: 2000 ns, Total: 17600 ns
[2020.763s][info ][safepoint      ] Safepoint "Cleanup", Time since last: 66004059121 ns, Reaching safepoint: 6000 ns, Cleanup: 11500 ns, At safepoint: 2000 ns, Total: 19500 ns
[2022.763s][info ][safepoint      ] Safepoint "Cleanup", Time since last: 2000178293 ns, Reaching safepoint: 5500 ns, Cleanup: 8201 ns, At safepoint: 2800 ns, Total: 16501 ns
[2024.763s][info ][safepoint      ] Safepoint "Cleanup", Time since last: 2000169061 ns, Reaching safepoint: 5400 ns, Cleanup: 12500 ns, At safepoint: 1600 ns, Total: 19500 ns
[2025.763s][info ][safepoint      ] Safepoint "Cleanup", Time since last: 1000100572 ns, Reaching safepoint: 5200 ns, Cleanup: 6400 ns, At safepoint: 1700 ns, Total: 13300 ns
[2032.764s][info ][safepoint      ] Safepoint "Cleanup", Time since last: 7000498182 ns, Reaching safepoint: 5300 ns, Cleanup: 8200 ns, At safepoint: 15100 ns, Total: 28600 ns
[2033.764s][info ][safepoint      ] Safepoint "Cleanup", Time since last: 1000098162 ns, Reaching safepoint: 6400 ns, Cleanup: 10500 ns, At safepoint: 2400 ns, Total: 19300 ns
[2040.765s][info ][safepoint      ] Safepoint "Cleanup", Time since last: 7000487502 ns, Reaching safepoint: 6400 ns, Cleanup: 11400 ns, At safepoint: 6300 ns, Total: 24100 ns
[2042.765s][info ][safepoint      ] Safepoint "Cleanup", Time since last: 2000190804 ns, Reaching safepoint: 5700 ns, Cleanup: 7600 ns, At safepoint: 2000 ns, Total: 15300 ns
[2042.765s][info ][gc,start       ] GC(50) Pause Young (Allocation Failure)
[2042.779s][debug][gc,phases      ] GC(50) Scavenge 13.354ms
[2042.779s][debug][gc,ref         ] GC(50) ReferenceProcessor::execute queues: 1, RefProcThreadModel::Single, marks_oops_alive: false
[2042.779s][debug][gc,ref         ] GC(50) Skipped KeepAliveFinalRefsPhase of Reference Processing: no references
[2042.779s][debug][gc,ref         ] GC(50) ReferenceProcessor::execute queues: 1, RefProcThreadModel::Single, marks_oops_alive: false
[2042.779s][debug][gc,phases      ] GC(50) Reference Processing 0.114ms
[2042.779s][debug][gc,phases      ] GC(50)   VM Weak                        Min:  0.0, Avg:  0.0, Max:  0.0, Diff:  0.0, Sum:  0.0, Workers: 4
[2042.779s][debug][gc,phases      ] GC(50)     Dead                           Min: 0, Avg:  0.0, Max: 0, Diff: 0, Sum: 0, Workers: 4
[2042.779s][debug][gc,phases      ] GC(50)     Total                          Min: 0, Avg: 253.8, Max: 951, Diff: 951, Sum: 1015, Workers: 4
[2042.779s][debug][gc,phases      ] GC(50)   ObjectSynchronizer Weak        Min:  0.0, Avg:  0.0, Max:  0.0, Diff:  0.0, Sum:  0.0, Workers: 4
[2042.779s][debug][gc,phases      ] GC(50)     Dead                           Min: 0, Avg:  0.0, Max: 0, Diff: 0, Sum: 0, Workers: 4
[2042.779s][debug][gc,phases      ] GC(50)     Total                          Min: 0, Avg:  0.8, Max: 3, Diff: 3, Sum: 3, Workers: 4
[2042.779s][debug][gc,phases      ] GC(50)   JVMTI Tag Weak OopStorage      Min:  0.0, Avg:  0.0, Max:  0.0, Diff:  0.0, Sum:  0.0, Workers: 4
[2042.779s][debug][gc,phases      ] GC(50)     Dead                           Min: 0, Avg:  0.0, Max: 0, Diff: 0, Sum: 0, Workers: 4
[2042.779s][debug][gc,phases      ] GC(50)     Total                          Min: 0, Avg:  0.0, Max: 0, Diff: 0, Sum: 0, Workers: 4
[2042.779s][debug][gc,phases      ] GC(50)   StringTable Weak               Min:  0.0, Avg:  0.1, Max:  0.2, Diff:  0.2, Sum:  0.4, Workers: 4
[2042.779s][debug][gc,phases      ] GC(50)     Dead                           Min: 0, Avg:  0.0, Max: 0, Diff: 0, Sum: 0, Workers: 4
[2042.779s][debug][gc,phases      ] GC(50)     Total                          Min: 0, Avg: 12097.8, Max: 29056, Diff: 29056, Sum: 48391, Workers: 4
[2042.779s][debug][gc,phases      ] GC(50)   ResolvedMethodTable Weak       Min:  0.0, Avg:  0.0, Max:  0.1, Diff:  0.1, Sum:  0.1, Workers: 4
[2042.779s][debug][gc,phases      ] GC(50)     Dead                           Min: 0, Avg:  0.0, Max: 0, Diff: 0, Sum: 0, Workers: 4
[2042.779s][debug][gc,phases      ] GC(50)     Total                          Min: 0, Avg: 3380.8, Max: 6809, Diff: 6809, Sum: 13523, Workers: 4
[2042.779s][debug][gc,phases      ] GC(50)   JNI Weak                       Min:  0.0, Avg:  0.0, Max:  0.0, Diff:  0.0, Sum:  0.0, Workers: 4
[2042.779s][debug][gc,phases      ] GC(50)     Dead                           Min: 0, Avg:  0.0, Max: 0, Diff: 0, Sum: 0, Workers: 4
[2042.779s][debug][gc,phases      ] GC(50)     Total                          Min: 0, Avg: 12.0, Max: 48, Diff: 48, Sum: 48, Workers: 4
[2042.779s][debug][gc,phases      ] GC(50)   StringDedup Table Weak         Min:  0.0, Avg:  0.0, Max:  0.0, Diff:  0.0, Sum:  0.0, Workers: 4
[2042.779s][debug][gc,phases      ] GC(50)     Dead                           Min: 0, Avg:  0.0, Max: 0, Diff: 0, Sum: 0, Workers: 4
[2042.779s][debug][gc,phases      ] GC(50)     Total                          Min: 0, Avg:  0.0, Max: 0, Diff: 0, Sum: 0, Workers: 4
[2042.779s][debug][gc,phases      ] GC(50)   StringDedup Requests0 Weak     Min:  0.0, Avg:  0.0, Max:  0.0, Diff:  0.0, Sum:  0.0, Workers: 4
[2042.779s][debug][gc,phases      ] GC(50)     Dead                           Min: 0, Avg:  0.0, Max: 0, Diff: 0, Sum: 0, Workers: 4
[2042.779s][debug][gc,phases      ] GC(50)     Total                          Min: 0, Avg:  0.0, Max: 0, Diff: 0, Sum: 0, Workers: 4
[2042.779s][debug][gc,phases      ] GC(50)   StringDedup Requests1 Weak     Min:  0.0, Avg:  0.0, Max:  0.0, Diff:  0.0, Sum:  0.0, Workers: 4
[2042.779s][debug][gc,phases      ] GC(50)     Dead                           Min: 0, Avg:  0.0, Max: 0, Diff: 0, Sum: 0, Workers: 4
[2042.779s][debug][gc,phases      ] GC(50)     Total                          Min: 0, Avg:  0.0, Max: 0, Diff: 0, Sum: 0, Workers: 4
[2042.779s][debug][gc,phases      ] GC(50)   Weak JFR Old Object Samples    Min:  0.0, Avg:  0.0, Max:  0.0, Diff:  0.0, Sum:  0.0, Workers: 4
[2042.779s][debug][gc,phases      ] GC(50)     Dead                           Min: 0, Avg:  0.0, Max: 0, Diff: 0, Sum: 0, Workers: 4
[2042.779s][debug][gc,phases      ] GC(50)     Total                          Min: 0, Avg:  0.0, Max: 0, Diff: 0, Sum: 0, Workers: 4
[2042.779s][debug][gc,phases      ] GC(50) Weak Processing 0.469ms
[2042.779s][debug][gc,age         ] GC(50) Desired survivor size 159907840 bytes, new threshold 15 (max threshold 15)
[2042.779s][info ][gc,heap        ] GC(50) PSYoungGen: 1799408K(1916928K)->40672K(1940992K) Eden: 1746432K(1746432K)->0K(1778688K) From: 52976K(170496K)->40672K(162304K)
[2042.779s][info ][gc,heap        ] GC(50) ParOldGen: 303964K(359424K)->318192K(359424K)
[2042.779s][info ][gc,metaspace   ] GC(50) Metaspace: 96007K(97344K)->96007K(97344K) NonClass: 81873K(82624K)->81873K(82624K) Class: 14134K(14720K)->14134K(14720K)
[2042.780s][info ][gc             ] GC(50) Pause Young (Allocation Failure) 2054M->350M(2246M) 14.062ms
[2042.780s][info ][gc,cpu         ] GC(50) User=0.05s Sys=0.00s Real=0.01s
[2042.780s][info ][safepoint      ] Safepoint "ParallelGCFailedAllocation", Time since last: 699704 ns, Reaching safepoint: 2300 ns, Cleanup: 1800 ns, At safepoint: 14138168 ns, Total: 14142268 ns
[2043.780s][info ][safepoint      ] Safepoint "Cleanup", Time since last: 1000063353 ns, Reaching safepoint: 5600 ns, Cleanup: 8100 ns, At safepoint: 1900 ns, Total: 15600 ns
[2051.780s][info ][safepoint      ] Safepoint "Cleanup", Time since last: 8000605657 ns, Reaching safepoint: 6200 ns, Cleanup: 7400 ns, At safepoint: 2401 ns, Total: 16001 ns
[2058.781s][info ][safepoint      ] Safepoint "Cleanup", Time since last: 7000453638 ns, Reaching safepoint: 5600 ns, Cleanup: 7101 ns, At safepoint: 2100 ns, Total: 14801 ns
[2061.781s][info ][safepoint      ] Safepoint "Cleanup", Time since last: 3000256689 ns, Reaching safepoint: 6100 ns, Cleanup: 7700 ns, At safepoint: 1900 ns, Total: 15700 ns
[2064.781s][info ][safepoint      ] Safepoint "Cleanup", Time since last: 3000248628 ns, Reaching safepoint: 6300 ns, Cleanup: 9700 ns, At safepoint: 3000 ns, Total: 19000 ns
[2092.783s][info ][safepoint      ] Safepoint "Cleanup", Time since last: 28001805784 ns, Reaching safepoint: 5800 ns, Cleanup: 7800 ns, At safepoint: 2600 ns, Total: 16200 ns
[2100.784s][info ][safepoint      ] Safepoint "Cleanup", Time since last: 8000579751 ns, Reaching safepoint: 5900 ns, Cleanup: 13600 ns, At safepoint: 2100 ns, Total: 21600 ns
[2108.784s][info ][safepoint      ] Safepoint "Cleanup", Time since last: 8000569633 ns, Reaching safepoint: 5600 ns, Cleanup: 12200 ns, At safepoint: 2600 ns, Total: 20400 ns
[2110.784s][info ][safepoint      ] Safepoint "Cleanup", Time since last: 2000135651 ns, Reaching safepoint: 6000 ns, Cleanup: 11100 ns, At safepoint: 6400 ns, Total: 23500 ns
[2111.785s][info ][safepoint      ] Safepoint "Cleanup", Time since last: 1000069926 ns, Reaching safepoint: 6000 ns, Cleanup: 7700 ns, At safepoint: 2100 ns, Total: 15800 ns
[2112.785s][info ][safepoint      ] Safepoint "Cleanup", Time since last: 1000108646 ns, Reaching safepoint: 5800 ns, Cleanup: 10400 ns, At safepoint: 2200 ns, Total: 18400 ns
[2113.785s][info ][safepoint      ] Safepoint "Cleanup", Time since last: 1000105589 ns, Reaching safepoint: 6500 ns, Cleanup: 14600 ns, At safepoint: 2000 ns, Total: 23100 ns
[2118.785s][info ][safepoint      ] Safepoint "Cleanup", Time since last: 5000374142 ns, Reaching safepoint: 5700 ns, Cleanup: 7900 ns, At safepoint: 1600 ns, Total: 15200 ns
[2120.785s][info ][safepoint      ] Safepoint "Cleanup", Time since last: 2000175954 ns, Reaching safepoint: 4400 ns, Cleanup: 6900 ns, At safepoint: 1600 ns, Total: 12900 ns
[2126.782s][info ][gc,start       ] GC(51) Pause Young (Allocation Failure)
[2126.793s][debug][gc,phases      ] GC(51) Scavenge 10.389ms
[2126.793s][debug][gc,ref         ] GC(51) ReferenceProcessor::execute queues: 1, RefProcThreadModel::Single, marks_oops_alive: false
[2126.793s][debug][gc,ref         ] GC(51) Skipped KeepAliveFinalRefsPhase of Reference Processing: no references
[2126.793s][debug][gc,ref         ] GC(51) ReferenceProcessor::execute queues: 1, RefProcThreadModel::Single, marks_oops_alive: false
[2126.793s][debug][gc,phases      ] GC(51) Reference Processing 0.125ms
[2126.793s][debug][gc,phases      ] GC(51)   VM Weak                        Min:  0.0, Avg:  0.0, Max:  0.0, Diff:  0.0, Sum:  0.0, Workers: 4
[2126.793s][debug][gc,phases      ] GC(51)     Dead                           Min: 0, Avg:  0.0, Max: 0, Diff: 0, Sum: 0, Workers: 4
[2126.793s][debug][gc,phases      ] GC(51)     Total                          Min: 0, Avg: 253.8, Max: 704, Diff: 704, Sum: 1015, Workers: 4
[2126.793s][debug][gc,phases      ] GC(51)   ObjectSynchronizer Weak        Min:  0.0, Avg:  0.0, Max:  0.0, Diff:  0.0, Sum:  0.0, Workers: 4
[2126.793s][debug][gc,phases      ] GC(51)     Dead                           Min: 0, Avg:  0.0, Max: 0, Diff: 0, Sum: 0, Workers: 4
[2126.793s][debug][gc,phases      ] GC(51)     Total                          Min: 0, Avg:  1.0, Max: 4, Diff: 4, Sum: 4, Workers: 4
[2126.793s][debug][gc,phases      ] GC(51)   JVMTI Tag Weak OopStorage      Min:  0.0, Avg:  0.0, Max:  0.0, Diff:  0.0, Sum:  0.0, Workers: 4
[2126.793s][debug][gc,phases      ] GC(51)     Dead                           Min: 0, Avg:  0.0, Max: 0, Diff: 0, Sum: 0, Workers: 4
[2126.793s][debug][gc,phases      ] GC(51)     Total                          Min: 0, Avg:  0.0, Max: 0, Diff: 0, Sum: 0, Workers: 4
[2126.793s][debug][gc,phases      ] GC(51)   StringTable Weak               Min:  0.0, Avg:  0.1, Max:  0.1, Diff:  0.1, Sum:  0.4, Workers: 4
[2126.793s][debug][gc,phases      ] GC(51)     Dead                           Min: 0, Avg:  0.0, Max: 0, Diff: 0, Sum: 0, Workers: 4
[2126.793s][debug][gc,phases      ] GC(51)     Total                          Min: 0, Avg: 12100.0, Max: 19408, Diff: 19408, Sum: 48400, Workers: 4
[2126.793s][debug][gc,phases      ] GC(51)   ResolvedMethodTable Weak       Min:  0.0, Avg:  0.0, Max:  0.0, Diff:  0.0, Sum:  0.1, Workers: 4
[2126.793s][debug][gc,phases      ] GC(51)     Dead                           Min: 0, Avg:  0.0, Max: 0, Diff: 0, Sum: 0, Workers: 4
[2126.793s][debug][gc,phases      ] GC(51)     Total                          Min: 0, Avg: 3380.8, Max: 5715, Diff: 5715, Sum: 13523, Workers: 4
[2126.793s][debug][gc,phases      ] GC(51)   JNI Weak                       Min:  0.0, Avg:  0.0, Max:  0.0, Diff:  0.0, Sum:  0.0, Workers: 4
[2126.793s][debug][gc,phases      ] GC(51)     Dead                           Min: 0, Avg:  0.0, Max: 0, Diff: 0, Sum: 0, Workers: 4
[2126.793s][debug][gc,phases      ] GC(51)     Total                          Min: 0, Avg: 12.0, Max: 48, Diff: 48, Sum: 48, Workers: 4
[2126.793s][debug][gc,phases      ] GC(51)   StringDedup Table Weak         Min:  0.0, Avg:  0.0, Max:  0.0, Diff:  0.0, Sum:  0.0, Workers: 4
[2126.793s][debug][gc,phases      ] GC(51)     Dead                           Min: 0, Avg:  0.0, Max: 0, Diff: 0, Sum: 0, Workers: 4
[2126.793s][debug][gc,phases      ] GC(51)     Total                          Min: 0, Avg:  0.0, Max: 0, Diff: 0, Sum: 0, Workers: 4
[2126.793s][debug][gc,phases      ] GC(51)   StringDedup Requests0 Weak     Min:  0.0, Avg:  0.0, Max:  0.0, Diff:  0.0, Sum:  0.0, Workers: 4
[2126.793s][debug][gc,phases      ] GC(51)     Dead                           Min: 0, Avg:  0.0, Max: 0, Diff: 0, Sum: 0, Workers: 4
[2126.793s][debug][gc,phases      ] GC(51)     Total                          Min: 0, Avg:  0.0, Max: 0, Diff: 0, Sum: 0, Workers: 4
[2126.793s][debug][gc,phases      ] GC(51)   StringDedup Requests1 Weak     Min:  0.0, Avg:  0.0, Max:  0.0, Diff:  0.0, Sum:  0.0, Workers: 4
[2126.793s][debug][gc,phases      ] GC(51)     Dead                           Min: 0, Avg:  0.0, Max: 0, Diff: 0, Sum: 0, Workers: 4
[2126.793s][debug][gc,phases      ] GC(51)     Total                          Min: 0, Avg:  0.0, Max: 0, Diff: 0, Sum: 0, Workers: 4
[2126.793s][debug][gc,phases      ] GC(51)   Weak JFR Old Object Samples    Min:  0.0, Avg:  0.0, Max:  0.0, Diff:  0.0, Sum:  0.0, Workers: 4
[2126.793s][debug][gc,phases      ] GC(51)     Dead                           Min: 0, Avg:  0.0, Max: 0, Diff: 0, Sum: 0, Workers: 4
[2126.793s][debug][gc,phases      ] GC(51)     Total                          Min: 0, Avg:  0.0, Max: 0, Diff: 0, Sum: 0, Workers: 4
[2126.793s][debug][gc,phases      ] GC(51) Weak Processing 0.413ms
[2126.793s][debug][gc,age         ] GC(51) Desired survivor size 153616384 bytes, new threshold 15 (max threshold 15)
[2126.793s][info ][gc,heap        ] GC(51) PSYoungGen: 1819360K(1940992K)->41216K(1934848K) Eden: 1778688K(1778688K)->0K(1778688K) From: 40672K(162304K)->41216K(156160K)
[2126.793s][info ][gc,heap        ] GC(51) ParOldGen: 318192K(359424K)->318544K(359424K)
[2126.793s][info ][gc,metaspace   ] GC(51) Metaspace: 96036K(97344K)->96036K(97344K) NonClass: 81902K(82624K)->81902K(82624K) Class: 14134K(14720K)->14134K(14720K)
[2126.793s][info ][gc             ] GC(51) Pause Young (Allocation Failure) 2087M->351M(2240M) 11.064ms
[2126.793s][info ][gc,cpu         ] GC(51) User=0.04s Sys=0.00s Real=0.01s
[2126.793s][info ][safepoint      ] Safepoint "ParallelGCFailedAllocation", Time since last: 5996824801 ns, Reaching safepoint: 7600 ns, Cleanup: 4200 ns, At safepoint: 11149353 ns, Total: 11161153 ns
[2132.794s][info ][safepoint      ] Safepoint "Cleanup", Time since last: 6000386808 ns, Reaching safepoint: 5800 ns, Cleanup: 10701 ns, At safepoint: 2000 ns, Total: 18501 ns
[2133.794s][info ][safepoint      ] Safepoint "Cleanup", Time since last: 1000123556 ns, Reaching safepoint: 5000 ns, Cleanup: 8500 ns, At safepoint: 1900 ns, Total: 15400 ns
[2136.794s][info ][safepoint      ] Safepoint "Cleanup", Time since last: 3000242250 ns, Reaching safepoint: 5300 ns, Cleanup: 6600 ns, At safepoint: 1600 ns, Total: 13500 ns
[2138.794s][info ][safepoint      ] Safepoint "Cleanup", Time since last: 2000166095 ns, Reaching safepoint: 4700 ns, Cleanup: 8000 ns, At safepoint: 1700 ns, Total: 14400 ns
[2159.796s][info ][safepoint      ] Safepoint "Cleanup", Time since last: 21001409973 ns, Reaching safepoint: 5800 ns, Cleanup: 7700 ns, At safepoint: 2100 ns, Total: 15600 ns
[2165.644s][info ][safepoint      ] Safepoint "Cleanup", Time since last: 5847822940 ns, Reaching safepoint: 6000 ns, Cleanup: 10400 ns, At safepoint: 2200 ns, Total: 18600 ns
[2171.644s][info ][safepoint      ] Safepoint "Cleanup", Time since last: 6000353089 ns, Reaching safepoint: 6800 ns, Cleanup: 40300 ns, At safepoint: 2200 ns, Total: 49300 ns
[2172.644s][info ][safepoint      ] Safepoint "Cleanup", Time since last: 1000115848 ns, Reaching safepoint: 5900 ns, Cleanup: 10500 ns, At safepoint: 1900 ns, Total: 18300 ns
[2174.644s][info ][safepoint      ] Safepoint "Cleanup", Time since last: 2000169095 ns, Reaching safepoint: 9400 ns, Cleanup: 18600 ns, At safepoint: 2000 ns, Total: 30000 ns
[2177.645s][info ][safepoint      ] Safepoint "Cleanup", Time since last: 3000243990 ns, Reaching safepoint: 6200 ns, Cleanup: 11300 ns, At safepoint: 2100 ns, Total: 19600 ns
[2181.645s][info ][safepoint      ] Safepoint "Cleanup", Time since last: 4000333894 ns, Reaching safepoint: 6000 ns, Cleanup: 9100 ns, At safepoint: 2100 ns, Total: 17200 ns
[2187.645s][info ][safepoint      ] Safepoint "Cleanup", Time since last: 6000421813 ns, Reaching safepoint: 5900 ns, Cleanup: 8100 ns, At safepoint: 2800 ns, Total: 16800 ns
[2195.646s][info ][safepoint      ] Safepoint "Cleanup", Time since last: 8000543725 ns, Reaching safepoint: 7100 ns, Cleanup: 11000 ns, At safepoint: 2400 ns, Total: 20500 ns
[2197.646s][info ][safepoint      ] Safepoint "Cleanup", Time since last: 2000175036 ns, Reaching safepoint: 5500 ns, Cleanup: 10800 ns, At safepoint: 4600 ns, Total: 20900 ns
[2198.646s][info ][safepoint      ] Safepoint "Cleanup", Time since last: 1000105118 ns, Reaching safepoint: 5400 ns, Cleanup: 12400 ns, At safepoint: 2100 ns, Total: 19900 ns
[2208.647s][info ][safepoint      ] Safepoint "Cleanup", Time since last: 10000692855 ns, Reaching safepoint: 5900 ns, Cleanup: 8400 ns, At safepoint: 1900 ns, Total: 16200 ns
[2209.647s][info ][safepoint      ] Safepoint "Cleanup", Time since last: 1000114623 ns, Reaching safepoint: 5900 ns, Cleanup: 8600 ns, At safepoint: 2100 ns, Total: 16600 ns
[2210.647s][info ][safepoint      ] Safepoint "Cleanup", Time since last: 1000119722 ns, Reaching safepoint: 5000 ns, Cleanup: 9300 ns, At safepoint: 2100 ns, Total: 16400 ns
[2211.647s][info ][safepoint      ] Safepoint "Cleanup", Time since last: 1000091923 ns, Reaching safepoint: 6200 ns, Cleanup: 8400 ns, At safepoint: 5600 ns, Total: 20200 ns
[2213.647s][info ][safepoint      ] Safepoint "Cleanup", Time since last: 2000136244 ns, Reaching safepoint: 6700 ns, Cleanup: 9100 ns, At safepoint: 2000 ns, Total: 17800 ns
[2216.165s][info ][gc,start       ] GC(52) Pause Young (Allocation Failure)
[2216.175s][debug][gc,phases      ] GC(52) Scavenge 10.261ms
[2216.175s][debug][gc,ref         ] GC(52) ReferenceProcessor::execute queues: 1, RefProcThreadModel::Single, marks_oops_alive: false
[2216.175s][debug][gc,ref         ] GC(52) Skipped KeepAliveFinalRefsPhase of Reference Processing: no references
[2216.175s][debug][gc,ref         ] GC(52) ReferenceProcessor::execute queues: 1, RefProcThreadModel::Single, marks_oops_alive: false
[2216.175s][debug][gc,phases      ] GC(52) Reference Processing 0.109ms
[2216.175s][debug][gc,phases      ] GC(52)   VM Weak                        Min:  0.0, Avg:  0.0, Max:  0.0, Diff:  0.0, Sum:  0.0, Workers: 4
[2216.175s][debug][gc,phases      ] GC(52)     Dead                           Min: 0, Avg:  0.0, Max: 0, Diff: 0, Sum: 0, Workers: 4
[2216.175s][debug][gc,phases      ] GC(52)     Total                          Min: 0, Avg: 253.8, Max: 896, Diff: 896, Sum: 1015, Workers: 4
[2216.175s][debug][gc,phases      ] GC(52)   ObjectSynchronizer Weak        Min:  0.0, Avg:  0.0, Max:  0.0, Diff:  0.0, Sum:  0.0, Workers: 4
[2216.175s][debug][gc,phases      ] GC(52)     Dead                           Min: 0, Avg:  0.0, Max: 0, Diff: 0, Sum: 0, Workers: 4
[2216.175s][debug][gc,phases      ] GC(52)     Total                          Min: 0, Avg:  0.8, Max: 3, Diff: 3, Sum: 3, Workers: 4
[2216.175s][debug][gc,phases      ] GC(52)   JVMTI Tag Weak OopStorage      Min:  0.0, Avg:  0.0, Max:  0.0, Diff:  0.0, Sum:  0.0, Workers: 4
[2216.175s][debug][gc,phases      ] GC(52)     Dead                           Min: 0, Avg:  0.0, Max: 0, Diff: 0, Sum: 0, Workers: 4
[2216.175s][debug][gc,phases      ] GC(52)     Total                          Min: 0, Avg:  0.0, Max: 0, Diff: 0, Sum: 0, Workers: 4
[2216.175s][debug][gc,phases      ] GC(52)   StringTable Weak               Min:  0.0, Avg:  0.1, Max:  0.2, Diff:  0.2, Sum:  0.4, Workers: 4
[2216.175s][debug][gc,phases      ] GC(52)     Dead                           Min: 0, Avg:  0.0, Max: 0, Diff: 0, Sum: 0, Workers: 4
[2216.175s][debug][gc,phases      ] GC(52)     Total                          Min: 0, Avg: 12100.0, Max: 29888, Diff: 29888, Sum: 48400, Workers: 4
[2216.175s][debug][gc,phases      ] GC(52)   ResolvedMethodTable Weak       Min:  0.0, Avg:  0.0, Max:  0.1, Diff:  0.1, Sum:  0.1, Workers: 4
[2216.175s][debug][gc,phases      ] GC(52)     Dead                           Min: 0, Avg:  0.0, Max: 0, Diff: 0, Sum: 0, Workers: 4
[2216.175s][debug][gc,phases      ] GC(52)     Total                          Min: 0, Avg: 3380.8, Max: 8159, Diff: 8159, Sum: 13523, Workers: 4
[2216.175s][debug][gc,phases      ] GC(52)   JNI Weak                       Min:  0.0, Avg:  0.0, Max:  0.0, Diff:  0.0, Sum:  0.0, Workers: 4
[2216.175s][debug][gc,phases      ] GC(52)     Dead                           Min: 0, Avg:  0.0, Max: 0, Diff: 0, Sum: 0, Workers: 4
[2216.175s][debug][gc,phases      ] GC(52)     Total                          Min: 0, Avg: 12.0, Max: 48, Diff: 48, Sum: 48, Workers: 4
[2216.175s][debug][gc,phases      ] GC(52)   StringDedup Table Weak         Min:  0.0, Avg:  0.0, Max:  0.0, Diff:  0.0, Sum:  0.0, Workers: 4
[2216.175s][debug][gc,phases      ] GC(52)     Dead                           Min: 0, Avg:  0.0, Max: 0, Diff: 0, Sum: 0, Workers: 4
[2216.175s][debug][gc,phases      ] GC(52)     Total                          Min: 0, Avg:  0.0, Max: 0, Diff: 0, Sum: 0, Workers: 4
[2216.175s][debug][gc,phases      ] GC(52)   StringDedup Requests0 Weak     Min:  0.0, Avg:  0.0, Max:  0.0, Diff:  0.0, Sum:  0.0, Workers: 4
[2216.175s][debug][gc,phases      ] GC(52)     Dead                           Min: 0, Avg:  0.0, Max: 0, Diff: 0, Sum: 0, Workers: 4
[2216.175s][debug][gc,phases      ] GC(52)     Total                          Min: 0, Avg:  0.0, Max: 0, Diff: 0, Sum: 0, Workers: 4
[2216.175s][debug][gc,phases      ] GC(52)   StringDedup Requests1 Weak     Min:  0.0, Avg:  0.0, Max:  0.0, Diff:  0.0, Sum:  0.0, Workers: 4
[2216.175s][debug][gc,phases      ] GC(52)     Dead                           Min: 0, Avg:  0.0, Max: 0, Diff: 0, Sum: 0, Workers: 4
[2216.175s][debug][gc,phases      ] GC(52)     Total                          Min: 0, Avg:  0.0, Max: 0, Diff: 0, Sum: 0, Workers: 4
[2216.175s][debug][gc,phases      ] GC(52)   Weak JFR Old Object Samples    Min:  0.0, Avg:  0.0, Max:  0.0, Diff:  0.0, Sum:  0.0, Workers: 4
[2216.175s][debug][gc,phases      ] GC(52)     Dead                           Min: 0, Avg:  0.0, Max: 0, Diff: 0, Sum: 0, Workers: 4
[2216.175s][debug][gc,phases      ] GC(52)     Total                          Min: 0, Avg:  0.0, Max: 0, Diff: 0, Sum: 0, Workers: 4
[2216.175s][debug][gc,phases      ] GC(52) Weak Processing 0.486ms
[2216.175s][debug][gc,age         ] GC(52) Desired survivor size 147849216 bytes, new threshold 15 (max threshold 15)
[2216.175s][info ][gc,heap        ] GC(52) PSYoungGen: 1819904K(1934848K)->41248K(1952768K) Eden: 1778688K(1778688K)->0K(1802752K) From: 41216K(156160K)->41248K(150016K)
[2216.175s][info ][gc,heap        ] GC(52) ParOldGen: 318544K(359424K)->318592K(359424K)
[2216.175s][info ][gc,metaspace   ] GC(52) Metaspace: 96080K(97408K)->96080K(97408K) NonClass: 81945K(82688K)->81945K(82688K) Class: 14134K(14720K)->14134K(14720K)
[2216.175s][info ][gc             ] GC(52) Pause Young (Allocation Failure) 2088M->351M(2258M) 10.996ms
[2216.176s][info ][gc,cpu         ] GC(52) User=0.03s Sys=0.00s Real=0.01s
[2216.176s][info ][safepoint      ] Safepoint "ParallelGCFailedAllocation", Time since last: 2516964537 ns, Reaching safepoint: 5500 ns, Cleanup: 3200 ns, At safepoint: 11071153 ns, Total: 11079853 ns
[2227.176s][info ][safepoint      ] Safepoint "Cleanup", Time since last: 11000834348 ns, Reaching safepoint: 7000 ns, Cleanup: 8700 ns, At safepoint: 2000 ns, Total: 17700 ns
[2231.177s][info ][safepoint      ] Safepoint "Cleanup", Time since last: 4000333412 ns, Reaching safepoint: 6000 ns, Cleanup: 16900 ns, At safepoint: 1900 ns, Total: 24800 ns
[2234.177s][info ][safepoint      ] Safepoint "Cleanup", Time since last: 3000245676 ns, Reaching safepoint: 5600 ns, Cleanup: 8900 ns, At safepoint: 23400 ns, Total: 37900 ns
[2237.177s][info ][safepoint      ] Safepoint "Cleanup", Time since last: 3000222899 ns, Reaching safepoint: 5600 ns, Cleanup: 12200 ns, At safepoint: 17700 ns, Total: 35500 ns
[2242.178s][info ][safepoint      ] Safepoint "Cleanup", Time since last: 5000377102 ns, Reaching safepoint: 6600 ns, Cleanup: 9500 ns, At safepoint: 2100 ns, Total: 18200 ns
[2245.178s][info ][safepoint      ] Safepoint "Cleanup", Time since last: 3000281803 ns, Reaching safepoint: 7800 ns, Cleanup: 10700 ns, At safepoint: 2800 ns, Total: 21300 ns
[2247.178s][info ][safepoint      ] Safepoint "Cleanup", Time since last: 2000192402 ns, Reaching safepoint: 5300 ns, Cleanup: 9200 ns, At safepoint: 2000 ns, Total: 16500 ns
[2256.179s][info ][safepoint      ] Safepoint "Cleanup", Time since last: 9000704273 ns, Reaching safepoint: 5700 ns, Cleanup: 16200 ns, At safepoint: 2600 ns, Total: 24500 ns
[2258.179s][info ][safepoint      ] Safepoint "Cleanup", Time since last: 2000188381 ns, Reaching safepoint: 5200 ns, Cleanup: 8200 ns, At safepoint: 2200 ns, Total: 15600 ns
[2263.179s][info ][safepoint      ] Safepoint "Cleanup", Time since last: 5000336536 ns, Reaching safepoint: 5200 ns, Cleanup: 7300 ns, At safepoint: 1700 ns, Total: 14200 ns
[2273.180s][info ][safepoint      ] Safepoint "Cleanup", Time since last: 10000754600 ns, Reaching safepoint: 6000 ns, Cleanup: 11300 ns, At safepoint: 2100 ns, Total: 19400 ns
[2274.180s][info ][safepoint      ] Safepoint "Cleanup", Time since last: 1000128940 ns, Reaching safepoint: 5500 ns, Cleanup: 8801 ns, At safepoint: 1800 ns, Total: 16101 ns
[2278.181s][info ][safepoint      ] Safepoint "Cleanup", Time since last: 4000282549 ns, Reaching safepoint: 6300 ns, Cleanup: 10300 ns, At safepoint: 1900 ns, Total: 18500 ns
[2279.181s][info ][safepoint      ] Safepoint "Cleanup", Time since last: 1000113175 ns, Reaching safepoint: 5200 ns, Cleanup: 8700 ns, At safepoint: 1900 ns, Total: 15800 ns
[2280.181s][info ][safepoint      ] Safepoint "Cleanup", Time since last: 1000130375 ns, Reaching safepoint: 6800 ns, Cleanup: 9000 ns, At safepoint: 2300 ns, Total: 18100 ns
[2282.674s][info ][safepoint      ] Safepoint "Cleanup", Time since last: 2493390895 ns, Reaching safepoint: 6900 ns, Cleanup: 9200 ns, At safepoint: 2500 ns, Total: 18600 ns
[2297.676s][info ][safepoint      ] Safepoint "Cleanup", Time since last: 15001130170 ns, Reaching safepoint: 5800 ns, Cleanup: 9200 ns, At safepoint: 5700 ns, Total: 20700 ns
[2300.676s][info ][safepoint      ] Safepoint "Cleanup", Time since last: 3000249539 ns, Reaching safepoint: 6200 ns, Cleanup: 9901 ns, At safepoint: 1700 ns, Total: 17801 ns
[2309.819s][info ][gc,start       ] GC(53) Pause Young (Allocation Failure)
[2309.829s][debug][gc,phases      ] GC(53) Scavenge 9.678ms
[2309.829s][debug][gc,ref         ] GC(53) ReferenceProcessor::execute queues: 1, RefProcThreadModel::Single, marks_oops_alive: false
[2309.829s][debug][gc,ref         ] GC(53) Skipped KeepAliveFinalRefsPhase of Reference Processing: no references
[2309.829s][debug][gc,ref         ] GC(53) ReferenceProcessor::execute queues: 1, RefProcThreadModel::Single, marks_oops_alive: false
[2309.829s][debug][gc,phases      ] GC(53) Reference Processing 0.095ms
[2309.829s][debug][gc,phases      ] GC(53)   VM Weak                        Min:  0.0, Avg:  0.0, Max:  0.0, Diff:  0.0, Sum:  0.0, Workers: 4
[2309.829s][debug][gc,phases      ] GC(53)     Dead                           Min: 0, Avg:  0.0, Max: 0, Diff: 0, Sum: 0, Workers: 4
[2309.829s][debug][gc,phases      ] GC(53)     Total                          Min: 0, Avg: 253.8, Max: 567, Diff: 567, Sum: 1015, Workers: 4
[2309.829s][debug][gc,phases      ] GC(53)   ObjectSynchronizer Weak        Min:  0.0, Avg:  0.0, Max:  0.0, Diff:  0.0, Sum:  0.0, Workers: 4
[2309.829s][debug][gc,phases      ] GC(53)     Dead                           Min: 0, Avg:  0.0, Max: 0, Diff: 0, Sum: 0, Workers: 4
[2309.829s][debug][gc,phases      ] GC(53)     Total                          Min: 0, Avg:  1.0, Max: 4, Diff: 4, Sum: 4, Workers: 4
[2309.829s][debug][gc,phases      ] GC(53)   JVMTI Tag Weak OopStorage      Min:  0.0, Avg:  0.0, Max:  0.0, Diff:  0.0, Sum:  0.0, Workers: 4
[2309.829s][debug][gc,phases      ] GC(53)     Dead                           Min: 0, Avg:  0.0, Max: 0, Diff: 0, Sum: 0, Workers: 4
[2309.829s][debug][gc,phases      ] GC(53)     Total                          Min: 0, Avg:  0.0, Max: 0, Diff: 0, Sum: 0, Workers: 4
[2309.829s][debug][gc,phases      ] GC(53)   StringTable Weak               Min:  0.0, Avg:  0.1, Max:  0.2, Diff:  0.2, Sum:  0.3, Workers: 4
[2309.829s][debug][gc,phases      ] GC(53)     Dead                           Min: 0, Avg:  0.0, Max: 0, Diff: 0, Sum: 0, Workers: 4
[2309.829s][debug][gc,phases      ] GC(53)     Total                          Min: 0, Avg: 12100.2, Max: 30080, Diff: 30080, Sum: 48401, Workers: 4
[2309.829s][debug][gc,phases      ] GC(53)   ResolvedMethodTable Weak       Min:  0.0, Avg:  0.0, Max:  0.1, Diff:  0.1, Sum:  0.1, Workers: 4
[2309.829s][debug][gc,phases      ] GC(53)     Dead                           Min: 0, Avg:  0.0, Max: 0, Diff: 0, Sum: 0, Workers: 4
[2309.829s][debug][gc,phases      ] GC(53)     Total                          Min: 0, Avg: 3380.8, Max: 8134, Diff: 8134, Sum: 13523, Workers: 4
[2309.829s][debug][gc,phases      ] GC(53)   JNI Weak                       Min:  0.0, Avg:  0.0, Max:  0.0, Diff:  0.0, Sum:  0.0, Workers: 4
[2309.829s][debug][gc,phases      ] GC(53)     Dead                           Min: 0, Avg:  0.0, Max: 0, Diff: 0, Sum: 0, Workers: 4
[2309.829s][debug][gc,phases      ] GC(53)     Total                          Min: 0, Avg: 12.0, Max: 48, Diff: 48, Sum: 48, Workers: 4
[2309.829s][debug][gc,phases      ] GC(53)   StringDedup Table Weak         Min:  0.0, Avg:  0.0, Max:  0.0, Diff:  0.0, Sum:  0.0, Workers: 4
[2309.829s][debug][gc,phases      ] GC(53)     Dead                           Min: 0, Avg:  0.0, Max: 0, Diff: 0, Sum: 0, Workers: 4
[2309.829s][debug][gc,phases      ] GC(53)     Total                          Min: 0, Avg:  0.0, Max: 0, Diff: 0, Sum: 0, Workers: 4
[2309.829s][debug][gc,phases      ] GC(53)   StringDedup Requests0 Weak     Min:  0.0, Avg:  0.0, Max:  0.0, Diff:  0.0, Sum:  0.0, Workers: 4
[2309.829s][debug][gc,phases      ] GC(53)     Dead                           Min: 0, Avg:  0.0, Max: 0, Diff: 0, Sum: 0, Workers: 4
[2309.829s][debug][gc,phases      ] GC(53)     Total                          Min: 0, Avg:  0.0, Max: 0, Diff: 0, Sum: 0, Workers: 4
[2309.829s][debug][gc,phases      ] GC(53)   StringDedup Requests1 Weak     Min:  0.0, Avg:  0.0, Max:  0.0, Diff:  0.0, Sum:  0.0, Workers: 4
[2309.829s][debug][gc,phases      ] GC(53)     Dead                           Min: 0, Avg:  0.0, Max: 0, Diff: 0, Sum: 0, Workers: 4
[2309.829s][debug][gc,phases      ] GC(53)     Total                          Min: 0, Avg:  0.0, Max: 0, Diff: 0, Sum: 0, Workers: 4
[2309.829s][debug][gc,phases      ] GC(53)   Weak JFR Old Object Samples    Min:  0.0, Avg:  0.0, Max:  0.0, Diff:  0.0, Sum:  0.0, Workers: 4
[2309.829s][debug][gc,phases      ] GC(53)     Dead                           Min: 0, Avg:  0.0, Max: 0, Diff: 0, Sum: 0, Workers: 4
[2309.829s][debug][gc,phases      ] GC(53)     Total                          Min: 0, Avg:  0.0, Max: 0, Diff: 0, Sum: 0, Workers: 4
[2309.829s][debug][gc,phases      ] GC(53) Weak Processing 0.448ms
[2309.829s][debug][gc,age         ] GC(53) Desired survivor size 141557760 bytes, new threshold 15 (max threshold 15)
[2309.829s][info ][gc,heap        ] GC(53) PSYoungGen: 1844000K(1952768K)->40992K(1947136K) Eden: 1802752K(1802752K)->0K(1802752K) From: 41248K(150016K)->40992K(144384K)
[2309.829s][info ][gc,heap        ] GC(53) ParOldGen: 318592K(359424K)->318632K(359424K)
[2309.829s][info ][gc,metaspace   ] GC(53) Metaspace: 96102K(97408K)->96102K(97408K) NonClass: 81967K(82688K)->81967K(82688K) Class: 14134K(14720K)->14134K(14720K)
[2309.830s][info ][gc             ] GC(53) Pause Young (Allocation Failure) 2111M->351M(2252M) 10.371ms
[2309.830s][info ][gc,cpu         ] GC(53) User=0.03s Sys=0.00s Real=0.01s
[2309.830s][info ][safepoint      ] Safepoint "ParallelGCFailedAllocation", Time since last: 9143280189 ns, Reaching safepoint: 7000 ns, Cleanup: 3700 ns, At safepoint: 10449702 ns, Total: 10460402 ns
[2328.831s][info ][safepoint      ] Safepoint "Cleanup", Time since last: 19001250224 ns, Reaching safepoint: 5500 ns, Cleanup: 10400 ns, At safepoint: 18901 ns, Total: 34801 ns
[2330.831s][info ][safepoint      ] Safepoint "Cleanup", Time since last: 2000173632 ns, Reaching safepoint: 5700 ns, Cleanup: 74001 ns, At safepoint: 7400 ns, Total: 87101 ns
[2336.832s][info ][safepoint      ] Safepoint "Cleanup", Time since last: 6000459278 ns, Reaching safepoint: 7800 ns, Cleanup: 105301 ns, At safepoint: 6100 ns, Total: 119201 ns
[2337.832s][info ][safepoint      ] Safepoint "Cleanup", Time since last: 1000123012 ns, Reaching safepoint: 89701 ns, Cleanup: 183801 ns, At safepoint: 14700 ns, Total: 288202 ns
[2338.353s][info ][safepoint      ] Safepoint "ParallelGCFailedAllocation", Time since last: 520642079 ns, Reaching safepoint: 83501 ns, Cleanup: 48800 ns, At safepoint: 14701 ns, Total: 147002 ns
[2338.353s][info ][gc,start       ] GC(54) Pause Young (GCLocker Initiated GC)
[2338.388s][debug][gc,phases      ] GC(54) Scavenge 34.346ms
[2338.388s][debug][gc,ref         ] GC(54) ReferenceProcessor::execute queues: 1, RefProcThreadModel::Single, marks_oops_alive: false
[2338.388s][debug][gc,ref         ] GC(54) Skipped KeepAliveFinalRefsPhase of Reference Processing: no references
[2338.388s][debug][gc,ref         ] GC(54) ReferenceProcessor::execute queues: 1, RefProcThreadModel::Single, marks_oops_alive: false
[2338.388s][debug][gc,phases      ] GC(54) Reference Processing 0.144ms
[2338.388s][debug][gc,phases      ] GC(54)   VM Weak                        Min:  0.0, Avg:  0.0, Max:  0.0, Diff:  0.0, Sum:  0.0, Workers: 4
[2338.388s][debug][gc,phases      ] GC(54)     Dead                           Min: 0, Avg:  0.0, Max: 0, Diff: 0, Sum: 0, Workers: 4
[2338.388s][debug][gc,phases      ] GC(54)     Total                          Min: 0, Avg: 253.8, Max: 640, Diff: 640, Sum: 1015, Workers: 4
[2338.388s][debug][gc,phases      ] GC(54)   ObjectSynchronizer Weak        Min:  0.0, Avg:  0.0, Max:  0.0, Diff:  0.0, Sum:  0.0, Workers: 4
[2338.388s][debug][gc,phases      ] GC(54)     Dead                           Min: 0, Avg:  0.2, Max: 1, Diff: 1, Sum: 1, Workers: 4
[2338.388s][debug][gc,phases      ] GC(54)     Total                          Min: 0, Avg:  1.8, Max: 7, Diff: 7, Sum: 7, Workers: 4
[2338.388s][debug][gc,phases      ] GC(54)   JVMTI Tag Weak OopStorage      Min:  0.0, Avg:  0.0, Max:  0.0, Diff:  0.0, Sum:  0.0, Workers: 4
[2338.388s][debug][gc,phases      ] GC(54)     Dead                           Min: 0, Avg:  0.0, Max: 0, Diff: 0, Sum: 0, Workers: 4
[2338.388s][debug][gc,phases      ] GC(54)     Total                          Min: 0, Avg:  0.0, Max: 0, Diff: 0, Sum: 0, Workers: 4
[2338.388s][debug][gc,phases      ] GC(54)   StringTable Weak               Min:  0.0, Avg:  0.1, Max:  0.2, Diff:  0.2, Sum:  0.5, Workers: 4
[2338.388s][debug][gc,phases      ] GC(54)     Dead                           Min: 0, Avg:  0.0, Max: 0, Diff: 0, Sum: 0, Workers: 4
[2338.388s][debug][gc,phases      ] GC(54)     Total                          Min: 0, Avg: 12115.8, Max: 25472, Diff: 25472, Sum: 48463, Workers: 4
[2338.388s][debug][gc,phases      ] GC(54)   ResolvedMethodTable Weak       Min:  0.0, Avg:  0.0, Max:  0.1, Diff:  0.1, Sum:  0.1, Workers: 4
[2338.388s][debug][gc,phases      ] GC(54)     Dead                           Min: 0, Avg:  0.5, Max: 2, Diff: 2, Sum: 2, Workers: 4
[2338.388s][debug][gc,phases      ] GC(54)     Total                          Min: 0, Avg: 3381.8, Max: 7252, Diff: 7252, Sum: 13527, Workers: 4
[2338.388s][debug][gc,phases      ] GC(54)   JNI Weak                       Min:  0.0, Avg:  0.0, Max:  0.0, Diff:  0.0, Sum:  0.0, Workers: 4
[2338.388s][debug][gc,phases      ] GC(54)     Dead                           Min: 0, Avg:  0.0, Max: 0, Diff: 0, Sum: 0, Workers: 4
[2338.388s][debug][gc,phases      ] GC(54)     Total                          Min: 0, Avg: 12.0, Max: 48, Diff: 48, Sum: 48, Workers: 4
[2338.388s][debug][gc,phases      ] GC(54)   StringDedup Table Weak         Min:  0.0, Avg:  0.0, Max:  0.0, Diff:  0.0, Sum:  0.0, Workers: 4
[2338.388s][debug][gc,phases      ] GC(54)     Dead                           Min: 0, Avg:  0.0, Max: 0, Diff: 0, Sum: 0, Workers: 4
[2338.388s][debug][gc,phases      ] GC(54)     Total                          Min: 0, Avg:  0.0, Max: 0, Diff: 0, Sum: 0, Workers: 4
[2338.388s][debug][gc,phases      ] GC(54)   StringDedup Requests0 Weak     Min:  0.0, Avg:  0.0, Max:  0.0, Diff:  0.0, Sum:  0.0, Workers: 4
[2338.388s][debug][gc,phases      ] GC(54)     Dead                           Min: 0, Avg:  0.0, Max: 0, Diff: 0, Sum: 0, Workers: 4
[2338.388s][debug][gc,phases      ] GC(54)     Total                          Min: 0, Avg:  0.0, Max: 0, Diff: 0, Sum: 0, Workers: 4
[2338.388s][debug][gc,phases      ] GC(54)   StringDedup Requests1 Weak     Min:  0.0, Avg:  0.0, Max:  0.0, Diff:  0.0, Sum:  0.0, Workers: 4
[2338.388s][debug][gc,phases      ] GC(54)     Dead                           Min: 0, Avg:  0.0, Max: 0, Diff: 0, Sum: 0, Workers: 4
[2338.388s][debug][gc,phases      ] GC(54)     Total                          Min: 0, Avg:  0.0, Max: 0, Diff: 0, Sum: 0, Workers: 4
[2338.388s][debug][gc,phases      ] GC(54)   Weak JFR Old Object Samples    Min:  0.0, Avg:  0.0, Max:  0.0, Diff:  0.0, Sum:  0.0, Workers: 4
[2338.388s][debug][gc,phases      ] GC(54)     Dead                           Min: 0, Avg:  0.0, Max: 0, Diff: 0, Sum: 0, Workers: 4
[2338.388s][debug][gc,phases      ] GC(54)     Total                          Min: 0, Avg:  0.0, Max: 0, Diff: 0, Sum: 0, Workers: 4
[2338.388s][debug][gc,phases      ] GC(54) Weak Processing 0.625ms
[2338.388s][debug][gc,age         ] GC(54) Desired survivor size 154140672 bytes, new threshold 15 (max threshold 15)
[2338.388s][info ][gc,heap        ] GC(54) PSYoungGen: 1843744K(1947136K)->111147K(1934336K) Eden: 1802752K(1802752K)->0K(1796096K) From: 40992K(144384K)->111147K(138240K)
[2338.388s][info ][gc,heap        ] GC(54) ParOldGen: 318760K(359424K)->318873K(359424K)
[2338.388s][info ][gc,metaspace   ] GC(54) Metaspace: 96269K(97600K)->96269K(97600K) NonClass: 82126K(82880K)->82126K(82880K) Class: 14143K(14720K)->14143K(14720K)
[2338.388s][info ][gc             ] GC(54) Pause Young (GCLocker Initiated GC) 2111M->419M(2240M) 35.251ms
[2338.388s][info ][gc,cpu         ] GC(54) User=0.11s Sys=0.01s Real=0.03s
[2338.388s][info ][safepoint      ] Safepoint "ParallelGCSystemGC", Time since last: 171001 ns, Reaching safepoint: 82801 ns, Cleanup: 1800 ns, At safepoint: 35350897 ns, Total: 35435498 ns
[2339.389s][info ][safepoint      ] Safepoint "Cleanup", Time since last: 1000096712 ns, Reaching safepoint: 16600 ns, Cleanup: 29100 ns, At safepoint: 2300 ns, Total: 48000 ns
[2340.389s][info ][safepoint      ] Safepoint "Cleanup", Time since last: 1000111912 ns, Reaching safepoint: 7200 ns, Cleanup: 12400 ns, At safepoint: 5400 ns, Total: 25000 ns
[2341.691s][info ][safepoint      ] Safepoint "Cleanup", Time since last: 1302154353 ns, Reaching safepoint: 5300 ns, Cleanup: 19700 ns, At safepoint: 2200 ns, Total: 27200 ns
[2342.691s][info ][safepoint      ] Safepoint "Cleanup", Time since last: 1000119041 ns, Reaching safepoint: 7301 ns, Cleanup: 10600 ns, At safepoint: 1800 ns, Total: 19701 ns
[2345.691s][info ][safepoint      ] Safepoint "Cleanup", Time since last: 3000215701 ns, Reaching safepoint: 7600 ns, Cleanup: 16700 ns, At safepoint: 2401 ns, Total: 26701 ns
[2346.691s][info ][safepoint      ] Safepoint "Cleanup", Time since last: 1000114510 ns, Reaching safepoint: 6600 ns, Cleanup: 14400 ns, At safepoint: 5901 ns, Total: 26901 ns
[2349.692s][info ][safepoint      ] Safepoint "Cleanup", Time since last: 3000244831 ns, Reaching safepoint: 5600 ns, Cleanup: 6500 ns, At safepoint: 1900 ns, Total: 14000 ns
[2350.692s][info ][safepoint      ] Safepoint "Cleanup", Time since last: 1000126111 ns, Reaching safepoint: 7700 ns, Cleanup: 7900 ns, At safepoint: 2500 ns, Total: 18100 ns
[2352.692s][info ][safepoint      ] Safepoint "Cleanup", Time since last: 2000195416 ns, Reaching safepoint: 7000 ns, Cleanup: 14600 ns, At safepoint: 2500 ns, Total: 24100 ns
[2354.692s][info ][safepoint      ] Safepoint "Cleanup", Time since last: 2000146369 ns, Reaching safepoint: 7000 ns, Cleanup: 12100 ns, At safepoint: 2400 ns, Total: 21500 ns
[2355.692s][info ][safepoint      ] Safepoint "Cleanup", Time since last: 1000119534 ns, Reaching safepoint: 7000 ns, Cleanup: 9901 ns, At safepoint: 2400 ns, Total: 19301 ns
[2357.693s][info ][safepoint      ] Safepoint "Cleanup", Time since last: 2000181568 ns, Reaching safepoint: 6401 ns, Cleanup: 9900 ns, At safepoint: 2400 ns, Total: 18701 ns
[2359.693s][info ][safepoint      ] Safepoint "Cleanup", Time since last: 2000185169 ns, Reaching safepoint: 9800 ns, Cleanup: 10000 ns, At safepoint: 2300 ns, Total: 22100 ns
[2364.693s][info ][safepoint      ] Safepoint "Cleanup", Time since last: 5000367323 ns, Reaching safepoint: 7100 ns, Cleanup: 7801 ns, At safepoint: 5900 ns, Total: 20801 ns
[2374.694s][info ][safepoint      ] Safepoint "Cleanup", Time since last: 10000653469 ns, Reaching safepoint: 5300 ns, Cleanup: 5900 ns, At safepoint: 11700 ns, Total: 22900 ns
[2377.694s][info ][safepoint      ] Safepoint "Cleanup", Time since last: 3000224314 ns, Reaching safepoint: 6300 ns, Cleanup: 9000 ns, At safepoint: 5200 ns, Total: 20500 ns
[2380.694s][info ][safepoint      ] Safepoint "Cleanup", Time since last: 3000248285 ns, Reaching safepoint: 6400 ns, Cleanup: 9200 ns, At safepoint: 1800 ns, Total: 17400 ns
[2385.695s][info ][safepoint      ] Safepoint "Cleanup", Time since last: 5000376105 ns, Reaching safepoint: 6900 ns, Cleanup: 8400 ns, At safepoint: 2200 ns, Total: 17500 ns
[2389.843s][info ][gc,start       ] GC(55) Pause Young (Allocation Failure)
[2389.868s][debug][gc,phases      ] GC(55) Scavenge 25.111ms
[2389.869s][debug][gc,ref         ] GC(55) ReferenceProcessor::execute queues: 1, RefProcThreadModel::Single, marks_oops_alive: false
[2389.869s][debug][gc,ref         ] GC(55) Skipped KeepAliveFinalRefsPhase of Reference Processing: no references
[2389.869s][debug][gc,ref         ] GC(55) ReferenceProcessor::execute queues: 1, RefProcThreadModel::Single, marks_oops_alive: false
[2389.869s][debug][gc,phases      ] GC(55) Reference Processing 0.126ms
[2389.869s][debug][gc,phases      ] GC(55)   VM Weak                        Min:  0.0, Avg:  0.0, Max:  0.0, Diff:  0.0, Sum:  0.0, Workers: 4
[2389.869s][debug][gc,phases      ] GC(55)     Dead                           Min: 0, Avg:  0.0, Max: 0, Diff: 0, Sum: 0, Workers: 4
[2389.869s][debug][gc,phases      ] GC(55)     Total                          Min: 0, Avg: 253.8, Max: 503, Diff: 503, Sum: 1015, Workers: 4
[2389.869s][debug][gc,phases      ] GC(55)   ObjectSynchronizer Weak        Min:  0.0, Avg:  0.0, Max:  0.0, Diff:  0.0, Sum:  0.0, Workers: 4
[2389.869s][debug][gc,phases      ] GC(55)     Dead                           Min: 0, Avg:  0.0, Max: 0, Diff: 0, Sum: 0, Workers: 4
[2389.869s][debug][gc,phases      ] GC(55)     Total                          Min: 0, Avg:  1.0, Max: 4, Diff: 4, Sum: 4, Workers: 4
[2389.869s][debug][gc,phases      ] GC(55)   JVMTI Tag Weak OopStorage      Min:  0.0, Avg:  0.0, Max:  0.0, Diff:  0.0, Sum:  0.0, Workers: 4
[2389.869s][debug][gc,phases      ] GC(55)     Dead                           Min: 0, Avg:  0.0, Max: 0, Diff: 0, Sum: 0, Workers: 4
[2389.869s][debug][gc,phases      ] GC(55)     Total                          Min: 0, Avg:  0.0, Max: 0, Diff: 0, Sum: 0, Workers: 4
[2389.869s][debug][gc,phases      ] GC(55)   StringTable Weak               Min:  0.0, Avg:  0.1, Max:  0.1, Diff:  0.1, Sum:  0.4, Workers: 4
[2389.869s][debug][gc,phases      ] GC(55)     Dead                           Min: 0, Avg:  0.0, Max: 0, Diff: 0, Sum: 0, Workers: 4
[2389.869s][debug][gc,phases      ] GC(55)     Total                          Min: 0, Avg: 12123.0, Max: 20352, Diff: 20352, Sum: 48492, Workers: 4
[2389.869s][debug][gc,phases      ] GC(55)   ResolvedMethodTable Weak       Min:  0.0, Avg:  0.0, Max:  0.0, Diff:  0.0, Sum:  0.1, Workers: 4
[2389.869s][debug][gc,phases      ] GC(55)     Dead                           Min: 0, Avg:  0.0, Max: 0, Diff: 0, Sum: 0, Workers: 4
[2389.869s][debug][gc,phases      ] GC(55)     Total                          Min: 0, Avg: 3381.8, Max: 5757, Diff: 5757, Sum: 13527, Workers: 4
[2389.869s][debug][gc,phases      ] GC(55)   JNI Weak                       Min:  0.0, Avg:  0.0, Max:  0.0, Diff:  0.0, Sum:  0.0, Workers: 4
[2389.869s][debug][gc,phases      ] GC(55)     Dead                           Min: 0, Avg:  0.0, Max: 0, Diff: 0, Sum: 0, Workers: 4
[2389.869s][debug][gc,phases      ] GC(55)     Total                          Min: 0, Avg: 12.0, Max: 48, Diff: 48, Sum: 48, Workers: 4
[2389.869s][debug][gc,phases      ] GC(55)   StringDedup Table Weak         Min:  0.0, Avg:  0.0, Max:  0.0, Diff:  0.0, Sum:  0.0, Workers: 4
[2389.869s][debug][gc,phases      ] GC(55)     Dead                           Min: 0, Avg:  0.0, Max: 0, Diff: 0, Sum: 0, Workers: 4
[2389.869s][debug][gc,phases      ] GC(55)     Total                          Min: 0, Avg:  0.0, Max: 0, Diff: 0, Sum: 0, Workers: 4
[2389.869s][debug][gc,phases      ] GC(55)   StringDedup Requests0 Weak     Min:  0.0, Avg:  0.0, Max:  0.0, Diff:  0.0, Sum:  0.0, Workers: 4
[2389.869s][debug][gc,phases      ] GC(55)     Dead                           Min: 0, Avg:  0.0, Max: 0, Diff: 0, Sum: 0, Workers: 4
[2389.869s][debug][gc,phases      ] GC(55)     Total                          Min: 0, Avg:  0.0, Max: 0, Diff: 0, Sum: 0, Workers: 4
[2389.869s][debug][gc,phases      ] GC(55)   StringDedup Requests1 Weak     Min:  0.0, Avg:  0.0, Max:  0.0, Diff:  0.0, Sum:  0.0, Workers: 4
[2389.869s][debug][gc,phases      ] GC(55)     Dead                           Min: 0, Avg:  0.0, Max: 0, Diff: 0, Sum: 0, Workers: 4
[2389.869s][debug][gc,phases      ] GC(55)     Total                          Min: 0, Avg:  0.0, Max: 0, Diff: 0, Sum: 0, Workers: 4
[2389.869s][debug][gc,phases      ] GC(55)   Weak JFR Old Object Samples    Min:  0.0, Avg:  0.0, Max:  0.0, Diff:  0.0, Sum:  0.0, Workers: 4
[2389.869s][debug][gc,phases      ] GC(55)     Dead                           Min: 0, Avg:  0.0, Max: 0, Diff: 0, Sum: 0, Workers: 4
[2389.869s][debug][gc,phases      ] GC(55)     Total                          Min: 0, Avg:  0.0, Max: 0, Diff: 0, Sum: 0, Workers: 4
[2389.869s][debug][gc,phases      ] GC(55) Weak Processing 0.391ms
[2389.869s][debug][gc,age         ] GC(55) Desired survivor size 167772160 bytes, new threshold 15 (max threshold 15)
[2389.869s][info ][gc,heap        ] GC(55) PSYoungGen: 1907243K(1934336K)->120827K(1916928K) Eden: 1796096K(1796096K)->0K(1796096K) From: 111147K(138240K)->120827K(120832K)
[2389.869s][info ][gc,heap        ] GC(55) ParOldGen: 318875K(359424K)->322095K(359424K)
[2389.869s][info ][gc,metaspace   ] GC(55) Metaspace: 96288K(97600K)->96288K(97600K) NonClass: 82145K(82880K)->82145K(82880K) Class: 14143K(14720K)->14143K(14720K)
[2389.869s][info ][gc             ] GC(55) Pause Young (Allocation Failure) 2173M->432M(2223M) 25.761ms
[2389.869s][info ][gc,cpu         ] GC(55) User=0.10s Sys=0.00s Real=0.02s
[2389.869s][info ][safepoint      ] Safepoint "ParallelGCFailedAllocation", Time since last: 4148469106 ns, Reaching safepoint: 5700 ns, Cleanup: 3500 ns, At safepoint: 25834121 ns, Total: 25843321 ns
[2398.870s][info ][safepoint      ] Safepoint "Cleanup", Time since last: 9000599379 ns, Reaching safepoint: 5600 ns, Cleanup: 13300 ns, At safepoint: 4500 ns, Total: 23400 ns
[2405.706s][info ][safepoint      ] Safepoint "Cleanup", Time since last: 6836650466 ns, Reaching safepoint: 6101 ns, Cleanup: 9500 ns, At safepoint: 17200 ns, Total: 32801 ns
[2406.707s][info ][safepoint      ] Safepoint "Cleanup", Time since last: 1000100904 ns, Reaching safepoint: 6800 ns, Cleanup: 9700 ns, At safepoint: 1900 ns, Total: 18400 ns
[2413.707s][info ][safepoint      ] Safepoint "Cleanup", Time since last: 7000528963 ns, Reaching safepoint: 5700 ns, Cleanup: 9800 ns, At safepoint: 2300 ns, Total: 17800 ns
[2414.707s][info ][safepoint      ] Safepoint "Cleanup", Time since last: 1000075111 ns, Reaching safepoint: 5500 ns, Cleanup: 11700 ns, At safepoint: 1800 ns, Total: 19000 ns
[2426.708s][info ][safepoint      ] Safepoint "Cleanup", Time since last: 12000835009 ns, Reaching safepoint: 5900 ns, Cleanup: 20300 ns, At safepoint: 1900 ns, Total: 28100 ns
[2428.708s][info ][safepoint      ] Safepoint "Cleanup", Time since last: 2000142878 ns, Reaching safepoint: 5200 ns, Cleanup: 7800 ns, At safepoint: 1300 ns, Total: 14300 ns
[2430.708s][info ][safepoint      ] Safepoint "Cleanup", Time since last: 2000161077 ns, Reaching safepoint: 6800 ns, Cleanup: 7200 ns, At safepoint: 1600 ns, Total: 15600 ns
[2465.721s][info ][safepoint      ] Safepoint "Cleanup", Time since last: 35013079658 ns, Reaching safepoint: 5900 ns, Cleanup: 9100 ns, At safepoint: 2000 ns, Total: 17000 ns
[2471.722s][info ][safepoint      ] Safepoint "Cleanup", Time since last: 6000453517 ns, Reaching safepoint: 6100 ns, Cleanup: 9700 ns, At safepoint: 2000 ns, Total: 17800 ns
[2472.766s][info ][gc,start       ] GC(56) Pause Young (Allocation Failure)
[2472.794s][debug][gc,phases      ] GC(56) Scavenge 28.088ms
[2472.794s][debug][gc,ref         ] GC(56) ReferenceProcessor::execute queues: 1, RefProcThreadModel::Single, marks_oops_alive: false
[2472.794s][debug][gc,ref         ] GC(56) Skipped KeepAliveFinalRefsPhase of Reference Processing: no references
[2472.794s][debug][gc,ref         ] GC(56) ReferenceProcessor::execute queues: 1, RefProcThreadModel::Single, marks_oops_alive: false
[2472.794s][debug][gc,phases      ] GC(56) Reference Processing 0.119ms
[2472.794s][debug][gc,phases      ] GC(56)   VM Weak                        Min:  0.0, Avg:  0.0, Max:  0.0, Diff:  0.0, Sum:  0.0, Workers: 4
[2472.794s][debug][gc,phases      ] GC(56)     Dead                           Min: 0, Avg:  0.0, Max: 0, Diff: 0, Sum: 0, Workers: 4
[2472.794s][debug][gc,phases      ] GC(56)     Total                          Min: 0, Avg: 253.8, Max: 951, Diff: 951, Sum: 1015, Workers: 4
[2472.794s][debug][gc,phases      ] GC(56)   ObjectSynchronizer Weak        Min:  0.0, Avg:  0.0, Max:  0.0, Diff:  0.0, Sum:  0.0, Workers: 4
[2472.794s][debug][gc,phases      ] GC(56)     Dead                           Min: 0, Avg:  0.0, Max: 0, Diff: 0, Sum: 0, Workers: 4
[2472.794s][debug][gc,phases      ] GC(56)     Total                          Min: 0, Avg:  0.8, Max: 3, Diff: 3, Sum: 3, Workers: 4
[2472.794s][debug][gc,phases      ] GC(56)   JVMTI Tag Weak OopStorage      Min:  0.0, Avg:  0.0, Max:  0.0, Diff:  0.0, Sum:  0.0, Workers: 4
[2472.794s][debug][gc,phases      ] GC(56)     Dead                           Min: 0, Avg:  0.0, Max: 0, Diff: 0, Sum: 0, Workers: 4
[2472.794s][debug][gc,phases      ] GC(56)     Total                          Min: 0, Avg:  0.0, Max: 0, Diff: 0, Sum: 0, Workers: 4
[2472.794s][debug][gc,phases      ] GC(56)   StringTable Weak               Min:  0.0, Avg:  0.1, Max:  0.2, Diff:  0.2, Sum:  0.3, Workers: 4
[2472.794s][debug][gc,phases      ] GC(56)     Dead                           Min: 0, Avg:  0.0, Max: 0, Diff: 0, Sum: 0, Workers: 4
[2472.794s][debug][gc,phases      ] GC(56)     Total                          Min: 0, Avg: 12124.5, Max: 30208, Diff: 30208, Sum: 48498, Workers: 4
[2472.794s][debug][gc,phases      ] GC(56)   ResolvedMethodTable Weak       Min:  0.0, Avg:  0.0, Max:  0.1, Diff:  0.1, Sum:  0.1, Workers: 4
[2472.794s][debug][gc,phases      ] GC(56)     Dead                           Min: 0, Avg:  0.0, Max: 0, Diff: 0, Sum: 0, Workers: 4
[2472.794s][debug][gc,phases      ] GC(56)     Total                          Min: 0, Avg: 3382.2, Max: 8141, Diff: 8141, Sum: 13529, Workers: 4
[2472.794s][debug][gc,phases      ] GC(56)   JNI Weak                       Min:  0.0, Avg:  0.0, Max:  0.0, Diff:  0.0, Sum:  0.0, Workers: 4
[2472.794s][debug][gc,phases      ] GC(56)     Dead                           Min: 0, Avg:  0.0, Max: 0, Diff: 0, Sum: 0, Workers: 4
[2472.794s][debug][gc,phases      ] GC(56)     Total                          Min: 0, Avg: 12.0, Max: 48, Diff: 48, Sum: 48, Workers: 4
[2472.794s][debug][gc,phases      ] GC(56)   StringDedup Table Weak         Min:  0.0, Avg:  0.0, Max:  0.0, Diff:  0.0, Sum:  0.0, Workers: 4
[2472.794s][debug][gc,phases      ] GC(56)     Dead                           Min: 0, Avg:  0.0, Max: 0, Diff: 0, Sum: 0, Workers: 4
[2472.795s][debug][gc,phases      ] GC(56)     Total                          Min: 0, Avg:  0.0, Max: 0, Diff: 0, Sum: 0, Workers: 4
[2472.795s][debug][gc,phases      ] GC(56)   StringDedup Requests0 Weak     Min:  0.0, Avg:  0.0, Max:  0.0, Diff:  0.0, Sum:  0.0, Workers: 4
[2472.795s][debug][gc,phases      ] GC(56)     Dead                           Min: 0, Avg:  0.0, Max: 0, Diff: 0, Sum: 0, Workers: 4
[2472.795s][debug][gc,phases      ] GC(56)     Total                          Min: 0, Avg:  0.0, Max: 0, Diff: 0, Sum: 0, Workers: 4
[2472.795s][debug][gc,phases      ] GC(56)   StringDedup Requests1 Weak     Min:  0.0, Avg:  0.0, Max:  0.0, Diff:  0.0, Sum:  0.0, Workers: 4
[2472.795s][debug][gc,phases      ] GC(56)     Dead                           Min: 0, Avg:  0.0, Max: 0, Diff: 0, Sum: 0, Workers: 4
[2472.795s][debug][gc,phases      ] GC(56)     Total                          Min: 0, Avg:  0.0, Max: 0, Diff: 0, Sum: 0, Workers: 4
[2472.795s][debug][gc,phases      ] GC(56)   Weak JFR Old Object Samples    Min:  0.0, Avg:  0.0, Max:  0.0, Diff:  0.0, Sum:  0.0, Workers: 4
[2472.795s][debug][gc,phases      ] GC(56)     Dead                           Min: 0, Avg:  0.0, Max: 0, Diff: 0, Sum: 0, Workers: 4
[2472.795s][debug][gc,phases      ] GC(56)     Total                          Min: 0, Avg:  0.0, Max: 0, Diff: 0, Sum: 0, Workers: 4
[2472.795s][debug][gc,phases      ] GC(56) Weak Processing 0.489ms
[2472.795s][debug][gc,age         ] GC(56) Desired survivor size 178782208 bytes, new threshold 15 (max threshold 15)
[2472.795s][info ][gc,heap        ] GC(56) PSYoungGen: 1916923K(1916928K)->121995K(1911808K) Eden: 1796096K(1796096K)->0K(1747968K) From: 120827K(120832K)->121995K(163840K)
[2472.795s][info ][gc,heap        ] GC(56) ParOldGen: 322095K(359424K)->323483K(359424K)
[2472.795s][info ][gc,metaspace   ] GC(56) Metaspace: 96309K(97600K)->96309K(97600K) NonClass: 82165K(82880K)->82165K(82880K) Class: 14143K(14720K)->14143K(14720K)
[2472.795s][info ][gc             ] GC(56) Pause Young (Allocation Failure) 2186M->435M(2218M) 28.846ms
[2472.795s][info ][gc,cpu         ] GC(56) User=0.10s Sys=0.00s Real=0.03s
[2472.795s][info ][safepoint      ] Safepoint "ParallelGCFailedAllocation", Time since last: 1043837992 ns, Reaching safepoint: 5600 ns, Cleanup: 2900 ns, At safepoint: 28918517 ns, Total: 28927017 ns
[2487.796s][info ][safepoint      ] Safepoint "Cleanup", Time since last: 15001007029 ns, Reaching safepoint: 6100 ns, Cleanup: 7300 ns, At safepoint: 2000 ns, Total: 15400 ns
[2492.796s][info ][safepoint      ] Safepoint "Cleanup", Time since last: 5000382738 ns, Reaching safepoint: 6600 ns, Cleanup: 8500 ns, At safepoint: 1700 ns, Total: 16800 ns
[2512.798s][info ][safepoint      ] Safepoint "Cleanup", Time since last: 20001381097 ns, Reaching safepoint: 6100 ns, Cleanup: 7300 ns, At safepoint: 1900 ns, Total: 15300 ns
[2514.798s][info ][safepoint      ] Safepoint "Cleanup", Time since last: 2000180593 ns, Reaching safepoint: 5800 ns, Cleanup: 16800 ns, At safepoint: 2600 ns, Total: 25200 ns
[2515.798s][info ][safepoint      ] Safepoint "Cleanup", Time since last: 1000118243 ns, Reaching safepoint: 6900 ns, Cleanup: 8000 ns, At safepoint: 1700 ns, Total: 16600 ns
[2516.798s][info ][safepoint      ] Safepoint "Cleanup", Time since last: 1000109342 ns, Reaching safepoint: 5900 ns, Cleanup: 12100 ns, At safepoint: 1900 ns, Total: 19900 ns
[2523.739s][info ][safepoint      ] Safepoint "Cleanup", Time since last: 6940666413 ns, Reaching safepoint: 5600 ns, Cleanup: 10900 ns, At safepoint: 2000 ns, Total: 18500 ns
[2525.739s][info ][safepoint      ] Safepoint "Cleanup", Time since last: 2000165332 ns, Reaching safepoint: 5600 ns, Cleanup: 12300 ns, At safepoint: 2000 ns, Total: 19900 ns
[2528.739s][info ][safepoint      ] Safepoint "Cleanup", Time since last: 3000216398 ns, Reaching safepoint: 6900 ns, Cleanup: 30700 ns, At safepoint: 2100 ns, Total: 39700 ns
[2529.739s][info ][safepoint      ] Safepoint "Cleanup", Time since last: 1000154677 ns, Reaching safepoint: 7000 ns, Cleanup: 149801 ns, At safepoint: 7800 ns, Total: 164601 ns
[2530.740s][info ][safepoint      ] Safepoint "Cleanup", Time since last: 1000111704 ns, Reaching safepoint: 7500 ns, Cleanup: 34100 ns, At safepoint: 1900 ns, Total: 43500 ns
[2531.740s][info ][safepoint      ] Safepoint "Cleanup", Time since last: 1000113104 ns, Reaching safepoint: 11600 ns, Cleanup: 24100 ns, At safepoint: 5300 ns, Total: 41000 ns
[2534.740s][info ][safepoint      ] Safepoint "Cleanup", Time since last: 3000213010 ns, Reaching safepoint: 7000 ns, Cleanup: 16200 ns, At safepoint: 1900 ns, Total: 25100 ns
[2535.740s][info ][safepoint      ] Safepoint "Cleanup", Time since last: 1000081004 ns, Reaching safepoint: 6900 ns, Cleanup: 8400 ns, At safepoint: 2200 ns, Total: 17500 ns
[2539.740s][info ][safepoint      ] Safepoint "Cleanup", Time since last: 4000280798 ns, Reaching safepoint: 6600 ns, Cleanup: 10500 ns, At safepoint: 2000 ns, Total: 19100 ns
[2540.740s][info ][safepoint      ] Safepoint "Cleanup", Time since last: 1000111515 ns, Reaching safepoint: 6800 ns, Cleanup: 10500 ns, At safepoint: 2100 ns, Total: 19400 ns
[2541.741s][info ][safepoint      ] Safepoint "Cleanup", Time since last: 1000096515 ns, Reaching safepoint: 5700 ns, Cleanup: 7000 ns, At safepoint: 1800 ns, Total: 14500 ns
[2543.741s][info ][safepoint      ] Safepoint "Cleanup", Time since last: 2000164828 ns, Reaching safepoint: 6401 ns, Cleanup: 10300 ns, At safepoint: 1800 ns, Total: 18501 ns
[2544.741s][info ][safepoint      ] Safepoint "Cleanup", Time since last: 1000109214 ns, Reaching safepoint: 8300 ns, Cleanup: 10400 ns, At safepoint: 7100 ns, Total: 25800 ns
[2545.741s][info ][safepoint      ] Safepoint "Cleanup", Time since last: 1000116970 ns, Reaching safepoint: 7400 ns, Cleanup: 8000 ns, At safepoint: 2200 ns, Total: 17600 ns
[2547.875s][info ][gc,start       ] GC(57) Pause Young (Allocation Failure)
[2547.904s][debug][gc,phases      ] GC(57) Scavenge 28.713ms
[2547.904s][debug][gc,ref         ] GC(57) ReferenceProcessor::execute queues: 1, RefProcThreadModel::Single, marks_oops_alive: false
[2547.904s][debug][gc,ref         ] GC(57) Skipped KeepAliveFinalRefsPhase of Reference Processing: no references
[2547.904s][debug][gc,ref         ] GC(57) ReferenceProcessor::execute queues: 1, RefProcThreadModel::Single, marks_oops_alive: false
[2547.904s][debug][gc,phases      ] GC(57) Reference Processing 0.117ms
[2547.904s][debug][gc,phases      ] GC(57)   VM Weak                        Min:  0.0, Avg:  0.0, Max:  0.0, Diff:  0.0, Sum:  0.0, Workers: 4
[2547.904s][debug][gc,phases      ] GC(57)     Dead                           Min: 0, Avg:  0.0, Max: 0, Diff: 0, Sum: 0, Workers: 4
[2547.904s][debug][gc,phases      ] GC(57)     Total                          Min: 0, Avg: 254.0, Max: 576, Diff: 576, Sum: 1016, Workers: 4
[2547.904s][debug][gc,phases      ] GC(57)   ObjectSynchronizer Weak        Min:  0.0, Avg:  0.0, Max:  0.0, Diff:  0.0, Sum:  0.0, Workers: 4
[2547.904s][debug][gc,phases      ] GC(57)     Dead                           Min: 0, Avg:  0.8, Max: 3, Diff: 3, Sum: 3, Workers: 4
[2547.904s][debug][gc,phases      ] GC(57)     Total                          Min: 0, Avg:  1.8, Max: 7, Diff: 7, Sum: 7, Workers: 4
[2547.904s][debug][gc,phases      ] GC(57)   JVMTI Tag Weak OopStorage      Min:  0.0, Avg:  0.0, Max:  0.0, Diff:  0.0, Sum:  0.0, Workers: 4
[2547.904s][debug][gc,phases      ] GC(57)     Dead                           Min: 0, Avg:  0.0, Max: 0, Diff: 0, Sum: 0, Workers: 4
[2547.904s][debug][gc,phases      ] GC(57)     Total                          Min: 0, Avg:  0.0, Max: 0, Diff: 0, Sum: 0, Workers: 4
[2547.904s][debug][gc,phases      ] GC(57)   StringTable Weak               Min:  0.0, Avg:  0.1, Max:  0.1, Diff:  0.1, Sum:  0.4, Workers: 4
[2547.904s][debug][gc,phases      ] GC(57)     Dead                           Min: 0, Avg:  0.0, Max: 0, Diff: 0, Sum: 0, Workers: 4
[2547.904s][debug][gc,phases      ] GC(57)     Total                          Min: 0, Avg: 12132.2, Max: 20049, Diff: 20049, Sum: 48529, Workers: 4
[2547.904s][debug][gc,phases      ] GC(57)   ResolvedMethodTable Weak       Min:  0.0, Avg:  0.0, Max:  0.0, Diff:  0.0, Sum:  0.1, Workers: 4
[2547.904s][debug][gc,phases      ] GC(57)     Dead                           Min: 0, Avg:  0.2, Max: 1, Diff: 1, Sum: 1, Workers: 4
[2547.904s][debug][gc,phases      ] GC(57)     Total                          Min: 0, Avg: 3383.0, Max: 5656, Diff: 5656, Sum: 13532, Workers: 4
[2547.904s][debug][gc,phases      ] GC(57)   JNI Weak                       Min:  0.0, Avg:  0.0, Max:  0.0, Diff:  0.0, Sum:  0.0, Workers: 4
[2547.904s][debug][gc,phases      ] GC(57)     Dead                           Min: 0, Avg:  0.0, Max: 0, Diff: 0, Sum: 0, Workers: 4
[2547.904s][debug][gc,phases      ] GC(57)     Total                          Min: 0, Avg: 12.0, Max: 48, Diff: 48, Sum: 48, Workers: 4
[2547.904s][debug][gc,phases      ] GC(57)   StringDedup Table Weak         Min:  0.0, Avg:  0.0, Max:  0.0, Diff:  0.0, Sum:  0.0, Workers: 4
[2547.904s][debug][gc,phases      ] GC(57)     Dead                           Min: 0, Avg:  0.0, Max: 0, Diff: 0, Sum: 0, Workers: 4
[2547.904s][debug][gc,phases      ] GC(57)     Total                          Min: 0, Avg:  0.0, Max: 0, Diff: 0, Sum: 0, Workers: 4
[2547.904s][debug][gc,phases      ] GC(57)   StringDedup Requests0 Weak     Min:  0.0, Avg:  0.0, Max:  0.0, Diff:  0.0, Sum:  0.0, Workers: 4
[2547.904s][debug][gc,phases      ] GC(57)     Dead                           Min: 0, Avg:  0.0, Max: 0, Diff: 0, Sum: 0, Workers: 4
[2547.904s][debug][gc,phases      ] GC(57)     Total                          Min: 0, Avg:  0.0, Max: 0, Diff: 0, Sum: 0, Workers: 4
[2547.904s][debug][gc,phases      ] GC(57)   StringDedup Requests1 Weak     Min:  0.0, Avg:  0.0, Max:  0.0, Diff:  0.0, Sum:  0.0, Workers: 4
[2547.904s][debug][gc,phases      ] GC(57)     Dead                           Min: 0, Avg:  0.0, Max: 0, Diff: 0, Sum: 0, Workers: 4
[2547.904s][debug][gc,phases      ] GC(57)     Total                          Min: 0, Avg:  0.0, Max: 0, Diff: 0, Sum: 0, Workers: 4
[2547.904s][debug][gc,phases      ] GC(57)   Weak JFR Old Object Samples    Min:  0.0, Avg:  0.0, Max:  0.0, Diff:  0.0, Sum:  0.0, Workers: 4
[2547.904s][debug][gc,phases      ] GC(57)     Dead                           Min: 0, Avg:  0.0, Max: 0, Diff: 0, Sum: 0, Workers: 4
[2547.904s][debug][gc,phases      ] GC(57)     Total                          Min: 0, Avg:  0.0, Max: 0, Diff: 0, Sum: 0, Workers: 4
[2547.904s][debug][gc,phases      ] GC(57) Weak Processing 0.417ms
[2547.904s][debug][gc,age         ] GC(57) Desired survivor size 185073664 bytes, new threshold 15 (max threshold 15)
[2547.904s][info ][gc,heap        ] GC(57) PSYoungGen: 1869963K(1911808K)->117195K(1865216K) Eden: 1747968K(1747968K)->0K(1747968K) From: 121995K(163840K)->117195K(117248K)
[2547.904s][info ][gc,heap        ] GC(57) ParOldGen: 323483K(359424K)->336427K(359424K)
[2547.904s][info ][gc,metaspace   ] GC(57) Metaspace: 96362K(97728K)->96362K(97728K) NonClass: 82216K(83008K)->82216K(83008K) Class: 14146K(14720K)->14146K(14720K)
[2547.904s][info ][gc             ] GC(57) Pause Young (Allocation Failure) 2142M->442M(2172M) 29.380ms
[2547.904s][info ][gc,cpu         ] GC(57) User=0.09s Sys=0.01s Real=0.03s
[2547.904s][info ][safepoint      ] Safepoint "ParallelGCFailedAllocation", Time since last: 2133661628 ns, Reaching safepoint: 6600 ns, Cleanup: 6100 ns, At safepoint: 29452477 ns, Total: 29465177 ns
[2548.904s][info ][safepoint      ] Safepoint "Cleanup", Time since last: 1000082513 ns, Reaching safepoint: 6600 ns, Cleanup: 13700 ns, At safepoint: 2000 ns, Total: 22300 ns
[2549.904s][info ][safepoint      ] Safepoint "Cleanup", Time since last: 1000104813 ns, Reaching safepoint: 8800 ns, Cleanup: 8700 ns, At safepoint: 5400 ns, Total: 22900 ns
[2554.905s][info ][safepoint      ] Safepoint "Cleanup", Time since last: 5000358555 ns, Reaching safepoint: 6400 ns, Cleanup: 11900 ns, At safepoint: 1800 ns, Total: 20100 ns
[2555.905s][info ][safepoint      ] Safepoint "Cleanup", Time since last: 1000116497 ns, Reaching safepoint: 7700 ns, Cleanup: 8900 ns, At safepoint: 2300 ns, Total: 18900 ns
[2556.905s][info ][safepoint      ] Safepoint "Cleanup", Time since last: 1000103597 ns, Reaching safepoint: 5700 ns, Cleanup: 9100 ns, At safepoint: 1700 ns, Total: 16500 ns
[2557.905s][info ][safepoint      ] Safepoint "Cleanup", Time since last: 1000109796 ns, Reaching safepoint: 6700 ns, Cleanup: 8900 ns, At safepoint: 1800 ns, Total: 17400 ns
[2560.905s][info ][safepoint      ] Safepoint "Cleanup", Time since last: 3000200043 ns, Reaching safepoint: 6300 ns, Cleanup: 5400 ns, At safepoint: 1900 ns, Total: 13600 ns
[2571.906s][info ][safepoint      ] Safepoint "Cleanup", Time since last: 11000679096 ns, Reaching safepoint: 6800 ns, Cleanup: 8800 ns, At safepoint: 5500 ns, Total: 21100 ns
[2573.906s][info ][safepoint      ] Safepoint "Cleanup", Time since last: 2000168849 ns, Reaching safepoint: 6400 ns, Cleanup: 7600 ns, At safepoint: 1900 ns, Total: 15900 ns
[2576.907s][info ][safepoint      ] Safepoint "Cleanup", Time since last: 3000230720 ns, Reaching safepoint: 7300 ns, Cleanup: 8800 ns, At safepoint: 6600 ns, Total: 22700 ns
[2579.907s][info ][safepoint      ] Safepoint "Cleanup", Time since last: 3000231562 ns, Reaching safepoint: 7800 ns, Cleanup: 7100 ns, At safepoint: 2900 ns, Total: 17800 ns
[2581.754s][info ][safepoint      ] Safepoint "Cleanup", Time since last: 1847203882 ns, Reaching safepoint: 6100 ns, Cleanup: 6700 ns, At safepoint: 5300 ns, Total: 18100 ns
[2584.754s][info ][safepoint      ] Safepoint "Cleanup", Time since last: 3000238162 ns, Reaching safepoint: 6700 ns, Cleanup: 14300 ns, At safepoint: 2700 ns, Total: 23700 ns
[2586.754s][info ][safepoint      ] Safepoint "Cleanup", Time since last: 2000196686 ns, Reaching safepoint: 7400 ns, Cleanup: 11000 ns, At safepoint: 1900 ns, Total: 20300 ns
[2593.755s][info ][safepoint      ] Safepoint "Cleanup", Time since last: 7000517400 ns, Reaching safepoint: 7700 ns, Cleanup: 13200 ns, At safepoint: 2000 ns, Total: 22900 ns
[2597.755s][info ][safepoint      ] Safepoint "Cleanup", Time since last: 4000294977 ns, Reaching safepoint: 6000 ns, Cleanup: 26001 ns, At safepoint: 2000 ns, Total: 34001 ns
[2598.756s][info ][safepoint      ] Safepoint "Cleanup", Time since last: 1000120419 ns, Reaching safepoint: 80501 ns, Cleanup: 68100 ns, At safepoint: 8300 ns, Total: 156901 ns
[2598.894s][info ][gc,start       ] GC(58) Pause Young (Allocation Failure)
[2598.929s][debug][gc,phases      ] GC(58) Scavenge 34.880ms
[2598.929s][debug][gc,ref         ] GC(58) ReferenceProcessor::execute queues: 1, RefProcThreadModel::Single, marks_oops_alive: false
[2598.929s][debug][gc,ref         ] GC(58) Skipped KeepAliveFinalRefsPhase of Reference Processing: no references
[2598.929s][debug][gc,ref         ] GC(58) ReferenceProcessor::execute queues: 1, RefProcThreadModel::Single, marks_oops_alive: false
[2598.929s][debug][gc,phases      ] GC(58) Reference Processing 0.130ms
[2598.930s][debug][gc,phases      ] GC(58)   VM Weak                        Min:  0.0, Avg:  0.0, Max:  0.0, Diff:  0.0, Sum:  0.0, Workers: 4
[2598.930s][debug][gc,phases      ] GC(58)     Dead                           Min: 0, Avg:  0.0, Max: 0, Diff: 0, Sum: 0, Workers: 4
[2598.930s][debug][gc,phases      ] GC(58)     Total                          Min: 0, Avg: 254.0, Max: 960, Diff: 960, Sum: 1016, Workers: 4
[2598.930s][debug][gc,phases      ] GC(58)   ObjectSynchronizer Weak        Min:  0.0, Avg:  0.0, Max:  0.0, Diff:  0.0, Sum:  0.0, Workers: 4
[2598.930s][debug][gc,phases      ] GC(58)     Dead                           Min: 0, Avg:  0.5, Max: 2, Diff: 2, Sum: 2, Workers: 4
[2598.930s][debug][gc,phases      ] GC(58)     Total                          Min: 0, Avg:  1.5, Max: 6, Diff: 6, Sum: 6, Workers: 4
[2598.930s][debug][gc,phases      ] GC(58)   JVMTI Tag Weak OopStorage      Min:  0.0, Avg:  0.0, Max:  0.0, Diff:  0.0, Sum:  0.0, Workers: 4
[2598.930s][debug][gc,phases      ] GC(58)     Dead                           Min: 0, Avg:  0.0, Max: 0, Diff: 0, Sum: 0, Workers: 4
[2598.930s][debug][gc,phases      ] GC(58)     Total                          Min: 0, Avg:  0.0, Max: 0, Diff: 0, Sum: 0, Workers: 4
[2598.930s][debug][gc,phases      ] GC(58)   StringTable Weak               Min:  0.0, Avg:  0.1, Max:  0.1, Diff:  0.1, Sum:  0.4, Workers: 4
[2598.930s][debug][gc,phases      ] GC(58)     Dead                           Min: 0, Avg:  0.0, Max: 0, Diff: 0, Sum: 0, Workers: 4
[2598.930s][debug][gc,phases      ] GC(58)     Total                          Min: 0, Avg: 12145.5, Max: 17472, Diff: 17472, Sum: 48582, Workers: 4
[2598.930s][debug][gc,phases      ] GC(58)   ResolvedMethodTable Weak       Min:  0.0, Avg:  0.0, Max:  0.0, Diff:  0.0, Sum:  0.1, Workers: 4
[2598.930s][debug][gc,phases      ] GC(58)     Dead                           Min: 0, Avg:  0.0, Max: 0, Diff: 0, Sum: 0, Workers: 4
[2598.930s][debug][gc,phases      ] GC(58)     Total                          Min: 0, Avg: 3383.5, Max: 4983, Diff: 4983, Sum: 13534, Workers: 4
[2598.930s][debug][gc,phases      ] GC(58)   JNI Weak                       Min:  0.0, Avg:  0.0, Max:  0.0, Diff:  0.0, Sum:  0.0, Workers: 4
[2598.930s][debug][gc,phases      ] GC(58)     Dead                           Min: 0, Avg:  0.0, Max: 0, Diff: 0, Sum: 0, Workers: 4
[2598.930s][debug][gc,phases      ] GC(58)     Total                          Min: 0, Avg: 12.0, Max: 48, Diff: 48, Sum: 48, Workers: 4
[2598.930s][debug][gc,phases      ] GC(58)   StringDedup Table Weak         Min:  0.0, Avg:  0.0, Max:  0.0, Diff:  0.0, Sum:  0.0, Workers: 4
[2598.930s][debug][gc,phases      ] GC(58)     Dead                           Min: 0, Avg:  0.0, Max: 0, Diff: 0, Sum: 0, Workers: 4
[2598.930s][debug][gc,phases      ] GC(58)     Total                          Min: 0, Avg:  0.0, Max: 0, Diff: 0, Sum: 0, Workers: 4
[2598.930s][debug][gc,phases      ] GC(58)   StringDedup Requests0 Weak     Min:  0.0, Avg:  0.0, Max:  0.0, Diff:  0.0, Sum:  0.0, Workers: 4
[2598.930s][debug][gc,phases      ] GC(58)     Dead                           Min: 0, Avg:  0.0, Max: 0, Diff: 0, Sum: 0, Workers: 4
[2598.930s][debug][gc,phases      ] GC(58)     Total                          Min: 0, Avg:  0.0, Max: 0, Diff: 0, Sum: 0, Workers: 4
[2598.930s][debug][gc,phases      ] GC(58)   StringDedup Requests1 Weak     Min:  0.0, Avg:  0.0, Max:  0.0, Diff:  0.0, Sum:  0.0, Workers: 4
[2598.930s][debug][gc,phases      ] GC(58)     Dead                           Min: 0, Avg:  0.0, Max: 0, Diff: 0, Sum: 0, Workers: 4
[2598.930s][debug][gc,phases      ] GC(58)     Total                          Min: 0, Avg:  0.0, Max: 0, Diff: 0, Sum: 0, Workers: 4
[2598.930s][debug][gc,phases      ] GC(58)   Weak JFR Old Object Samples    Min:  0.0, Avg:  0.0, Max:  0.0, Diff:  0.0, Sum:  0.0, Workers: 4
[2598.930s][debug][gc,phases      ] GC(58)     Dead                           Min: 0, Avg:  0.0, Max: 0, Diff: 0, Sum: 0, Workers: 4
[2598.930s][debug][gc,phases      ] GC(58)     Total                          Min: 0, Avg:  0.0, Max: 0, Diff: 0, Sum: 0, Workers: 4
[2598.930s][debug][gc,phases      ] GC(58) Weak Processing 0.410ms
[2598.930s][debug][gc,age         ] GC(58) Desired survivor size 202375168 bytes, new threshold 15 (max threshold 15)
[2598.930s][info ][gc,heap        ] GC(58) PSYoungGen: 1865163K(1865216K)->151396K(1882624K) Eden: 1747968K(1747968K)->0K(1701888K) From: 117195K(117248K)->151396K(180736K)
[2598.930s][info ][gc,heap        ] GC(58) ParOldGen: 336427K(359424K)->338687K(359424K)
[2598.930s][info ][gc,metaspace   ] GC(58) Metaspace: 96497K(97792K)->96497K(97792K) NonClass: 82348K(83072K)->82348K(83072K) Class: 14149K(14720K)->14149K(14720K)
[2598.930s][info ][gc             ] GC(58) Pause Young (Allocation Failure) 2149M->478M(2189M) 35.541ms
[2598.930s][info ][gc,cpu         ] GC(58) User=0.13s Sys=0.00s Real=0.03s
[2598.930s][info ][safepoint      ] Safepoint "ParallelGCFailedAllocation", Time since last: 138457203 ns, Reaching safepoint: 82900 ns, Cleanup: 22501 ns, At safepoint: 35633232 ns, Total: 35738633 ns
[2599.930s][info ][safepoint      ] Safepoint "Cleanup", Time since last: 1000096419 ns, Reaching safepoint: 103801 ns, Cleanup: 35400 ns, At safepoint: 10800 ns, Total: 150001 ns
[2600.930s][info ][safepoint      ] Safepoint "Cleanup", Time since last: 1000108093 ns, Reaching safepoint: 7800 ns, Cleanup: 15100 ns, At safepoint: 3700 ns, Total: 26600 ns
[2602.930s][info ][safepoint      ] Safepoint "Cleanup", Time since last: 2000172228 ns, Reaching safepoint: 7600 ns, Cleanup: 10900 ns, At safepoint: 2700 ns, Total: 21200 ns
[2603.931s][info ][safepoint      ] Safepoint "Cleanup", Time since last: 1000115365 ns, Reaching safepoint: 7600 ns, Cleanup: 20800 ns, At safepoint: 2400 ns, Total: 30800 ns
[2605.931s][info ][safepoint      ] Safepoint "Cleanup", Time since last: 2000167828 ns, Reaching safepoint: 7800 ns, Cleanup: 12100 ns, At safepoint: 2000 ns, Total: 21900 ns
[2606.931s][info ][safepoint      ] Safepoint "Cleanup", Time since last: 1000072164 ns, Reaching safepoint: 9600 ns, Cleanup: 18300 ns, At safepoint: 3000 ns, Total: 30900 ns
[2611.931s][info ][safepoint      ] Safepoint "Cleanup", Time since last: 5000321184 ns, Reaching safepoint: 6000 ns, Cleanup: 8200 ns, At safepoint: 1700 ns, Total: 15900 ns
[2613.890s][info ][gc,start       ] GC(59) Pause Young (Allocation Failure)
[2613.934s][debug][gc,phases      ] GC(59) Scavenge 43.538ms
[2613.934s][debug][gc,ref         ] GC(59) ReferenceProcessor::execute queues: 1, RefProcThreadModel::Single, marks_oops_alive: false
[2613.934s][debug][gc,ref         ] GC(59) Skipped KeepAliveFinalRefsPhase of Reference Processing: no references
[2613.934s][debug][gc,ref         ] GC(59) ReferenceProcessor::execute queues: 1, RefProcThreadModel::Single, marks_oops_alive: false
[2613.934s][debug][gc,phases      ] GC(59) Reference Processing 0.109ms
[2613.934s][debug][gc,phases      ] GC(59)   VM Weak                        Min:  0.0, Avg:  0.0, Max:  0.0, Diff:  0.0, Sum:  0.0, Workers: 4
[2613.934s][debug][gc,phases      ] GC(59)     Dead                           Min: 0, Avg:  0.0, Max: 0, Diff: 0, Sum: 0, Workers: 4
[2613.934s][debug][gc,phases      ] GC(59)     Total                          Min: 0, Avg: 254.2, Max: 633, Diff: 633, Sum: 1017, Workers: 4
[2613.934s][debug][gc,phases      ] GC(59)   ObjectSynchronizer Weak        Min:  0.0, Avg:  0.0, Max:  0.0, Diff:  0.0, Sum:  0.0, Workers: 4
[2613.934s][debug][gc,phases      ] GC(59)     Dead                           Min: 0, Avg:  0.0, Max: 0, Diff: 0, Sum: 0, Workers: 4
[2613.934s][debug][gc,phases      ] GC(59)     Total                          Min: 0, Avg:  1.5, Max: 6, Diff: 6, Sum: 6, Workers: 4
[2613.934s][debug][gc,phases      ] GC(59)   JVMTI Tag Weak OopStorage      Min:  0.0, Avg:  0.0, Max:  0.0, Diff:  0.0, Sum:  0.0, Workers: 4
[2613.934s][debug][gc,phases      ] GC(59)     Dead                           Min: 0, Avg:  0.0, Max: 0, Diff: 0, Sum: 0, Workers: 4
[2613.934s][debug][gc,phases      ] GC(59)     Total                          Min: 0, Avg:  0.0, Max: 0, Diff: 0, Sum: 0, Workers: 4
[2613.934s][debug][gc,phases      ] GC(59)   StringTable Weak               Min:  0.0, Avg:  0.1, Max:  0.2, Diff:  0.2, Sum:  0.4, Workers: 4
[2613.934s][debug][gc,phases      ] GC(59)     Dead                           Min: 0, Avg:  0.0, Max: 0, Diff: 0, Sum: 0, Workers: 4
[2613.934s][debug][gc,phases      ] GC(59)     Total                          Min: 0, Avg: 12147.5, Max: 24846, Diff: 24846, Sum: 48590, Workers: 4
[2613.934s][debug][gc,phases      ] GC(59)   ResolvedMethodTable Weak       Min:  0.0, Avg:  0.0, Max:  0.1, Diff:  0.1, Sum:  0.1, Workers: 4
[2613.934s][debug][gc,phases      ] GC(59)     Dead                           Min: 0, Avg:  0.0, Max: 0, Diff: 0, Sum: 0, Workers: 4
[2613.934s][debug][gc,phases      ] GC(59)     Total                          Min: 0, Avg: 3383.8, Max: 6793, Diff: 6793, Sum: 13535, Workers: 4
[2613.934s][debug][gc,phases      ] GC(59)   JNI Weak                       Min:  0.0, Avg:  0.0, Max:  0.0, Diff:  0.0, Sum:  0.0, Workers: 4
[2613.934s][debug][gc,phases      ] GC(59)     Dead                           Min: 0, Avg:  0.0, Max: 0, Diff: 0, Sum: 0, Workers: 4
[2613.934s][debug][gc,phases      ] GC(59)     Total                          Min: 0, Avg: 12.0, Max: 48, Diff: 48, Sum: 48, Workers: 4
[2613.934s][debug][gc,phases      ] GC(59)   StringDedup Table Weak         Min:  0.0, Avg:  0.0, Max:  0.0, Diff:  0.0, Sum:  0.0, Workers: 4
[2613.934s][debug][gc,phases      ] GC(59)     Dead                           Min: 0, Avg:  0.0, Max: 0, Diff: 0, Sum: 0, Workers: 4
[2613.935s][debug][gc,phases      ] GC(59)     Total                          Min: 0, Avg:  0.0, Max: 0, Diff: 0, Sum: 0, Workers: 4
[2613.935s][debug][gc,phases      ] GC(59)   StringDedup Requests0 Weak     Min:  0.0, Avg:  0.0, Max:  0.0, Diff:  0.0, Sum:  0.0, Workers: 4
[2613.935s][debug][gc,phases      ] GC(59)     Dead                           Min: 0, Avg:  0.0, Max: 0, Diff: 0, Sum: 0, Workers: 4
[2613.935s][debug][gc,phases      ] GC(59)     Total                          Min: 0, Avg:  0.0, Max: 0, Diff: 0, Sum: 0, Workers: 4
[2613.935s][debug][gc,phases      ] GC(59)   StringDedup Requests1 Weak     Min:  0.0, Avg:  0.0, Max:  0.0, Diff:  0.0, Sum:  0.0, Workers: 4
[2613.935s][debug][gc,phases      ] GC(59)     Dead                           Min: 0, Avg:  0.0, Max: 0, Diff: 0, Sum: 0, Workers: 4
[2613.935s][debug][gc,phases      ] GC(59)     Total                          Min: 0, Avg:  0.0, Max: 0, Diff: 0, Sum: 0, Workers: 4
[2613.935s][debug][gc,phases      ] GC(59)   Weak JFR Old Object Samples    Min:  0.0, Avg:  0.0, Max:  0.0, Diff:  0.0, Sum:  0.0, Workers: 4
[2613.935s][debug][gc,phases      ] GC(59)     Dead                           Min: 0, Avg:  0.0, Max: 0, Diff: 0, Sum: 0, Workers: 4
[2613.935s][debug][gc,phases      ] GC(59)     Total                          Min: 0, Avg:  0.0, Max: 0, Diff: 0, Sum: 0, Workers: 4
[2613.935s][debug][gc,phases      ] GC(59) Weak Processing 0.496ms
[2613.935s][debug][gc,age         ] GC(59) Desired survivor size 223870976 bytes, new threshold 15 (max threshold 15)
[2613.935s][info ][gc,heap        ] GC(59) PSYoungGen: 1853284K(1882624K)->171931K(1873920K) Eden: 1701888K(1701888K)->0K(1701888K) From: 151396K(180736K)->171931K(172032K)
[2613.935s][info ][gc,heap        ] GC(59) ParOldGen: 338687K(359424K)->338967K(359424K)
[2613.935s][info ][gc,metaspace   ] GC(59) Metaspace: 96567K(97920K)->96567K(97920K) NonClass: 82416K(83200K)->82416K(83200K) Class: 14150K(14720K)->14150K(14720K)
[2613.935s][info ][gc             ] GC(59) Pause Young (Allocation Failure) 2140M->498M(2181M) 44.272ms
[2613.935s][info ][gc,cpu         ] GC(59) User=0.13s Sys=0.00s Real=0.05s
[2613.935s][info ][safepoint      ] Safepoint "ParallelGCFailedAllocation", Time since last: 1959083636 ns, Reaching safepoint: 7800 ns, Cleanup: 20300 ns, At safepoint: 44368086 ns, Total: 44396186 ns
[2614.935s][info ][safepoint      ] Safepoint "Cleanup", Time since last: 1000094151 ns, Reaching safepoint: 7300 ns, Cleanup: 76600 ns, At safepoint: 2100 ns, Total: 86000 ns
[2618.935s][info ][safepoint      ] Safepoint "Cleanup", Time since last: 4000308902 ns, Reaching safepoint: 7100 ns, Cleanup: 8801 ns, At safepoint: 1900 ns, Total: 17801 ns
[2625.936s][info ][safepoint      ] Safepoint "Cleanup", Time since last: 7000462341 ns, Reaching safepoint: 7400 ns, Cleanup: 12900 ns, At safepoint: 2300 ns, Total: 22600 ns
[2626.287s][info ][safepoint      ] Safepoint "JFRCheckpoint", Time since last: 350911603 ns, Reaching safepoint: 77000 ns, Cleanup: 41901 ns, At safepoint: 39600 ns, Total: 158501 ns
[2626.289s][info ][gc,heap,exit   ] Heap
[2626.289s][info ][gc,heap,exit   ]  PSYoungGen      total 1873920K, used 590904K [0x0000000780000000, 0x0000000800000000, 0x0000000800000000)
[2626.289s][info ][gc,heap,exit   ]   eden space 1701888K, 24% used [0x0000000780000000,0x00000007999274f0,0x00000007e7e00000)
[2626.289s][info ][gc,heap,exit   ]   from space 172032K, 99% used [0x00000007e7e00000,0x00000007f25e6e08,0x00000007f2600000)
[2626.289s][info ][gc,heap,exit   ]   to   space 218624K, 0% used [0x00000007f2a80000,0x00000007f2a80000,0x0000000800000000)
[2626.289s][info ][gc,heap,exit   ]  ParOldGen       total 359424K, used 338967K [0x00000006c0000000, 0x00000006d5f00000, 0x0000000780000000)
[2626.289s][info ][gc,heap,exit   ]   object space 359424K, 94% used [0x00000006c0000000,0x00000006d4b05e60,0x00000006d5f00000)
[2626.289s][info ][gc,heap,exit   ]  Metaspace       used 96659K, committed 97984K, reserved 1179648K
[2626.289s][info ][gc,heap,exit   ]   class space    used 14161K, committed 14720K, reserved 1048576K
