[0.005s][info][gc,init] CardTable entry size: 512
[0.005s][info][gc     ] Using Parallel
[0.006s][info][gc,init] Version: 21.0.3+9-LTS (release)
[0.006s][info][gc,init] CPUs: 4 total, 4 available
[0.006s][info][gc,init] Memory: 15991M
[0.006s][info][gc,init] Large Page Support: Disabled
[0.006s][info][gc,init] NUMA Support: Disabled
[0.006s][info][gc,init] Compressed Oops: Enabled (Zero based)
[0.006s][info][gc,init] Alignments: Space 512K, Generation 512K, Heap 2M
[0.006s][info][gc,init] Heap Min Capacity: 2054M
[0.006s][info][gc,init] Heap Initial Capacity: 2054M
[0.006s][info][gc,init] Heap Max Capacity: 5G
[0.006s][info][gc,init] Pre-touch: Disabled
[0.006s][info][gc,init] Parallel Workers: 4
[0.021s][info][gc,metaspace] CDS archive(s) mapped at: [0x00007f4915000000-0x00007f4915caa000-0x00007f4915caa000), size 13279232, SharedBaseAddress: 0x00007f4915000000, ArchiveRelocationMode: 1.
[0.021s][info][gc,metaspace] Compressed class space mapped at: 0x00007f4916000000-0x00007f4956000000, reserved size: 1073741824
[0.021s][info][gc,metaspace] Narrow klass base: 0x00007f4915000000, Narrow klass shift: 0, Narrow klass range: 0x100000000
[0.613s][info][safepoint   ] Safepoint "ICBufferFull", Time since last: 557714716 ns, Reaching safepoint: 3450967 ns, Cleanup: 104908 ns, At safepoint: 8900 ns, Total: 3564775 ns
[0.988s][info][safepoint   ] Safepoint "RedefineClasses", Time since last: 367503046 ns, Reaching safepoint: 4100 ns, Cleanup: 120510 ns, At safepoint: 7165152 ns, Total: 7289762 ns
[1.240s][info][safepoint   ] Safepoint "JFRCheckpoint", Time since last: 247934624 ns, Reaching safepoint: 3991507 ns, Cleanup: 46704 ns, At safepoint: 20402 ns, Total: 4058613 ns
[2.264s][info][safepoint   ] Safepoint "ICBufferFull", Time since last: 1024458216 ns, Reaching safepoint: 4501 ns, Cleanup: 116709 ns, At safepoint: 4700 ns, Total: 125910 ns
[2.662s][info][safepoint   ] Safepoint "ICBufferFull", Time since last: 397841186 ns, Reaching safepoint: 4300 ns, Cleanup: 137611 ns, At safepoint: 3000 ns, Total: 144911 ns
[3.404s][info][gc,start    ] GC(0) Pause Young (Metadata GC Threshold)
[3.447s][debug][gc,phases   ] GC(0) Scavenge 41.161ms
[3.447s][debug][gc,ref      ] GC(0) ReferenceProcessor::execute queues: 2, RefProcThreadModel::Multi, marks_oops_alive: false
[3.448s][debug][gc,ref      ] GC(0) Skipped KeepAliveFinalRefsPhase of Reference Processing: no references
[3.448s][debug][gc,ref      ] GC(0) ReferenceProcessor::execute queues: 1, RefProcThreadModel::Single, marks_oops_alive: false
[3.448s][debug][gc,phases   ] GC(0) Reference Processing 1.169ms
[3.448s][debug][gc,phases   ] GC(0)   VM Weak                        Min:  0.0, Avg:  0.0, Max:  0.0, Diff:  0.0, Sum:  0.0, Workers: 4
[3.448s][debug][gc,phases   ] GC(0)     Dead                           Min: 0, Avg:  0.0, Max: 0, Diff: 0, Sum: 0, Workers: 4
[3.448s][debug][gc,phases   ] GC(0)     Total                          Min: 0, Avg: 61.2, Max: 128, Diff: 128, Sum: 245, Workers: 4
[3.448s][debug][gc,phases   ] GC(0)   ObjectSynchronizer Weak        Min:  0.0, Avg:  0.0, Max:  0.0, Diff:  0.0, Sum:  0.0, Workers: 4
[3.448s][debug][gc,phases   ] GC(0)     Dead                           Min: 0, Avg:  0.8, Max: 3, Diff: 3, Sum: 3, Workers: 4
[3.448s][debug][gc,phases   ] GC(0)     Total                          Min: 0, Avg:  2.5, Max: 10, Diff: 10, Sum: 10, Workers: 4
[3.448s][debug][gc,phases   ] GC(0)   JVMTI Tag Weak OopStorage      Min:  0.0, Avg:  0.0, Max:  0.0, Diff:  0.0, Sum:  0.0, Workers: 4
[3.448s][debug][gc,phases   ] GC(0)     Dead                           Min: 0, Avg:  0.0, Max: 0, Diff: 0, Sum: 0, Workers: 4
[3.448s][debug][gc,phases   ] GC(0)     Total                          Min: 0, Avg:  0.0, Max: 0, Diff: 0, Sum: 0, Workers: 4
[3.448s][debug][gc,phases   ] GC(0)   StringTable Weak               Min:  0.0, Avg:  0.1, Max:  0.1, Diff:  0.1, Sum:  0.3, Workers: 4
[3.448s][debug][gc,phases   ] GC(0)     Dead                           Min: 0, Avg:  7.5, Max: 15, Diff: 15, Sum: 30, Workers: 4
[3.448s][debug][gc,phases   ] GC(0)     Total                          Min: 0, Avg: 1898.0, Max: 2688, Diff: 2688, Sum: 7592, Workers: 4
[3.448s][debug][gc,phases   ] GC(0)   ResolvedMethodTable Weak       Min:  0.0, Avg:  0.0, Max:  0.0, Diff:  0.0, Sum:  0.1, Workers: 4
[3.448s][debug][gc,phases   ] GC(0)     Dead                           Min: 0, Avg: 88.8, Max: 155, Diff: 155, Sum: 355, Workers: 4
[3.448s][debug][gc,phases   ] GC(0)     Total                          Min: 0, Avg: 463.8, Max: 703, Diff: 703, Sum: 1855, Workers: 4
[3.448s][debug][gc,phases   ] GC(0)   JNI Weak                       Min:  0.0, Avg:  0.0, Max:  0.0, Diff:  0.0, Sum:  0.0, Workers: 4
[3.448s][debug][gc,phases   ] GC(0)     Dead                           Min: 0, Avg:  0.0, Max: 0, Diff: 0, Sum: 0, Workers: 4
[3.448s][debug][gc,phases   ] GC(0)     Total                          Min: 0, Avg: 12.0, Max: 48, Diff: 48, Sum: 48, Workers: 4
[3.448s][debug][gc,phases   ] GC(0)   StringDedup Table Weak         Min:  0.0, Avg:  0.0, Max:  0.0, Diff:  0.0, Sum:  0.0, Workers: 4
[3.448s][debug][gc,phases   ] GC(0)     Dead                           Min: 0, Avg:  0.0, Max: 0, Diff: 0, Sum: 0, Workers: 4
[3.448s][debug][gc,phases   ] GC(0)     Total                          Min: 0, Avg:  0.0, Max: 0, Diff: 0, Sum: 0, Workers: 4
[3.448s][debug][gc,phases   ] GC(0)   StringDedup Requests0 Weak     Min:  0.0, Avg:  0.0, Max:  0.0, Diff:  0.0, Sum:  0.0, Workers: 4
[3.448s][debug][gc,phases   ] GC(0)     Dead                           Min: 0, Avg:  0.0, Max: 0, Diff: 0, Sum: 0, Workers: 4
[3.448s][debug][gc,phases   ] GC(0)     Total                          Min: 0, Avg:  0.0, Max: 0, Diff: 0, Sum: 0, Workers: 4
[3.448s][debug][gc,phases   ] GC(0)   StringDedup Requests1 Weak     Min:  0.0, Avg:  0.0, Max:  0.0, Diff:  0.0, Sum:  0.0, Workers: 4
[3.448s][debug][gc,phases   ] GC(0)     Dead                           Min: 0, Avg:  0.0, Max: 0, Diff: 0, Sum: 0, Workers: 4
[3.448s][debug][gc,phases   ] GC(0)     Total                          Min: 0, Avg:  0.0, Max: 0, Diff: 0, Sum: 0, Workers: 4
[3.448s][debug][gc,phases   ] GC(0)   Weak JFR Old Object Samples    Min:  0.0, Avg:  0.0, Max:  0.0, Diff:  0.0, Sum:  0.0, Workers: 4
[3.448s][debug][gc,phases   ] GC(0)     Dead                           Min: 0, Avg:  0.0, Max: 0, Diff: 0, Sum: 0, Workers: 4
[3.448s][debug][gc,phases   ] GC(0)     Total                          Min: 0, Avg:  0.0, Max: 0, Diff: 0, Sum: 0, Workers: 4
[3.448s][debug][gc,phases   ] GC(0) Weak Processing 0.391ms
[3.448s][debug][gc,age      ] GC(0) Desired survivor size 536870912 bytes, new threshold 7 (max threshold 15)
[3.448s][info ][gc,heap     ] GC(0) PSYoungGen: 359863K(1572864K)->36620K(1572864K) Eden: 359863K(1048576K)->0K(1048576K) From: 0K(524288K)->36620K(524288K)
[3.448s][info ][gc,heap     ] GC(0) ParOldGen: 1054K(6144K)->1126K(6144K)
[3.448s][info ][gc,metaspace] GC(0) Metaspace: 21090K(21504K)->21090K(21504K) NonClass: 18740K(18944K)->18740K(18944K) Class: 2349K(2560K)->2349K(2560K)
[3.448s][info ][gc          ] GC(0) Pause Young (Metadata GC Threshold) 352M->36M(1542M) 44.225ms
[3.448s][info ][gc,cpu      ] GC(0) User=0.06s Sys=0.00s Real=0.05s
[3.448s][debug][gc,phases   ] GC(1) Pre Compact 0.015ms
[3.448s][info ][gc,start    ] GC(1) Pause Full (Metadata GC Threshold)
[3.448s][info ][gc,phases,start] GC(1) Marking Phase
[3.472s][debug][gc,phases      ] GC(1) Par Mark 23.426ms
[3.472s][debug][gc,ref         ] GC(1) ReferenceProcessor::execute queues: 2, RefProcThreadModel::Multi, marks_oops_alive: false
[3.472s][debug][gc,ref         ] GC(1) ReferenceProcessor::execute queues: 4, RefProcThreadModel::Multi, marks_oops_alive: true
[3.472s][debug][gc,ref         ] GC(1) ReferenceProcessor::execute queues: 1, RefProcThreadModel::Single, marks_oops_alive: false
[3.472s][debug][gc,phases      ] GC(1) Reference Processing 0.266ms
[3.472s][debug][gc,phases      ] GC(1)   VM Weak                        Min:  0.0, Avg:  0.0, Max:  0.0, Diff:  0.0, Sum:  0.0, Workers: 4
[3.472s][debug][gc,phases      ] GC(1)     Dead                           Min: 0, Avg:  0.0, Max: 0, Diff: 0, Sum: 0, Workers: 4
[3.472s][debug][gc,phases      ] GC(1)     Total                          Min: 0, Avg: 61.2, Max: 192, Diff: 192, Sum: 245, Workers: 4
[3.472s][debug][gc,phases      ] GC(1)   ObjectSynchronizer Weak        Min:  0.0, Avg:  0.0, Max:  0.0, Diff:  0.0, Sum:  0.0, Workers: 4
[3.472s][debug][gc,phases      ] GC(1)     Dead                           Min: 0, Avg:  0.0, Max: 0, Diff: 0, Sum: 0, Workers: 4
[3.472s][debug][gc,phases      ] GC(1)     Total                          Min: 0, Avg:  2.5, Max: 10, Diff: 10, Sum: 10, Workers: 4
[3.472s][debug][gc,phases      ] GC(1)   JVMTI Tag Weak OopStorage      Min:  0.0, Avg:  0.0, Max:  0.0, Diff:  0.0, Sum:  0.0, Workers: 4
[3.472s][debug][gc,phases      ] GC(1)     Dead                           Min: 0, Avg:  0.0, Max: 0, Diff: 0, Sum: 0, Workers: 4
[3.472s][debug][gc,phases      ] GC(1)     Total                          Min: 0, Avg:  0.0, Max: 0, Diff: 0, Sum: 0, Workers: 4
[3.472s][debug][gc,phases      ] GC(1)   StringTable Weak               Min:  0.0, Avg:  0.0, Max:  0.0, Diff:  0.0, Sum:  0.1, Workers: 4
[3.472s][debug][gc,phases      ] GC(1)     Dead                           Min: 0, Avg:  0.0, Max: 0, Diff: 0, Sum: 0, Workers: 4
[3.472s][debug][gc,phases      ] GC(1)     Total                          Min: 0, Avg: 1898.0, Max: 2752, Diff: 2752, Sum: 7592, Workers: 4
[3.472s][debug][gc,phases      ] GC(1)   ResolvedMethodTable Weak       Min:  0.0, Avg:  0.0, Max:  0.0, Diff:  0.0, Sum:  0.0, Workers: 4
[3.472s][debug][gc,phases      ] GC(1)     Dead                           Min: 0, Avg:  0.0, Max: 0, Diff: 0, Sum: 0, Workers: 4
[3.472s][debug][gc,phases      ] GC(1)     Total                          Min: 0, Avg: 463.8, Max: 704, Diff: 704, Sum: 1855, Workers: 4
[3.472s][debug][gc,phases      ] GC(1)   JNI Weak                       Min:  0.0, Avg:  0.0, Max:  0.0, Diff:  0.0, Sum:  0.0, Workers: 4
[3.472s][debug][gc,phases      ] GC(1)     Dead                           Min: 0, Avg:  0.0, Max: 0, Diff: 0, Sum: 0, Workers: 4
[3.472s][debug][gc,phases      ] GC(1)     Total                          Min: 0, Avg: 12.0, Max: 48, Diff: 48, Sum: 48, Workers: 4
[3.472s][debug][gc,phases      ] GC(1)   StringDedup Table Weak         Min:  0.0, Avg:  0.0, Max:  0.0, Diff:  0.0, Sum:  0.0, Workers: 4
[3.472s][debug][gc,phases      ] GC(1)     Dead                           Min: 0, Avg:  0.0, Max: 0, Diff: 0, Sum: 0, Workers: 4
[3.472s][debug][gc,phases      ] GC(1)     Total                          Min: 0, Avg:  0.0, Max: 0, Diff: 0, Sum: 0, Workers: 4
[3.472s][debug][gc,phases      ] GC(1)   StringDedup Requests0 Weak     Min:  0.0, Avg:  0.0, Max:  0.0, Diff:  0.0, Sum:  0.0, Workers: 4
[3.472s][debug][gc,phases      ] GC(1)     Dead                           Min: 0, Avg:  0.0, Max: 0, Diff: 0, Sum: 0, Workers: 4
[3.472s][debug][gc,phases      ] GC(1)     Total                          Min: 0, Avg:  0.0, Max: 0, Diff: 0, Sum: 0, Workers: 4
[3.472s][debug][gc,phases      ] GC(1)   StringDedup Requests1 Weak     Min:  0.0, Avg:  0.0, Max:  0.0, Diff:  0.0, Sum:  0.0, Workers: 4
[3.472s][debug][gc,phases      ] GC(1)     Dead                           Min: 0, Avg:  0.0, Max: 0, Diff: 0, Sum: 0, Workers: 4
[3.472s][debug][gc,phases      ] GC(1)     Total                          Min: 0, Avg:  0.0, Max: 0, Diff: 0, Sum: 0, Workers: 4
[3.472s][debug][gc,phases      ] GC(1)   Weak JFR Old Object Samples    Min:  0.0, Avg:  0.0, Max:  0.0, Diff:  0.0, Sum:  0.0, Workers: 4
[3.472s][debug][gc,phases      ] GC(1)     Dead                           Min: 0, Avg:  0.0, Max: 0, Diff: 0, Sum: 0, Workers: 4
[3.472s][debug][gc,phases      ] GC(1)     Total                          Min: 0, Avg:  0.0, Max: 0, Diff: 0, Sum: 0, Workers: 4
[3.472s][debug][gc,phases      ] GC(1) Weak Processing 0.306ms
[3.472s][debug][gc,phases      ] GC(1) ClassLoaderData 0.035ms
[3.472s][debug][gc,phases      ] GC(1) Trigger cleanups 0.000ms
[3.480s][debug][gc,phases      ] GC(1) Class Unloading 7.600ms
[3.480s][debug][gc,phases      ] GC(1) Report Object Count 0.001ms
[3.480s][info ][gc,phases      ] GC(1) Marking Phase 31.679ms
[3.480s][info ][gc,phases,start] GC(1) Summary Phase
[3.480s][info ][gc,phases      ] GC(1) Summary Phase 0.009ms
[3.480s][info ][gc,phases,start] GC(1) Adjust Roots
[3.486s][info ][gc,phases      ] GC(1) Adjust Roots 5.692ms
[3.486s][info ][gc,phases,start] GC(1) Compaction Phase
[3.524s][info ][gc,phases      ] GC(1) Compaction Phase 38.049ms
[3.524s][info ][gc,phases,start] GC(1) Post Compact
[3.526s][info ][gc,phases      ] GC(1) Post Compact 2.026ms
[3.526s][info ][gc,heap        ] GC(1) PSYoungGen: 36620K(1572864K)->31751K(1572864K) Eden: 0K(1048576K)->0K(1048576K) From: 36620K(524288K)->31751K(524288K)
[3.526s][info ][gc,heap        ] GC(1) ParOldGen: 1126K(6144K)->5713K(6144K)
[3.526s][info ][gc,metaspace   ] GC(1) Metaspace: 21090K(21504K)->21090K(21504K) NonClass: 18740K(18944K)->18740K(18944K) Class: 2349K(2560K)->2349K(2560K)
[3.526s][info ][gc             ] GC(1) Pause Full (Metadata GC Threshold) 36M->36M(1542M) 77.591ms
[3.526s][info ][gc,cpu         ] GC(1) User=0.12s Sys=0.01s Real=0.07s
[3.526s][info ][safepoint      ] Safepoint "CollectForMetadataAllocation", Time since last: 741536995 ns, Reaching safepoint: 4100 ns, Cleanup: 124210 ns, At safepoint: 121979808 ns, Total: 122108118 ns
[4.184s][info ][safepoint      ] Safepoint "ICBufferFull", Time since last: 657823650 ns, Reaching safepoint: 4301 ns, Cleanup: 122509 ns, At safepoint: 2200 ns, Total: 129010 ns
[4.500s][info ][safepoint      ] Safepoint "ICBufferFull", Time since last: 315583195 ns, Reaching safepoint: 4400 ns, Cleanup: 131910 ns, At safepoint: 3000 ns, Total: 139310 ns
[4.763s][info ][safepoint      ] Safepoint "ICBufferFull", Time since last: 263629310 ns, Reaching safepoint: 4900 ns, Cleanup: 152111 ns, At safepoint: 2300 ns, Total: 159311 ns
[5.936s][info ][safepoint      ] Safepoint "ICBufferFull", Time since last: 1166534901 ns, Reaching safepoint: 5705516 ns, Cleanup: 174413 ns, At safepoint: 10400 ns, Total: 5890329 ns
[6.066s][info ][safepoint      ] Safepoint "ICBufferFull", Time since last: 130436305 ns, Reaching safepoint: 4300 ns, Cleanup: 111708 ns, At safepoint: 2400 ns, Total: 118408 ns
[6.335s][info ][safepoint      ] Safepoint "ICBufferFull", Time since last: 268573870 ns, Reaching safepoint: 4901 ns, Cleanup: 148610 ns, At safepoint: 5101 ns, Total: 158612 ns
[6.639s][info ][safepoint      ] Safepoint "ICBufferFull", Time since last: 304115259 ns, Reaching safepoint: 5001 ns, Cleanup: 158811 ns, At safepoint: 2201 ns, Total: 166013 ns
[6.907s][info ][gc,start       ] GC(2) Pause Young (Metadata GC Threshold)
[6.988s][debug][gc,phases      ] GC(2) Scavenge 80.553ms
[6.988s][debug][gc,ref         ] GC(2) ReferenceProcessor::execute queues: 4, RefProcThreadModel::Multi, marks_oops_alive: false
[6.990s][debug][gc,ref         ] GC(2) Skipped KeepAliveFinalRefsPhase of Reference Processing: no references
[6.990s][debug][gc,ref         ] GC(2) ReferenceProcessor::execute queues: 2, RefProcThreadModel::Multi, marks_oops_alive: false
[6.994s][debug][gc,phases      ] GC(2) Reference Processing 6.000ms
[6.994s][debug][gc,phases      ] GC(2)   VM Weak                        Min:  0.0, Avg:  0.0, Max:  0.0, Diff:  0.0, Sum:  0.0, Workers: 4
[6.994s][debug][gc,phases      ] GC(2)     Dead                           Min: 0, Avg:  0.0, Max: 0, Diff: 0, Sum: 0, Workers: 4
[6.994s][debug][gc,phases      ] GC(2)     Total                          Min: 0, Avg: 78.8, Max: 315, Diff: 315, Sum: 315, Workers: 4
[6.994s][debug][gc,phases      ] GC(2)   ObjectSynchronizer Weak        Min:  0.0, Avg:  0.0, Max:  0.0, Diff:  0.0, Sum:  0.0, Workers: 4
[6.994s][debug][gc,phases      ] GC(2)     Dead                           Min: 0, Avg:  0.0, Max: 0, Diff: 0, Sum: 0, Workers: 4
[6.994s][debug][gc,phases      ] GC(2)     Total                          Min: 0, Avg:  2.8, Max: 11, Diff: 11, Sum: 11, Workers: 4
[6.994s][debug][gc,phases      ] GC(2)   JVMTI Tag Weak OopStorage      Min:  0.0, Avg:  0.0, Max:  0.0, Diff:  0.0, Sum:  0.0, Workers: 4
[6.994s][debug][gc,phases      ] GC(2)     Dead                           Min: 0, Avg:  0.0, Max: 0, Diff: 0, Sum: 0, Workers: 4
[6.994s][debug][gc,phases      ] GC(2)     Total                          Min: 0, Avg:  0.0, Max: 0, Diff: 0, Sum: 0, Workers: 4
[6.994s][debug][gc,phases      ] GC(2)   StringTable Weak               Min:  0.0, Avg:  0.1, Max:  0.3, Diff:  0.3, Sum:  0.5, Workers: 4
[6.994s][debug][gc,phases      ] GC(2)     Dead                           Min: 0, Avg:  2.2, Max: 5, Diff: 5, Sum: 9, Workers: 4
[6.994s][debug][gc,phases      ] GC(2)     Total                          Min: 0, Avg: 3474.5, Max: 6976, Diff: 6976, Sum: 13898, Workers: 4
[6.994s][debug][gc,phases      ] GC(2)   ResolvedMethodTable Weak       Min:  0.0, Avg:  0.0, Max:  0.1, Diff:  0.1, Sum:  0.1, Workers: 4
[6.994s][debug][gc,phases      ] GC(2)     Dead                           Min: 0, Avg: 247.0, Max: 574, Diff: 574, Sum: 988, Workers: 4
[6.994s][debug][gc,phases      ] GC(2)     Total                          Min: 0, Avg: 925.0, Max: 1909, Diff: 1909, Sum: 3700, Workers: 4
[6.994s][debug][gc,phases      ] GC(2)   JNI Weak                       Min:  0.0, Avg:  0.0, Max:  0.0, Diff:  0.0, Sum:  0.0, Workers: 4
[6.994s][debug][gc,phases      ] GC(2)     Dead                           Min: 0, Avg:  0.0, Max: 0, Diff: 0, Sum: 0, Workers: 4
[6.994s][debug][gc,phases      ] GC(2)     Total                          Min: 0, Avg: 14.2, Max: 48, Diff: 48, Sum: 57, Workers: 4
[6.994s][debug][gc,phases      ] GC(2)   StringDedup Table Weak         Min:  0.0, Avg:  0.0, Max:  0.0, Diff:  0.0, Sum:  0.0, Workers: 4
[6.994s][debug][gc,phases      ] GC(2)     Dead                           Min: 0, Avg:  0.0, Max: 0, Diff: 0, Sum: 0, Workers: 4
[6.994s][debug][gc,phases      ] GC(2)     Total                          Min: 0, Avg:  0.0, Max: 0, Diff: 0, Sum: 0, Workers: 4
[6.994s][debug][gc,phases      ] GC(2)   StringDedup Requests0 Weak     Min:  0.0, Avg:  0.0, Max:  0.0, Diff:  0.0, Sum:  0.0, Workers: 4
[6.994s][debug][gc,phases      ] GC(2)     Dead                           Min: 0, Avg:  0.0, Max: 0, Diff: 0, Sum: 0, Workers: 4
[6.994s][debug][gc,phases      ] GC(2)     Total                          Min: 0, Avg:  0.0, Max: 0, Diff: 0, Sum: 0, Workers: 4
[6.994s][debug][gc,phases      ] GC(2)   StringDedup Requests1 Weak     Min:  0.0, Avg:  0.0, Max:  0.0, Diff:  0.0, Sum:  0.0, Workers: 4
[6.994s][debug][gc,phases      ] GC(2)     Dead                           Min: 0, Avg:  0.0, Max: 0, Diff: 0, Sum: 0, Workers: 4
[6.994s][debug][gc,phases      ] GC(2)     Total                          Min: 0, Avg:  0.0, Max: 0, Diff: 0, Sum: 0, Workers: 4
[6.994s][debug][gc,phases      ] GC(2)   Weak JFR Old Object Samples    Min:  0.0, Avg:  0.0, Max:  0.0, Diff:  0.0, Sum:  0.0, Workers: 4
[6.994s][debug][gc,phases      ] GC(2)     Dead                           Min: 0, Avg:  0.0, Max: 0, Diff: 0, Sum: 0, Workers: 4
[6.994s][debug][gc,phases      ] GC(2)     Total                          Min: 0, Avg:  0.0, Max: 0, Diff: 0, Sum: 0, Workers: 4
[6.994s][debug][gc,phases      ] GC(2) Weak Processing 0.616ms
[6.994s][debug][gc,age         ] GC(2) Desired survivor size 536870912 bytes, new threshold 7 (max threshold 15)
[6.994s][info ][gc,heap        ] GC(2) PSYoungGen: 577012K(1572864K)->76018K(1572864K) Eden: 545260K(1048576K)->0K(1048576K) From: 31751K(524288K)->76018K(524288K)
[6.994s][info ][gc,heap        ] GC(2) ParOldGen: 5713K(6144K)->5737K(6144K)
[6.994s][info ][gc,metaspace   ] GC(2) Metaspace: 35365K(35840K)->35365K(35840K) NonClass: 31015K(31296K)->31015K(31296K) Class: 4349K(4544K)->4349K(4544K)
[6.994s][info ][gc             ] GC(2) Pause Young (Metadata GC Threshold) 569M->79M(1542M) 87.308ms
[6.994s][info ][gc,cpu         ] GC(2) User=0.14s Sys=0.02s Real=0.09s
[6.994s][debug][gc,phases      ] GC(3) Pre Compact 0.013ms
[6.995s][info ][gc,start       ] GC(3) Pause Full (Metadata GC Threshold)
[6.995s][info ][gc,phases,start] GC(3) Marking Phase
[7.061s][debug][gc,phases      ] GC(3) Par Mark 66.386ms
[7.061s][debug][gc,ref         ] GC(3) ReferenceProcessor::execute queues: 3, RefProcThreadModel::Multi, marks_oops_alive: false
[7.067s][debug][gc,ref         ] GC(3) ReferenceProcessor::execute queues: 4, RefProcThreadModel::Multi, marks_oops_alive: true
[7.069s][debug][gc,ref         ] GC(3) ReferenceProcessor::execute queues: 1, RefProcThreadModel::Single, marks_oops_alive: false
[7.069s][debug][gc,phases      ] GC(3) Reference Processing 8.025ms
[7.069s][debug][gc,phases      ] GC(3)   VM Weak                        Min:  0.0, Avg:  0.0, Max:  0.0, Diff:  0.0, Sum:  0.0, Workers: 4
[7.069s][debug][gc,phases      ] GC(3)     Dead                           Min: 0, Avg:  0.0, Max: 0, Diff: 0, Sum: 0, Workers: 4
[7.069s][debug][gc,phases      ] GC(3)     Total                          Min: 0, Avg: 78.8, Max: 315, Diff: 315, Sum: 315, Workers: 4
[7.069s][debug][gc,phases      ] GC(3)   ObjectSynchronizer Weak        Min:  0.0, Avg:  0.0, Max:  0.0, Diff:  0.0, Sum:  0.0, Workers: 4
[7.069s][debug][gc,phases      ] GC(3)     Dead                           Min: 0, Avg:  0.0, Max: 0, Diff: 0, Sum: 0, Workers: 4
[7.069s][debug][gc,phases      ] GC(3)     Total                          Min: 0, Avg:  2.8, Max: 11, Diff: 11, Sum: 11, Workers: 4
[7.069s][debug][gc,phases      ] GC(3)   JVMTI Tag Weak OopStorage      Min:  0.0, Avg:  0.0, Max:  0.0, Diff:  0.0, Sum:  0.0, Workers: 4
[7.069s][debug][gc,phases      ] GC(3)     Dead                           Min: 0, Avg:  0.0, Max: 0, Diff: 0, Sum: 0, Workers: 4
[7.069s][debug][gc,phases      ] GC(3)     Total                          Min: 0, Avg:  0.0, Max: 0, Diff: 0, Sum: 0, Workers: 4
[7.069s][debug][gc,phases      ] GC(3)   StringTable Weak               Min:  0.0, Avg:  0.1, Max:  0.2, Diff:  0.2, Sum:  0.2, Workers: 4
[7.069s][debug][gc,phases      ] GC(3)     Dead                           Min: 0, Avg:  0.0, Max: 0, Diff: 0, Sum: 0, Workers: 4
[7.069s][debug][gc,phases      ] GC(3)     Total                          Min: 0, Avg: 3474.5, Max: 9664, Diff: 9664, Sum: 13898, Workers: 4
[7.069s][debug][gc,phases      ] GC(3)   ResolvedMethodTable Weak       Min:  0.0, Avg:  0.0, Max:  0.0, Diff:  0.0, Sum:  0.0, Workers: 4
[7.069s][debug][gc,phases      ] GC(3)     Dead                           Min: 0, Avg:  0.0, Max: 0, Diff: 0, Sum: 0, Workers: 4
[7.069s][debug][gc,phases      ] GC(3)     Total                          Min: 0, Avg: 925.0, Max: 1855, Diff: 1855, Sum: 3700, Workers: 4
[7.069s][debug][gc,phases      ] GC(3)   JNI Weak                       Min:  0.0, Avg:  0.0, Max:  0.0, Diff:  0.0, Sum:  0.0, Workers: 4
[7.069s][debug][gc,phases      ] GC(3)     Dead                           Min: 0, Avg:  0.0, Max: 0, Diff: 0, Sum: 0, Workers: 4
[7.069s][debug][gc,phases      ] GC(3)     Total                          Min: 0, Avg: 14.2, Max: 48, Diff: 48, Sum: 57, Workers: 4
[7.069s][debug][gc,phases      ] GC(3)   StringDedup Table Weak         Min:  0.0, Avg:  0.0, Max:  0.0, Diff:  0.0, Sum:  0.0, Workers: 4
[7.069s][debug][gc,phases      ] GC(3)     Dead                           Min: 0, Avg:  0.0, Max: 0, Diff: 0, Sum: 0, Workers: 4
[7.069s][debug][gc,phases      ] GC(3)     Total                          Min: 0, Avg:  0.0, Max: 0, Diff: 0, Sum: 0, Workers: 4
[7.069s][debug][gc,phases      ] GC(3)   StringDedup Requests0 Weak     Min:  0.0, Avg:  0.0, Max:  0.0, Diff:  0.0, Sum:  0.0, Workers: 4
[7.069s][debug][gc,phases      ] GC(3)     Dead                           Min: 0, Avg:  0.0, Max: 0, Diff: 0, Sum: 0, Workers: 4
[7.069s][debug][gc,phases      ] GC(3)     Total                          Min: 0, Avg:  0.0, Max: 0, Diff: 0, Sum: 0, Workers: 4
[7.069s][debug][gc,phases      ] GC(3)   StringDedup Requests1 Weak     Min:  0.0, Avg:  0.0, Max:  0.0, Diff:  0.0, Sum:  0.0, Workers: 4
[7.069s][debug][gc,phases      ] GC(3)     Dead                           Min: 0, Avg:  0.0, Max: 0, Diff: 0, Sum: 0, Workers: 4
[7.069s][debug][gc,phases      ] GC(3)     Total                          Min: 0, Avg:  0.0, Max: 0, Diff: 0, Sum: 0, Workers: 4
[7.069s][debug][gc,phases      ] GC(3)   Weak JFR Old Object Samples    Min:  0.0, Avg:  0.0, Max:  0.0, Diff:  0.0, Sum:  0.0, Workers: 4
[7.069s][debug][gc,phases      ] GC(3)     Dead                           Min: 0, Avg:  0.0, Max: 0, Diff: 0, Sum: 0, Workers: 4
[7.069s][debug][gc,phases      ] GC(3)     Total                          Min: 0, Avg:  0.0, Max: 0, Diff: 0, Sum: 0, Workers: 4
[7.069s][debug][gc,phases      ] GC(3) Weak Processing 0.448ms
[7.069s][debug][gc,phases      ] GC(3) ClassLoaderData 0.044ms
[7.069s][debug][gc,phases      ] GC(3) Trigger cleanups 0.000ms
[7.086s][debug][gc,phases      ] GC(3) Class Unloading 16.328ms
[7.086s][debug][gc,phases      ] GC(3) Report Object Count 0.001ms
[7.086s][info ][gc,phases      ] GC(3) Marking Phase 91.281ms
[7.086s][info ][gc,phases,start] GC(3) Summary Phase
[7.086s][info ][gc,phases      ] GC(3) Summary Phase 0.010ms
[7.086s][info ][gc,phases,start] GC(3) Adjust Roots
[7.093s][info ][gc,phases      ] GC(3) Adjust Roots 7.604ms
[7.093s][info ][gc,phases,start] GC(3) Compaction Phase
[7.476s][info ][gc,phases      ] GC(3) Compaction Phase 382.671ms
[7.476s][info ][gc,phases,start] GC(3) Post Compact
[7.478s][info ][gc,phases      ] GC(3) Post Compact 2.296ms
[7.478s][info ][gc,heap        ] GC(3) PSYoungGen: 76018K(1572864K)->75842K(1572864K) Eden: 0K(1048576K)->0K(1048576K) From: 76018K(524288K)->75842K(524288K)
[7.478s][info ][gc,heap        ] GC(3) ParOldGen: 5737K(6144K)->5692K(6144K)
[7.478s][info ][gc,metaspace   ] GC(3) Metaspace: 35365K(35840K)->35365K(35840K) NonClass: 31015K(31296K)->31015K(31296K) Class: 4349K(4544K)->4349K(4544K)
[7.479s][info ][gc             ] GC(3) Pause Full (Metadata GC Threshold) 79M->79M(1542M) 483.996ms
[7.479s][info ][gc,cpu         ] GC(3) User=0.75s Sys=0.01s Real=0.49s
[7.479s][info ][safepoint      ] Safepoint "CollectForMetadataAllocation", Time since last: 267711207 ns, Reaching safepoint: 3800 ns, Cleanup: 42203 ns, At safepoint: 571460540 ns, Total: 571506543 ns
[8.026s][info ][safepoint      ] Safepoint "ICBufferFull", Time since last: 547159369 ns, Reaching safepoint: 4301 ns, Cleanup: 169312 ns, At safepoint: 3000 ns, Total: 176613 ns
[8.368s][info ][safepoint      ] Safepoint "ICBufferFull", Time since last: 342236738 ns, Reaching safepoint: 5100 ns, Cleanup: 129609 ns, At safepoint: 2401 ns, Total: 137110 ns
[8.626s][info ][safepoint      ] Safepoint "ICBufferFull", Time since last: 257203341 ns, Reaching safepoint: 4500 ns, Cleanup: 145011 ns, At safepoint: 1900 ns, Total: 151411 ns
[9.072s][info ][safepoint      ] Safepoint "ICBufferFull", Time since last: 446227115 ns, Reaching safepoint: 4500 ns, Cleanup: 146411 ns, At safepoint: 7800 ns, Total: 158711 ns
[9.563s][info ][safepoint      ] Safepoint "ICBufferFull", Time since last: 491236995 ns, Reaching safepoint: 4700 ns, Cleanup: 168012 ns, At safepoint: 2301 ns, Total: 175013 ns
[10.567s][info ][safepoint      ] Safepoint "Cleanup", Time since last: 1003486820 ns, Reaching safepoint: 2300 ns, Cleanup: 132609 ns, At safepoint: 4601 ns, Total: 139510 ns
[10.624s][info ][gc,start       ] GC(4) Pause Young (Metadata GC Threshold)
[10.728s][debug][gc,phases      ] GC(4) Scavenge 104.244ms
[10.728s][debug][gc,ref         ] GC(4) ReferenceProcessor::execute queues: 4, RefProcThreadModel::Multi, marks_oops_alive: false
[10.730s][debug][gc,ref         ] GC(4) Skipped KeepAliveFinalRefsPhase of Reference Processing: no references
[10.730s][debug][gc,ref         ] GC(4) ReferenceProcessor::execute queues: 4, RefProcThreadModel::Multi, marks_oops_alive: false
[10.731s][debug][gc,phases      ] GC(4) Reference Processing 2.615ms
[10.732s][debug][gc,phases      ] GC(4)   VM Weak                        Min:  0.0, Avg:  0.0, Max:  0.0, Diff:  0.0, Sum:  0.0, Workers: 4
[10.732s][debug][gc,phases      ] GC(4)     Dead                           Min: 0, Avg:  0.0, Max: 0, Diff: 0, Sum: 0, Workers: 4
[10.732s][debug][gc,phases      ] GC(4)     Total                          Min: 0, Avg: 141.8, Max: 567, Diff: 567, Sum: 567, Workers: 4
[10.732s][debug][gc,phases      ] GC(4)   ObjectSynchronizer Weak        Min:  0.0, Avg:  0.0, Max:  0.0, Diff:  0.0, Sum:  0.0, Workers: 4
[10.732s][debug][gc,phases      ] GC(4)     Dead                           Min: 0, Avg:  0.2, Max: 1, Diff: 1, Sum: 1, Workers: 4
[10.732s][debug][gc,phases      ] GC(4)     Total                          Min: 0, Avg:  2.8, Max: 11, Diff: 11, Sum: 11, Workers: 4
[10.732s][debug][gc,phases      ] GC(4)   JVMTI Tag Weak OopStorage      Min:  0.0, Avg:  0.0, Max:  0.0, Diff:  0.0, Sum:  0.0, Workers: 4
[10.732s][debug][gc,phases      ] GC(4)     Dead                           Min: 0, Avg:  0.0, Max: 0, Diff: 0, Sum: 0, Workers: 4
[10.732s][debug][gc,phases      ] GC(4)     Total                          Min: 0, Avg:  0.0, Max: 0, Diff: 0, Sum: 0, Workers: 4
[10.732s][debug][gc,phases      ] GC(4)   StringTable Weak               Min:  0.0, Avg:  0.3, Max:  1.0, Diff:  1.0, Sum:  1.1, Workers: 4
[10.732s][debug][gc,phases      ] GC(4)     Dead                           Min: 0, Avg:  4.2, Max: 12, Diff: 12, Sum: 17, Workers: 4
[10.732s][debug][gc,phases      ] GC(4)     Total                          Min: 0, Avg: 8829.8, Max: 32000, Diff: 32000, Sum: 35319, Workers: 4
[10.732s][debug][gc,phases      ] GC(4)   ResolvedMethodTable Weak       Min:  0.0, Avg:  0.1, Max:  0.1, Diff:  0.1, Sum:  0.4, Workers: 4
[10.732s][debug][gc,phases      ] GC(4)     Dead                           Min: 0, Avg: 906.0, Max: 1287, Diff: 1287, Sum: 3624, Workers: 4
[10.732s][debug][gc,phases      ] GC(4)     Total                          Min: 0, Avg: 2685.8, Max: 4023, Diff: 4023, Sum: 10743, Workers: 4
[10.732s][debug][gc,phases      ] GC(4)   JNI Weak                       Min:  0.0, Avg:  0.0, Max:  0.0, Diff:  0.0, Sum:  0.0, Workers: 4
[10.732s][debug][gc,phases      ] GC(4)     Dead                           Min: 0, Avg:  0.0, Max: 0, Diff: 0, Sum: 0, Workers: 4
[10.732s][debug][gc,phases      ] GC(4)     Total                          Min: 0, Avg: 12.0, Max: 48, Diff: 48, Sum: 48, Workers: 4
[10.732s][debug][gc,phases      ] GC(4)   StringDedup Table Weak         Min:  0.0, Avg:  0.0, Max:  0.0, Diff:  0.0, Sum:  0.0, Workers: 4
[10.732s][debug][gc,phases      ] GC(4)     Dead                           Min: 0, Avg:  0.0, Max: 0, Diff: 0, Sum: 0, Workers: 4
[10.732s][debug][gc,phases      ] GC(4)     Total                          Min: 0, Avg:  0.0, Max: 0, Diff: 0, Sum: 0, Workers: 4
[10.732s][debug][gc,phases      ] GC(4)   StringDedup Requests0 Weak     Min:  0.0, Avg:  0.0, Max:  0.0, Diff:  0.0, Sum:  0.0, Workers: 4
[10.732s][debug][gc,phases      ] GC(4)     Dead                           Min: 0, Avg:  0.0, Max: 0, Diff: 0, Sum: 0, Workers: 4
[10.732s][debug][gc,phases      ] GC(4)     Total                          Min: 0, Avg:  0.0, Max: 0, Diff: 0, Sum: 0, Workers: 4
[10.732s][debug][gc,phases      ] GC(4)   StringDedup Requests1 Weak     Min:  0.0, Avg:  0.0, Max:  0.0, Diff:  0.0, Sum:  0.0, Workers: 4
[10.732s][debug][gc,phases      ] GC(4)     Dead                           Min: 0, Avg:  0.0, Max: 0, Diff: 0, Sum: 0, Workers: 4
[10.732s][debug][gc,phases      ] GC(4)     Total                          Min: 0, Avg:  0.0, Max: 0, Diff: 0, Sum: 0, Workers: 4
[10.732s][debug][gc,phases      ] GC(4)   Weak JFR Old Object Samples    Min:  0.0, Avg:  0.0, Max:  0.0, Diff:  0.0, Sum:  0.0, Workers: 4
[10.732s][debug][gc,phases      ] GC(4)     Dead                           Min: 0, Avg:  0.0, Max: 0, Diff: 0, Sum: 0, Workers: 4
[10.732s][debug][gc,phases      ] GC(4)     Total                          Min: 0, Avg:  0.0, Max: 0, Diff: 0, Sum: 0, Workers: 4
[10.732s][debug][gc,phases      ] GC(4) Weak Processing 1.429ms
[10.732s][debug][gc,age         ] GC(4) Desired survivor size 536870912 bytes, new threshold 7 (max threshold 15)
[10.732s][info ][gc,heap        ] GC(4) PSYoungGen: 422146K(1572864K)->111910K(1572864K) Eden: 346304K(1048576K)->0K(1048576K) From: 75842K(524288K)->111910K(524288K)
[10.732s][info ][gc,heap        ] GC(4) ParOldGen: 5692K(6144K)->5716K(6144K)
[10.732s][info ][gc,metaspace   ] GC(4) Metaspace: 59000K(59776K)->59000K(59776K) NonClass: 49908K(50304K)->49908K(50304K) Class: 9091K(9472K)->9091K(9472K)
[10.732s][info ][gc             ] GC(4) Pause Young (Metadata GC Threshold) 417M->114M(1542M) 108.422ms
[10.732s][info ][gc,cpu         ] GC(4) User=0.20s Sys=0.01s Real=0.11s
[10.732s][debug][gc,phases      ] GC(5) Pre Compact 0.013ms
[10.732s][info ][gc,start       ] GC(5) Pause Full (Metadata GC Threshold)
[10.732s][info ][gc,phases,start] GC(5) Marking Phase
[10.828s][debug][gc,phases      ] GC(5) Par Mark 95.409ms
[10.828s][debug][gc,ref         ] GC(5) ReferenceProcessor::execute queues: 4, RefProcThreadModel::Multi, marks_oops_alive: false
[10.832s][debug][gc,ref         ] GC(5) Skipped KeepAliveFinalRefsPhase of Reference Processing: no references
[10.832s][debug][gc,ref         ] GC(5) ReferenceProcessor::execute queues: 1, RefProcThreadModel::Single, marks_oops_alive: false
[10.832s][debug][gc,phases      ] GC(5) Reference Processing 3.992ms
[10.832s][debug][gc,phases      ] GC(5)   VM Weak                        Min:  0.0, Avg:  0.0, Max:  0.0, Diff:  0.0, Sum:  0.0, Workers: 4
[10.832s][debug][gc,phases      ] GC(5)     Dead                           Min: 0, Avg:  0.0, Max: 0, Diff: 0, Sum: 0, Workers: 4
[10.832s][debug][gc,phases      ] GC(5)     Total                          Min: 0, Avg: 141.8, Max: 512, Diff: 512, Sum: 567, Workers: 4
[10.832s][debug][gc,phases      ] GC(5)   ObjectSynchronizer Weak        Min:  0.0, Avg:  0.0, Max:  0.0, Diff:  0.0, Sum:  0.0, Workers: 4
[10.832s][debug][gc,phases      ] GC(5)     Dead                           Min: 0, Avg:  0.0, Max: 0, Diff: 0, Sum: 0, Workers: 4
[10.832s][debug][gc,phases      ] GC(5)     Total                          Min: 0, Avg:  2.8, Max: 11, Diff: 11, Sum: 11, Workers: 4
[10.832s][debug][gc,phases      ] GC(5)   JVMTI Tag Weak OopStorage      Min:  0.0, Avg:  0.0, Max:  0.0, Diff:  0.0, Sum:  0.0, Workers: 4
[10.832s][debug][gc,phases      ] GC(5)     Dead                           Min: 0, Avg:  0.0, Max: 0, Diff: 0, Sum: 0, Workers: 4
[10.832s][debug][gc,phases      ] GC(5)     Total                          Min: 0, Avg:  0.0, Max: 0, Diff: 0, Sum: 0, Workers: 4
[10.832s][debug][gc,phases      ] GC(5)   StringTable Weak               Min:  0.0, Avg:  0.1, Max:  0.2, Diff:  0.2, Sum:  0.5, Workers: 4
[10.832s][debug][gc,phases      ] GC(5)     Dead                           Min: 0, Avg:  0.0, Max: 0, Diff: 0, Sum: 0, Workers: 4
[10.832s][debug][gc,phases      ] GC(5)     Total                          Min: 0, Avg: 8829.8, Max: 14080, Diff: 14080, Sum: 35319, Workers: 4
[10.832s][debug][gc,phases      ] GC(5)   ResolvedMethodTable Weak       Min:  0.0, Avg:  0.0, Max:  0.0, Diff:  0.0, Sum:  0.1, Workers: 4
[10.832s][debug][gc,phases      ] GC(5)     Dead                           Min: 0, Avg:  0.0, Max: 0, Diff: 0, Sum: 0, Workers: 4
[10.832s][debug][gc,phases      ] GC(5)     Total                          Min: 0, Avg: 2685.8, Max: 3712, Diff: 3712, Sum: 10743, Workers: 4
[10.832s][debug][gc,phases      ] GC(5)   JNI Weak                       Min:  0.0, Avg:  0.0, Max:  0.0, Diff:  0.0, Sum:  0.0, Workers: 4
[10.832s][debug][gc,phases      ] GC(5)     Dead                           Min: 0, Avg:  0.0, Max: 0, Diff: 0, Sum: 0, Workers: 4
[10.832s][debug][gc,phases      ] GC(5)     Total                          Min: 0, Avg: 12.0, Max: 48, Diff: 48, Sum: 48, Workers: 4
[10.832s][debug][gc,phases      ] GC(5)   StringDedup Table Weak         Min:  0.0, Avg:  0.0, Max:  0.0, Diff:  0.0, Sum:  0.0, Workers: 4
[10.832s][debug][gc,phases      ] GC(5)     Dead                           Min: 0, Avg:  0.0, Max: 0, Diff: 0, Sum: 0, Workers: 4
[10.832s][debug][gc,phases      ] GC(5)     Total                          Min: 0, Avg:  0.0, Max: 0, Diff: 0, Sum: 0, Workers: 4
[10.832s][debug][gc,phases      ] GC(5)   StringDedup Requests0 Weak     Min:  0.0, Avg:  0.0, Max:  0.0, Diff:  0.0, Sum:  0.0, Workers: 4
[10.832s][debug][gc,phases      ] GC(5)     Dead                           Min: 0, Avg:  0.0, Max: 0, Diff: 0, Sum: 0, Workers: 4
[10.832s][debug][gc,phases      ] GC(5)     Total                          Min: 0, Avg:  0.0, Max: 0, Diff: 0, Sum: 0, Workers: 4
[10.832s][debug][gc,phases      ] GC(5)   StringDedup Requests1 Weak     Min:  0.0, Avg:  0.0, Max:  0.0, Diff:  0.0, Sum:  0.0, Workers: 4
[10.832s][debug][gc,phases      ] GC(5)     Dead                           Min: 0, Avg:  0.0, Max: 0, Diff: 0, Sum: 0, Workers: 4
[10.832s][debug][gc,phases      ] GC(5)     Total                          Min: 0, Avg:  0.0, Max: 0, Diff: 0, Sum: 0, Workers: 4
[10.832s][debug][gc,phases      ] GC(5)   Weak JFR Old Object Samples    Min:  0.0, Avg:  0.0, Max:  0.0, Diff:  0.0, Sum:  0.0, Workers: 4
[10.832s][debug][gc,phases      ] GC(5)     Dead                           Min: 0, Avg:  0.0, Max: 0, Diff: 0, Sum: 0, Workers: 4
[10.832s][debug][gc,phases      ] GC(5)     Total                          Min: 0, Avg:  0.0, Max: 0, Diff: 0, Sum: 0, Workers: 4
[10.832s][debug][gc,phases      ] GC(5) Weak Processing 0.515ms
[10.832s][debug][gc,phases      ] GC(5) ClassLoaderData 0.077ms
[10.832s][debug][gc,phases      ] GC(5) Trigger cleanups 0.000ms
[10.846s][debug][gc,phases      ] GC(5) Class Unloading 13.916ms
[10.846s][debug][gc,phases      ] GC(5) Report Object Count 0.001ms
[10.846s][info ][gc,phases      ] GC(5) Marking Phase 113.922ms
[10.846s][info ][gc,phases,start] GC(5) Summary Phase
[10.846s][info ][gc,phases      ] GC(5) Summary Phase 0.010ms
[10.846s][info ][gc,phases,start] GC(5) Adjust Roots
[10.858s][info ][gc,phases      ] GC(5) Adjust Roots 11.991ms
[10.858s][info ][gc,phases,start] GC(5) Compaction Phase
[11.384s][info ][gc,phases      ] GC(5) Compaction Phase 525.719ms
[11.719s][info ][gc,phases,start] GC(5) Post Compact
[11.721s][info ][gc,phases      ] GC(5) Post Compact 1.376ms
[11.721s][info ][gc,heap        ] GC(5) PSYoungGen: 111910K(1572864K)->111666K(1572864K) Eden: 0K(1048576K)->0K(1048576K) From: 111910K(524288K)->111666K(524288K)
[11.721s][info ][gc,heap        ] GC(5) ParOldGen: 5716K(6144K)->5654K(6144K)
[11.721s][info ][gc,metaspace   ] GC(5) Metaspace: 59000K(59776K)->59000K(59776K) NonClass: 49908K(50304K)->49908K(50304K) Class: 9091K(9472K)->9091K(9472K)
[11.721s][info ][gc             ] GC(5) Pause Full (Metadata GC Threshold) 114M->114M(1542M) 988.731ms
[11.721s][info ][gc,cpu         ] GC(5) User=1.09s Sys=0.01s Real=0.99s
[11.721s][info ][safepoint      ] Safepoint "CollectForMetadataAllocation", Time since last: 56571722 ns, Reaching safepoint: 4900 ns, Cleanup: 23502 ns, At safepoint: 1097328358 ns, Total: 1097356760 ns
[12.216s][info ][safepoint      ] Safepoint "ICBufferFull", Time since last: 489154556 ns, Reaching safepoint: 5462515 ns, Cleanup: 164913 ns, At safepoint: 19701 ns, Total: 5647129 ns
[12.432s][info ][safepoint      ] Safepoint "ICBufferFull", Time since last: 215548392 ns, Reaching safepoint: 182014 ns, Cleanup: 153411 ns, At safepoint: 7301 ns, Total: 342726 ns
[12.691s][info ][safepoint      ] Safepoint "ICBufferFull", Time since last: 259302419 ns, Reaching safepoint: 5200 ns, Cleanup: 130910 ns, At safepoint: 9401 ns, Total: 145511 ns
[12.990s][info ][safepoint      ] Safepoint "ICBufferFull", Time since last: 298485299 ns, Reaching safepoint: 4900 ns, Cleanup: 134611 ns, At safepoint: 2400 ns, Total: 141911 ns
[13.322s][info ][safepoint      ] Safepoint "ICBufferFull", Time since last: 332166460 ns, Reaching safepoint: 5700 ns, Cleanup: 134611 ns, At safepoint: 8300 ns, Total: 148611 ns
[13.753s][info ][safepoint      ] Safepoint "ICBufferFull", Time since last: 431043780 ns, Reaching safepoint: 78706 ns, Cleanup: 145511 ns, At safepoint: 8700 ns, Total: 232917 ns
[14.089s][info ][safepoint      ] Safepoint "ICBufferFull", Time since last: 335640925 ns, Reaching safepoint: 5300 ns, Cleanup: 134810 ns, At safepoint: 2201 ns, Total: 142311 ns
[14.393s][info ][safepoint      ] Safepoint "ICBufferFull", Time since last: 304178631 ns, Reaching safepoint: 4701 ns, Cleanup: 143111 ns, At safepoint: 4500 ns, Total: 152312 ns
[15.535s][info ][safepoint      ] Safepoint "ICBufferFull", Time since last: 1141539310 ns, Reaching safepoint: 6501 ns, Cleanup: 155212 ns, At safepoint: 2400 ns, Total: 164113 ns
[15.782s][info ][safepoint      ] Safepoint "ICBufferFull", Time since last: 244055259 ns, Reaching safepoint: 3056033 ns, Cleanup: 141010 ns, At safepoint: 17102 ns, Total: 3214145 ns
[16.786s][info ][safepoint      ] Safepoint "Cleanup", Time since last: 1000122256 ns, Reaching safepoint: 3513667 ns, Cleanup: 57004 ns, At safepoint: 10601 ns, Total: 3581272 ns
[17.793s][info ][safepoint      ] Safepoint "Cleanup", Time since last: 1005468463 ns, Reaching safepoint: 1661726 ns, Cleanup: 6100 ns, At safepoint: 10601 ns, Total: 1678427 ns
[18.800s][info ][safepoint      ] Safepoint "Cleanup", Time since last: 1000096754 ns, Reaching safepoint: 6222774 ns, Cleanup: 6900 ns, At safepoint: 12701 ns, Total: 6242375 ns
[19.801s][info ][safepoint      ] Safepoint "Cleanup", Time since last: 1000102890 ns, Reaching safepoint: 864859 ns, Cleanup: 12200 ns, At safepoint: 16402 ns, Total: 893461 ns
[20.300s][info ][safepoint      ] Safepoint "ICBufferFull", Time since last: 498988324 ns, Reaching safepoint: 6400 ns, Cleanup: 126609 ns, At safepoint: 4100 ns, Total: 137109 ns
[20.692s][info ][safepoint      ] Safepoint "ICBufferFull", Time since last: 389034971 ns, Reaching safepoint: 2822391 ns, Cleanup: 123408 ns, At safepoint: 15301 ns, Total: 2961100 ns
[20.945s][info ][safepoint      ] Safepoint "ICBufferFull", Time since last: 253465882 ns, Reaching safepoint: 7000 ns, Cleanup: 141910 ns, At safepoint: 4900 ns, Total: 153810 ns
[21.946s][info ][safepoint      ] Safepoint "Cleanup", Time since last: 1000113193 ns, Reaching safepoint: 6900 ns, Cleanup: 130909 ns, At safepoint: 8401 ns, Total: 146210 ns
[23.277s][info ][safepoint      ] Safepoint "Cleanup", Time since last: 1331487655 ns, Reaching safepoint: 16701 ns, Cleanup: 72005 ns, At safepoint: 2700 ns, Total: 91406 ns
[24.277s][info ][safepoint      ] Safepoint "Cleanup", Time since last: 1000117993 ns, Reaching safepoint: 8401 ns, Cleanup: 96807 ns, At safepoint: 2600 ns, Total: 107808 ns
[24.904s][info ][safepoint      ] Safepoint "ICBufferFull", Time since last: 626387260 ns, Reaching safepoint: 84905 ns, Cleanup: 153411 ns, At safepoint: 6200 ns, Total: 244516 ns
[25.108s][info ][safepoint      ] Safepoint "ICBufferFull", Time since last: 203873820 ns, Reaching safepoint: 86406 ns, Cleanup: 144709 ns, At safepoint: 9801 ns, Total: 240916 ns
[25.420s][info ][safepoint      ] Safepoint "ICBufferFull", Time since last: 311993549 ns, Reaching safepoint: 7800 ns, Cleanup: 140010 ns, At safepoint: 6200 ns, Total: 154010 ns
[25.689s][info ][safepoint      ] Safepoint "ICBufferFull", Time since last: 268581965 ns, Reaching safepoint: 89506 ns, Cleanup: 158012 ns, At safepoint: 10601 ns, Total: 258119 ns
[25.741s][info ][gc,start       ] GC(6) Pause Young (Allocation Failure)
[25.867s][debug][gc,phases      ] GC(6) Scavenge 125.544ms
[25.867s][debug][gc,ref         ] GC(6) ReferenceProcessor::execute queues: 4, RefProcThreadModel::Multi, marks_oops_alive: false
[25.869s][debug][gc,ref         ] GC(6) Skipped KeepAliveFinalRefsPhase of Reference Processing: no references
[25.869s][debug][gc,ref         ] GC(6) ReferenceProcessor::execute queues: 4, RefProcThreadModel::Multi, marks_oops_alive: false
[25.869s][debug][gc,phases      ] GC(6) Reference Processing 1.890ms
[25.870s][debug][gc,phases      ] GC(6)   VM Weak                        Min:  0.0, Avg:  0.0, Max:  0.0, Diff:  0.0, Sum:  0.0, Workers: 4
[25.870s][debug][gc,phases      ] GC(6)     Dead                           Min: 0, Avg:  0.0, Max: 0, Diff: 0, Sum: 0, Workers: 4
[25.870s][debug][gc,phases      ] GC(6)     Total                          Min: 0, Avg: 192.5, Max: 384, Diff: 384, Sum: 770, Workers: 4
[25.870s][debug][gc,phases      ] GC(6)   ObjectSynchronizer Weak        Min:  0.0, Avg:  0.0, Max:  0.0, Diff:  0.0, Sum:  0.0, Workers: 4
[25.870s][debug][gc,phases      ] GC(6)     Dead                           Min: 0, Avg:  2.0, Max: 8, Diff: 8, Sum: 8, Workers: 4
[25.870s][debug][gc,phases      ] GC(6)     Total                          Min: 0, Avg:  7.5, Max: 30, Diff: 30, Sum: 30, Workers: 4
[25.870s][debug][gc,phases      ] GC(6)   JVMTI Tag Weak OopStorage      Min:  0.0, Avg:  0.0, Max:  0.0, Diff:  0.0, Sum:  0.0, Workers: 4
[25.870s][debug][gc,phases      ] GC(6)     Dead                           Min: 0, Avg:  0.0, Max: 0, Diff: 0, Sum: 0, Workers: 4
[25.870s][debug][gc,phases      ] GC(6)     Total                          Min: 0, Avg:  0.0, Max: 0, Diff: 0, Sum: 0, Workers: 4
[25.870s][debug][gc,phases      ] GC(6)   StringTable Weak               Min:  0.0, Avg:  0.5, Max:  0.6, Diff:  0.6, Sum:  1.9, Workers: 4
[25.870s][debug][gc,phases      ] GC(6)     Dead                           Min: 0, Avg:  6.5, Max: 18, Diff: 18, Sum: 26, Workers: 4
[25.870s][debug][gc,phases      ] GC(6)     Total                          Min: 0, Avg: 11355.5, Max: 18304, Diff: 18304, Sum: 45422, Workers: 4
[25.870s][debug][gc,phases      ] GC(6)   ResolvedMethodTable Weak       Min:  0.0, Avg:  0.2, Max:  0.2, Diff:  0.2, Sum:  0.7, Workers: 4
[25.870s][debug][gc,phases      ] GC(6)     Dead                           Min: 0, Avg: 682.2, Max: 1162, Diff: 1162, Sum: 2729, Workers: 4
[25.870s][debug][gc,phases      ] GC(6)     Total                          Min: 0, Avg: 3498.8, Max: 5440, Diff: 5440, Sum: 13995, Workers: 4
[25.870s][debug][gc,phases      ] GC(6)   JNI Weak                       Min:  0.0, Avg:  0.0, Max:  0.0, Diff:  0.0, Sum:  0.0, Workers: 4
[25.870s][debug][gc,phases      ] GC(6)     Dead                           Min: 0, Avg:  0.0, Max: 0, Diff: 0, Sum: 0, Workers: 4
[25.870s][debug][gc,phases      ] GC(6)     Total                          Min: 0, Avg: 20.8, Max: 48, Diff: 48, Sum: 83, Workers: 4
[25.870s][debug][gc,phases      ] GC(6)   StringDedup Table Weak         Min:  0.0, Avg:  0.0, Max:  0.0, Diff:  0.0, Sum:  0.0, Workers: 4
[25.870s][debug][gc,phases      ] GC(6)     Dead                           Min: 0, Avg:  0.0, Max: 0, Diff: 0, Sum: 0, Workers: 4
[25.870s][debug][gc,phases      ] GC(6)     Total                          Min: 0, Avg:  0.0, Max: 0, Diff: 0, Sum: 0, Workers: 4
[25.870s][debug][gc,phases      ] GC(6)   StringDedup Requests0 Weak     Min:  0.0, Avg:  0.0, Max:  0.0, Diff:  0.0, Sum:  0.0, Workers: 4
[25.870s][debug][gc,phases      ] GC(6)     Dead                           Min: 0, Avg:  0.0, Max: 0, Diff: 0, Sum: 0, Workers: 4
[25.870s][debug][gc,phases      ] GC(6)     Total                          Min: 0, Avg:  0.0, Max: 0, Diff: 0, Sum: 0, Workers: 4
[25.870s][debug][gc,phases      ] GC(6)   StringDedup Requests1 Weak     Min:  0.0, Avg:  0.0, Max:  0.0, Diff:  0.0, Sum:  0.0, Workers: 4
[25.870s][debug][gc,phases      ] GC(6)     Dead                           Min: 0, Avg:  0.0, Max: 0, Diff: 0, Sum: 0, Workers: 4
[25.870s][debug][gc,phases      ] GC(6)     Total                          Min: 0, Avg:  0.0, Max: 0, Diff: 0, Sum: 0, Workers: 4
[25.870s][debug][gc,phases      ] GC(6)   Weak JFR Old Object Samples    Min:  0.0, Avg:  0.0, Max:  0.0, Diff:  0.0, Sum:  0.0, Workers: 4
[25.870s][debug][gc,phases      ] GC(6)     Dead                           Min: 0, Avg:  0.0, Max: 0, Diff: 0, Sum: 0, Workers: 4
[25.870s][debug][gc,phases      ] GC(6)     Total                          Min: 0, Avg:  0.0, Max: 0, Diff: 0, Sum: 0, Workers: 4
[25.870s][debug][gc,phases      ] GC(6) Weak Processing 1.109ms
[25.870s][debug][gc,age         ] GC(6) Desired survivor size 536870912 bytes, new threshold 7 (max threshold 15)
[25.870s][info ][gc,heap        ] GC(6) PSYoungGen: 1160242K(1572864K)->159592K(1572864K) Eden: 1048576K(1048576K)->0K(1048576K) From: 111666K(524288K)->159592K(524288K)
[25.870s][info ][gc,heap        ] GC(6) ParOldGen: 5654K(6144K)->5986K(6144K)
[25.870s][info ][gc,metaspace   ] GC(6) Metaspace: 86643K(87680K)->86643K(87680K) NonClass: 73461K(74048K)->73461K(74048K) Class: 13182K(13632K)->13182K(13632K)
[25.870s][info ][gc             ] GC(6) Pause Young (Allocation Failure) 1138M->161M(1542M) 128.693ms
[25.870s][info ][gc,cpu         ] GC(6) User=0.26s Sys=0.03s Real=0.13s
[25.870s][debug][gc,phases      ] GC(7) Pre Compact 0.013ms
[25.870s][info ][gc,start       ] GC(7) Pause Full (Ergonomics)
[25.870s][info ][gc,phases,start] GC(7) Marking Phase
[25.973s][debug][gc,phases      ] GC(7) Par Mark 102.925ms
[25.973s][debug][gc,ref         ] GC(7) ReferenceProcessor::execute queues: 1, RefProcThreadModel::Single, marks_oops_alive: false
[25.973s][debug][gc,ref         ] GC(7) Skipped KeepAliveFinalRefsPhase of Reference Processing: no references
[25.973s][debug][gc,ref         ] GC(7) ReferenceProcessor::execute queues: 1, RefProcThreadModel::Single, marks_oops_alive: false
[25.973s][debug][gc,phases      ] GC(7) Reference Processing 0.150ms
[25.974s][debug][gc,phases      ] GC(7)   VM Weak                        Min:  0.0, Avg:  0.0, Max:  0.0, Diff:  0.0, Sum:  0.0, Workers: 4
[25.974s][debug][gc,phases      ] GC(7)     Dead                           Min: 0, Avg:  0.0, Max: 0, Diff: 0, Sum: 0, Workers: 4
[25.974s][debug][gc,phases      ] GC(7)     Total                          Min: 0, Avg: 192.5, Max: 512, Diff: 512, Sum: 770, Workers: 4
[25.974s][debug][gc,phases      ] GC(7)   ObjectSynchronizer Weak        Min:  0.0, Avg:  0.0, Max:  0.0, Diff:  0.0, Sum:  0.0, Workers: 4
[25.974s][debug][gc,phases      ] GC(7)     Dead                           Min: 0, Avg:  0.0, Max: 0, Diff: 0, Sum: 0, Workers: 4
[25.974s][debug][gc,phases      ] GC(7)     Total                          Min: 0, Avg:  7.5, Max: 30, Diff: 30, Sum: 30, Workers: 4
[25.974s][debug][gc,phases      ] GC(7)   JVMTI Tag Weak OopStorage      Min:  0.0, Avg:  0.0, Max:  0.0, Diff:  0.0, Sum:  0.0, Workers: 4
[25.974s][debug][gc,phases      ] GC(7)     Dead                           Min: 0, Avg:  0.0, Max: 0, Diff: 0, Sum: 0, Workers: 4
[25.974s][debug][gc,phases      ] GC(7)     Total                          Min: 0, Avg:  0.0, Max: 0, Diff: 0, Sum: 0, Workers: 4
[25.974s][debug][gc,phases      ] GC(7)   StringTable Weak               Min:  0.2, Avg:  0.3, Max:  0.3, Diff:  0.0, Sum:  1.1, Workers: 4
[25.974s][debug][gc,phases      ] GC(7)     Dead                           Min: 0, Avg:  0.0, Max: 0, Diff: 0, Sum: 0, Workers: 4
[25.974s][debug][gc,phases      ] GC(7)     Total                          Min: 5440, Avg: 11355.5, Max: 19200, Diff: 13760, Sum: 45422, Workers: 4
[25.974s][debug][gc,phases      ] GC(7)   ResolvedMethodTable Weak       Min:  0.0, Avg:  0.1, Max:  0.1, Diff:  0.1, Sum:  0.2, Workers: 4
[25.974s][debug][gc,phases      ] GC(7)     Dead                           Min: 0, Avg:  0.0, Max: 0, Diff: 0, Sum: 0, Workers: 4
[25.974s][debug][gc,phases      ] GC(7)     Total                          Min: 0, Avg: 3498.8, Max: 5696, Diff: 5696, Sum: 13995, Workers: 4
[25.974s][debug][gc,phases      ] GC(7)   JNI Weak                       Min:  0.0, Avg:  0.0, Max:  0.0, Diff:  0.0, Sum:  0.0, Workers: 4
[25.974s][debug][gc,phases      ] GC(7)     Dead                           Min: 0, Avg:  0.0, Max: 0, Diff: 0, Sum: 0, Workers: 4
[25.974s][debug][gc,phases      ] GC(7)     Total                          Min: 0, Avg: 20.8, Max: 48, Diff: 48, Sum: 83, Workers: 4
[25.974s][debug][gc,phases      ] GC(7)   StringDedup Table Weak         Min:  0.0, Avg:  0.0, Max:  0.0, Diff:  0.0, Sum:  0.0, Workers: 4
[25.974s][debug][gc,phases      ] GC(7)     Dead                           Min: 0, Avg:  0.0, Max: 0, Diff: 0, Sum: 0, Workers: 4
[25.974s][debug][gc,phases      ] GC(7)     Total                          Min: 0, Avg:  0.0, Max: 0, Diff: 0, Sum: 0, Workers: 4
[25.974s][debug][gc,phases      ] GC(7)   StringDedup Requests0 Weak     Min:  0.0, Avg:  0.0, Max:  0.0, Diff:  0.0, Sum:  0.0, Workers: 4
[25.974s][debug][gc,phases      ] GC(7)     Dead                           Min: 0, Avg:  0.0, Max: 0, Diff: 0, Sum: 0, Workers: 4
[25.974s][debug][gc,phases      ] GC(7)     Total                          Min: 0, Avg:  0.0, Max: 0, Diff: 0, Sum: 0, Workers: 4
[25.974s][debug][gc,phases      ] GC(7)   StringDedup Requests1 Weak     Min:  0.0, Avg:  0.0, Max:  0.0, Diff:  0.0, Sum:  0.0, Workers: 4
[25.974s][debug][gc,phases      ] GC(7)     Dead                           Min: 0, Avg:  0.0, Max: 0, Diff: 0, Sum: 0, Workers: 4
[25.974s][debug][gc,phases      ] GC(7)     Total                          Min: 0, Avg:  0.0, Max: 0, Diff: 0, Sum: 0, Workers: 4
[25.974s][debug][gc,phases      ] GC(7)   Weak JFR Old Object Samples    Min:  0.0, Avg:  0.0, Max:  0.0, Diff:  0.0, Sum:  0.0, Workers: 4
[25.974s][debug][gc,phases      ] GC(7)     Dead                           Min: 0, Avg:  0.0, Max: 0, Diff: 0, Sum: 0, Workers: 4
[25.974s][debug][gc,phases      ] GC(7)     Total                          Min: 0, Avg:  0.0, Max: 0, Diff: 0, Sum: 0, Workers: 4
[25.974s][debug][gc,phases      ] GC(7) Weak Processing 0.593ms
[25.974s][debug][gc,phases      ] GC(7) ClassLoaderData 0.104ms
[25.974s][debug][gc,phases      ] GC(7) Trigger cleanups 0.000ms
[25.995s][debug][gc,phases      ] GC(7) Class Unloading 21.245ms
[25.995s][debug][gc,phases      ] GC(7) Report Object Count 0.001ms
[25.995s][info ][gc,phases      ] GC(7) Marking Phase 125.042ms
[25.995s][info ][gc,phases,start] GC(7) Summary Phase
[25.995s][info ][gc,phases      ] GC(7) Summary Phase 0.009ms
[25.995s][info ][gc,phases,start] GC(7) Adjust Roots
[26.018s][info ][gc,phases      ] GC(7) Adjust Roots 22.374ms
[26.018s][info ][gc,phases,start] GC(7) Compaction Phase
[26.727s][info ][gc,phases      ] GC(7) Compaction Phase 709.211ms
[26.727s][info ][gc,phases,start] GC(7) Post Compact
[26.730s][info ][gc,phases      ] GC(7) Post Compact 2.722ms
[26.730s][info ][gc,heap        ] GC(7) PSYoungGen: 159592K(1572864K)->158973K(1572864K) Eden: 0K(1048576K)->0K(1048576K) From: 159592K(524288K)->158973K(524288K)
[26.730s][info ][gc,heap        ] GC(7) ParOldGen: 5986K(6144K)->5956K(17920K)
[26.730s][info ][gc,metaspace   ] GC(7) Metaspace: 86643K(87680K)->86643K(87680K) NonClass: 73461K(74048K)->73461K(74048K) Class: 13182K(13632K)->13182K(13632K)
[26.730s][info ][gc             ] GC(7) Pause Full (Ergonomics) 161M->161M(1553M) 859.597ms
[26.730s][info ][gc,cpu         ] GC(7) User=1.63s Sys=0.03s Real=0.86s
[26.730s][info ][safepoint      ] Safepoint "ParallelGCFailedAllocation", Time since last: 52042640 ns, Reaching safepoint: 88306 ns, Cleanup: 30203 ns, At safepoint: 988457225 ns, Total: 988575734 ns
[27.008s][info ][safepoint      ] Safepoint "ICBufferFull", Time since last: 274878708 ns, Reaching safepoint: 2973225 ns, Cleanup: 239418 ns, At safepoint: 15201 ns, Total: 3227844 ns
[27.475s][info ][safepoint      ] Safepoint "ICBufferFull", Time since last: 466567419 ns, Reaching safepoint: 8601 ns, Cleanup: 167312 ns, At safepoint: 3400 ns, Total: 179313 ns
[27.780s][info ][safepoint      ] Safepoint "ICBufferFull", Time since last: 305178078 ns, Reaching safepoint: 7400 ns, Cleanup: 216716 ns, At safepoint: 7001 ns, Total: 231117 ns
[28.018s][info ][safepoint      ] Safepoint "ICBufferFull", Time since last: 236312488 ns, Reaching safepoint: 1777333 ns, Cleanup: 162112 ns, At safepoint: 9601 ns, Total: 1949046 ns
[28.304s][info ][safepoint      ] Safepoint "ICBufferFull", Time since last: 285188646 ns, Reaching safepoint: 114808 ns, Cleanup: 172613 ns, At safepoint: 13401 ns, Total: 300822 ns
[28.529s][info ][safepoint      ] Safepoint "ICBufferFull", Time since last: 224493704 ns, Reaching safepoint: 7900 ns, Cleanup: 222517 ns, At safepoint: 9300 ns, Total: 239717 ns
[28.755s][info ][safepoint      ] Safepoint "ICBufferFull", Time since last: 226742772 ns, Reaching safepoint: 8301 ns, Cleanup: 161512 ns, At safepoint: 2300 ns, Total: 172113 ns
[28.998s][info ][safepoint      ] Safepoint "ICBufferFull", Time since last: 242523653 ns, Reaching safepoint: 8900 ns, Cleanup: 151412 ns, At safepoint: 2700 ns, Total: 163012 ns
[29.247s][info ][safepoint      ] Safepoint "ICBufferFull", Time since last: 248534702 ns, Reaching safepoint: 6701 ns, Cleanup: 223717 ns, At safepoint: 8000 ns, Total: 238418 ns
[29.558s][info ][safepoint      ] Safepoint "ICBufferFull", Time since last: 310459438 ns, Reaching safepoint: 7701 ns, Cleanup: 144410 ns, At safepoint: 2301 ns, Total: 154412 ns
[29.760s][info ][safepoint      ] Safepoint "ICBufferFull", Time since last: 202438452 ns, Reaching safepoint: 6000 ns, Cleanup: 153612 ns, At safepoint: 2200 ns, Total: 161812 ns
[30.217s][info ][safepoint      ] Safepoint "ICBufferFull", Time since last: 457068311 ns, Reaching safepoint: 8701 ns, Cleanup: 158612 ns, At safepoint: 2900 ns, Total: 170213 ns
[30.628s][info ][safepoint      ] Safepoint "ICBufferFull", Time since last: 410050292 ns, Reaching safepoint: 86407 ns, Cleanup: 170612 ns, At safepoint: 13101 ns, Total: 270120 ns
[31.200s][info ][safepoint      ] Safepoint "ICBufferFull", Time since last: 572428546 ns, Reaching safepoint: 92007 ns, Cleanup: 166212 ns, At safepoint: 9401 ns, Total: 267620 ns
[31.565s][info ][safepoint      ] Safepoint "ICBufferFull", Time since last: 364878711 ns, Reaching safepoint: 9101 ns, Cleanup: 168712 ns, At safepoint: 2701 ns, Total: 180514 ns
[32.178s][info ][safepoint      ] Safepoint "ICBufferFull", Time since last: 612193722 ns, Reaching safepoint: 8301 ns, Cleanup: 154611 ns, At safepoint: 2900 ns, Total: 165812 ns
[32.797s][info ][safepoint      ] Safepoint "ICBufferFull", Time since last: 618749713 ns, Reaching safepoint: 7501 ns, Cleanup: 148111 ns, At safepoint: 2400 ns, Total: 158012 ns
[33.140s][info ][safepoint      ] Safepoint "ICBufferFull", Time since last: 342991373 ns, Reaching safepoint: 7500 ns, Cleanup: 174013 ns, At safepoint: 2901 ns, Total: 184414 ns
[33.526s][info ][gc,start       ] GC(8) Pause Young (Allocation Failure)
[33.617s][debug][gc,phases      ] GC(8) Scavenge 91.028ms
[33.617s][debug][gc,ref         ] GC(8) ReferenceProcessor::execute queues: 4, RefProcThreadModel::Multi, marks_oops_alive: false
[33.618s][debug][gc,ref         ] GC(8) Skipped KeepAliveFinalRefsPhase of Reference Processing: no references
[33.618s][debug][gc,ref         ] GC(8) ReferenceProcessor::execute queues: 1, RefProcThreadModel::Single, marks_oops_alive: false
[33.618s][debug][gc,phases      ] GC(8) Reference Processing 1.162ms
[33.619s][debug][gc,phases      ] GC(8)   VM Weak                        Min:  0.0, Avg:  0.0, Max:  0.0, Diff:  0.0, Sum:  0.0, Workers: 4
[33.619s][debug][gc,phases      ] GC(8)     Dead                           Min: 0, Avg:  0.0, Max: 0, Diff: 0, Sum: 0, Workers: 4
[33.619s][debug][gc,phases      ] GC(8)     Total                          Min: 128, Avg: 223.0, Max: 320, Diff: 192, Sum: 892, Workers: 4
[33.619s][debug][gc,phases      ] GC(8)   ObjectSynchronizer Weak        Min:  0.0, Avg:  0.0, Max:  0.0, Diff:  0.0, Sum:  0.0, Workers: 4
[33.619s][debug][gc,phases      ] GC(8)     Dead                           Min: 0, Avg:  0.0, Max: 0, Diff: 0, Sum: 0, Workers: 4
[33.619s][debug][gc,phases      ] GC(8)     Total                          Min: 0, Avg:  7.5, Max: 30, Diff: 30, Sum: 30, Workers: 4
[33.619s][debug][gc,phases      ] GC(8)   JVMTI Tag Weak OopStorage      Min:  0.0, Avg:  0.0, Max:  0.0, Diff:  0.0, Sum:  0.0, Workers: 4
[33.619s][debug][gc,phases      ] GC(8)     Dead                           Min: 0, Avg:  0.0, Max: 0, Diff: 0, Sum: 0, Workers: 4
[33.619s][debug][gc,phases      ] GC(8)     Total                          Min: 0, Avg:  0.0, Max: 0, Diff: 0, Sum: 0, Workers: 4
[33.619s][debug][gc,phases      ] GC(8)   StringTable Weak               Min:  0.5, Avg:  0.5, Max:  0.5, Diff:  0.0, Sum:  2.0, Workers: 4
[33.619s][debug][gc,phases      ] GC(8)     Dead                           Min: 0, Avg:  2.2, Max: 4, Diff: 4, Sum: 9, Workers: 4
[33.619s][debug][gc,phases      ] GC(8)     Total                          Min: 10368, Avg: 11683.0, Max: 12544, Diff: 2176, Sum: 46732, Workers: 4
[33.619s][debug][gc,phases      ] GC(8)   ResolvedMethodTable Weak       Min:  0.1, Avg:  0.1, Max:  0.1, Diff:  0.0, Sum:  0.6, Workers: 4
[33.619s][debug][gc,phases      ] GC(8)     Dead                           Min: 70, Avg: 77.2, Max: 83, Diff: 13, Sum: 309, Workers: 4
[33.619s][debug][gc,phases      ] GC(8)     Total                          Min: 2757, Avg: 3119.0, Max: 3321, Diff: 564, Sum: 12476, Workers: 4
[33.619s][debug][gc,phases      ] GC(8)   JNI Weak                       Min:  0.0, Avg:  0.0, Max:  0.0, Diff:  0.0, Sum:  0.0, Workers: 4
[33.619s][debug][gc,phases      ] GC(8)     Dead                           Min: 0, Avg:  0.0, Max: 0, Diff: 0, Sum: 0, Workers: 4
[33.619s][debug][gc,phases      ] GC(8)     Total                          Min: 0, Avg: 16.2, Max: 52, Diff: 52, Sum: 65, Workers: 4
[33.619s][debug][gc,phases      ] GC(8)   StringDedup Table Weak         Min:  0.0, Avg:  0.0, Max:  0.0, Diff:  0.0, Sum:  0.0, Workers: 4
[33.619s][debug][gc,phases      ] GC(8)     Dead                           Min: 0, Avg:  0.0, Max: 0, Diff: 0, Sum: 0, Workers: 4
[33.619s][debug][gc,phases      ] GC(8)     Total                          Min: 0, Avg:  0.0, Max: 0, Diff: 0, Sum: 0, Workers: 4
[33.619s][debug][gc,phases      ] GC(8)   StringDedup Requests0 Weak     Min:  0.0, Avg:  0.0, Max:  0.0, Diff:  0.0, Sum:  0.0, Workers: 4
[33.619s][debug][gc,phases      ] GC(8)     Dead                           Min: 0, Avg:  0.0, Max: 0, Diff: 0, Sum: 0, Workers: 4
[33.619s][debug][gc,phases      ] GC(8)     Total                          Min: 0, Avg:  0.0, Max: 0, Diff: 0, Sum: 0, Workers: 4
[33.619s][debug][gc,phases      ] GC(8)   StringDedup Requests1 Weak     Min:  0.0, Avg:  0.0, Max:  0.0, Diff:  0.0, Sum:  0.0, Workers: 4
[33.619s][debug][gc,phases      ] GC(8)     Dead                           Min: 0, Avg:  0.0, Max: 0, Diff: 0, Sum: 0, Workers: 4
[33.619s][debug][gc,phases      ] GC(8)     Total                          Min: 0, Avg:  0.0, Max: 0, Diff: 0, Sum: 0, Workers: 4
[33.619s][debug][gc,phases      ] GC(8)   Weak JFR Old Object Samples    Min:  0.0, Avg:  0.0, Max:  0.0, Diff:  0.0, Sum:  0.0, Workers: 4
[33.619s][debug][gc,phases      ] GC(8)     Dead                           Min: 0, Avg:  0.0, Max: 0, Diff: 0, Sum: 0, Workers: 4
[33.619s][debug][gc,phases      ] GC(8)     Total                          Min: 0, Avg:  0.0, Max: 0, Diff: 0, Sum: 0, Workers: 4
[33.619s][debug][gc,phases      ] GC(8) Weak Processing 0.914ms
[33.619s][debug][gc,age         ] GC(8) Desired survivor size 253231104 bytes, new threshold 8 (max threshold 15)
[33.619s][info ][gc,heap        ] GC(8) PSYoungGen: 1207549K(1572864K)->211711K(1572864K) Eden: 1048576K(1048576K)->0K(1048576K) From: 158973K(524288K)->211711K(524288K)
[33.619s][info ][gc,heap        ] GC(8) ParOldGen: 5956K(17920K)->5992K(17920K)
[33.619s][info ][gc,metaspace   ] GC(8) Metaspace: 91119K(92288K)->91119K(92288K) NonClass: 77457K(78144K)->77457K(78144K) Class: 13662K(14144K)->13662K(14144K)
[33.619s][info ][gc             ] GC(8) Pause Young (Allocation Failure) 1185M->212M(1553M) 93.246ms
[33.619s][info ][gc,cpu         ] GC(8) User=0.29s Sys=0.05s Real=0.10s
[33.619s][info ][safepoint      ] Safepoint "ParallelGCFailedAllocation", Time since last: 385843180 ns, Reaching safepoint: 80306 ns, Cleanup: 105508 ns, At safepoint: 93335286 ns, Total: 93521100 ns
[33.969s][info ][safepoint      ] Safepoint "ICBufferFull", Time since last: 349459656 ns, Reaching safepoint: 7501 ns, Cleanup: 153512 ns, At safepoint: 6900 ns, Total: 167913 ns
[34.470s][info ][safepoint      ] Safepoint "ICBufferFull", Time since last: 500657074 ns, Reaching safepoint: 7300 ns, Cleanup: 172113 ns, At safepoint: 6401 ns, Total: 185814 ns
[34.772s][info ][safepoint      ] Safepoint "ICBufferFull", Time since last: 301927099 ns, Reaching safepoint: 146511 ns, Cleanup: 136510 ns, At safepoint: 29102 ns, Total: 312123 ns
[35.329s][info ][safepoint      ] Safepoint "ICBufferFull", Time since last: 556936887 ns, Reaching safepoint: 7600 ns, Cleanup: 134210 ns, At safepoint: 6301 ns, Total: 148111 ns
[35.820s][info ][gc,start       ] GC(9) Pause Young (Allocation Failure)
[35.928s][debug][gc,phases      ] GC(9) Scavenge 107.790ms
[35.928s][debug][gc,ref         ] GC(9) ReferenceProcessor::execute queues: 4, RefProcThreadModel::Multi, marks_oops_alive: false
[35.929s][debug][gc,ref         ] GC(9) Skipped KeepAliveFinalRefsPhase of Reference Processing: no references
[35.929s][debug][gc,ref         ] GC(9) ReferenceProcessor::execute queues: 1, RefProcThreadModel::Single, marks_oops_alive: false
[35.929s][debug][gc,phases      ] GC(9) Reference Processing 1.120ms
[35.930s][debug][gc,phases      ] GC(9)   VM Weak                        Min:  0.0, Avg:  0.0, Max:  0.0, Diff:  0.0, Sum:  0.0, Workers: 4
[35.930s][debug][gc,phases      ] GC(9)     Dead                           Min: 0, Avg:  0.0, Max: 0, Diff: 0, Sum: 0, Workers: 4
[35.930s][debug][gc,phases      ] GC(9)     Total                          Min: 128, Avg: 224.0, Max: 320, Diff: 192, Sum: 896, Workers: 4
[35.930s][debug][gc,phases      ] GC(9)   ObjectSynchronizer Weak        Min:  0.0, Avg:  0.0, Max:  0.0, Diff:  0.0, Sum:  0.0, Workers: 4
[35.930s][debug][gc,phases      ] GC(9)     Dead                           Min: 0, Avg:  0.0, Max: 0, Diff: 0, Sum: 0, Workers: 4
[35.930s][debug][gc,phases      ] GC(9)     Total                          Min: 0, Avg:  7.5, Max: 30, Diff: 30, Sum: 30, Workers: 4
[35.930s][debug][gc,phases      ] GC(9)   JVMTI Tag Weak OopStorage      Min:  0.0, Avg:  0.0, Max:  0.0, Diff:  0.0, Sum:  0.0, Workers: 4
[35.930s][debug][gc,phases      ] GC(9)     Dead                           Min: 0, Avg:  0.0, Max: 0, Diff: 0, Sum: 0, Workers: 4
[35.930s][debug][gc,phases      ] GC(9)     Total                          Min: 0, Avg:  0.0, Max: 0, Diff: 0, Sum: 0, Workers: 4
[35.930s][debug][gc,phases      ] GC(9)   StringTable Weak               Min:  0.5, Avg:  0.5, Max:  0.5, Diff:  0.0, Sum:  2.0, Workers: 4
[35.930s][debug][gc,phases      ] GC(9)     Dead                           Min: 0, Avg:  0.5, Max: 1, Diff: 1, Sum: 2, Workers: 4
[35.930s][debug][gc,phases      ] GC(9)     Total                          Min: 10477, Avg: 11723.2, Max: 12480, Diff: 2003, Sum: 46893, Workers: 4
[35.930s][debug][gc,phases      ] GC(9)   ResolvedMethodTable Weak       Min:  0.1, Avg:  0.1, Max:  0.1, Diff:  0.0, Sum:  0.6, Workers: 4
[35.930s][debug][gc,phases      ] GC(9)     Dead                           Min: 0, Avg:  4.2, Max: 17, Diff: 17, Sum: 17, Workers: 4
[35.930s][debug][gc,phases      ] GC(9)     Total                          Min: 2743, Avg: 3125.5, Max: 3376, Diff: 633, Sum: 12502, Workers: 4
[35.930s][debug][gc,phases      ] GC(9)   JNI Weak                       Min:  0.0, Avg:  0.0, Max:  0.0, Diff:  0.0, Sum:  0.0, Workers: 4
[35.930s][debug][gc,phases      ] GC(9)     Dead                           Min: 0, Avg:  0.0, Max: 0, Diff: 0, Sum: 0, Workers: 4
[35.930s][debug][gc,phases      ] GC(9)     Total                          Min: 0, Avg: 16.0, Max: 48, Diff: 48, Sum: 64, Workers: 4
[35.930s][debug][gc,phases      ] GC(9)   StringDedup Table Weak         Min:  0.0, Avg:  0.0, Max:  0.0, Diff:  0.0, Sum:  0.0, Workers: 4
[35.930s][debug][gc,phases      ] GC(9)     Dead                           Min: 0, Avg:  0.0, Max: 0, Diff: 0, Sum: 0, Workers: 4
[35.930s][debug][gc,phases      ] GC(9)     Total                          Min: 0, Avg:  0.0, Max: 0, Diff: 0, Sum: 0, Workers: 4
[35.930s][debug][gc,phases      ] GC(9)   StringDedup Requests0 Weak     Min:  0.0, Avg:  0.0, Max:  0.0, Diff:  0.0, Sum:  0.0, Workers: 4
[35.930s][debug][gc,phases      ] GC(9)     Dead                           Min: 0, Avg:  0.0, Max: 0, Diff: 0, Sum: 0, Workers: 4
[35.930s][debug][gc,phases      ] GC(9)     Total                          Min: 0, Avg:  0.0, Max: 0, Diff: 0, Sum: 0, Workers: 4
[35.930s][debug][gc,phases      ] GC(9)   StringDedup Requests1 Weak     Min:  0.0, Avg:  0.0, Max:  0.0, Diff:  0.0, Sum:  0.0, Workers: 4
[35.930s][debug][gc,phases      ] GC(9)     Dead                           Min: 0, Avg:  0.0, Max: 0, Diff: 0, Sum: 0, Workers: 4
[35.930s][debug][gc,phases      ] GC(9)     Total                          Min: 0, Avg:  0.0, Max: 0, Diff: 0, Sum: 0, Workers: 4
[35.930s][debug][gc,phases      ] GC(9)   Weak JFR Old Object Samples    Min:  0.0, Avg:  0.0, Max:  0.0, Diff:  0.0, Sum:  0.0, Workers: 4
[35.930s][debug][gc,phases      ] GC(9)     Dead                           Min: 0, Avg:  0.0, Max: 0, Diff: 0, Sum: 0, Workers: 4
[35.930s][debug][gc,phases      ] GC(9)     Total                          Min: 0, Avg:  0.0, Max: 0, Diff: 0, Sum: 0, Workers: 4
[35.930s][debug][gc,phases      ] GC(9) Weak Processing 0.897ms
[35.930s][debug][gc,age         ] GC(9) Desired survivor size 299368448 bytes, new threshold 9 (max threshold 15)
[35.930s][info ][gc,heap        ] GC(9) PSYoungGen: 1260287K(1572864K)->235541K(1759744K) Eden: 1048576K(1048576K)->0K(1512448K) From: 211711K(524288K)->235541K(247296K)
[35.930s][info ][gc,heap        ] GC(9) ParOldGen: 5992K(17920K)->6000K(17920K)
[35.930s][info ][gc,metaspace   ] GC(9) Metaspace: 91466K(92736K)->91466K(92736K) NonClass: 77795K(78528K)->77795K(78528K) Class: 13670K(14208K)->13670K(14208K)
[35.930s][info ][gc             ] GC(9) Pause Young (Allocation Failure) 1236M->235M(1736M) 109.958ms
[35.930s][info ][gc,cpu         ] GC(9) User=0.34s Sys=0.06s Real=0.11s
[35.930s][info ][safepoint      ] Safepoint "ParallelGCFailedAllocation", Time since last: 490616762 ns, Reaching safepoint: 81106 ns, Cleanup: 114208 ns, At safepoint: 110047644 ns, Total: 110242958 ns
[36.773s][info ][safepoint      ] Safepoint "ICBufferFull", Time since last: 842739137 ns, Reaching safepoint: 6301 ns, Cleanup: 153011 ns, At safepoint: 2600 ns, Total: 161912 ns
[37.773s][info ][safepoint      ] Safepoint "Cleanup", Time since last: 1000124298 ns, Reaching safepoint: 88606 ns, Cleanup: 97708 ns, At safepoint: 10700 ns, Total: 197014 ns
[38.773s][info ][safepoint      ] Safepoint "Cleanup", Time since last: 1000121198 ns, Reaching safepoint: 79706 ns, Cleanup: 85606 ns, At safepoint: 7501 ns, Total: 172813 ns
[39.774s][info ][safepoint      ] Safepoint "Cleanup", Time since last: 1000128298 ns, Reaching safepoint: 52704 ns, Cleanup: 55904 ns, At safepoint: 11801 ns, Total: 120409 ns
[40.774s][info ][safepoint      ] Safepoint "Cleanup", Time since last: 1000117398 ns, Reaching safepoint: 79606 ns, Cleanup: 39203 ns, At safepoint: 6000 ns, Total: 124809 ns
[41.774s][info ][safepoint      ] Safepoint "Cleanup", Time since last: 1000119298 ns, Reaching safepoint: 82706 ns, Cleanup: 60804 ns, At safepoint: 8901 ns, Total: 152411 ns
[42.774s][info ][safepoint      ] Safepoint "Cleanup", Time since last: 1000121398 ns, Reaching safepoint: 79406 ns, Cleanup: 29902 ns, At safepoint: 5500 ns, Total: 114808 ns
[43.775s][info ][safepoint      ] Safepoint "Cleanup", Time since last: 1000113581 ns, Reaching safepoint: 82704 ns, Cleanup: 26002 ns, At safepoint: 10800 ns, Total: 119506 ns
[44.775s][info ][safepoint      ] Safepoint "Cleanup", Time since last: 1000122511 ns, Reaching safepoint: 84204 ns, Cleanup: 31102 ns, At safepoint: 9301 ns, Total: 124607 ns
[45.775s][info ][safepoint      ] Safepoint "Cleanup", Time since last: 1000114609 ns, Reaching safepoint: 77705 ns, Cleanup: 60603 ns, At safepoint: 5500 ns, Total: 143808 ns
[46.775s][info ][safepoint      ] Safepoint "Cleanup", Time since last: 1000111010 ns, Reaching safepoint: 83805 ns, Cleanup: 32701 ns, At safepoint: 8101 ns, Total: 124607 ns
[47.776s][info ][safepoint      ] Safepoint "Cleanup", Time since last: 1000113457 ns, Reaching safepoint: 82006 ns, Cleanup: 30202 ns, At safepoint: 6301 ns, Total: 118509 ns
[48.776s][info ][safepoint      ] Safepoint "Cleanup", Time since last: 1000116377 ns, Reaching safepoint: 82206 ns, Cleanup: 21301 ns, At safepoint: 6201 ns, Total: 109708 ns
[49.776s][info ][safepoint      ] Safepoint "Cleanup", Time since last: 1000122577 ns, Reaching safepoint: 92007 ns, Cleanup: 107908 ns, At safepoint: 10301 ns, Total: 210216 ns
[50.776s][info ][safepoint      ] Safepoint "Cleanup", Time since last: 1000113877 ns, Reaching safepoint: 77405 ns, Cleanup: 20102 ns, At safepoint: 6500 ns, Total: 104007 ns
[51.777s][info ][safepoint      ] Safepoint "Cleanup", Time since last: 1000113372 ns, Reaching safepoint: 81605 ns, Cleanup: 34403 ns, At safepoint: 8100 ns, Total: 124108 ns
[52.777s][info ][safepoint      ] Safepoint "Cleanup", Time since last: 1000110473 ns, Reaching safepoint: 79106 ns, Cleanup: 15101 ns, At safepoint: 5700 ns, Total: 99907 ns
[53.777s][info ][safepoint      ] Safepoint "Cleanup", Time since last: 1000116774 ns, Reaching safepoint: 54504 ns, Cleanup: 41102 ns, At safepoint: 7701 ns, Total: 103307 ns
[54.777s][info ][safepoint      ] Safepoint "Cleanup", Time since last: 1000119073 ns, Reaching safepoint: 77806 ns, Cleanup: 30302 ns, At safepoint: 6901 ns, Total: 115009 ns
[55.524s][info ][safepoint      ] Safepoint "ICBufferFull", Time since last: 746807599 ns, Reaching safepoint: 7901 ns, Cleanup: 113208 ns, At safepoint: 6200 ns, Total: 127309 ns
[56.525s][info ][safepoint      ] Safepoint "Cleanup", Time since last: 1000118474 ns, Reaching safepoint: 8000 ns, Cleanup: 157311 ns, At safepoint: 3901 ns, Total: 169212 ns
[57.525s][info ][safepoint      ] Safepoint "Cleanup", Time since last: 1000083071 ns, Reaching safepoint: 6900 ns, Cleanup: 12801 ns, At safepoint: 2400 ns, Total: 22101 ns
[58.525s][info ][safepoint      ] Safepoint "Cleanup", Time since last: 1000106973 ns, Reaching safepoint: 7200 ns, Cleanup: 10501 ns, At safepoint: 2000 ns, Total: 19701 ns
[61.173s][info ][safepoint      ] Safepoint "Cleanup", Time since last: 2648155746 ns, Reaching safepoint: 7000 ns, Cleanup: 13401 ns, At safepoint: 2200 ns, Total: 22601 ns
[66.173s][info ][safepoint      ] Safepoint "Cleanup", Time since last: 5000354120 ns, Reaching safepoint: 7700 ns, Cleanup: 9501 ns, At safepoint: 2300 ns, Total: 19501 ns
[78.174s][info ][safepoint      ] Safepoint "Cleanup", Time since last: 12000844066 ns, Reaching safepoint: 7201 ns, Cleanup: 9400 ns, At safepoint: 2500 ns, Total: 19101 ns
[81.174s][info ][safepoint      ] Safepoint "Cleanup", Time since last: 3000208258 ns, Reaching safepoint: 7101 ns, Cleanup: 10201 ns, At safepoint: 2100 ns, Total: 19402 ns
[82.175s][info ][safepoint      ] Safepoint "Cleanup", Time since last: 1000121490 ns, Reaching safepoint: 7900 ns, Cleanup: 9901 ns, At safepoint: 5500 ns, Total: 23301 ns
[92.175s][info ][safepoint      ] Safepoint "Cleanup", Time since last: 10000696049 ns, Reaching safepoint: 6500 ns, Cleanup: 82206 ns, At safepoint: 2000 ns, Total: 90706 ns
[92.926s][info ][safepoint      ] Safepoint "ICBufferFull", Time since last: 750942031 ns, Reaching safepoint: 9300 ns, Cleanup: 147011 ns, At safepoint: 9300 ns, Total: 165611 ns
[93.240s][info ][gc,start       ] GC(10) Pause Young (Allocation Failure)
[93.320s][debug][gc,phases      ] GC(10) Scavenge 79.632ms
[93.320s][debug][gc,ref         ] GC(10) ReferenceProcessor::execute queues: 4, RefProcThreadModel::Multi, marks_oops_alive: false
[93.321s][debug][gc,ref         ] GC(10) Skipped KeepAliveFinalRefsPhase of Reference Processing: no references
[93.321s][debug][gc,ref         ] GC(10) ReferenceProcessor::execute queues: 1, RefProcThreadModel::Single, marks_oops_alive: false
[93.321s][debug][gc,phases      ] GC(10) Reference Processing 0.717ms
[93.321s][debug][gc,phases      ] GC(10)   VM Weak                        Min:  0.0, Avg:  0.0, Max:  0.0, Diff:  0.0, Sum:  0.0, Workers: 4
[93.321s][debug][gc,phases      ] GC(10)     Dead                           Min: 0, Avg:  0.0, Max: 0, Diff: 0, Sum: 0, Workers: 4
[93.321s][debug][gc,phases      ] GC(10)     Total                          Min: 128, Avg: 225.2, Max: 384, Diff: 256, Sum: 901, Workers: 4
[93.321s][debug][gc,phases      ] GC(10)   ObjectSynchronizer Weak        Min:  0.0, Avg:  0.0, Max:  0.0, Diff:  0.0, Sum:  0.0, Workers: 4
[93.321s][debug][gc,phases      ] GC(10)     Dead                           Min: 0, Avg:  0.5, Max: 2, Diff: 2, Sum: 2, Workers: 4
[93.321s][debug][gc,phases      ] GC(10)     Total                          Min: 0, Avg:  2.0, Max: 8, Diff: 8, Sum: 8, Workers: 4
[93.321s][debug][gc,phases      ] GC(10)   JVMTI Tag Weak OopStorage      Min:  0.0, Avg:  0.0, Max:  0.0, Diff:  0.0, Sum:  0.0, Workers: 4
[93.322s][debug][gc,phases      ] GC(10)     Dead                           Min: 0, Avg:  0.0, Max: 0, Diff: 0, Sum: 0, Workers: 4
[93.322s][debug][gc,phases      ] GC(10)     Total                          Min: 0, Avg:  0.0, Max: 0, Diff: 0, Sum: 0, Workers: 4
[93.322s][debug][gc,phases      ] GC(10)   StringTable Weak               Min:  0.5, Avg:  0.5, Max:  0.5, Diff:  0.0, Sum:  1.9, Workers: 4
[93.322s][debug][gc,phases      ] GC(10)     Dead                           Min: 0, Avg:  0.8, Max: 2, Diff: 2, Sum: 3, Workers: 4
[93.322s][debug][gc,phases      ] GC(10)     Total                          Min: 10880, Avg: 11833.8, Max: 12519, Diff: 1639, Sum: 47335, Workers: 4
[93.322s][debug][gc,phases      ] GC(10)   ResolvedMethodTable Weak       Min:  0.1, Avg:  0.1, Max:  0.1, Diff:  0.0, Sum:  0.6, Workers: 4
[93.322s][debug][gc,phases      ] GC(10)     Dead                           Min: 0, Avg:  7.5, Max: 14, Diff: 14, Sum: 30, Workers: 4
[93.322s][debug][gc,phases      ] GC(10)     Total                          Min: 2706, Avg: 3163.5, Max: 3441, Diff: 735, Sum: 12654, Workers: 4
[93.322s][debug][gc,phases      ] GC(10)   JNI Weak                       Min:  0.0, Avg:  0.0, Max:  0.0, Diff:  0.0, Sum:  0.0, Workers: 4
[93.322s][debug][gc,phases      ] GC(10)     Dead                           Min: 0, Avg:  0.0, Max: 0, Diff: 0, Sum: 0, Workers: 4
[93.322s][debug][gc,phases      ] GC(10)     Total                          Min: 0, Avg: 15.2, Max: 61, Diff: 61, Sum: 61, Workers: 4
[93.322s][debug][gc,phases      ] GC(10)   StringDedup Table Weak         Min:  0.0, Avg:  0.0, Max:  0.0, Diff:  0.0, Sum:  0.0, Workers: 4
[93.322s][debug][gc,phases      ] GC(10)     Dead                           Min: 0, Avg:  0.0, Max: 0, Diff: 0, Sum: 0, Workers: 4
[93.322s][debug][gc,phases      ] GC(10)     Total                          Min: 0, Avg:  0.0, Max: 0, Diff: 0, Sum: 0, Workers: 4
[93.322s][debug][gc,phases      ] GC(10)   StringDedup Requests0 Weak     Min:  0.0, Avg:  0.0, Max:  0.0, Diff:  0.0, Sum:  0.0, Workers: 4
[93.322s][debug][gc,phases      ] GC(10)     Dead                           Min: 0, Avg:  0.0, Max: 0, Diff: 0, Sum: 0, Workers: 4
[93.322s][debug][gc,phases      ] GC(10)     Total                          Min: 0, Avg:  0.0, Max: 0, Diff: 0, Sum: 0, Workers: 4
[93.322s][debug][gc,phases      ] GC(10)   StringDedup Requests1 Weak     Min:  0.0, Avg:  0.0, Max:  0.0, Diff:  0.0, Sum:  0.0, Workers: 4
[93.322s][debug][gc,phases      ] GC(10)     Dead                           Min: 0, Avg:  0.0, Max: 0, Diff: 0, Sum: 0, Workers: 4
[93.322s][debug][gc,phases      ] GC(10)     Total                          Min: 0, Avg:  0.0, Max: 0, Diff: 0, Sum: 0, Workers: 4
[93.322s][debug][gc,phases      ] GC(10)   Weak JFR Old Object Samples    Min:  0.0, Avg:  0.0, Max:  0.0, Diff:  0.0, Sum:  0.0, Workers: 4
[93.322s][debug][gc,phases      ] GC(10)     Dead                           Min: 0, Avg:  0.0, Max: 0, Diff: 0, Sum: 0, Workers: 4
[93.322s][debug][gc,phases      ] GC(10)     Total                          Min: 0, Avg:  0.0, Max: 0, Diff: 0, Sum: 0, Workers: 4
[93.322s][debug][gc,phases      ] GC(10) Weak Processing 0.875ms
[93.322s][debug][gc,age         ] GC(10) Desired survivor size 299368448 bytes, new threshold 10 (max threshold 15)
[93.322s][info ][gc,heap        ] GC(10) PSYoungGen: 1747989K(1759744K)->181318K(1804800K) Eden: 1512448K(1512448K)->0K(1512448K) From: 235541K(247296K)->181318K(292352K)
[93.322s][info ][gc,heap        ] GC(10) ParOldGen: 6000K(17920K)->6016K(17920K)
[93.322s][info ][gc,metaspace   ] GC(10) Metaspace: 92761K(93952K)->92761K(93952K) NonClass: 78992K(79680K)->78992K(79680K) Class: 13768K(14272K)->13768K(14272K)
[93.322s][info ][gc             ] GC(10) Pause Young (Allocation Failure) 1712M->182M(1780M) 81.377ms
[93.322s][info ][gc,cpu         ] GC(10) User=0.26s Sys=0.03s Real=0.08s
[93.322s][info ][safepoint      ] Safepoint "ParallelGCFailedAllocation", Time since last: 313615973 ns, Reaching safepoint: 87006 ns, Cleanup: 152111 ns, At safepoint: 81475386 ns, Total: 81714503 ns
[94.245s][info ][safepoint      ] Safepoint "ICBufferFull", Time since last: 922631023 ns, Reaching safepoint: 83306 ns, Cleanup: 149411 ns, At safepoint: 6800 ns, Total: 239517 ns
[95.174s][info ][safepoint      ] Safepoint "ICBufferFull", Time since last: 928618948 ns, Reaching safepoint: 95007 ns, Cleanup: 170912 ns, At safepoint: 9301 ns, Total: 275220 ns
[95.599s][info ][safepoint      ] Safepoint "ParallelGCFailedAllocation", Time since last: 425532920 ns, Reaching safepoint: 8201 ns, Cleanup: 72805 ns, At safepoint: 11701 ns, Total: 92707 ns
[95.599s][info ][gc,start       ] GC(11) Pause Young (Allocation Failure)
[95.728s][debug][gc,phases      ] GC(11) Scavenge 128.396ms
[95.728s][debug][gc,ref         ] GC(11) ReferenceProcessor::execute queues: 4, RefProcThreadModel::Multi, marks_oops_alive: false
[95.729s][debug][gc,ref         ] GC(11) Skipped KeepAliveFinalRefsPhase of Reference Processing: no references
[95.729s][debug][gc,ref         ] GC(11) ReferenceProcessor::execute queues: 1, RefProcThreadModel::Single, marks_oops_alive: false
[95.729s][debug][gc,phases      ] GC(11) Reference Processing 0.946ms
[95.730s][debug][gc,phases      ] GC(11)   VM Weak                        Min:  0.0, Avg:  0.0, Max:  0.0, Diff:  0.0, Sum:  0.1, Workers: 4
[95.730s][debug][gc,phases      ] GC(11)     Dead                           Min: 0, Avg:  0.0, Max: 0, Diff: 0, Sum: 0, Workers: 4
[95.730s][debug][gc,phases      ] GC(11)     Total                          Min: 0, Avg: 225.2, Max: 384, Diff: 384, Sum: 901, Workers: 4
[95.730s][debug][gc,phases      ] GC(11)   ObjectSynchronizer Weak        Min:  0.0, Avg:  0.0, Max:  0.0, Diff:  0.0, Sum:  0.0, Workers: 4
[95.730s][debug][gc,phases      ] GC(11)     Dead                           Min: 0, Avg:  0.0, Max: 0, Diff: 0, Sum: 0, Workers: 4
[95.730s][debug][gc,phases      ] GC(11)     Total                          Min: 0, Avg:  2.0, Max: 8, Diff: 8, Sum: 8, Workers: 4
[95.730s][debug][gc,phases      ] GC(11)   JVMTI Tag Weak OopStorage      Min:  0.0, Avg:  0.0, Max:  0.0, Diff:  0.0, Sum:  0.0, Workers: 4
[95.730s][debug][gc,phases      ] GC(11)     Dead                           Min: 0, Avg:  0.0, Max: 0, Diff: 0, Sum: 0, Workers: 4
[95.730s][debug][gc,phases      ] GC(11)     Total                          Min: 0, Avg:  0.0, Max: 0, Diff: 0, Sum: 0, Workers: 4
[95.730s][debug][gc,phases      ] GC(11)   StringTable Weak               Min:  0.0, Avg:  0.5, Max:  0.6, Diff:  0.6, Sum:  1.8, Workers: 4
[95.730s][debug][gc,phases      ] GC(11)     Dead                           Min: 0, Avg:  0.0, Max: 0, Diff: 0, Sum: 0, Workers: 4
[95.730s][debug][gc,phases      ] GC(11)     Total                          Min: 0, Avg: 11841.0, Max: 16516, Diff: 16516, Sum: 47364, Workers: 4
[95.730s][debug][gc,phases      ] GC(11)   ResolvedMethodTable Weak       Min:  0.0, Avg:  0.1, Max:  0.2, Diff:  0.2, Sum:  0.5, Workers: 4
[95.730s][debug][gc,phases      ] GC(11)     Dead                           Min: 0, Avg:  0.0, Max: 0, Diff: 0, Sum: 0, Workers: 4
[95.730s][debug][gc,phases      ] GC(11)     Total                          Min: 0, Avg: 3163.5, Max: 4277, Diff: 4277, Sum: 12654, Workers: 4
[95.730s][debug][gc,phases      ] GC(11)   JNI Weak                       Min:  0.0, Avg:  0.0, Max:  0.0, Diff:  0.0, Sum:  0.0, Workers: 4
[95.730s][debug][gc,phases      ] GC(11)     Dead                           Min: 0, Avg:  0.0, Max: 0, Diff: 0, Sum: 0, Workers: 4
[95.730s][debug][gc,phases      ] GC(11)     Total                          Min: 0, Avg: 12.8, Max: 51, Diff: 51, Sum: 51, Workers: 4
[95.730s][debug][gc,phases      ] GC(11)   StringDedup Table Weak         Min:  0.0, Avg:  0.0, Max:  0.0, Diff:  0.0, Sum:  0.0, Workers: 4
[95.730s][debug][gc,phases      ] GC(11)     Dead                           Min: 0, Avg:  0.0, Max: 0, Diff: 0, Sum: 0, Workers: 4
[95.730s][debug][gc,phases      ] GC(11)     Total                          Min: 0, Avg:  0.0, Max: 0, Diff: 0, Sum: 0, Workers: 4
[95.730s][debug][gc,phases      ] GC(11)   StringDedup Requests0 Weak     Min:  0.0, Avg:  0.0, Max:  0.0, Diff:  0.0, Sum:  0.0, Workers: 4
[95.730s][debug][gc,phases      ] GC(11)     Dead                           Min: 0, Avg:  0.0, Max: 0, Diff: 0, Sum: 0, Workers: 4
[95.730s][debug][gc,phases      ] GC(11)     Total                          Min: 0, Avg:  0.0, Max: 0, Diff: 0, Sum: 0, Workers: 4
[95.730s][debug][gc,phases      ] GC(11)   StringDedup Requests1 Weak     Min:  0.0, Avg:  0.0, Max:  0.0, Diff:  0.0, Sum:  0.0, Workers: 4
[95.730s][debug][gc,phases      ] GC(11)     Dead                           Min: 0, Avg:  0.0, Max: 0, Diff: 0, Sum: 0, Workers: 4
[95.730s][debug][gc,phases      ] GC(11)     Total                          Min: 0, Avg:  0.0, Max: 0, Diff: 0, Sum: 0, Workers: 4
[95.730s][debug][gc,phases      ] GC(11)   Weak JFR Old Object Samples    Min:  0.0, Avg:  0.0, Max:  0.0, Diff:  0.0, Sum:  0.0, Workers: 4
[95.730s][debug][gc,phases      ] GC(11)     Dead                           Min: 0, Avg:  0.0, Max: 0, Diff: 0, Sum: 0, Workers: 4
[95.730s][debug][gc,phases      ] GC(11)     Total                          Min: 0, Avg:  0.0, Max: 0, Diff: 0, Sum: 0, Workers: 4
[95.730s][debug][gc,phases      ] GC(11) Weak Processing 1.034ms
[95.730s][debug][gc,age         ] GC(11) Desired survivor size 328728576 bytes, new threshold 11 (max threshold 15)
[95.730s][info ][gc,heap        ] GC(11) PSYoungGen: 1693766K(1804800K)->249962K(1747456K) Eden: 1512448K(1512448K)->0K(1455104K) From: 181318K(292352K)->249962K(292352K)
[95.730s][info ][gc,heap        ] GC(11) ParOldGen: 6018K(17920K)->6026K(17920K)
[95.730s][info ][gc,metaspace   ] GC(11) Metaspace: 92854K(94080K)->92854K(94080K) NonClass: 79085K(79808K)->79085K(79808K) Class: 13768K(14272K)->13768K(14272K)
[95.730s][info ][gc             ] GC(11) Pause Young (Allocation Failure) 1659M->249M(1724M) 130.516ms
[95.730s][info ][gc,cpu         ] GC(11) User=0.47s Sys=0.01s Real=0.13s
[95.730s][info ][safepoint      ] Safepoint "ParallelGCFailedAllocation", Time since last: 290021 ns, Reaching safepoint: 2100 ns, Cleanup: 700 ns, At safepoint: 130590474 ns, Total: 130593274 ns
[96.730s][info ][safepoint      ] Safepoint "Cleanup", Time since last: 1000093424 ns, Reaching safepoint: 80106 ns, Cleanup: 61004 ns, At safepoint: 4701 ns, Total: 145811 ns
[97.731s][info ][safepoint      ] Safepoint "Cleanup", Time since last: 1000107925 ns, Reaching safepoint: 78006 ns, Cleanup: 65704 ns, At safepoint: 7801 ns, Total: 151511 ns
[98.731s][info ][safepoint      ] Safepoint "Cleanup", Time since last: 1000113026 ns, Reaching safepoint: 80005 ns, Cleanup: 48104 ns, At safepoint: 6400 ns, Total: 134509 ns
[99.731s][info ][safepoint      ] Safepoint "Cleanup", Time since last: 1000126127 ns, Reaching safepoint: 80406 ns, Cleanup: 28702 ns, At safepoint: 9400 ns, Total: 118508 ns
[100.731s][info ][safepoint      ] Safepoint "Cleanup", Time since last: 1000116482 ns, Reaching safepoint: 6600 ns, Cleanup: 22302 ns, At safepoint: 2100 ns, Total: 31002 ns
[101.731s][info ][safepoint      ] Safepoint "Cleanup", Time since last: 1000085830 ns, Reaching safepoint: 7301 ns, Cleanup: 19001 ns, At safepoint: 2300 ns, Total: 28602 ns
[102.731s][info ][safepoint      ] Safepoint "Cleanup", Time since last: 1000106332 ns, Reaching safepoint: 7400 ns, Cleanup: 40903 ns, At safepoint: 2100 ns, Total: 50403 ns
[103.732s][info ][safepoint      ] Safepoint "Cleanup", Time since last: 1000127733 ns, Reaching safepoint: 36602 ns, Cleanup: 73905 ns, At safepoint: 6401 ns, Total: 116908 ns
[104.732s][info ][safepoint      ] Safepoint "Cleanup", Time since last: 1000139533 ns, Reaching safepoint: 84506 ns, Cleanup: 31602 ns, At safepoint: 6400 ns, Total: 122508 ns
[105.732s][info ][safepoint      ] Safepoint "Cleanup", Time since last: 1000114733 ns, Reaching safepoint: 5900 ns, Cleanup: 13201 ns, At safepoint: 2400 ns, Total: 21501 ns
[106.732s][info ][safepoint      ] Safepoint "Cleanup", Time since last: 1000111887 ns, Reaching safepoint: 6601 ns, Cleanup: 39002 ns, At safepoint: 3901 ns, Total: 49504 ns
[107.732s][info ][safepoint      ] Safepoint "Cleanup", Time since last: 1000145384 ns, Reaching safepoint: 6800 ns, Cleanup: 13201 ns, At safepoint: 2200 ns, Total: 22201 ns
[108.733s][info ][safepoint      ] Safepoint "Cleanup", Time since last: 1000115082 ns, Reaching safepoint: 7600 ns, Cleanup: 17902 ns, At safepoint: 2400 ns, Total: 27902 ns
[109.733s][info ][safepoint      ] Safepoint "Cleanup", Time since last: 1000117951 ns, Reaching safepoint: 83005 ns, Cleanup: 85607 ns, At safepoint: 8400 ns, Total: 177012 ns
[110.733s][info ][safepoint      ] Safepoint "Cleanup", Time since last: 1000128752 ns, Reaching safepoint: 84206 ns, Cleanup: 78905 ns, At safepoint: 6501 ns, Total: 169612 ns
[110.926s][info ][gc,start       ] GC(12) Pause Young (Allocation Failure)
[111.011s][debug][gc,phases      ] GC(12) Scavenge 84.400ms
[111.011s][debug][gc,ref         ] GC(12) ReferenceProcessor::execute queues: 4, RefProcThreadModel::Multi, marks_oops_alive: false
[111.012s][debug][gc,ref         ] GC(12) Skipped KeepAliveFinalRefsPhase of Reference Processing: no references
[111.012s][debug][gc,ref         ] GC(12) ReferenceProcessor::execute queues: 1, RefProcThreadModel::Single, marks_oops_alive: false
[111.012s][debug][gc,phases      ] GC(12) Reference Processing 1.475ms
[111.013s][debug][gc,phases      ] GC(12)   VM Weak                        Min:  0.0, Avg:  0.0, Max:  0.0, Diff:  0.0, Sum:  0.0, Workers: 4
[111.013s][debug][gc,phases      ] GC(12)     Dead                           Min: 0, Avg:  0.0, Max: 0, Diff: 0, Sum: 0, Workers: 4
[111.013s][debug][gc,phases      ] GC(12)     Total                          Min: 0, Avg: 225.2, Max: 384, Diff: 384, Sum: 901, Workers: 4
[111.013s][debug][gc,phases      ] GC(12)   ObjectSynchronizer Weak        Min:  0.0, Avg:  0.0, Max:  0.0, Diff:  0.0, Sum:  0.0, Workers: 4
[111.013s][debug][gc,phases      ] GC(12)     Dead                           Min: 0, Avg:  0.0, Max: 0, Diff: 0, Sum: 0, Workers: 4
[111.013s][debug][gc,phases      ] GC(12)     Total                          Min: 0, Avg:  2.0, Max: 8, Diff: 8, Sum: 8, Workers: 4
[111.013s][debug][gc,phases      ] GC(12)   JVMTI Tag Weak OopStorage      Min:  0.0, Avg:  0.0, Max:  0.0, Diff:  0.0, Sum:  0.0, Workers: 4
[111.013s][debug][gc,phases      ] GC(12)     Dead                           Min: 0, Avg:  0.0, Max: 0, Diff: 0, Sum: 0, Workers: 4
[111.013s][debug][gc,phases      ] GC(12)     Total                          Min: 0, Avg:  0.0, Max: 0, Diff: 0, Sum: 0, Workers: 4
[111.013s][debug][gc,phases      ] GC(12)   StringTable Weak               Min:  0.0, Avg:  0.4, Max:  0.6, Diff:  0.6, Sum:  1.8, Workers: 4
[111.013s][debug][gc,phases      ] GC(12)     Dead                           Min: 0, Avg:  0.5, Max: 1, Diff: 1, Sum: 2, Workers: 4
[111.013s][debug][gc,phases      ] GC(12)     Total                          Min: 0, Avg: 11857.8, Max: 16264, Diff: 16264, Sum: 47431, Workers: 4
[111.013s][debug][gc,phases      ] GC(12)   ResolvedMethodTable Weak       Min:  0.0, Avg:  0.1, Max:  0.2, Diff:  0.2, Sum:  0.5, Workers: 4
[111.013s][debug][gc,phases      ] GC(12)     Dead                           Min: 0, Avg:  0.2, Max: 1, Diff: 1, Sum: 1, Workers: 4
[111.013s][debug][gc,phases      ] GC(12)     Total                          Min: 0, Avg: 3166.8, Max: 4294, Diff: 4294, Sum: 12667, Workers: 4
[111.013s][debug][gc,phases      ] GC(12)   JNI Weak                       Min:  0.0, Avg:  0.0, Max:  0.0, Diff:  0.0, Sum:  0.0, Workers: 4
[111.013s][debug][gc,phases      ] GC(12)     Dead                           Min: 0, Avg:  0.0, Max: 0, Diff: 0, Sum: 0, Workers: 4
[111.013s][debug][gc,phases      ] GC(12)     Total                          Min: 0, Avg: 12.0, Max: 48, Diff: 48, Sum: 48, Workers: 4
[111.013s][debug][gc,phases      ] GC(12)   StringDedup Table Weak         Min:  0.0, Avg:  0.0, Max:  0.0, Diff:  0.0, Sum:  0.0, Workers: 4
[111.013s][debug][gc,phases      ] GC(12)     Dead                           Min: 0, Avg:  0.0, Max: 0, Diff: 0, Sum: 0, Workers: 4
[111.013s][debug][gc,phases      ] GC(12)     Total                          Min: 0, Avg:  0.0, Max: 0, Diff: 0, Sum: 0, Workers: 4
[111.013s][debug][gc,phases      ] GC(12)   StringDedup Requests0 Weak     Min:  0.0, Avg:  0.0, Max:  0.0, Diff:  0.0, Sum:  0.0, Workers: 4
[111.013s][debug][gc,phases      ] GC(12)     Dead                           Min: 0, Avg:  0.0, Max: 0, Diff: 0, Sum: 0, Workers: 4
[111.013s][debug][gc,phases      ] GC(12)     Total                          Min: 0, Avg:  0.0, Max: 0, Diff: 0, Sum: 0, Workers: 4
[111.013s][debug][gc,phases      ] GC(12)   StringDedup Requests1 Weak     Min:  0.0, Avg:  0.0, Max:  0.0, Diff:  0.0, Sum:  0.0, Workers: 4
[111.013s][debug][gc,phases      ] GC(12)     Dead                           Min: 0, Avg:  0.0, Max: 0, Diff: 0, Sum: 0, Workers: 4
[111.013s][debug][gc,phases      ] GC(12)     Total                          Min: 0, Avg:  0.0, Max: 0, Diff: 0, Sum: 0, Workers: 4
[111.013s][debug][gc,phases      ] GC(12)   Weak JFR Old Object Samples    Min:  0.0, Avg:  0.0, Max:  0.0, Diff:  0.0, Sum:  0.0, Workers: 4
[111.013s][debug][gc,phases      ] GC(12)     Dead                           Min: 0, Avg:  0.0, Max: 0, Diff: 0, Sum: 0, Workers: 4
[111.013s][debug][gc,phases      ] GC(12)     Total                          Min: 0, Avg:  0.0, Max: 0, Diff: 0, Sum: 0, Workers: 4
[111.013s][debug][gc,phases      ] GC(12) Weak Processing 1.013ms
[111.013s][debug][gc,age         ] GC(12) Desired survivor size 349175808 bytes, new threshold 12 (max threshold 15)
[111.013s][info ][gc,heap        ] GC(12) PSYoungGen: 1705066K(1747456K)->250650K(1705984K) Eden: 1455104K(1455104K)->0K(1455104K) From: 249962K(292352K)->250650K(250880K)
[111.013s][info ][gc,heap        ] GC(12) ParOldGen: 6026K(17920K)->6034K(17920K)
[111.013s][info ][gc,metaspace   ] GC(12) Metaspace: 93074K(94272K)->93074K(94272K) NonClass: 79300K(80000K)->79300K(80000K) Class: 13773K(14272K)->13773K(14272K)
[111.013s][info ][gc             ] GC(12) Pause Young (Allocation Failure) 1670M->250M(1683M) 87.046ms
[111.013s][info ][gc,cpu         ] GC(12) User=0.32s Sys=0.01s Real=0.09s
[111.013s][info ][safepoint      ] Safepoint "ParallelGCFailedAllocation", Time since last: 193182947 ns, Reaching safepoint: 7600 ns, Cleanup: 20002 ns, At safepoint: 87135155 ns, Total: 87162757 ns
[112.014s][info ][safepoint      ] Safepoint "Cleanup", Time since last: 1000095049 ns, Reaching safepoint: 7501 ns, Cleanup: 22901 ns, At safepoint: 2701 ns, Total: 33103 ns
[113.014s][info ][safepoint      ] Safepoint "Cleanup", Time since last: 1000082948 ns, Reaching safepoint: 6501 ns, Cleanup: 27301 ns, At safepoint: 2501 ns, Total: 36303 ns
[114.014s][info ][safepoint      ] Safepoint "Cleanup", Time since last: 1000086148 ns, Reaching safepoint: 7201 ns, Cleanup: 10701 ns, At safepoint: 2800 ns, Total: 20702 ns
[115.014s][info ][safepoint      ] Safepoint "Cleanup", Time since last: 1000110150 ns, Reaching safepoint: 6901 ns, Cleanup: 17001 ns, At safepoint: 3100 ns, Total: 27002 ns
[116.014s][info ][safepoint      ] Safepoint "Cleanup", Time since last: 1000121137 ns, Reaching safepoint: 7300 ns, Cleanup: 16801 ns, At safepoint: 5601 ns, Total: 29702 ns
[117.014s][info ][safepoint      ] Safepoint "Cleanup", Time since last: 1000113909 ns, Reaching safepoint: 7600 ns, Cleanup: 12601 ns, At safepoint: 2200 ns, Total: 22401 ns
[118.014s][info ][safepoint      ] Safepoint "Cleanup", Time since last: 1000116410 ns, Reaching safepoint: 6900 ns, Cleanup: 16801 ns, At safepoint: 2700 ns, Total: 26401 ns
[119.015s][info ][safepoint      ] Safepoint "Cleanup", Time since last: 1000120610 ns, Reaching safepoint: 10001 ns, Cleanup: 19201 ns, At safepoint: 6900 ns, Total: 36102 ns
[120.015s][info ][safepoint      ] Safepoint "Cleanup", Time since last: 1000123210 ns, Reaching safepoint: 8101 ns, Cleanup: 28902 ns, At safepoint: 2400 ns, Total: 39403 ns
[121.194s][info ][safepoint      ] Safepoint "Cleanup", Time since last: 1178975533 ns, Reaching safepoint: 6900 ns, Cleanup: 11901 ns, At safepoint: 5100 ns, Total: 23901 ns
[122.194s][info ][safepoint      ] Safepoint "Cleanup", Time since last: 1000109609 ns, Reaching safepoint: 6500 ns, Cleanup: 13401 ns, At safepoint: 2500 ns, Total: 22401 ns
[123.194s][info ][safepoint      ] Safepoint "Cleanup", Time since last: 1000109209 ns, Reaching safepoint: 6401 ns, Cleanup: 6400 ns, At safepoint: 2000 ns, Total: 14801 ns
[124.194s][info ][safepoint      ] Safepoint "Cleanup", Time since last: 1000097611 ns, Reaching safepoint: 6500 ns, Cleanup: 22302 ns, At safepoint: 2100 ns, Total: 30902 ns
[125.194s][info ][safepoint      ] Safepoint "Cleanup", Time since last: 1000121321 ns, Reaching safepoint: 7400 ns, Cleanup: 17701 ns, At safepoint: 2101 ns, Total: 27202 ns
[126.194s][info ][safepoint      ] Safepoint "Cleanup", Time since last: 1000109620 ns, Reaching safepoint: 7100 ns, Cleanup: 9501 ns, At safepoint: 2300 ns, Total: 18901 ns
[126.502s][info ][gc,start       ] GC(13) Pause Young (CodeCache GC Threshold)
[126.598s][debug][gc,phases      ] GC(13) Scavenge 96.092ms
[126.598s][debug][gc,ref         ] GC(13) ReferenceProcessor::execute queues: 4, RefProcThreadModel::Multi, marks_oops_alive: false
[126.599s][debug][gc,ref         ] GC(13) Skipped KeepAliveFinalRefsPhase of Reference Processing: no references
[126.599s][debug][gc,ref         ] GC(13) ReferenceProcessor::execute queues: 1, RefProcThreadModel::Single, marks_oops_alive: false
[126.599s][debug][gc,phases      ] GC(13) Reference Processing 0.791ms
[126.600s][debug][gc,phases      ] GC(13)   VM Weak                        Min:  0.0, Avg:  0.0, Max:  0.0, Diff:  0.0, Sum:  0.0, Workers: 4
[126.600s][debug][gc,phases      ] GC(13)     Dead                           Min: 0, Avg:  0.0, Max: 0, Diff: 0, Sum: 0, Workers: 4
[126.600s][debug][gc,phases      ] GC(13)     Total                          Min: 128, Avg: 226.2, Max: 320, Diff: 192, Sum: 905, Workers: 4
[126.600s][debug][gc,phases      ] GC(13)   ObjectSynchronizer Weak        Min:  0.0, Avg:  0.0, Max:  0.0, Diff:  0.0, Sum:  0.0, Workers: 4
[126.600s][debug][gc,phases      ] GC(13)     Dead                           Min: 0, Avg:  0.0, Max: 0, Diff: 0, Sum: 0, Workers: 4
[126.600s][debug][gc,phases      ] GC(13)     Total                          Min: 0, Avg:  1.0, Max: 4, Diff: 4, Sum: 4, Workers: 4
[126.600s][debug][gc,phases      ] GC(13)   JVMTI Tag Weak OopStorage      Min:  0.0, Avg:  0.0, Max:  0.0, Diff:  0.0, Sum:  0.0, Workers: 4
[126.600s][debug][gc,phases      ] GC(13)     Dead                           Min: 0, Avg:  0.0, Max: 0, Diff: 0, Sum: 0, Workers: 4
[126.600s][debug][gc,phases      ] GC(13)     Total                          Min: 0, Avg:  0.0, Max: 0, Diff: 0, Sum: 0, Workers: 4
[126.600s][debug][gc,phases      ] GC(13)   StringTable Weak               Min:  0.5, Avg:  0.5, Max:  0.5, Diff:  0.0, Sum:  2.1, Workers: 4
[126.600s][debug][gc,phases      ] GC(13)     Dead                           Min: 0, Avg:  0.0, Max: 0, Diff: 0, Sum: 0, Workers: 4
[126.600s][debug][gc,phases      ] GC(13)     Total                          Min: 10523, Avg: 11862.8, Max: 12480, Diff: 1957, Sum: 47451, Workers: 4
[126.600s][debug][gc,phases      ] GC(13)   ResolvedMethodTable Weak       Min:  0.1, Avg:  0.1, Max:  0.1, Diff:  0.0, Sum:  0.5, Workers: 4
[126.600s][debug][gc,phases      ] GC(13)     Dead                           Min: 0, Avg:  0.0, Max: 0, Diff: 0, Sum: 0, Workers: 4
[126.600s][debug][gc,phases      ] GC(13)     Total                          Min: 2746, Avg: 3169.2, Max: 3418, Diff: 672, Sum: 12677, Workers: 4
[126.600s][debug][gc,phases      ] GC(13)   JNI Weak                       Min:  0.0, Avg:  0.0, Max:  0.0, Diff:  0.0, Sum:  0.0, Workers: 4
[126.600s][debug][gc,phases      ] GC(13)     Dead                           Min: 0, Avg:  0.0, Max: 0, Diff: 0, Sum: 0, Workers: 4
[126.600s][debug][gc,phases      ] GC(13)     Total                          Min: 0, Avg: 12.0, Max: 48, Diff: 48, Sum: 48, Workers: 4
[126.600s][debug][gc,phases      ] GC(13)   StringDedup Table Weak         Min:  0.0, Avg:  0.0, Max:  0.0, Diff:  0.0, Sum:  0.0, Workers: 4
[126.600s][debug][gc,phases      ] GC(13)     Dead                           Min: 0, Avg:  0.0, Max: 0, Diff: 0, Sum: 0, Workers: 4
[126.600s][debug][gc,phases      ] GC(13)     Total                          Min: 0, Avg:  0.0, Max: 0, Diff: 0, Sum: 0, Workers: 4
[126.600s][debug][gc,phases      ] GC(13)   StringDedup Requests0 Weak     Min:  0.0, Avg:  0.0, Max:  0.0, Diff:  0.0, Sum:  0.0, Workers: 4
[126.600s][debug][gc,phases      ] GC(13)     Dead                           Min: 0, Avg:  0.0, Max: 0, Diff: 0, Sum: 0, Workers: 4
[126.600s][debug][gc,phases      ] GC(13)     Total                          Min: 0, Avg:  0.0, Max: 0, Diff: 0, Sum: 0, Workers: 4
[126.600s][debug][gc,phases      ] GC(13)   StringDedup Requests1 Weak     Min:  0.0, Avg:  0.0, Max:  0.0, Diff:  0.0, Sum:  0.0, Workers: 4
[126.600s][debug][gc,phases      ] GC(13)     Dead                           Min: 0, Avg:  0.0, Max: 0, Diff: 0, Sum: 0, Workers: 4
[126.600s][debug][gc,phases      ] GC(13)     Total                          Min: 0, Avg:  0.0, Max: 0, Diff: 0, Sum: 0, Workers: 4
[126.600s][debug][gc,phases      ] GC(13)   Weak JFR Old Object Samples    Min:  0.0, Avg:  0.0, Max:  0.0, Diff:  0.0, Sum:  0.0, Workers: 4
[126.600s][debug][gc,phases      ] GC(13)     Dead                           Min: 0, Avg:  0.0, Max: 0, Diff: 0, Sum: 0, Workers: 4
[126.600s][debug][gc,phases      ] GC(13)     Total                          Min: 0, Avg:  0.0, Max: 0, Diff: 0, Sum: 0, Workers: 4
[126.600s][debug][gc,phases      ] GC(13) Weak Processing 0.941ms
[126.600s][debug][gc,age         ] GC(13) Desired survivor size 363331584 bytes, new threshold 13 (max threshold 15)
[126.600s][info ][gc,heap        ] GC(13) PSYoungGen: 1108648K(1705984K)->251442K(1728512K) Eden: 857997K(1455104K)->0K(1387520K) From: 250650K(250880K)->251442K(340992K)
[126.600s][info ][gc,heap        ] GC(13) ParOldGen: 6034K(17920K)->6042K(17920K)
[126.600s][info ][gc,metaspace   ] GC(13) Metaspace: 93132K(94336K)->93132K(94336K) NonClass: 79354K(80064K)->79354K(80064K) Class: 13778K(14272K)->13778K(14272K)
[126.600s][info ][gc             ] GC(13) Pause Young (CodeCache GC Threshold) 1088M->251M(1705M) 98.014ms
[126.600s][info ][gc,cpu         ] GC(13) User=0.33s Sys=0.01s Real=0.10s
[126.600s][debug][gc,phases      ] GC(14) Pre Compact 0.010ms
[126.600s][info ][gc,start       ] GC(14) Pause Full (CodeCache GC Threshold)
[126.600s][info ][gc,phases,start] GC(14) Marking Phase
[126.689s][debug][gc,phases      ] GC(14) Par Mark 89.161ms
[126.690s][debug][gc,ref         ] GC(14) ReferenceProcessor::execute queues: 4, RefProcThreadModel::Multi, marks_oops_alive: false
[126.690s][debug][gc,ref         ] GC(14) ReferenceProcessor::execute queues: 4, RefProcThreadModel::Multi, marks_oops_alive: true
[126.690s][debug][gc,ref         ] GC(14) ReferenceProcessor::execute queues: 1, RefProcThreadModel::Single, marks_oops_alive: false
[126.690s][debug][gc,phases      ] GC(14) Reference Processing 0.873ms
[126.691s][debug][gc,phases      ] GC(14)   VM Weak                        Min:  0.0, Avg:  0.0, Max:  0.0, Diff:  0.0, Sum:  0.0, Workers: 4
[126.691s][debug][gc,phases      ] GC(14)     Dead                           Min: 0, Avg:  0.0, Max: 0, Diff: 0, Sum: 0, Workers: 4
[126.691s][debug][gc,phases      ] GC(14)     Total                          Min: 9, Avg: 226.2, Max: 512, Diff: 503, Sum: 905, Workers: 4
[126.691s][debug][gc,phases      ] GC(14)   ObjectSynchronizer Weak        Min:  0.0, Avg:  0.0, Max:  0.0, Diff:  0.0, Sum:  0.0, Workers: 4
[126.691s][debug][gc,phases      ] GC(14)     Dead                           Min: 0, Avg:  0.0, Max: 0, Diff: 0, Sum: 0, Workers: 4
[126.691s][debug][gc,phases      ] GC(14)     Total                          Min: 0, Avg:  1.0, Max: 4, Diff: 4, Sum: 4, Workers: 4
[126.691s][debug][gc,phases      ] GC(14)   JVMTI Tag Weak OopStorage      Min:  0.0, Avg:  0.0, Max:  0.0, Diff:  0.0, Sum:  0.0, Workers: 4
[126.691s][debug][gc,phases      ] GC(14)     Dead                           Min: 0, Avg:  0.0, Max: 0, Diff: 0, Sum: 0, Workers: 4
[126.691s][debug][gc,phases      ] GC(14)     Total                          Min: 0, Avg:  0.0, Max: 0, Diff: 0, Sum: 0, Workers: 4
[126.691s][debug][gc,phases      ] GC(14)   StringTable Weak               Min:  0.2, Avg:  0.2, Max:  0.2, Diff:  0.0, Sum:  0.8, Workers: 4
[126.691s][debug][gc,phases      ] GC(14)     Dead                           Min: 0, Avg:  0.0, Max: 0, Diff: 0, Sum: 0, Workers: 4
[126.691s][debug][gc,phases      ] GC(14)     Total                          Min: 10816, Avg: 11862.8, Max: 12672, Diff: 1856, Sum: 47451, Workers: 4
[126.691s][debug][gc,phases      ] GC(14)   ResolvedMethodTable Weak       Min:  0.1, Avg:  0.1, Max:  0.1, Diff:  0.0, Sum:  0.2, Workers: 4
[126.691s][debug][gc,phases      ] GC(14)     Dead                           Min: 0, Avg:  0.0, Max: 0, Diff: 0, Sum: 0, Workers: 4
[126.691s][debug][gc,phases      ] GC(14)     Total                          Min: 1920, Avg: 3169.2, Max: 3643, Diff: 1723, Sum: 12677, Workers: 4
[126.691s][debug][gc,phases      ] GC(14)   JNI Weak                       Min:  0.0, Avg:  0.0, Max:  0.0, Diff:  0.0, Sum:  0.0, Workers: 4
[126.691s][debug][gc,phases      ] GC(14)     Dead                           Min: 0, Avg:  0.0, Max: 0, Diff: 0, Sum: 0, Workers: 4
[126.691s][debug][gc,phases      ] GC(14)     Total                          Min: 0, Avg: 12.0, Max: 48, Diff: 48, Sum: 48, Workers: 4
[126.691s][debug][gc,phases      ] GC(14)   StringDedup Table Weak         Min:  0.0, Avg:  0.0, Max:  0.0, Diff:  0.0, Sum:  0.0, Workers: 4
[126.691s][debug][gc,phases      ] GC(14)     Dead                           Min: 0, Avg:  0.0, Max: 0, Diff: 0, Sum: 0, Workers: 4
[126.691s][debug][gc,phases      ] GC(14)     Total                          Min: 0, Avg:  0.0, Max: 0, Diff: 0, Sum: 0, Workers: 4
[126.691s][debug][gc,phases      ] GC(14)   StringDedup Requests0 Weak     Min:  0.0, Avg:  0.0, Max:  0.0, Diff:  0.0, Sum:  0.0, Workers: 4
[126.691s][debug][gc,phases      ] GC(14)     Dead                           Min: 0, Avg:  0.0, Max: 0, Diff: 0, Sum: 0, Workers: 4
[126.691s][debug][gc,phases      ] GC(14)     Total                          Min: 0, Avg:  0.0, Max: 0, Diff: 0, Sum: 0, Workers: 4
[126.691s][debug][gc,phases      ] GC(14)   StringDedup Requests1 Weak     Min:  0.0, Avg:  0.0, Max:  0.0, Diff:  0.0, Sum:  0.0, Workers: 4
[126.691s][debug][gc,phases      ] GC(14)     Dead                           Min: 0, Avg:  0.0, Max: 0, Diff: 0, Sum: 0, Workers: 4
[126.691s][debug][gc,phases      ] GC(14)     Total                          Min: 0, Avg:  0.0, Max: 0, Diff: 0, Sum: 0, Workers: 4
[126.691s][debug][gc,phases      ] GC(14)   Weak JFR Old Object Samples    Min:  0.0, Avg:  0.0, Max:  0.0, Diff:  0.0, Sum:  0.0, Workers: 4
[126.691s][debug][gc,phases      ] GC(14)     Dead                           Min: 0, Avg:  0.0, Max: 0, Diff: 0, Sum: 0, Workers: 4
[126.691s][debug][gc,phases      ] GC(14)     Total                          Min: 0, Avg:  0.0, Max: 0, Diff: 0, Sum: 0, Workers: 4
[126.691s][debug][gc,phases      ] GC(14) Weak Processing 0.501ms
[126.691s][debug][gc,phases      ] GC(14) ClassLoaderData 0.122ms
[126.691s][debug][gc,phases      ] GC(14) Trigger cleanups 0.000ms
[126.747s][debug][gc,phases      ] GC(14) Class Unloading 56.373ms
[126.747s][debug][gc,phases      ] GC(14) Report Object Count 0.002ms
[126.747s][info ][gc,phases      ] GC(14) Marking Phase 147.053ms
[126.747s][info ][gc,phases,start] GC(14) Summary Phase
[126.747s][info ][gc,phases      ] GC(14) Summary Phase 0.011ms
[126.747s][info ][gc,phases,start] GC(14) Adjust Roots
[126.774s][info ][gc,phases      ] GC(14) Adjust Roots 27.059ms
[126.774s][info ][gc,phases,start] GC(14) Compaction Phase
[127.006s][info ][gc,phases      ] GC(14) Compaction Phase 231.836ms
[127.006s][info ][gc,phases,start] GC(14) Post Compact
[127.011s][info ][gc,phases      ] GC(14) Post Compact 5.210ms
[127.011s][info ][gc,heap        ] GC(14) PSYoungGen: 251442K(1728512K)->237813K(1728512K) Eden: 0K(1387520K)->0K(1387520K) From: 251442K(340992K)->237813K(340992K)
[127.011s][info ][gc,heap        ] GC(14) ParOldGen: 6042K(17920K)->17731K(17920K)
[127.011s][info ][gc,metaspace   ] GC(14) Metaspace: 93132K(94336K)->93132K(94336K) NonClass: 79354K(80064K)->79354K(80064K) Class: 13778K(14272K)->13778K(14272K)
[127.011s][info ][gc             ] GC(14) Pause Full (CodeCache GC Threshold) 251M->249M(1705M) 411.362ms
[127.012s][info ][gc,cpu         ] GC(14) User=1.29s Sys=0.02s Real=0.41s
[127.012s][info ][safepoint      ] Safepoint "ParallelGCSystemGC", Time since last: 307613500 ns, Reaching safepoint: 6201 ns, Cleanup: 3300 ns, At safepoint: 509541590 ns, Total: 509551091 ns
[128.012s][info ][safepoint      ] Safepoint "Cleanup", Time since last: 1000099256 ns, Reaching safepoint: 9101 ns, Cleanup: 84706 ns, At safepoint: 8800 ns, Total: 102607 ns
[129.012s][info ][safepoint      ] Safepoint "Cleanup", Time since last: 1000119918 ns, Reaching safepoint: 7201 ns, Cleanup: 19201 ns, At safepoint: 2500 ns, Total: 28902 ns
[130.012s][info ][safepoint      ] Safepoint "Cleanup", Time since last: 1000142920 ns, Reaching safepoint: 8301 ns, Cleanup: 12701 ns, At safepoint: 2200 ns, Total: 23202 ns
[131.012s][info ][safepoint      ] Safepoint "Cleanup", Time since last: 1000122518 ns, Reaching safepoint: 7501 ns, Cleanup: 11100 ns, At safepoint: 2300 ns, Total: 20901 ns
[132.012s][info ][safepoint      ] Safepoint "Cleanup", Time since last: 1000120008 ns, Reaching safepoint: 6800 ns, Cleanup: 12701 ns, At safepoint: 2300 ns, Total: 21801 ns
[133.012s][info ][safepoint      ] Safepoint "Cleanup", Time since last: 1000116950 ns, Reaching safepoint: 7901 ns, Cleanup: 9201 ns, At safepoint: 2600 ns, Total: 19702 ns
[134.013s][info ][safepoint      ] Safepoint "Cleanup", Time since last: 1000112750 ns, Reaching safepoint: 7500 ns, Cleanup: 9601 ns, At safepoint: 2600 ns, Total: 19701 ns
[135.013s][info ][safepoint      ] Safepoint "Cleanup", Time since last: 1000135551 ns, Reaching safepoint: 8101 ns, Cleanup: 10201 ns, At safepoint: 3100 ns, Total: 21402 ns
[136.013s][info ][safepoint      ] Safepoint "Cleanup", Time since last: 1000118450 ns, Reaching safepoint: 9901 ns, Cleanup: 12501 ns, At safepoint: 2600 ns, Total: 25002 ns
[137.013s][info ][safepoint      ] Safepoint "Cleanup", Time since last: 1000119950 ns, Reaching safepoint: 7401 ns, Cleanup: 10600 ns, At safepoint: 2800 ns, Total: 20801 ns
[138.013s][info ][safepoint      ] Safepoint "Cleanup", Time since last: 1000098249 ns, Reaching safepoint: 7701 ns, Cleanup: 7500 ns, At safepoint: 2500 ns, Total: 17701 ns
[140.013s][info ][safepoint      ] Safepoint "Cleanup", Time since last: 2000185254 ns, Reaching safepoint: 7101 ns, Cleanup: 11500 ns, At safepoint: 2601 ns, Total: 21202 ns
[141.014s][info ][safepoint      ] Safepoint "Cleanup", Time since last: 1000116195 ns, Reaching safepoint: 7601 ns, Cleanup: 8600 ns, At safepoint: 2501 ns, Total: 18702 ns
[142.014s][info ][safepoint      ] Safepoint "Cleanup", Time since last: 1000114795 ns, Reaching safepoint: 7801 ns, Cleanup: 10401 ns, At safepoint: 2100 ns, Total: 20302 ns
[143.014s][info ][safepoint      ] Safepoint "Cleanup", Time since last: 1000116096 ns, Reaching safepoint: 8000 ns, Cleanup: 12101 ns, At safepoint: 2200 ns, Total: 22301 ns
[144.014s][info ][safepoint      ] Safepoint "Cleanup", Time since last: 1000110896 ns, Reaching safepoint: 7600 ns, Cleanup: 8901 ns, At safepoint: 2600 ns, Total: 19101 ns
[145.014s][info ][safepoint      ] Safepoint "Cleanup", Time since last: 1000113995 ns, Reaching safepoint: 8401 ns, Cleanup: 15201 ns, At safepoint: 2400 ns, Total: 26002 ns
[146.014s][info ][safepoint      ] Safepoint "Cleanup", Time since last: 1000123930 ns, Reaching safepoint: 7601 ns, Cleanup: 13201 ns, At safepoint: 2300 ns, Total: 23102 ns
[147.014s][info ][safepoint      ] Safepoint "Cleanup", Time since last: 1000119034 ns, Reaching safepoint: 7400 ns, Cleanup: 16201 ns, At safepoint: 2601 ns, Total: 26202 ns
[148.015s][info ][safepoint      ] Safepoint "Cleanup", Time since last: 1000111633 ns, Reaching safepoint: 9400 ns, Cleanup: 20702 ns, At safepoint: 2500 ns, Total: 32602 ns
[149.015s][info ][safepoint      ] Safepoint "Cleanup", Time since last: 1000092033 ns, Reaching safepoint: 7700 ns, Cleanup: 22802 ns, At safepoint: 2800 ns, Total: 33302 ns
[150.015s][info ][safepoint      ] Safepoint "Cleanup", Time since last: 1000114735 ns, Reaching safepoint: 7000 ns, Cleanup: 7901 ns, At safepoint: 2000 ns, Total: 16901 ns
[151.015s][info ][safepoint      ] Safepoint "Cleanup", Time since last: 1000122735 ns, Reaching safepoint: 9800 ns, Cleanup: 16402 ns, At safepoint: 2600 ns, Total: 28802 ns
[152.015s][info ][safepoint      ] Safepoint "Cleanup", Time since last: 1000122435 ns, Reaching safepoint: 8000 ns, Cleanup: 15401 ns, At safepoint: 6101 ns, Total: 29502 ns
[153.015s][info ][safepoint      ] Safepoint "Cleanup", Time since last: 1000114834 ns, Reaching safepoint: 7601 ns, Cleanup: 11300 ns, At safepoint: 2201 ns, Total: 21102 ns
[154.015s][info ][safepoint      ] Safepoint "Cleanup", Time since last: 1000129435 ns, Reaching safepoint: 4700 ns, Cleanup: 18702 ns, At safepoint: 2000 ns, Total: 25402 ns
[155.016s][info ][safepoint      ] Safepoint "Cleanup", Time since last: 1000082132 ns, Reaching safepoint: 8100 ns, Cleanup: 60505 ns, At safepoint: 2400 ns, Total: 71005 ns
[156.016s][info ][safepoint      ] Safepoint "Cleanup", Time since last: 1000097815 ns, Reaching safepoint: 9501 ns, Cleanup: 101506 ns, At safepoint: 2000 ns, Total: 113007 ns
[156.374s][debug][gc,phases      ] GC(15) Pre Compact 0.026ms
[156.374s][info ][gc,start       ] GC(15) Pause Full (Ergonomics)
[156.374s][info ][gc,phases,start] GC(15) Marking Phase
[156.461s][debug][gc,phases      ] GC(15) Par Mark 86.263ms
[156.461s][debug][gc,ref         ] GC(15) ReferenceProcessor::execute queues: 1, RefProcThreadModel::Single, marks_oops_alive: false
[156.461s][debug][gc,ref         ] GC(15) Skipped KeepAliveFinalRefsPhase of Reference Processing: no references
[156.461s][debug][gc,ref         ] GC(15) ReferenceProcessor::execute queues: 1, RefProcThreadModel::Single, marks_oops_alive: false
[156.461s][debug][gc,phases      ] GC(15) Reference Processing 0.206ms
[156.461s][debug][gc,phases      ] GC(15)   VM Weak                        Min:  0.0, Avg:  0.0, Max:  0.0, Diff:  0.0, Sum:  0.0, Workers: 4
[156.461s][debug][gc,phases      ] GC(15)     Dead                           Min: 0, Avg:  0.0, Max: 0, Diff: 0, Sum: 0, Workers: 4
[156.461s][debug][gc,phases      ] GC(15)     Total                          Min: 0, Avg: 230.0, Max: 384, Diff: 384, Sum: 920, Workers: 4
[156.461s][debug][gc,phases      ] GC(15)   ObjectSynchronizer Weak        Min:  0.0, Avg:  0.0, Max:  0.0, Diff:  0.0, Sum:  0.0, Workers: 4
[156.461s][debug][gc,phases      ] GC(15)     Dead                           Min: 0, Avg:  0.0, Max: 0, Diff: 0, Sum: 0, Workers: 4
[156.462s][debug][gc,phases      ] GC(15)     Total                          Min: 0, Avg:  1.0, Max: 4, Diff: 4, Sum: 4, Workers: 4
[156.462s][debug][gc,phases      ] GC(15)   JVMTI Tag Weak OopStorage      Min:  0.0, Avg:  0.0, Max:  0.0, Diff:  0.0, Sum:  0.0, Workers: 4
[156.462s][debug][gc,phases      ] GC(15)     Dead                           Min: 0, Avg:  0.0, Max: 0, Diff: 0, Sum: 0, Workers: 4
[156.462s][debug][gc,phases      ] GC(15)     Total                          Min: 0, Avg:  0.0, Max: 0, Diff: 0, Sum: 0, Workers: 4
[156.462s][debug][gc,phases      ] GC(15)   StringTable Weak               Min:  0.0, Avg:  0.2, Max:  0.3, Diff:  0.3, Sum:  0.8, Workers: 4
[156.462s][debug][gc,phases      ] GC(15)     Dead                           Min: 0, Avg:  0.5, Max: 1, Diff: 1, Sum: 2, Workers: 4
[156.462s][debug][gc,phases      ] GC(15)     Total                          Min: 0, Avg: 11882.5, Max: 16128, Diff: 16128, Sum: 47530, Workers: 4
[156.462s][debug][gc,phases      ] GC(15)   ResolvedMethodTable Weak       Min:  0.0, Avg:  0.1, Max:  0.1, Diff:  0.1, Sum:  0.3, Workers: 4
[156.462s][debug][gc,phases      ] GC(15)     Dead                           Min: 0, Avg:  2.5, Max: 10, Diff: 10, Sum: 10, Workers: 4
[156.462s][debug][gc,phases      ] GC(15)     Total                          Min: 0, Avg: 3189.2, Max: 5903, Diff: 5903, Sum: 12757, Workers: 4
[156.462s][debug][gc,phases      ] GC(15)   JNI Weak                       Min:  0.0, Avg:  0.0, Max:  0.0, Diff:  0.0, Sum:  0.0, Workers: 4
[156.462s][debug][gc,phases      ] GC(15)     Dead                           Min: 0, Avg:  0.0, Max: 0, Diff: 0, Sum: 0, Workers: 4
[156.462s][debug][gc,phases      ] GC(15)     Total                          Min: 0, Avg: 12.0, Max: 48, Diff: 48, Sum: 48, Workers: 4
[156.462s][debug][gc,phases      ] GC(15)   StringDedup Table Weak         Min:  0.0, Avg:  0.0, Max:  0.0, Diff:  0.0, Sum:  0.0, Workers: 4
[156.462s][debug][gc,phases      ] GC(15)     Dead                           Min: 0, Avg:  0.0, Max: 0, Diff: 0, Sum: 0, Workers: 4
[156.462s][debug][gc,phases      ] GC(15)     Total                          Min: 0, Avg:  0.0, Max: 0, Diff: 0, Sum: 0, Workers: 4
[156.462s][debug][gc,phases      ] GC(15)   StringDedup Requests0 Weak     Min:  0.0, Avg:  0.0, Max:  0.0, Diff:  0.0, Sum:  0.0, Workers: 4
[156.462s][debug][gc,phases      ] GC(15)     Dead                           Min: 0, Avg:  0.0, Max: 0, Diff: 0, Sum: 0, Workers: 4
[156.462s][debug][gc,phases      ] GC(15)     Total                          Min: 0, Avg:  0.0, Max: 0, Diff: 0, Sum: 0, Workers: 4
[156.462s][debug][gc,phases      ] GC(15)   StringDedup Requests1 Weak     Min:  0.0, Avg:  0.0, Max:  0.0, Diff:  0.0, Sum:  0.0, Workers: 4
[156.462s][debug][gc,phases      ] GC(15)     Dead                           Min: 0, Avg:  0.0, Max: 0, Diff: 0, Sum: 0, Workers: 4
[156.462s][debug][gc,phases      ] GC(15)     Total                          Min: 0, Avg:  0.0, Max: 0, Diff: 0, Sum: 0, Workers: 4
[156.462s][debug][gc,phases      ] GC(15)   Weak JFR Old Object Samples    Min:  0.0, Avg:  0.0, Max:  0.0, Diff:  0.0, Sum:  0.0, Workers: 4
[156.462s][debug][gc,phases      ] GC(15)     Dead                           Min: 0, Avg:  0.0, Max: 0, Diff: 0, Sum: 0, Workers: 4
[156.462s][debug][gc,phases      ] GC(15)     Total                          Min: 0, Avg:  0.0, Max: 0, Diff: 0, Sum: 0, Workers: 4
[156.462s][debug][gc,phases      ] GC(15) Weak Processing 0.699ms
[156.462s][debug][gc,phases      ] GC(15) ClassLoaderData 0.130ms
[156.462s][debug][gc,phases      ] GC(15) Trigger cleanups 0.000ms
[156.515s][debug][gc,phases      ] GC(15) Class Unloading 53.573ms
[156.515s][debug][gc,phases      ] GC(15) Report Object Count 0.001ms
[156.515s][info ][gc,phases      ] GC(15) Marking Phase 140.865ms
[156.515s][info ][gc,phases,start] GC(15) Summary Phase
[156.515s][info ][gc,phases      ] GC(15) Summary Phase 0.027ms
[156.515s][info ][gc,phases,start] GC(15) Adjust Roots
[156.531s][info ][gc,phases      ] GC(15) Adjust Roots 15.200ms
[156.531s][info ][gc,phases,start] GC(15) Compaction Phase
[156.642s][info ][gc,phases      ] GC(15) Compaction Phase 111.177ms
[156.642s][info ][gc,phases,start] GC(15) Post Compact
[156.673s][info ][gc,phases      ] GC(15) Post Compact 31.593ms
[156.674s][info ][gc,heap        ] GC(15) PSYoungGen: 1625333K(1728512K)->237479K(1742336K) Eden: 1387520K(1387520K)->237479K(1387520K) From: 237813K(340992K)->0K(354816K)
[156.674s][info ][gc,heap        ] GC(15) ParOldGen: 17731K(17920K)->17914K(37376K)
[156.674s][info ][gc,metaspace   ] GC(15) Metaspace: 93249K(94464K)->93249K(94464K) NonClass: 79446K(80128K)->79446K(80128K) Class: 13803K(14336K)->13803K(14336K)
[156.674s][info ][gc             ] GC(15) Pause Full (Ergonomics) 1604M->249M(1738M) 299.150ms
[156.674s][info ][gc,cpu         ] GC(15) User=0.79s Sys=0.05s Real=0.30s
[156.674s][info ][safepoint      ] Safepoint "ParallelGCFailedAllocation", Time since last: 358573457 ns, Reaching safepoint: 7201 ns, Cleanup: 41903 ns, At safepoint: 299302146 ns, Total: 299351250 ns
[158.527s][info ][safepoint      ] Safepoint "Cleanup", Time since last: 1852718634 ns, Reaching safepoint: 168911 ns, Cleanup: 105407 ns, At safepoint: 9501 ns, Total: 283819 ns
[159.527s][info ][safepoint      ] Safepoint "Cleanup", Time since last: 1000121083 ns, Reaching safepoint: 82606 ns, Cleanup: 46703 ns, At safepoint: 9500 ns, Total: 138809 ns
[160.527s][info ][safepoint      ] Safepoint "Cleanup", Time since last: 1000134284 ns, Reaching safepoint: 79306 ns, Cleanup: 14701 ns, At safepoint: 5200 ns, Total: 99207 ns
[161.527s][info ][safepoint      ] Safepoint "Cleanup", Time since last: 1000109182 ns, Reaching safepoint: 85606 ns, Cleanup: 9401 ns, At safepoint: 7700 ns, Total: 102707 ns
[162.528s][info ][safepoint      ] Safepoint "Cleanup", Time since last: 1000445005 ns, Reaching safepoint: 86206 ns, Cleanup: 13701 ns, At safepoint: 9500 ns, Total: 109407 ns
[163.528s][info ][safepoint      ] Safepoint "Cleanup", Time since last: 1000118583 ns, Reaching safepoint: 80306 ns, Cleanup: 9300 ns, At safepoint: 7201 ns, Total: 96807 ns
[164.528s][info ][safepoint      ] Safepoint "Cleanup", Time since last: 1000116296 ns, Reaching safepoint: 80305 ns, Cleanup: 9201 ns, At safepoint: 6700 ns, Total: 96206 ns
[165.529s][info ][safepoint      ] Safepoint "Cleanup", Time since last: 1000138982 ns, Reaching safepoint: 83905 ns, Cleanup: 15701 ns, At safepoint: 7201 ns, Total: 106807 ns
[166.529s][info ][safepoint      ] Safepoint "Cleanup", Time since last: 1000121780 ns, Reaching safepoint: 89306 ns, Cleanup: 8401 ns, At safepoint: 9300 ns, Total: 107007 ns
[168.529s][info ][safepoint      ] Safepoint "Cleanup", Time since last: 2000438274 ns, Reaching safepoint: 86205 ns, Cleanup: 10501 ns, At safepoint: 12501 ns, Total: 109207 ns
[169.530s][info ][safepoint      ] Safepoint "Cleanup", Time since last: 1000114980 ns, Reaching safepoint: 9000 ns, Cleanup: 13401 ns, At safepoint: 3000 ns, Total: 25401 ns
[170.530s][info ][safepoint      ] Safepoint "Cleanup", Time since last: 1000089995 ns, Reaching safepoint: 6800 ns, Cleanup: 23502 ns, At safepoint: 5700 ns, Total: 36002 ns
[171.530s][info ][safepoint      ] Safepoint "Cleanup", Time since last: 1000123952 ns, Reaching safepoint: 84305 ns, Cleanup: 9201 ns, At safepoint: 7201 ns, Total: 100707 ns
[172.530s][info ][safepoint      ] Safepoint "Cleanup", Time since last: 1000130852 ns, Reaching safepoint: 7100 ns, Cleanup: 17702 ns, At safepoint: 2100 ns, Total: 26902 ns
[173.530s][info ][safepoint      ] Safepoint "Cleanup", Time since last: 1000106641 ns, Reaching safepoint: 7200 ns, Cleanup: 47703 ns, At safepoint: 10201 ns, Total: 65104 ns
[174.530s][info ][safepoint      ] Safepoint "Cleanup", Time since last: 1000114542 ns, Reaching safepoint: 8100 ns, Cleanup: 17501 ns, At safepoint: 2401 ns, Total: 28002 ns
[175.531s][info ][safepoint      ] Safepoint "Cleanup", Time since last: 1000135643 ns, Reaching safepoint: 7600 ns, Cleanup: 77905 ns, At safepoint: 2701 ns, Total: 88206 ns
[176.531s][info ][safepoint      ] Safepoint "Cleanup", Time since last: 1000115041 ns, Reaching safepoint: 7301 ns, Cleanup: 12400 ns, At safepoint: 2401 ns, Total: 22102 ns
[177.531s][info ][safepoint      ] Safepoint "Cleanup", Time since last: 1000152344 ns, Reaching safepoint: 115808 ns, Cleanup: 21101 ns, At safepoint: 11101 ns, Total: 148010 ns
[178.531s][info ][safepoint      ] Safepoint "Cleanup", Time since last: 1000087640 ns, Reaching safepoint: 7400 ns, Cleanup: 11601 ns, At safepoint: 2200 ns, Total: 21201 ns
[179.531s][info ][safepoint      ] Safepoint "Cleanup", Time since last: 1000119342 ns, Reaching safepoint: 6900 ns, Cleanup: 11601 ns, At safepoint: 2700 ns, Total: 21201 ns
[179.579s][info ][gc,start       ] GC(16) Pause Young (Allocation Failure)
[179.663s][debug][gc,phases      ] GC(16) Scavenge 83.079ms
[179.663s][debug][gc,ref         ] GC(16) ReferenceProcessor::execute queues: 4, RefProcThreadModel::Multi, marks_oops_alive: false
[179.663s][debug][gc,ref         ] GC(16) Skipped KeepAliveFinalRefsPhase of Reference Processing: no references
[179.663s][debug][gc,ref         ] GC(16) ReferenceProcessor::execute queues: 1, RefProcThreadModel::Single, marks_oops_alive: false
[179.663s][debug][gc,phases      ] GC(16) Reference Processing 0.758ms
[179.664s][debug][gc,phases      ] GC(16)   VM Weak                        Min:  0.0, Avg:  0.0, Max:  0.0, Diff:  0.0, Sum:  0.0, Workers: 4
[179.664s][debug][gc,phases      ] GC(16)     Dead                           Min: 0, Avg:  0.0, Max: 0, Diff: 0, Sum: 0, Workers: 4
[179.664s][debug][gc,phases      ] GC(16)     Total                          Min: 0, Avg: 233.2, Max: 485, Diff: 485, Sum: 933, Workers: 4
[179.664s][debug][gc,phases      ] GC(16)   ObjectSynchronizer Weak        Min:  0.0, Avg:  0.0, Max:  0.0, Diff:  0.0, Sum:  0.0, Workers: 4
[179.664s][debug][gc,phases      ] GC(16)     Dead                           Min: 0, Avg:  0.0, Max: 0, Diff: 0, Sum: 0, Workers: 4
[179.664s][debug][gc,phases      ] GC(16)     Total                          Min: 0, Avg:  1.0, Max: 4, Diff: 4, Sum: 4, Workers: 4
[179.664s][debug][gc,phases      ] GC(16)   JVMTI Tag Weak OopStorage      Min:  0.0, Avg:  0.0, Max:  0.0, Diff:  0.0, Sum:  0.0, Workers: 4
[179.664s][debug][gc,phases      ] GC(16)     Dead                           Min: 0, Avg:  0.0, Max: 0, Diff: 0, Sum: 0, Workers: 4
[179.664s][debug][gc,phases      ] GC(16)     Total                          Min: 0, Avg:  0.0, Max: 0, Diff: 0, Sum: 0, Workers: 4
[179.664s][debug][gc,phases      ] GC(16)   StringTable Weak               Min:  0.0, Avg:  0.5, Max:  0.6, Diff:  0.6, Sum:  1.8, Workers: 4
[179.664s][debug][gc,phases      ] GC(16)     Dead                           Min: 0, Avg:  0.5, Max: 1, Diff: 1, Sum: 2, Workers: 4
[179.664s][debug][gc,phases      ] GC(16)     Total                          Min: 0, Avg: 11897.2, Max: 16486, Diff: 16486, Sum: 47589, Workers: 4
[179.664s][debug][gc,phases      ] GC(16)   ResolvedMethodTable Weak       Min:  0.0, Avg:  0.1, Max:  0.2, Diff:  0.2, Sum:  0.6, Workers: 4
[179.664s][debug][gc,phases      ] GC(16)     Dead                           Min: 0, Avg:  3.2, Max: 7, Diff: 7, Sum: 13, Workers: 4
[179.664s][debug][gc,phases      ] GC(16)     Total                          Min: 0, Avg: 3214.5, Max: 4372, Diff: 4372, Sum: 12858, Workers: 4
[179.664s][debug][gc,phases      ] GC(16)   JNI Weak                       Min:  0.0, Avg:  0.0, Max:  0.0, Diff:  0.0, Sum:  0.0, Workers: 4
[179.664s][debug][gc,phases      ] GC(16)     Dead                           Min: 0, Avg:  0.0, Max: 0, Diff: 0, Sum: 0, Workers: 4
[179.664s][debug][gc,phases      ] GC(16)     Total                          Min: 0, Avg: 12.0, Max: 48, Diff: 48, Sum: 48, Workers: 4
[179.664s][debug][gc,phases      ] GC(16)   StringDedup Table Weak         Min:  0.0, Avg:  0.0, Max:  0.0, Diff:  0.0, Sum:  0.0, Workers: 4
[179.664s][debug][gc,phases      ] GC(16)     Dead                           Min: 0, Avg:  0.0, Max: 0, Diff: 0, Sum: 0, Workers: 4
[179.664s][debug][gc,phases      ] GC(16)     Total                          Min: 0, Avg:  0.0, Max: 0, Diff: 0, Sum: 0, Workers: 4
[179.664s][debug][gc,phases      ] GC(16)   StringDedup Requests0 Weak     Min:  0.0, Avg:  0.0, Max:  0.0, Diff:  0.0, Sum:  0.0, Workers: 4
[179.664s][debug][gc,phases      ] GC(16)     Dead                           Min: 0, Avg:  0.0, Max: 0, Diff: 0, Sum: 0, Workers: 4
[179.664s][debug][gc,phases      ] GC(16)     Total                          Min: 0, Avg:  0.0, Max: 0, Diff: 0, Sum: 0, Workers: 4
[179.664s][debug][gc,phases      ] GC(16)   StringDedup Requests1 Weak     Min:  0.0, Avg:  0.0, Max:  0.0, Diff:  0.0, Sum:  0.0, Workers: 4
[179.664s][debug][gc,phases      ] GC(16)     Dead                           Min: 0, Avg:  0.0, Max: 0, Diff: 0, Sum: 0, Workers: 4
[179.664s][debug][gc,phases      ] GC(16)     Total                          Min: 0, Avg:  0.0, Max: 0, Diff: 0, Sum: 0, Workers: 4
[179.664s][debug][gc,phases      ] GC(16)   Weak JFR Old Object Samples    Min:  0.0, Avg:  0.0, Max:  0.0, Diff:  0.0, Sum:  0.0, Workers: 4
[179.664s][debug][gc,phases      ] GC(16)     Dead                           Min: 0, Avg:  0.0, Max: 0, Diff: 0, Sum: 0, Workers: 4
[179.664s][debug][gc,phases      ] GC(16)     Total                          Min: 0, Avg:  0.0, Max: 0, Diff: 0, Sum: 0, Workers: 4
[179.664s][debug][gc,phases      ] GC(16) Weak Processing 1.057ms
[179.664s][debug][gc,age         ] GC(16) Desired survivor size 369623040 bytes, new threshold 14 (max threshold 15)
[179.664s][info ][gc,heap        ] GC(16) PSYoungGen: 1387520K(1742336K)->239916K(1716224K) Eden: 1387520K(1387520K)->0K(1375232K) From: 0K(354816K)->239916K(340992K)
[179.664s][info ][gc,heap        ] GC(16) ParOldGen: 17914K(37376K)->17922K(37376K)
[179.664s][info ][gc,metaspace   ] GC(16) Metaspace: 93450K(94656K)->93450K(94656K) NonClass: 79612K(80320K)->79612K(80320K) Class: 13838K(14336K)->13838K(14336K)
[179.665s][info ][gc             ] GC(16) Pause Young (Allocation Failure) 1372M->251M(1712M) 85.061ms
[179.665s][info ][gc,cpu         ] GC(16) User=0.31s Sys=0.00s Real=0.08s
[179.665s][info ][safepoint      ] Safepoint "ParallelGCFailedAllocation", Time since last: 48156348 ns, Reaching safepoint: 7300 ns, Cleanup: 4000 ns, At safepoint: 85146342 ns, Total: 85157642 ns
[181.209s][info ][safepoint      ] Safepoint "Cleanup", Time since last: 1544727134 ns, Reaching safepoint: 6601 ns, Cleanup: 32202 ns, At safepoint: 2600 ns, Total: 41403 ns
[182.209s][info ][safepoint      ] Safepoint "Cleanup", Time since last: 1000119377 ns, Reaching safepoint: 8101 ns, Cleanup: 37302 ns, At safepoint: 8801 ns, Total: 54204 ns
[183.210s][info ][safepoint      ] Safepoint "Cleanup", Time since last: 1000105777 ns, Reaching safepoint: 7200 ns, Cleanup: 18001 ns, At safepoint: 2400 ns, Total: 27601 ns
[184.210s][info ][safepoint      ] Safepoint "Cleanup", Time since last: 1000083676 ns, Reaching safepoint: 6500 ns, Cleanup: 11401 ns, At safepoint: 2400 ns, Total: 20301 ns
[185.210s][info ][safepoint      ] Safepoint "Cleanup", Time since last: 1000106377 ns, Reaching safepoint: 7500 ns, Cleanup: 11301 ns, At safepoint: 2500 ns, Total: 21301 ns
[186.210s][info ][safepoint      ] Safepoint "Cleanup", Time since last: 1000113477 ns, Reaching safepoint: 6201 ns, Cleanup: 17201 ns, At safepoint: 2100 ns, Total: 25502 ns
[190.210s][info ][safepoint      ] Safepoint "Cleanup", Time since last: 4000323915 ns, Reaching safepoint: 7200 ns, Cleanup: 11201 ns, At safepoint: 2400 ns, Total: 20801 ns
[193.211s][info ][safepoint      ] Safepoint "Cleanup", Time since last: 3000269084 ns, Reaching safepoint: 86205 ns, Cleanup: 15801 ns, At safepoint: 7101 ns, Total: 109107 ns
[195.211s][info ][safepoint      ] Safepoint "Cleanup", Time since last: 2000178556 ns, Reaching safepoint: 9700 ns, Cleanup: 9901 ns, At safepoint: 2600 ns, Total: 22201 ns
[196.211s][info ][safepoint      ] Safepoint "Cleanup", Time since last: 1000133314 ns, Reaching safepoint: 8701 ns, Cleanup: 13101 ns, At safepoint: 2600 ns, Total: 24402 ns
[197.211s][info ][safepoint      ] Safepoint "Cleanup", Time since last: 1000126076 ns, Reaching safepoint: 8301 ns, Cleanup: 11700 ns, At safepoint: 2601 ns, Total: 22602 ns
[199.211s][info ][safepoint      ] Safepoint "Cleanup", Time since last: 2000213449 ns, Reaching safepoint: 9801 ns, Cleanup: 11501 ns, At safepoint: 2600 ns, Total: 23902 ns
[200.212s][info ][safepoint      ] Safepoint "Cleanup", Time since last: 1000148978 ns, Reaching safepoint: 8600 ns, Cleanup: 10001 ns, At safepoint: 2500 ns, Total: 21101 ns
[202.212s][info ][safepoint      ] Safepoint "Cleanup", Time since last: 2000194648 ns, Reaching safepoint: 7301 ns, Cleanup: 11701 ns, At safepoint: 2300 ns, Total: 21302 ns
[203.212s][info ][safepoint      ] Safepoint "Cleanup", Time since last: 1000138177 ns, Reaching safepoint: 9700 ns, Cleanup: 10601 ns, At safepoint: 2500 ns, Total: 22801 ns
[205.212s][info ][safepoint      ] Safepoint "Cleanup", Time since last: 2000165287 ns, Reaching safepoint: 6801 ns, Cleanup: 12201 ns, At safepoint: 6000 ns, Total: 25002 ns
[206.976s][info ][gc,start       ] GC(17) Pause Young (Allocation Failure)
[207.054s][debug][gc,phases      ] GC(17) Scavenge 78.132ms
[207.055s][debug][gc,ref         ] GC(17) ReferenceProcessor::execute queues: 4, RefProcThreadModel::Multi, marks_oops_alive: false
[207.055s][debug][gc,ref         ] GC(17) Skipped KeepAliveFinalRefsPhase of Reference Processing: no references
[207.055s][debug][gc,ref         ] GC(17) ReferenceProcessor::execute queues: 1, RefProcThreadModel::Single, marks_oops_alive: false
[207.055s][debug][gc,phases      ] GC(17) Reference Processing 0.552ms
[207.056s][debug][gc,phases      ] GC(17)   VM Weak                        Min:  0.0, Avg:  0.0, Max:  0.0, Diff:  0.0, Sum:  0.0, Workers: 4
[207.056s][debug][gc,phases      ] GC(17)     Dead                           Min: 0, Avg:  0.0, Max: 0, Diff: 0, Sum: 0, Workers: 4
[207.056s][debug][gc,phases      ] GC(17)     Total                          Min: 64, Avg: 233.2, Max: 384, Diff: 320, Sum: 933, Workers: 4
[207.056s][debug][gc,phases      ] GC(17)   ObjectSynchronizer Weak        Min:  0.0, Avg:  0.0, Max:  0.0, Diff:  0.0, Sum:  0.0, Workers: 4
[207.056s][debug][gc,phases      ] GC(17)     Dead                           Min: 0, Avg:  0.0, Max: 0, Diff: 0, Sum: 0, Workers: 4
[207.056s][debug][gc,phases      ] GC(17)     Total                          Min: 0, Avg:  1.0, Max: 4, Diff: 4, Sum: 4, Workers: 4
[207.056s][debug][gc,phases      ] GC(17)   JVMTI Tag Weak OopStorage      Min:  0.0, Avg:  0.0, Max:  0.0, Diff:  0.0, Sum:  0.0, Workers: 4
[207.056s][debug][gc,phases      ] GC(17)     Dead                           Min: 0, Avg:  0.0, Max: 0, Diff: 0, Sum: 0, Workers: 4
[207.056s][debug][gc,phases      ] GC(17)     Total                          Min: 0, Avg:  0.0, Max: 0, Diff: 0, Sum: 0, Workers: 4
[207.056s][debug][gc,phases      ] GC(17)   StringTable Weak               Min:  0.6, Avg:  0.6, Max:  0.6, Diff:  0.0, Sum:  2.2, Workers: 4
[207.056s][debug][gc,phases      ] GC(17)     Dead                           Min: 0, Avg:  0.0, Max: 0, Diff: 0, Sum: 0, Workers: 4
[207.056s][debug][gc,phases      ] GC(17)     Total                          Min: 10432, Avg: 11907.5, Max: 12480, Diff: 2048, Sum: 47630, Workers: 4
[207.056s][debug][gc,phases      ] GC(17)   ResolvedMethodTable Weak       Min:  0.1, Avg:  0.2, Max:  0.2, Diff:  0.0, Sum:  0.6, Workers: 4
[207.056s][debug][gc,phases      ] GC(17)     Dead                           Min: 0, Avg:  0.0, Max: 0, Diff: 0, Sum: 0, Workers: 4
[207.056s][debug][gc,phases      ] GC(17)     Total                          Min: 2896, Avg: 3215.8, Max: 3386, Diff: 490, Sum: 12863, Workers: 4
[207.056s][debug][gc,phases      ] GC(17)   JNI Weak                       Min:  0.0, Avg:  0.0, Max:  0.0, Diff:  0.0, Sum:  0.0, Workers: 4
[207.056s][debug][gc,phases      ] GC(17)     Dead                           Min: 0, Avg:  0.0, Max: 0, Diff: 0, Sum: 0, Workers: 4
[207.056s][debug][gc,phases      ] GC(17)     Total                          Min: 0, Avg: 12.0, Max: 48, Diff: 48, Sum: 48, Workers: 4
[207.056s][debug][gc,phases      ] GC(17)   StringDedup Table Weak         Min:  0.0, Avg:  0.0, Max:  0.0, Diff:  0.0, Sum:  0.0, Workers: 4
[207.056s][debug][gc,phases      ] GC(17)     Dead                           Min: 0, Avg:  0.0, Max: 0, Diff: 0, Sum: 0, Workers: 4
[207.056s][debug][gc,phases      ] GC(17)     Total                          Min: 0, Avg:  0.0, Max: 0, Diff: 0, Sum: 0, Workers: 4
[207.056s][debug][gc,phases      ] GC(17)   StringDedup Requests0 Weak     Min:  0.0, Avg:  0.0, Max:  0.0, Diff:  0.0, Sum:  0.0, Workers: 4
[207.056s][debug][gc,phases      ] GC(17)     Dead                           Min: 0, Avg:  0.0, Max: 0, Diff: 0, Sum: 0, Workers: 4
[207.056s][debug][gc,phases      ] GC(17)     Total                          Min: 0, Avg:  0.0, Max: 0, Diff: 0, Sum: 0, Workers: 4
[207.056s][debug][gc,phases      ] GC(17)   StringDedup Requests1 Weak     Min:  0.0, Avg:  0.0, Max:  0.0, Diff:  0.0, Sum:  0.0, Workers: 4
[207.056s][debug][gc,phases      ] GC(17)     Dead                           Min: 0, Avg:  0.0, Max: 0, Diff: 0, Sum: 0, Workers: 4
[207.056s][debug][gc,phases      ] GC(17)     Total                          Min: 0, Avg:  0.0, Max: 0, Diff: 0, Sum: 0, Workers: 4
[207.056s][debug][gc,phases      ] GC(17)   Weak JFR Old Object Samples    Min:  0.0, Avg:  0.0, Max:  0.0, Diff:  0.0, Sum:  0.0, Workers: 4
[207.056s][debug][gc,phases      ] GC(17)     Dead                           Min: 0, Avg:  0.0, Max: 0, Diff: 0, Sum: 0, Workers: 4
[207.056s][debug][gc,phases      ] GC(17)     Total                          Min: 0, Avg:  0.0, Max: 0, Diff: 0, Sum: 0, Workers: 4
[207.056s][debug][gc,phases      ] GC(17) Weak Processing 0.974ms
[207.056s][debug][gc,age         ] GC(17) Desired survivor size 373293056 bytes, new threshold 15 (max threshold 15)
[207.056s][info ][gc,heap        ] GC(17) PSYoungGen: 1615148K(1716224K)->239629K(1615360K) Eden: 1375232K(1375232K)->0K(1375232K) From: 239916K(340992K)->239629K(240128K)
[207.056s][info ][gc,heap        ] GC(17) ParOldGen: 17922K(37376K)->17930K(37376K)
[207.056s][info ][gc,metaspace   ] GC(17) Metaspace: 93536K(94784K)->93536K(94784K) NonClass: 79694K(80448K)->79694K(80448K) Class: 13842K(14336K)->13842K(14336K)
[207.056s][info ][gc             ] GC(17) Pause Young (Allocation Failure) 1594M->251M(1614M) 79.847ms
[207.056s][info ][gc,cpu         ] GC(17) User=0.29s Sys=0.01s Real=0.08s
[207.056s][info ][safepoint      ] Safepoint "ParallelGCFailedAllocation", Time since last: 1764027304 ns, Reaching safepoint: 7201 ns, Cleanup: 10600 ns, At safepoint: 79960605 ns, Total: 79978406 ns
[208.056s][info ][safepoint      ] Safepoint "Cleanup", Time since last: 1000094398 ns, Reaching safepoint: 6300 ns, Cleanup: 9501 ns, At safepoint: 2200 ns, Total: 18001 ns
[210.057s][info ][safepoint      ] Safepoint "Cleanup", Time since last: 2000184891 ns, Reaching safepoint: 6200 ns, Cleanup: 7401 ns, At safepoint: 2100 ns, Total: 15701 ns
[212.057s][info ][safepoint      ] Safepoint "Cleanup", Time since last: 2000181843 ns, Reaching safepoint: 6601 ns, Cleanup: 13801 ns, At safepoint: 2400 ns, Total: 22802 ns
[213.057s][info ][safepoint      ] Safepoint "Cleanup", Time since last: 1000119393 ns, Reaching safepoint: 6800 ns, Cleanup: 13301 ns, At safepoint: 2200 ns, Total: 22301 ns
[214.057s][info ][safepoint      ] Safepoint "Cleanup", Time since last: 1000123594 ns, Reaching safepoint: 7500 ns, Cleanup: 10501 ns, At safepoint: 2400 ns, Total: 20401 ns
[215.057s][info ][safepoint      ] Safepoint "Cleanup", Time since last: 1000116793 ns, Reaching safepoint: 6500 ns, Cleanup: 9501 ns, At safepoint: 2500 ns, Total: 18501 ns
[216.057s][info ][safepoint      ] Safepoint "Cleanup", Time since last: 1000111293 ns, Reaching safepoint: 6800 ns, Cleanup: 10201 ns, At safepoint: 2000 ns, Total: 19001 ns
[218.057s][info ][safepoint      ] Safepoint "Cleanup", Time since last: 2000164281 ns, Reaching safepoint: 7301 ns, Cleanup: 13801 ns, At safepoint: 2400 ns, Total: 23502 ns
[220.058s][info ][safepoint      ] Safepoint "Cleanup", Time since last: 2000178189 ns, Reaching safepoint: 6601 ns, Cleanup: 14800 ns, At safepoint: 2701 ns, Total: 24102 ns
[221.058s][info ][safepoint      ] Safepoint "Cleanup", Time since last: 1000115851 ns, Reaching safepoint: 6501 ns, Cleanup: 18601 ns, At safepoint: 2400 ns, Total: 27502 ns
[222.058s][info ][safepoint      ] Safepoint "Cleanup", Time since last: 1000118652 ns, Reaching safepoint: 7101 ns, Cleanup: 11600 ns, At safepoint: 2400 ns, Total: 21101 ns
[224.058s][info ][safepoint      ] Safepoint "Cleanup", Time since last: 2000141899 ns, Reaching safepoint: 6900 ns, Cleanup: 8701 ns, At safepoint: 2500 ns, Total: 18101 ns
[225.058s][info ][safepoint      ] Safepoint "Cleanup", Time since last: 1000121252 ns, Reaching safepoint: 6201 ns, Cleanup: 24401 ns, At safepoint: 2200 ns, Total: 32802 ns
[226.058s][info ][safepoint      ] Safepoint "Cleanup", Time since last: 1000076250 ns, Reaching safepoint: 6500 ns, Cleanup: 24802 ns, At safepoint: 2200 ns, Total: 33502 ns
[227.059s][info ][safepoint      ] Safepoint "Cleanup", Time since last: 1000121807 ns, Reaching safepoint: 7101 ns, Cleanup: 44703 ns, At safepoint: 7100 ns, Total: 58904 ns
[228.059s][info ][safepoint      ] Safepoint "Cleanup", Time since last: 1000118188 ns, Reaching safepoint: 6501 ns, Cleanup: 32902 ns, At safepoint: 2000 ns, Total: 41403 ns
[229.059s][info ][safepoint      ] Safepoint "Cleanup", Time since last: 1000117887 ns, Reaching safepoint: 6300 ns, Cleanup: 9401 ns, At safepoint: 2500 ns, Total: 18201 ns
[230.059s][info ][safepoint      ] Safepoint "Cleanup", Time since last: 1000110086 ns, Reaching safepoint: 6901 ns, Cleanup: 21401 ns, At safepoint: 2300 ns, Total: 30602 ns
[231.059s][info ][safepoint      ] Safepoint "Cleanup", Time since last: 1000100786 ns, Reaching safepoint: 8501 ns, Cleanup: 14500 ns, At safepoint: 2601 ns, Total: 25602 ns
[232.059s][info ][safepoint      ] Safepoint "Cleanup", Time since last: 1000125787 ns, Reaching safepoint: 6400 ns, Cleanup: 28102 ns, At safepoint: 2500 ns, Total: 37002 ns
[233.059s][info ][safepoint      ] Safepoint "Cleanup", Time since last: 1000118887 ns, Reaching safepoint: 9101 ns, Cleanup: 10601 ns, At safepoint: 2700 ns, Total: 22402 ns
[234.060s][info ][safepoint      ] Safepoint "Cleanup", Time since last: 1000084784 ns, Reaching safepoint: 7201 ns, Cleanup: 8200 ns, At safepoint: 2401 ns, Total: 17802 ns
[234.575s][info ][gc,start       ] GC(18) Pause Young (Allocation Failure)
[234.656s][debug][gc,phases      ] GC(18) Scavenge 80.582ms
[234.656s][debug][gc,ref         ] GC(18) ReferenceProcessor::execute queues: 4, RefProcThreadModel::Multi, marks_oops_alive: false
[234.657s][debug][gc,ref         ] GC(18) Skipped KeepAliveFinalRefsPhase of Reference Processing: no references
[234.657s][debug][gc,ref         ] GC(18) ReferenceProcessor::execute queues: 1, RefProcThreadModel::Single, marks_oops_alive: false
[234.657s][debug][gc,phases      ] GC(18) Reference Processing 0.549ms
[234.657s][debug][gc,phases      ] GC(18)   VM Weak                        Min:  0.0, Avg:  0.0, Max:  0.0, Diff:  0.0, Sum:  0.0, Workers: 4
[234.657s][debug][gc,phases      ] GC(18)     Dead                           Min: 0, Avg:  0.0, Max: 0, Diff: 0, Sum: 0, Workers: 4
[234.657s][debug][gc,phases      ] GC(18)     Total                          Min: 0, Avg: 233.5, Max: 486, Diff: 486, Sum: 934, Workers: 4
[234.658s][debug][gc,phases      ] GC(18)   ObjectSynchronizer Weak        Min:  0.0, Avg:  0.0, Max:  0.0, Diff:  0.0, Sum:  0.0, Workers: 4
[234.658s][debug][gc,phases      ] GC(18)     Dead                           Min: 0, Avg:  0.0, Max: 0, Diff: 0, Sum: 0, Workers: 4
[234.658s][debug][gc,phases      ] GC(18)     Total                          Min: 0, Avg:  1.0, Max: 4, Diff: 4, Sum: 4, Workers: 4
[234.658s][debug][gc,phases      ] GC(18)   JVMTI Tag Weak OopStorage      Min:  0.0, Avg:  0.0, Max:  0.0, Diff:  0.0, Sum:  0.0, Workers: 4
[234.658s][debug][gc,phases      ] GC(18)     Dead                           Min: 0, Avg:  0.0, Max: 0, Diff: 0, Sum: 0, Workers: 4
[234.658s][debug][gc,phases      ] GC(18)     Total                          Min: 0, Avg:  0.0, Max: 0, Diff: 0, Sum: 0, Workers: 4
[234.658s][debug][gc,phases      ] GC(18)   StringTable Weak               Min:  0.0, Avg:  0.4, Max:  0.6, Diff:  0.6, Sum:  1.7, Workers: 4
[234.658s][debug][gc,phases      ] GC(18)     Dead                           Min: 0, Avg:  0.0, Max: 0, Diff: 0, Sum: 0, Workers: 4
[234.658s][debug][gc,phases      ] GC(18)     Total                          Min: 0, Avg: 11914.5, Max: 19584, Diff: 19584, Sum: 47658, Workers: 4
[234.658s][debug][gc,phases      ] GC(18)   ResolvedMethodTable Weak       Min:  0.0, Avg:  0.1, Max:  0.2, Diff:  0.2, Sum:  0.5, Workers: 4
[234.658s][debug][gc,phases      ] GC(18)     Dead                           Min: 0, Avg:  0.0, Max: 0, Diff: 0, Sum: 0, Workers: 4
[234.658s][debug][gc,phases      ] GC(18)     Total                          Min: 0, Avg: 3217.2, Max: 5094, Diff: 5094, Sum: 12869, Workers: 4
[234.658s][debug][gc,phases      ] GC(18)   JNI Weak                       Min:  0.0, Avg:  0.0, Max:  0.0, Diff:  0.0, Sum:  0.0, Workers: 4
[234.658s][debug][gc,phases      ] GC(18)     Dead                           Min: 0, Avg:  0.0, Max: 0, Diff: 0, Sum: 0, Workers: 4
[234.658s][debug][gc,phases      ] GC(18)     Total                          Min: 0, Avg: 12.0, Max: 48, Diff: 48, Sum: 48, Workers: 4
[234.658s][debug][gc,phases      ] GC(18)   StringDedup Table Weak         Min:  0.0, Avg:  0.0, Max:  0.0, Diff:  0.0, Sum:  0.0, Workers: 4
[234.658s][debug][gc,phases      ] GC(18)     Dead                           Min: 0, Avg:  0.0, Max: 0, Diff: 0, Sum: 0, Workers: 4
[234.658s][debug][gc,phases      ] GC(18)     Total                          Min: 0, Avg:  0.0, Max: 0, Diff: 0, Sum: 0, Workers: 4
[234.658s][debug][gc,phases      ] GC(18)   StringDedup Requests0 Weak     Min:  0.0, Avg:  0.0, Max:  0.0, Diff:  0.0, Sum:  0.0, Workers: 4
[234.658s][debug][gc,phases      ] GC(18)     Dead                           Min: 0, Avg:  0.0, Max: 0, Diff: 0, Sum: 0, Workers: 4
[234.658s][debug][gc,phases      ] GC(18)     Total                          Min: 0, Avg:  0.0, Max: 0, Diff: 0, Sum: 0, Workers: 4
[234.658s][debug][gc,phases      ] GC(18)   StringDedup Requests1 Weak     Min:  0.0, Avg:  0.0, Max:  0.0, Diff:  0.0, Sum:  0.0, Workers: 4
[234.658s][debug][gc,phases      ] GC(18)     Dead                           Min: 0, Avg:  0.0, Max: 0, Diff: 0, Sum: 0, Workers: 4
[234.658s][debug][gc,phases      ] GC(18)     Total                          Min: 0, Avg:  0.0, Max: 0, Diff: 0, Sum: 0, Workers: 4
[234.658s][debug][gc,phases      ] GC(18)   Weak JFR Old Object Samples    Min:  0.0, Avg:  0.0, Max:  0.0, Diff:  0.0, Sum:  0.0, Workers: 4
[234.658s][debug][gc,phases      ] GC(18)     Dead                           Min: 0, Avg:  0.0, Max: 0, Diff: 0, Sum: 0, Workers: 4
[234.658s][debug][gc,phases      ] GC(18)     Total                          Min: 0, Avg:  0.0, Max: 0, Diff: 0, Sum: 0, Workers: 4
[234.658s][debug][gc,phases      ] GC(18) Weak Processing 0.994ms
[234.658s][debug][gc,age         ] GC(18) Desired survivor size 374865920 bytes, new threshold 15 (max threshold 15)
[234.658s][info ][gc,heap        ] GC(18) PSYoungGen: 1614861K(1615360K)->239499K(1729536K) Eden: 1375232K(1375232K)->0K(1364992K) From: 239629K(240128K)->239499K(364544K)
[234.658s][info ][gc,heap        ] GC(18) ParOldGen: 17930K(37376K)->17938K(37376K)
[234.658s][info ][gc,metaspace   ] GC(18) Metaspace: 93586K(94784K)->93586K(94784K) NonClass: 79742K(80448K)->79742K(80448K) Class: 13844K(14336K)->13844K(14336K)
[234.658s][info ][gc             ] GC(18) Pause Young (Allocation Failure) 1594M->251M(1725M) 82.274ms
[234.658s][info ][gc,cpu         ] GC(18) User=0.29s Sys=0.03s Real=0.09s
[234.658s][info ][safepoint      ] Safepoint "ParallelGCFailedAllocation", Time since last: 515898235 ns, Reaching safepoint: 6600 ns, Cleanup: 3601 ns, At safepoint: 82356817 ns, Total: 82367018 ns
[235.658s][info ][safepoint      ] Safepoint "Cleanup", Time since last: 1000083284 ns, Reaching safepoint: 7501 ns, Cleanup: 14001 ns, At safepoint: 29002 ns, Total: 50504 ns
[236.658s][info ][safepoint      ] Safepoint "Cleanup", Time since last: 1000118795 ns, Reaching safepoint: 6900 ns, Cleanup: 34903 ns, At safepoint: 2200 ns, Total: 44003 ns
[237.658s][info ][safepoint      ] Safepoint "Cleanup", Time since last: 1000120158 ns, Reaching safepoint: 6500 ns, Cleanup: 28902 ns, At safepoint: 2200 ns, Total: 37602 ns
[238.658s][info ][safepoint      ] Safepoint "Cleanup", Time since last: 1000118959 ns, Reaching safepoint: 6700 ns, Cleanup: 8001 ns, At safepoint: 2100 ns, Total: 16801 ns
[239.659s][info ][safepoint      ] Safepoint "Cleanup", Time since last: 1000113057 ns, Reaching safepoint: 6801 ns, Cleanup: 9100 ns, At safepoint: 2501 ns, Total: 18402 ns
[241.226s][info ][safepoint      ] Safepoint "Cleanup", Time since last: 1566933269 ns, Reaching safepoint: 84106 ns, Cleanup: 11901 ns, At safepoint: 7100 ns, Total: 103107 ns
[247.226s][info ][safepoint      ] Safepoint "Cleanup", Time since last: 6000480260 ns, Reaching safepoint: 79205 ns, Cleanup: 9600 ns, At safepoint: 5501 ns, Total: 94306 ns
[251.227s][info ][safepoint      ] Safepoint "Cleanup", Time since last: 4000341892 ns, Reaching safepoint: 84206 ns, Cleanup: 11100 ns, At safepoint: 7501 ns, Total: 102807 ns
[253.227s][info ][safepoint      ] Safepoint "Cleanup", Time since last: 2000194156 ns, Reaching safepoint: 78105 ns, Cleanup: 32102 ns, At safepoint: 6900 ns, Total: 117107 ns
[254.227s][info ][safepoint      ] Safepoint "Cleanup", Time since last: 1000121218 ns, Reaching safepoint: 80605 ns, Cleanup: 7700 ns, At safepoint: 5500 ns, Total: 93805 ns
[256.227s][info ][safepoint      ] Safepoint "Cleanup", Time since last: 2000185032 ns, Reaching safepoint: 84405 ns, Cleanup: 9801 ns, At safepoint: 8000 ns, Total: 102206 ns
[257.228s][info ][safepoint      ] Safepoint "Cleanup", Time since last: 1000119517 ns, Reaching safepoint: 69805 ns, Cleanup: 8000 ns, At safepoint: 29302 ns, Total: 107107 ns
[260.228s][info ][safepoint      ] Safepoint "Cleanup", Time since last: 3000247393 ns, Reaching safepoint: 78405 ns, Cleanup: 9601 ns, At safepoint: 6100 ns, Total: 94106 ns
[261.228s][info ][safepoint      ] Safepoint "Cleanup", Time since last: 1000131505 ns, Reaching safepoint: 84605 ns, Cleanup: 24402 ns, At safepoint: 6500 ns, Total: 115507 ns
[262.228s][info ][safepoint      ] Safepoint "Cleanup", Time since last: 1000153907 ns, Reaching safepoint: 80605 ns, Cleanup: 17001 ns, At safepoint: 6400 ns, Total: 104006 ns
[262.520s][info ][gc,start       ] GC(19) Pause Young (Allocation Failure)
[262.597s][debug][gc,phases      ] GC(19) Scavenge 77.000ms
[262.598s][debug][gc,ref         ] GC(19) ReferenceProcessor::execute queues: 4, RefProcThreadModel::Multi, marks_oops_alive: false
[262.598s][debug][gc,ref         ] GC(19) Skipped KeepAliveFinalRefsPhase of Reference Processing: no references
[262.598s][debug][gc,ref         ] GC(19) ReferenceProcessor::execute queues: 1, RefProcThreadModel::Single, marks_oops_alive: false
[262.598s][debug][gc,phases      ] GC(19) Reference Processing 0.495ms
[262.599s][debug][gc,phases      ] GC(19)   VM Weak                        Min:  0.0, Avg:  0.0, Max:  0.0, Diff:  0.0, Sum:  0.0, Workers: 4
[262.599s][debug][gc,phases      ] GC(19)     Dead                           Min: 0, Avg:  0.0, Max: 0, Diff: 0, Sum: 0, Workers: 4
[262.599s][debug][gc,phases      ] GC(19)     Total                          Min: 192, Avg: 233.5, Max: 320, Diff: 128, Sum: 934, Workers: 4
[262.599s][debug][gc,phases      ] GC(19)   ObjectSynchronizer Weak        Min:  0.0, Avg:  0.0, Max:  0.0, Diff:  0.0, Sum:  0.0, Workers: 4
[262.599s][debug][gc,phases      ] GC(19)     Dead                           Min: 0, Avg:  0.0, Max: 0, Diff: 0, Sum: 0, Workers: 4
[262.599s][debug][gc,phases      ] GC(19)     Total                          Min: 0, Avg:  0.8, Max: 3, Diff: 3, Sum: 3, Workers: 4
[262.599s][debug][gc,phases      ] GC(19)   JVMTI Tag Weak OopStorage      Min:  0.0, Avg:  0.0, Max:  0.0, Diff:  0.0, Sum:  0.0, Workers: 4
[262.599s][debug][gc,phases      ] GC(19)     Dead                           Min: 0, Avg:  0.0, Max: 0, Diff: 0, Sum: 0, Workers: 4
[262.599s][debug][gc,phases      ] GC(19)     Total                          Min: 0, Avg:  0.0, Max: 0, Diff: 0, Sum: 0, Workers: 4
[262.599s][debug][gc,phases      ] GC(19)   StringTable Weak               Min:  0.5, Avg:  0.5, Max:  0.5, Diff:  0.0, Sum:  2.0, Workers: 4
[262.599s][debug][gc,phases      ] GC(19)     Dead                           Min: 0, Avg:  0.2, Max: 1, Diff: 1, Sum: 1, Workers: 4
[262.599s][debug][gc,phases      ] GC(19)     Total                          Min: 9920, Avg: 11917.8, Max: 12671, Diff: 2751, Sum: 47671, Workers: 4
[262.599s][debug][gc,phases      ] GC(19)   ResolvedMethodTable Weak       Min:  0.1, Avg:  0.1, Max:  0.1, Diff:  0.0, Sum:  0.6, Workers: 4
[262.599s][debug][gc,phases      ] GC(19)     Dead                           Min: 0, Avg:  0.2, Max: 1, Diff: 1, Sum: 1, Workers: 4
[262.599s][debug][gc,phases      ] GC(19)     Total                          Min: 2877, Avg: 3218.5, Max: 3414, Diff: 537, Sum: 12874, Workers: 4
[262.599s][debug][gc,phases      ] GC(19)   JNI Weak                       Min:  0.0, Avg:  0.0, Max:  0.0, Diff:  0.0, Sum:  0.0, Workers: 4
[262.599s][debug][gc,phases      ] GC(19)     Dead                           Min: 0, Avg:  0.0, Max: 0, Diff: 0, Sum: 0, Workers: 4
[262.599s][debug][gc,phases      ] GC(19)     Total                          Min: 0, Avg: 12.0, Max: 48, Diff: 48, Sum: 48, Workers: 4
[262.599s][debug][gc,phases      ] GC(19)   StringDedup Table Weak         Min:  0.0, Avg:  0.0, Max:  0.0, Diff:  0.0, Sum:  0.0, Workers: 4
[262.599s][debug][gc,phases      ] GC(19)     Dead                           Min: 0, Avg:  0.0, Max: 0, Diff: 0, Sum: 0, Workers: 4
[262.599s][debug][gc,phases      ] GC(19)     Total                          Min: 0, Avg:  0.0, Max: 0, Diff: 0, Sum: 0, Workers: 4
[262.599s][debug][gc,phases      ] GC(19)   StringDedup Requests0 Weak     Min:  0.0, Avg:  0.0, Max:  0.0, Diff:  0.0, Sum:  0.0, Workers: 4
[262.599s][debug][gc,phases      ] GC(19)     Dead                           Min: 0, Avg:  0.0, Max: 0, Diff: 0, Sum: 0, Workers: 4
[262.599s][debug][gc,phases      ] GC(19)     Total                          Min: 0, Avg:  0.0, Max: 0, Diff: 0, Sum: 0, Workers: 4
[262.599s][debug][gc,phases      ] GC(19)   StringDedup Requests1 Weak     Min:  0.0, Avg:  0.0, Max:  0.0, Diff:  0.0, Sum:  0.0, Workers: 4
[262.599s][debug][gc,phases      ] GC(19)     Dead                           Min: 0, Avg:  0.0, Max: 0, Diff: 0, Sum: 0, Workers: 4
[262.599s][debug][gc,phases      ] GC(19)     Total                          Min: 0, Avg:  0.0, Max: 0, Diff: 0, Sum: 0, Workers: 4
[262.599s][debug][gc,phases      ] GC(19)   Weak JFR Old Object Samples    Min:  0.0, Avg:  0.0, Max:  0.0, Diff:  0.0, Sum:  0.0, Workers: 4
[262.599s][debug][gc,phases      ] GC(19)     Dead                           Min: 0, Avg:  0.0, Max: 0, Diff: 0, Sum: 0, Workers: 4
[262.599s][debug][gc,phases      ] GC(19)     Total                          Min: 0, Avg:  0.0, Max: 0, Diff: 0, Sum: 0, Workers: 4
[262.599s][debug][gc,phases      ] GC(19) Weak Processing 0.876ms
[262.599s][debug][gc,age         ] GC(19) Desired survivor size 374865920 bytes, new threshold 15 (max threshold 15)
[262.599s][info ][gc,heap        ] GC(19) PSYoungGen: 1604491K(1729536K)->239535K(1731072K) Eden: 1364992K(1364992K)->0K(1364992K) From: 239499K(364544K)->239535K(366080K)
[262.599s][info ][gc,heap        ] GC(19) ParOldGen: 17938K(37376K)->17946K(37376K)
[262.599s][info ][gc,metaspace   ] GC(19) Metaspace: 93659K(94912K)->93659K(94912K) NonClass: 79812K(80512K)->79812K(80512K) Class: 13847K(14400K)->13847K(14400K)
[262.599s][info ][gc             ] GC(19) Pause Young (Allocation Failure) 1584M->251M(1727M) 78.520ms
[262.599s][info ][gc,cpu         ] GC(19) User=0.29s Sys=0.00s Real=0.08s
[262.599s][info ][safepoint      ] Safepoint "ParallelGCFailedAllocation", Time since last: 291818021 ns, Reaching safepoint: 6801 ns, Cleanup: 9800 ns, At safepoint: 78598981 ns, Total: 78615582 ns
[263.599s][info ][safepoint      ] Safepoint "Cleanup", Time since last: 1000087302 ns, Reaching safepoint: 6401 ns, Cleanup: 7900 ns, At safepoint: 2500 ns, Total: 16801 ns
[264.599s][info ][safepoint      ] Safepoint "Cleanup", Time since last: 1000108304 ns, Reaching safepoint: 7100 ns, Cleanup: 15001 ns, At safepoint: 2100 ns, Total: 24201 ns
[265.599s][info ][safepoint      ] Safepoint "Cleanup", Time since last: 1000107704 ns, Reaching safepoint: 5900 ns, Cleanup: 8601 ns, At safepoint: 2000 ns, Total: 16501 ns
[266.599s][info ][safepoint      ] Safepoint "Cleanup", Time since last: 1000111204 ns, Reaching safepoint: 7000 ns, Cleanup: 18701 ns, At safepoint: 2701 ns, Total: 28402 ns
[267.600s][info ][safepoint      ] Safepoint "Cleanup", Time since last: 1000109403 ns, Reaching safepoint: 6401 ns, Cleanup: 14801 ns, At safepoint: 2300 ns, Total: 23502 ns
[268.600s][info ][safepoint      ] Safepoint "Cleanup", Time since last: 1000109564 ns, Reaching safepoint: 7100 ns, Cleanup: 32902 ns, At safepoint: 2300 ns, Total: 42302 ns
[269.600s][info ][safepoint      ] Safepoint "Cleanup", Time since last: 1000142340 ns, Reaching safepoint: 6300 ns, Cleanup: 41803 ns, At safepoint: 2200 ns, Total: 50303 ns
[270.600s][info ][safepoint      ] Safepoint "Cleanup", Time since last: 1000107337 ns, Reaching safepoint: 6701 ns, Cleanup: 37002 ns, At safepoint: 2100 ns, Total: 45803 ns
[271.600s][info ][safepoint      ] Safepoint "Cleanup", Time since last: 1000110538 ns, Reaching safepoint: 6000 ns, Cleanup: 10601 ns, At safepoint: 2200 ns, Total: 18801 ns
[272.600s][info ][safepoint      ] Safepoint "Cleanup", Time since last: 1000108737 ns, Reaching safepoint: 7001 ns, Cleanup: 17801 ns, At safepoint: 2600 ns, Total: 27402 ns
[273.600s][info ][safepoint      ] Safepoint "Cleanup", Time since last: 1000111838 ns, Reaching safepoint: 6500 ns, Cleanup: 11601 ns, At safepoint: 2400 ns, Total: 20501 ns
[274.601s][info ][safepoint      ] Safepoint "Cleanup", Time since last: 1000115238 ns, Reaching safepoint: 6900 ns, Cleanup: 12201 ns, At safepoint: 2500 ns, Total: 21601 ns
[275.601s][info ][safepoint      ] Safepoint "Cleanup", Time since last: 1000115038 ns, Reaching safepoint: 6800 ns, Cleanup: 8501 ns, At safepoint: 2400 ns, Total: 17701 ns
[276.601s][info ][safepoint      ] Safepoint "Cleanup", Time since last: 1000114399 ns, Reaching safepoint: 6601 ns, Cleanup: 13101 ns, At safepoint: 5700 ns, Total: 25402 ns
[278.601s][info ][safepoint      ] Safepoint "Cleanup", Time since last: 2000194649 ns, Reaching safepoint: 6000 ns, Cleanup: 11901 ns, At safepoint: 2200 ns, Total: 20101 ns
[280.601s][info ][safepoint      ] Safepoint "Cleanup", Time since last: 2000189249 ns, Reaching safepoint: 6701 ns, Cleanup: 11200 ns, At safepoint: 2600 ns, Total: 20501 ns
[281.601s][info ][safepoint      ] Safepoint "Cleanup", Time since last: 1000097175 ns, Reaching safepoint: 6500 ns, Cleanup: 19502 ns, At safepoint: 2600 ns, Total: 28602 ns
[282.602s][info ][safepoint      ] Safepoint "Cleanup", Time since last: 1000112975 ns, Reaching safepoint: 6901 ns, Cleanup: 11301 ns, At safepoint: 2300 ns, Total: 20502 ns
[284.602s][info ][safepoint      ] Safepoint "Cleanup", Time since last: 2000187080 ns, Reaching safepoint: 9701 ns, Cleanup: 15701 ns, At safepoint: 2700 ns, Total: 28102 ns
[286.602s][info ][safepoint      ] Safepoint "Cleanup", Time since last: 2000192830 ns, Reaching safepoint: 9700 ns, Cleanup: 16801 ns, At safepoint: 4801 ns, Total: 31302 ns
[289.622s][info ][gc,start       ] GC(20) Pause Young (Allocation Failure)
[289.702s][debug][gc,phases      ] GC(20) Scavenge 79.576ms
[289.702s][debug][gc,ref         ] GC(20) ReferenceProcessor::execute queues: 4, RefProcThreadModel::Multi, marks_oops_alive: false
[289.702s][debug][gc,ref         ] GC(20) Skipped KeepAliveFinalRefsPhase of Reference Processing: no references
[289.702s][debug][gc,ref         ] GC(20) ReferenceProcessor::execute queues: 1, RefProcThreadModel::Single, marks_oops_alive: false
[289.702s][debug][gc,phases      ] GC(20) Reference Processing 0.582ms
[289.703s][debug][gc,phases      ] GC(20)   VM Weak                        Min:  0.0, Avg:  0.0, Max:  0.0, Diff:  0.0, Sum:  0.0, Workers: 4
[289.703s][debug][gc,phases      ] GC(20)     Dead                           Min: 0, Avg:  0.0, Max: 0, Diff: 0, Sum: 0, Workers: 4
[289.703s][debug][gc,phases      ] GC(20)     Total                          Min: 0, Avg: 233.5, Max: 512, Diff: 512, Sum: 934, Workers: 4
[289.703s][debug][gc,phases      ] GC(20)   ObjectSynchronizer Weak        Min:  0.0, Avg:  0.0, Max:  0.0, Diff:  0.0, Sum:  0.0, Workers: 4
[289.703s][debug][gc,phases      ] GC(20)     Dead                           Min: 0, Avg:  0.0, Max: 0, Diff: 0, Sum: 0, Workers: 4
[289.703s][debug][gc,phases      ] GC(20)     Total                          Min: 0, Avg:  1.0, Max: 4, Diff: 4, Sum: 4, Workers: 4
[289.703s][debug][gc,phases      ] GC(20)   JVMTI Tag Weak OopStorage      Min:  0.0, Avg:  0.0, Max:  0.0, Diff:  0.0, Sum:  0.0, Workers: 4
[289.703s][debug][gc,phases      ] GC(20)     Dead                           Min: 0, Avg:  0.0, Max: 0, Diff: 0, Sum: 0, Workers: 4
[289.703s][debug][gc,phases      ] GC(20)     Total                          Min: 0, Avg:  0.0, Max: 0, Diff: 0, Sum: 0, Workers: 4
[289.703s][debug][gc,phases      ] GC(20)   StringTable Weak               Min:  0.0, Avg:  0.5, Max:  0.6, Diff:  0.6, Sum:  1.8, Workers: 4
[289.703s][debug][gc,phases      ] GC(20)     Dead                           Min: 0, Avg:  0.2, Max: 1, Diff: 1, Sum: 1, Workers: 4
[289.703s][debug][gc,phases      ] GC(20)     Total                          Min: 0, Avg: 11930.5, Max: 19391, Diff: 19391, Sum: 47722, Workers: 4
[289.703s][debug][gc,phases      ] GC(20)   ResolvedMethodTable Weak       Min:  0.0, Avg:  0.1, Max:  0.2, Diff:  0.2, Sum:  0.5, Workers: 4
[289.703s][debug][gc,phases      ] GC(20)     Dead                           Min: 0, Avg:  0.0, Max: 0, Diff: 0, Sum: 0, Workers: 4
[289.703s][debug][gc,phases      ] GC(20)     Total                          Min: 0, Avg: 3219.0, Max: 5520, Diff: 5520, Sum: 12876, Workers: 4
[289.703s][debug][gc,phases      ] GC(20)   JNI Weak                       Min:  0.0, Avg:  0.0, Max:  0.0, Diff:  0.0, Sum:  0.0, Workers: 4
[289.703s][debug][gc,phases      ] GC(20)     Dead                           Min: 0, Avg:  0.0, Max: 0, Diff: 0, Sum: 0, Workers: 4
[289.703s][debug][gc,phases      ] GC(20)     Total                          Min: 0, Avg: 12.0, Max: 48, Diff: 48, Sum: 48, Workers: 4
[289.703s][debug][gc,phases      ] GC(20)   StringDedup Table Weak         Min:  0.0, Avg:  0.0, Max:  0.0, Diff:  0.0, Sum:  0.0, Workers: 4
[289.703s][debug][gc,phases      ] GC(20)     Dead                           Min: 0, Avg:  0.0, Max: 0, Diff: 0, Sum: 0, Workers: 4
[289.703s][debug][gc,phases      ] GC(20)     Total                          Min: 0, Avg:  0.0, Max: 0, Diff: 0, Sum: 0, Workers: 4
[289.703s][debug][gc,phases      ] GC(20)   StringDedup Requests0 Weak     Min:  0.0, Avg:  0.0, Max:  0.0, Diff:  0.0, Sum:  0.0, Workers: 4
[289.703s][debug][gc,phases      ] GC(20)     Dead                           Min: 0, Avg:  0.0, Max: 0, Diff: 0, Sum: 0, Workers: 4
[289.703s][debug][gc,phases      ] GC(20)     Total                          Min: 0, Avg:  0.0, Max: 0, Diff: 0, Sum: 0, Workers: 4
[289.703s][debug][gc,phases      ] GC(20)   StringDedup Requests1 Weak     Min:  0.0, Avg:  0.0, Max:  0.0, Diff:  0.0, Sum:  0.0, Workers: 4
[289.703s][debug][gc,phases      ] GC(20)     Dead                           Min: 0, Avg:  0.0, Max: 0, Diff: 0, Sum: 0, Workers: 4
[289.703s][debug][gc,phases      ] GC(20)     Total                          Min: 0, Avg:  0.0, Max: 0, Diff: 0, Sum: 0, Workers: 4
[289.703s][debug][gc,phases      ] GC(20)   Weak JFR Old Object Samples    Min:  0.0, Avg:  0.0, Max:  0.0, Diff:  0.0, Sum:  0.0, Workers: 4
[289.703s][debug][gc,phases      ] GC(20)     Dead                           Min: 0, Avg:  0.0, Max: 0, Diff: 0, Sum: 0, Workers: 4
[289.703s][debug][gc,phases      ] GC(20)     Total                          Min: 0, Avg:  0.0, Max: 0, Diff: 0, Sum: 0, Workers: 4
[289.703s][debug][gc,phases      ] GC(20) Weak Processing 1.045ms
[289.703s][debug][gc,age         ] GC(20) Desired survivor size 373293056 bytes, new threshold 15 (max threshold 15)
[289.704s][info ][gc,heap        ] GC(20) PSYoungGen: 1604527K(1731072K)->239792K(1732608K) Eden: 1364992K(1364992K)->0K(1366528K) From: 239535K(366080K)->239792K(366080K)
[289.704s][info ][gc,heap        ] GC(20) ParOldGen: 17946K(37376K)->17954K(37376K)
[289.704s][info ][gc,metaspace   ] GC(20) Metaspace: 93711K(94912K)->93711K(94912K) NonClass: 79863K(80512K)->79863K(80512K) Class: 13848K(14400K)->13848K(14400K)
[289.704s][info ][gc             ] GC(20) Pause Young (Allocation Failure) 1584M->251M(1728M) 81.358ms
[289.704s][info ][gc,cpu         ] GC(20) User=0.29s Sys=0.01s Real=0.08s
[289.704s][info ][safepoint      ] Safepoint "ParallelGCFailedAllocation", Time since last: 3020179315 ns, Reaching safepoint: 6800 ns, Cleanup: 3800 ns, At safepoint: 81437715 ns, Total: 81448315 ns
[291.704s][info ][safepoint      ] Safepoint "Cleanup", Time since last: 2000180679 ns, Reaching safepoint: 6500 ns, Cleanup: 10001 ns, At safepoint: 2100 ns, Total: 18601 ns
[293.704s][info ][safepoint      ] Safepoint "Cleanup", Time since last: 2000182981 ns, Reaching safepoint: 6600 ns, Cleanup: 7801 ns, At safepoint: 2300 ns, Total: 16701 ns
[295.704s][info ][safepoint      ] Safepoint "Cleanup", Time since last: 2000162895 ns, Reaching safepoint: 7000 ns, Cleanup: 7701 ns, At safepoint: 10800 ns, Total: 25501 ns
[296.704s][info ][safepoint      ] Safepoint "Cleanup", Time since last: 1000112050 ns, Reaching safepoint: 6000 ns, Cleanup: 9301 ns, At safepoint: 2300 ns, Total: 17601 ns
[303.242s][info ][safepoint      ] Safepoint "Cleanup", Time since last: 6537848995 ns, Reaching safepoint: 6501 ns, Cleanup: 10100 ns, At safepoint: 2300 ns, Total: 18901 ns
[307.242s][info ][safepoint      ] Safepoint "Cleanup", Time since last: 4000291015 ns, Reaching safepoint: 7100 ns, Cleanup: 12401 ns, At safepoint: 2300 ns, Total: 21801 ns
[308.243s][info ][safepoint      ] Safepoint "Cleanup", Time since last: 1000124182 ns, Reaching safepoint: 6700 ns, Cleanup: 9601 ns, At safepoint: 5700 ns, Total: 22001 ns
[309.243s][info ][safepoint      ] Safepoint "Cleanup", Time since last: 1000117365 ns, Reaching safepoint: 7600 ns, Cleanup: 12101 ns, At safepoint: 2700 ns, Total: 22401 ns
[311.243s][info ][safepoint      ] Safepoint "Cleanup", Time since last: 2000221728 ns, Reaching safepoint: 6901 ns, Cleanup: 14901 ns, At safepoint: 2400 ns, Total: 24202 ns
[314.243s][info ][safepoint      ] Safepoint "Cleanup", Time since last: 3000231385 ns, Reaching safepoint: 6601 ns, Cleanup: 10500 ns, At safepoint: 3001 ns, Total: 20102 ns
[316.243s][info ][safepoint      ] Safepoint "Cleanup", Time since last: 2000191601 ns, Reaching safepoint: 7100 ns, Cleanup: 7501 ns, At safepoint: 2500 ns, Total: 17101 ns
[317.244s][info ][safepoint      ] Safepoint "Cleanup", Time since last: 1000138015 ns, Reaching safepoint: 7501 ns, Cleanup: 10700 ns, At safepoint: 2201 ns, Total: 20402 ns
[318.244s][info ][safepoint      ] Safepoint "Cleanup", Time since last: 1000118014 ns, Reaching safepoint: 7000 ns, Cleanup: 23501 ns, At safepoint: 2601 ns, Total: 33102 ns
[319.675s][info ][gc,start       ] GC(21) Pause Young (Allocation Failure)
[319.755s][debug][gc,phases      ] GC(21) Scavenge 80.367ms
[319.756s][debug][gc,ref         ] GC(21) ReferenceProcessor::execute queues: 4, RefProcThreadModel::Multi, marks_oops_alive: false
[319.756s][debug][gc,ref         ] GC(21) Skipped KeepAliveFinalRefsPhase of Reference Processing: no references
[319.756s][debug][gc,ref         ] GC(21) Skipped PhantomRefsPhase of Reference Processing: no references
[319.756s][debug][gc,phases      ] GC(21) Reference Processing 0.608ms
[319.757s][debug][gc,phases      ] GC(21)   VM Weak                        Min:  0.0, Avg:  0.0, Max:  0.0, Diff:  0.0, Sum:  0.0, Workers: 4
[319.757s][debug][gc,phases      ] GC(21)     Dead                           Min: 0, Avg:  0.0, Max: 0, Diff: 0, Sum: 0, Workers: 4
[319.757s][debug][gc,phases      ] GC(21)     Total                          Min: 0, Avg: 233.5, Max: 614, Diff: 614, Sum: 934, Workers: 4
[319.757s][debug][gc,phases      ] GC(21)   ObjectSynchronizer Weak        Min:  0.0, Avg:  0.0, Max:  0.0, Diff:  0.0, Sum:  0.0, Workers: 4
[319.757s][debug][gc,phases      ] GC(21)     Dead                           Min: 0, Avg:  0.0, Max: 0, Diff: 0, Sum: 0, Workers: 4
[319.757s][debug][gc,phases      ] GC(21)     Total                          Min: 0, Avg:  0.8, Max: 3, Diff: 3, Sum: 3, Workers: 4
[319.757s][debug][gc,phases      ] GC(21)   JVMTI Tag Weak OopStorage      Min:  0.0, Avg:  0.0, Max:  0.0, Diff:  0.0, Sum:  0.0, Workers: 4
[319.757s][debug][gc,phases      ] GC(21)     Dead                           Min: 0, Avg:  0.0, Max: 0, Diff: 0, Sum: 0, Workers: 4
[319.757s][debug][gc,phases      ] GC(21)     Total                          Min: 0, Avg:  0.0, Max: 0, Diff: 0, Sum: 0, Workers: 4
[319.757s][debug][gc,phases      ] GC(21)   StringTable Weak               Min:  0.0, Avg:  0.4, Max:  0.6, Diff:  0.6, Sum:  1.8, Workers: 4
[319.757s][debug][gc,phases      ] GC(21)     Dead                           Min: 0, Avg:  0.0, Max: 0, Diff: 0, Sum: 0, Workers: 4
[319.757s][debug][gc,phases      ] GC(21)     Total                          Min: 0, Avg: 11931.0, Max: 19373, Diff: 19373, Sum: 47724, Workers: 4
[319.757s][debug][gc,phases      ] GC(21)   ResolvedMethodTable Weak       Min:  0.0, Avg:  0.1, Max:  0.2, Diff:  0.2, Sum:  0.5, Workers: 4
[319.757s][debug][gc,phases      ] GC(21)     Dead                           Min: 0, Avg:  0.0, Max: 0, Diff: 0, Sum: 0, Workers: 4
[319.757s][debug][gc,phases      ] GC(21)     Total                          Min: 0, Avg: 3219.0, Max: 5396, Diff: 5396, Sum: 12876, Workers: 4
[319.757s][debug][gc,phases      ] GC(21)   JNI Weak                       Min:  0.0, Avg:  0.0, Max:  0.0, Diff:  0.0, Sum:  0.0, Workers: 4
[319.757s][debug][gc,phases      ] GC(21)     Dead                           Min: 0, Avg:  0.0, Max: 0, Diff: 0, Sum: 0, Workers: 4
[319.757s][debug][gc,phases      ] GC(21)     Total                          Min: 0, Avg: 12.0, Max: 48, Diff: 48, Sum: 48, Workers: 4
[319.757s][debug][gc,phases      ] GC(21)   StringDedup Table Weak         Min:  0.0, Avg:  0.0, Max:  0.0, Diff:  0.0, Sum:  0.0, Workers: 4
[319.757s][debug][gc,phases      ] GC(21)     Dead                           Min: 0, Avg:  0.0, Max: 0, Diff: 0, Sum: 0, Workers: 4
[319.757s][debug][gc,phases      ] GC(21)     Total                          Min: 0, Avg:  0.0, Max: 0, Diff: 0, Sum: 0, Workers: 4
[319.757s][debug][gc,phases      ] GC(21)   StringDedup Requests0 Weak     Min:  0.0, Avg:  0.0, Max:  0.0, Diff:  0.0, Sum:  0.0, Workers: 4
[319.757s][debug][gc,phases      ] GC(21)     Dead                           Min: 0, Avg:  0.0, Max: 0, Diff: 0, Sum: 0, Workers: 4
[319.757s][debug][gc,phases      ] GC(21)     Total                          Min: 0, Avg:  0.0, Max: 0, Diff: 0, Sum: 0, Workers: 4
[319.757s][debug][gc,phases      ] GC(21)   StringDedup Requests1 Weak     Min:  0.0, Avg:  0.0, Max:  0.0, Diff:  0.0, Sum:  0.0, Workers: 4
[319.757s][debug][gc,phases      ] GC(21)     Dead                           Min: 0, Avg:  0.0, Max: 0, Diff: 0, Sum: 0, Workers: 4
[319.757s][debug][gc,phases      ] GC(21)     Total                          Min: 0, Avg:  0.0, Max: 0, Diff: 0, Sum: 0, Workers: 4
[319.757s][debug][gc,phases      ] GC(21)   Weak JFR Old Object Samples    Min:  0.0, Avg:  0.0, Max:  0.0, Diff:  0.0, Sum:  0.0, Workers: 4
[319.757s][debug][gc,phases      ] GC(21)     Dead                           Min: 0, Avg:  0.0, Max: 0, Diff: 0, Sum: 0, Workers: 4
[319.757s][debug][gc,phases      ] GC(21)     Total                          Min: 0, Avg:  0.0, Max: 0, Diff: 0, Sum: 0, Workers: 4
[319.757s][debug][gc,phases      ] GC(21) Weak Processing 1.002ms
[319.757s][debug][gc,age         ] GC(21) Desired survivor size 361758720 bytes, new threshold 15 (max threshold 15)
[319.757s][info ][gc,heap        ] GC(21) PSYoungGen: 1606320K(1732608K)->214607K(1731072K) Eden: 1366528K(1366528K)->0K(1366528K) From: 239792K(366080K)->214607K(364544K)
[319.757s][info ][gc,heap        ] GC(21) ParOldGen: 17954K(37376K)->43263K(48128K)
[319.757s][info ][gc,metaspace   ] GC(21) Metaspace: 93725K(94976K)->93725K(94976K) NonClass: 79877K(80576K)->79877K(80576K) Class: 13848K(14400K)->13848K(14400K)
[319.757s][info ][gc             ] GC(21) Pause Young (Allocation Failure) 1586M->251M(1737M) 82.141ms
[319.757s][info ][gc,cpu         ] GC(21) User=0.29s Sys=0.01s Real=0.09s
[319.757s][debug][gc,phases      ] GC(22) Pre Compact 0.010ms
[319.757s][info ][gc,start       ] GC(22) Pause Full (Ergonomics)
[319.757s][info ][gc,phases,start] GC(22) Marking Phase
[319.848s][debug][gc,phases      ] GC(22) Par Mark 90.656ms
[319.848s][debug][gc,ref         ] GC(22) ReferenceProcessor::execute queues: 4, RefProcThreadModel::Multi, marks_oops_alive: false
[319.848s][debug][gc,ref         ] GC(22) Skipped KeepAliveFinalRefsPhase of Reference Processing: no references
[319.848s][debug][gc,ref         ] GC(22) ReferenceProcessor::execute queues: 1, RefProcThreadModel::Single, marks_oops_alive: false
[319.848s][debug][gc,phases      ] GC(22) Reference Processing 0.460ms
[319.849s][debug][gc,phases      ] GC(22)   VM Weak                        Min:  0.0, Avg:  0.0, Max:  0.0, Diff:  0.0, Sum:  0.0, Workers: 4
[319.849s][debug][gc,phases      ] GC(22)     Dead                           Min: 0, Avg:  0.0, Max: 0, Diff: 0, Sum: 0, Workers: 4
[319.849s][debug][gc,phases      ] GC(22)     Total                          Min: 64, Avg: 233.5, Max: 512, Diff: 448, Sum: 934, Workers: 4
[319.849s][debug][gc,phases      ] GC(22)   ObjectSynchronizer Weak        Min:  0.0, Avg:  0.0, Max:  0.0, Diff:  0.0, Sum:  0.0, Workers: 4
[319.849s][debug][gc,phases      ] GC(22)     Dead                           Min: 0, Avg:  0.0, Max: 0, Diff: 0, Sum: 0, Workers: 4
[319.849s][debug][gc,phases      ] GC(22)     Total                          Min: 0, Avg:  0.8, Max: 3, Diff: 3, Sum: 3, Workers: 4
[319.849s][debug][gc,phases      ] GC(22)   JVMTI Tag Weak OopStorage      Min:  0.0, Avg:  0.0, Max:  0.0, Diff:  0.0, Sum:  0.0, Workers: 4
[319.849s][debug][gc,phases      ] GC(22)     Dead                           Min: 0, Avg:  0.0, Max: 0, Diff: 0, Sum: 0, Workers: 4
[319.849s][debug][gc,phases      ] GC(22)     Total                          Min: 0, Avg:  0.0, Max: 0, Diff: 0, Sum: 0, Workers: 4
[319.849s][debug][gc,phases      ] GC(22)   StringTable Weak               Min:  0.2, Avg:  0.2, Max:  0.2, Diff:  0.0, Sum:  0.8, Workers: 4
[319.849s][debug][gc,phases      ] GC(22)     Dead                           Min: 0, Avg:  0.0, Max: 0, Diff: 0, Sum: 0, Workers: 4
[319.849s][debug][gc,phases      ] GC(22)     Total                          Min: 10880, Avg: 11931.0, Max: 12397, Diff: 1517, Sum: 47724, Workers: 4
[319.849s][debug][gc,phases      ] GC(22)   ResolvedMethodTable Weak       Min:  0.0, Avg:  0.0, Max:  0.1, Diff:  0.0, Sum:  0.2, Workers: 4
[319.849s][debug][gc,phases      ] GC(22)     Dead                           Min: 0, Avg:  0.0, Max: 0, Diff: 0, Sum: 0, Workers: 4
[319.849s][debug][gc,phases      ] GC(22)     Total                          Min: 2118, Avg: 3219.0, Max: 3665, Diff: 1547, Sum: 12876, Workers: 4
[319.849s][debug][gc,phases      ] GC(22)   JNI Weak                       Min:  0.0, Avg:  0.0, Max:  0.0, Diff:  0.0, Sum:  0.0, Workers: 4
[319.849s][debug][gc,phases      ] GC(22)     Dead                           Min: 0, Avg:  0.0, Max: 0, Diff: 0, Sum: 0, Workers: 4
[319.849s][debug][gc,phases      ] GC(22)     Total                          Min: 0, Avg: 12.0, Max: 48, Diff: 48, Sum: 48, Workers: 4
[319.849s][debug][gc,phases      ] GC(22)   StringDedup Table Weak         Min:  0.0, Avg:  0.0, Max:  0.0, Diff:  0.0, Sum:  0.0, Workers: 4
[319.849s][debug][gc,phases      ] GC(22)     Dead                           Min: 0, Avg:  0.0, Max: 0, Diff: 0, Sum: 0, Workers: 4
[319.849s][debug][gc,phases      ] GC(22)     Total                          Min: 0, Avg:  0.0, Max: 0, Diff: 0, Sum: 0, Workers: 4
[319.849s][debug][gc,phases      ] GC(22)   StringDedup Requests0 Weak     Min:  0.0, Avg:  0.0, Max:  0.0, Diff:  0.0, Sum:  0.0, Workers: 4
[319.849s][debug][gc,phases      ] GC(22)     Dead                           Min: 0, Avg:  0.0, Max: 0, Diff: 0, Sum: 0, Workers: 4
[319.849s][debug][gc,phases      ] GC(22)     Total                          Min: 0, Avg:  0.0, Max: 0, Diff: 0, Sum: 0, Workers: 4
[319.849s][debug][gc,phases      ] GC(22)   StringDedup Requests1 Weak     Min:  0.0, Avg:  0.0, Max:  0.0, Diff:  0.0, Sum:  0.0, Workers: 4
[319.849s][debug][gc,phases      ] GC(22)     Dead                           Min: 0, Avg:  0.0, Max: 0, Diff: 0, Sum: 0, Workers: 4
[319.849s][debug][gc,phases      ] GC(22)     Total                          Min: 0, Avg:  0.0, Max: 0, Diff: 0, Sum: 0, Workers: 4
[319.849s][debug][gc,phases      ] GC(22)   Weak JFR Old Object Samples    Min:  0.0, Avg:  0.0, Max:  0.0, Diff:  0.0, Sum:  0.0, Workers: 4
[319.849s][debug][gc,phases      ] GC(22)     Dead                           Min: 0, Avg:  0.0, Max: 0, Diff: 0, Sum: 0, Workers: 4
[319.849s][debug][gc,phases      ] GC(22)     Total                          Min: 0, Avg:  0.0, Max: 0, Diff: 0, Sum: 0, Workers: 4
[319.849s][debug][gc,phases      ] GC(22) Weak Processing 0.486ms
[319.849s][debug][gc,phases      ] GC(22) ClassLoaderData 0.127ms
[319.849s][debug][gc,phases      ] GC(22) Trigger cleanups 0.000ms
[319.881s][debug][gc,phases      ] GC(22) Class Unloading 32.114ms
[319.881s][debug][gc,phases      ] GC(22) Report Object Count 0.001ms
[319.881s][info ][gc,phases      ] GC(22) Marking Phase 123.832ms
[319.881s][info ][gc,phases,start] GC(22) Summary Phase
[319.881s][info ][gc,phases      ] GC(22) Summary Phase 0.011ms
[319.881s][info ][gc,phases,start] GC(22) Adjust Roots
[319.902s][info ][gc,phases      ] GC(22) Adjust Roots 21.000ms
[319.902s][info ][gc,phases,start] GC(22) Compaction Phase
[320.105s][info ][gc,phases      ] GC(22) Compaction Phase 203.044ms
[320.105s][info ][gc,phases,start] GC(22) Post Compact
[320.108s][info ][gc,phases      ] GC(22) Post Compact 3.205ms
[320.108s][info ][gc,heap        ] GC(22) PSYoungGen: 214607K(1731072K)->208077K(1731072K) Eden: 0K(1366528K)->0K(1366528K) From: 214607K(364544K)->208077K(364544K)
[320.108s][info ][gc,heap        ] GC(22) ParOldGen: 43263K(48128K)->47655K(86016K)
[320.108s][info ][gc,metaspace   ] GC(22) Metaspace: 93725K(94976K)->93725K(94976K) NonClass: 79877K(80576K)->79877K(80576K) Class: 13848K(14400K)->13848K(14400K)
[320.108s][info ][gc             ] GC(22) Pause Full (Ergonomics) 251M->249M(1774M) 351.407ms
[320.108s][info ][gc,cpu         ] GC(22) User=1.13s Sys=0.00s Real=0.35s
[320.111s][info ][safepoint      ] Safepoint "ParallelGCFailedAllocation", Time since last: 1431010478 ns, Reaching safepoint: 7201 ns, Cleanup: 3700 ns, At safepoint: 436224103 ns, Total: 436235004 ns
[321.817s][info ][safepoint      ] Safepoint "Cleanup", Time since last: 1705535313 ns, Reaching safepoint: 7400 ns, Cleanup: 115607 ns, At safepoint: 2601 ns, Total: 125608 ns
[328.817s][info ][safepoint      ] Safepoint "Cleanup", Time since last: 7000513133 ns, Reaching safepoint: 7500 ns, Cleanup: 6300 ns, At safepoint: 5401 ns, Total: 19201 ns
[329.817s][info ][safepoint      ] Safepoint "Cleanup", Time since last: 1000116782 ns, Reaching safepoint: 6800 ns, Cleanup: 15701 ns, At safepoint: 2200 ns, Total: 24701 ns
[331.818s][info ][safepoint      ] Safepoint "Cleanup", Time since last: 2000164559 ns, Reaching safepoint: 6801 ns, Cleanup: 19601 ns, At safepoint: 2000 ns, Total: 28402 ns
[332.818s][info ][safepoint      ] Safepoint "Cleanup", Time since last: 1000113126 ns, Reaching safepoint: 6600 ns, Cleanup: 13501 ns, At safepoint: 2200 ns, Total: 22301 ns
[333.818s][info ][safepoint      ] Safepoint "Cleanup", Time since last: 1000109566 ns, Reaching safepoint: 6800 ns, Cleanup: 9201 ns, At safepoint: 2500 ns, Total: 18501 ns
[334.818s][info ][safepoint      ] Safepoint "Cleanup", Time since last: 1000132166 ns, Reaching safepoint: 7101 ns, Cleanup: 12801 ns, At safepoint: 6100 ns, Total: 26002 ns
[336.818s][info ][safepoint      ] Safepoint "Cleanup", Time since last: 2000186728 ns, Reaching safepoint: 7501 ns, Cleanup: 23901 ns, At safepoint: 2601 ns, Total: 34003 ns
[337.818s][info ][safepoint      ] Safepoint "Cleanup", Time since last: 1000110565 ns, Reaching safepoint: 9501 ns, Cleanup: 11200 ns, At safepoint: 2900 ns, Total: 23601 ns
[338.818s][info ][safepoint      ] Safepoint "Cleanup", Time since last: 1000127567 ns, Reaching safepoint: 8900 ns, Cleanup: 10301 ns, At safepoint: 2200 ns, Total: 21401 ns
[339.819s][info ][safepoint      ] Safepoint "Cleanup", Time since last: 1000106265 ns, Reaching safepoint: 5700 ns, Cleanup: 8601 ns, At safepoint: 1800 ns, Total: 16101 ns
[340.819s][info ][safepoint      ] Safepoint "Cleanup", Time since last: 1000119347 ns, Reaching safepoint: 6300 ns, Cleanup: 8901 ns, At safepoint: 2100 ns, Total: 17301 ns
[342.819s][info ][safepoint      ] Safepoint "Cleanup", Time since last: 2000183308 ns, Reaching safepoint: 80104 ns, Cleanup: 11701 ns, At safepoint: 7500 ns, Total: 99305 ns
[346.896s][info ][gc,start       ] GC(23) Pause Young (Allocation Failure)
[346.978s][debug][gc,phases      ] GC(23) Scavenge 81.962ms
[346.978s][debug][gc,ref         ] GC(23) ReferenceProcessor::execute queues: 1, RefProcThreadModel::Single, marks_oops_alive: false
[346.978s][debug][gc,ref         ] GC(23) Skipped KeepAliveFinalRefsPhase of Reference Processing: no references
[346.978s][debug][gc,ref         ] GC(23) ReferenceProcessor::execute queues: 1, RefProcThreadModel::Single, marks_oops_alive: false
[346.978s][debug][gc,phases      ] GC(23) Reference Processing 0.166ms
[346.979s][debug][gc,phases      ] GC(23)   VM Weak                        Min:  0.0, Avg:  0.0, Max:  0.0, Diff:  0.0, Sum:  0.0, Workers: 4
[346.979s][debug][gc,phases      ] GC(23)     Dead                           Min: 0, Avg:  0.0, Max: 0, Diff: 0, Sum: 0, Workers: 4
[346.979s][debug][gc,phases      ] GC(23)     Total                          Min: 64, Avg: 233.8, Max: 576, Diff: 512, Sum: 935, Workers: 4
[346.979s][debug][gc,phases      ] GC(23)   ObjectSynchronizer Weak        Min:  0.0, Avg:  0.0, Max:  0.0, Diff:  0.0, Sum:  0.0, Workers: 4
[346.979s][debug][gc,phases      ] GC(23)     Dead                           Min: 0, Avg:  0.0, Max: 0, Diff: 0, Sum: 0, Workers: 4
[346.979s][debug][gc,phases      ] GC(23)     Total                          Min: 0, Avg:  1.0, Max: 4, Diff: 4, Sum: 4, Workers: 4
[346.979s][debug][gc,phases      ] GC(23)   JVMTI Tag Weak OopStorage      Min:  0.0, Avg:  0.0, Max:  0.0, Diff:  0.0, Sum:  0.0, Workers: 4
[346.979s][debug][gc,phases      ] GC(23)     Dead                           Min: 0, Avg:  0.0, Max: 0, Diff: 0, Sum: 0, Workers: 4
[346.979s][debug][gc,phases      ] GC(23)     Total                          Min: 0, Avg:  0.0, Max: 0, Diff: 0, Sum: 0, Workers: 4
[346.979s][debug][gc,phases      ] GC(23)   StringTable Weak               Min:  0.4, Avg:  0.4, Max:  0.4, Diff:  0.0, Sum:  1.7, Workers: 4
[346.979s][debug][gc,phases      ] GC(23)     Dead                           Min: 0, Avg:  0.2, Max: 1, Diff: 1, Sum: 1, Workers: 4
[346.979s][debug][gc,phases      ] GC(23)     Total                          Min: 11235, Avg: 11944.5, Max: 12288, Diff: 1053, Sum: 47778, Workers: 4
[346.979s][debug][gc,phases      ] GC(23)   ResolvedMethodTable Weak       Min:  0.1, Avg:  0.1, Max:  0.1, Diff:  0.0, Sum:  0.5, Workers: 4
[346.979s][debug][gc,phases      ] GC(23)     Dead                           Min: 0, Avg:  0.5, Max: 1, Diff: 1, Sum: 2, Workers: 4
[346.979s][debug][gc,phases      ] GC(23)     Total                          Min: 2813, Avg: 3224.5, Max: 3478, Diff: 665, Sum: 12898, Workers: 4
[346.979s][debug][gc,phases      ] GC(23)   JNI Weak                       Min:  0.0, Avg:  0.0, Max:  0.0, Diff:  0.0, Sum:  0.0, Workers: 4
[346.979s][debug][gc,phases      ] GC(23)     Dead                           Min: 0, Avg:  0.0, Max: 0, Diff: 0, Sum: 0, Workers: 4
[346.979s][debug][gc,phases      ] GC(23)     Total                          Min: 0, Avg: 12.0, Max: 48, Diff: 48, Sum: 48, Workers: 4
[346.979s][debug][gc,phases      ] GC(23)   StringDedup Table Weak         Min:  0.0, Avg:  0.0, Max:  0.0, Diff:  0.0, Sum:  0.0, Workers: 4
[346.979s][debug][gc,phases      ] GC(23)     Dead                           Min: 0, Avg:  0.0, Max: 0, Diff: 0, Sum: 0, Workers: 4
[346.979s][debug][gc,phases      ] GC(23)     Total                          Min: 0, Avg:  0.0, Max: 0, Diff: 0, Sum: 0, Workers: 4
[346.979s][debug][gc,phases      ] GC(23)   StringDedup Requests0 Weak     Min:  0.0, Avg:  0.0, Max:  0.0, Diff:  0.0, Sum:  0.0, Workers: 4
[346.979s][debug][gc,phases      ] GC(23)     Dead                           Min: 0, Avg:  0.0, Max: 0, Diff: 0, Sum: 0, Workers: 4
[346.979s][debug][gc,phases      ] GC(23)     Total                          Min: 0, Avg:  0.0, Max: 0, Diff: 0, Sum: 0, Workers: 4
[346.979s][debug][gc,phases      ] GC(23)   StringDedup Requests1 Weak     Min:  0.0, Avg:  0.0, Max:  0.0, Diff:  0.0, Sum:  0.0, Workers: 4
[346.979s][debug][gc,phases      ] GC(23)     Dead                           Min: 0, Avg:  0.0, Max: 0, Diff: 0, Sum: 0, Workers: 4
[346.979s][debug][gc,phases      ] GC(23)     Total                          Min: 0, Avg:  0.0, Max: 0, Diff: 0, Sum: 0, Workers: 4
[346.979s][debug][gc,phases      ] GC(23)   Weak JFR Old Object Samples    Min:  0.0, Avg:  0.0, Max:  0.0, Diff:  0.0, Sum:  0.0, Workers: 4
[346.979s][debug][gc,phases      ] GC(23)     Dead                           Min: 0, Avg:  0.0, Max: 0, Diff: 0, Sum: 0, Workers: 4
[346.979s][debug][gc,phases      ] GC(23)     Total                          Min: 0, Avg:  0.0, Max: 0, Diff: 0, Sum: 0, Workers: 4
[346.979s][debug][gc,phases      ] GC(23) Weak Processing 0.831ms
[346.979s][debug][gc,age         ] GC(23) Desired survivor size 351272960 bytes, new threshold 15 (max threshold 15)
[346.979s][info ][gc,heap        ] GC(23) PSYoungGen: 1574605K(1731072K)->174319K(1754112K) Eden: 1366528K(1366528K)->0K(1400832K) From: 208077K(364544K)->174319K(353280K)
[346.979s][info ][gc,heap        ] GC(23) ParOldGen: 47655K(86016K)->84062K(86016K)
[346.979s][info ][gc,metaspace   ] GC(23) Metaspace: 93787K(95040K)->93787K(95040K) NonClass: 79929K(80640K)->79929K(80640K) Class: 13857K(14400K)->13857K(14400K)
[346.979s][info ][gc             ] GC(23) Pause Young (Allocation Failure) 1584M->252M(1797M) 83.128ms
[346.979s][info ][gc,cpu         ] GC(23) User=0.28s Sys=0.02s Real=0.08s
[346.979s][debug][gc,phases      ] GC(24) Pre Compact 0.010ms
[346.979s][info ][gc,start       ] GC(24) Pause Full (Ergonomics)
[346.979s][info ][gc,phases,start] GC(24) Marking Phase
[347.064s][debug][gc,phases      ] GC(24) Par Mark 84.414ms
[347.064s][debug][gc,ref         ] GC(24) ReferenceProcessor::execute queues: 4, RefProcThreadModel::Multi, marks_oops_alive: false
[347.064s][debug][gc,ref         ] GC(24) Skipped KeepAliveFinalRefsPhase of Reference Processing: no references
[347.064s][debug][gc,ref         ] GC(24) ReferenceProcessor::execute queues: 1, RefProcThreadModel::Single, marks_oops_alive: false
[347.064s][debug][gc,phases      ] GC(24) Reference Processing 0.451ms
[347.065s][debug][gc,phases      ] GC(24)   VM Weak                        Min:  0.0, Avg:  0.0, Max:  0.0, Diff:  0.0, Sum:  0.0, Workers: 4
[347.065s][debug][gc,phases      ] GC(24)     Dead                           Min: 0, Avg:  0.0, Max: 0, Diff: 0, Sum: 0, Workers: 4
[347.065s][debug][gc,phases      ] GC(24)     Total                          Min: 0, Avg: 233.8, Max: 640, Diff: 640, Sum: 935, Workers: 4
[347.065s][debug][gc,phases      ] GC(24)   ObjectSynchronizer Weak        Min:  0.0, Avg:  0.0, Max:  0.0, Diff:  0.0, Sum:  0.0, Workers: 4
[347.065s][debug][gc,phases      ] GC(24)     Dead                           Min: 0, Avg:  0.0, Max: 0, Diff: 0, Sum: 0, Workers: 4
[347.065s][debug][gc,phases      ] GC(24)     Total                          Min: 0, Avg:  1.0, Max: 4, Diff: 4, Sum: 4, Workers: 4
[347.065s][debug][gc,phases      ] GC(24)   JVMTI Tag Weak OopStorage      Min:  0.0, Avg:  0.0, Max:  0.0, Diff:  0.0, Sum:  0.0, Workers: 4
[347.065s][debug][gc,phases      ] GC(24)     Dead                           Min: 0, Avg:  0.0, Max: 0, Diff: 0, Sum: 0, Workers: 4
[347.065s][debug][gc,phases      ] GC(24)     Total                          Min: 0, Avg:  0.0, Max: 0, Diff: 0, Sum: 0, Workers: 4
[347.065s][debug][gc,phases      ] GC(24)   StringTable Weak               Min:  0.2, Avg:  0.2, Max:  0.2, Diff:  0.0, Sum:  0.8, Workers: 4
[347.065s][debug][gc,phases      ] GC(24)     Dead                           Min: 0, Avg:  0.0, Max: 0, Diff: 0, Sum: 0, Workers: 4
[347.065s][debug][gc,phases      ] GC(24)     Total                          Min: 9984, Avg: 11944.5, Max: 12991, Diff: 3007, Sum: 47778, Workers: 4
[347.065s][debug][gc,phases      ] GC(24)   ResolvedMethodTable Weak       Min:  0.0, Avg:  0.0, Max:  0.0, Diff:  0.0, Sum:  0.2, Workers: 4
[347.065s][debug][gc,phases      ] GC(24)     Dead                           Min: 0, Avg:  0.0, Max: 0, Diff: 0, Sum: 0, Workers: 4
[347.065s][debug][gc,phases      ] GC(24)     Total                          Min: 3154, Avg: 3224.5, Max: 3314, Diff: 160, Sum: 12898, Workers: 4
[347.065s][debug][gc,phases      ] GC(24)   JNI Weak                       Min:  0.0, Avg:  0.0, Max:  0.0, Diff:  0.0, Sum:  0.0, Workers: 4
[347.065s][debug][gc,phases      ] GC(24)     Dead                           Min: 0, Avg:  0.0, Max: 0, Diff: 0, Sum: 0, Workers: 4
[347.065s][debug][gc,phases      ] GC(24)     Total                          Min: 0, Avg: 12.0, Max: 48, Diff: 48, Sum: 48, Workers: 4
[347.065s][debug][gc,phases      ] GC(24)   StringDedup Table Weak         Min:  0.0, Avg:  0.0, Max:  0.0, Diff:  0.0, Sum:  0.0, Workers: 4
[347.065s][debug][gc,phases      ] GC(24)     Dead                           Min: 0, Avg:  0.0, Max: 0, Diff: 0, Sum: 0, Workers: 4
[347.065s][debug][gc,phases      ] GC(24)     Total                          Min: 0, Avg:  0.0, Max: 0, Diff: 0, Sum: 0, Workers: 4
[347.065s][debug][gc,phases      ] GC(24)   StringDedup Requests0 Weak     Min:  0.0, Avg:  0.0, Max:  0.0, Diff:  0.0, Sum:  0.0, Workers: 4
[347.065s][debug][gc,phases      ] GC(24)     Dead                           Min: 0, Avg:  0.0, Max: 0, Diff: 0, Sum: 0, Workers: 4
[347.065s][debug][gc,phases      ] GC(24)     Total                          Min: 0, Avg:  0.0, Max: 0, Diff: 0, Sum: 0, Workers: 4
[347.065s][debug][gc,phases      ] GC(24)   StringDedup Requests1 Weak     Min:  0.0, Avg:  0.0, Max:  0.0, Diff:  0.0, Sum:  0.0, Workers: 4
[347.065s][debug][gc,phases      ] GC(24)     Dead                           Min: 0, Avg:  0.0, Max: 0, Diff: 0, Sum: 0, Workers: 4
[347.065s][debug][gc,phases      ] GC(24)     Total                          Min: 0, Avg:  0.0, Max: 0, Diff: 0, Sum: 0, Workers: 4
[347.065s][debug][gc,phases      ] GC(24)   Weak JFR Old Object Samples    Min:  0.0, Avg:  0.0, Max:  0.0, Diff:  0.0, Sum:  0.0, Workers: 4
[347.065s][debug][gc,phases      ] GC(24)     Dead                           Min: 0, Avg:  0.0, Max: 0, Diff: 0, Sum: 0, Workers: 4
[347.065s][debug][gc,phases      ] GC(24)     Total                          Min: 0, Avg:  0.0, Max: 0, Diff: 0, Sum: 0, Workers: 4
[347.065s][debug][gc,phases      ] GC(24) Weak Processing 0.491ms
[347.065s][debug][gc,phases      ] GC(24) ClassLoaderData 0.134ms
[347.065s][debug][gc,phases      ] GC(24) Trigger cleanups 0.000ms
[347.123s][debug][gc,phases      ] GC(24) Class Unloading 58.270ms
[347.123s][debug][gc,phases      ] GC(24) Report Object Count 0.002ms
[347.123s][info ][gc,phases      ] GC(24) Marking Phase 143.742ms
[347.123s][info ][gc,phases,start] GC(24) Summary Phase
[347.123s][info ][gc,phases      ] GC(24) Summary Phase 0.010ms
[347.123s][info ][gc,phases,start] GC(24) Adjust Roots
[347.136s][info ][gc,phases      ] GC(24) Adjust Roots 13.207ms
[347.136s][info ][gc,phases,start] GC(24) Compaction Phase
[347.329s][info ][gc,phases      ] GC(24) Compaction Phase 192.557ms
[347.329s][info ][gc,phases,start] GC(24) Post Compact
[347.331s][info ][gc,phases      ] GC(24) Post Compact 2.332ms
[347.332s][info ][gc,heap        ] GC(24) PSYoungGen: 174319K(1754112K)->170430K(1754112K) Eden: 0K(1400832K)->0K(1400832K) From: 174319K(353280K)->170430K(353280K)
[347.332s][info ][gc,heap        ] GC(24) ParOldGen: 84062K(86016K)->85909K(150528K)
[347.332s][info ][gc,metaspace   ] GC(24) Metaspace: 93787K(95040K)->93787K(95040K) NonClass: 79929K(80640K)->79929K(80640K) Class: 13857K(14400K)->13857K(14400K)
[347.332s][info ][gc             ] GC(24) Pause Full (Ergonomics) 252M->250M(1860M) 352.181ms
[347.332s][info ][gc,cpu         ] GC(24) User=1.08s Sys=0.01s Real=0.35s
[347.332s][info ][safepoint      ] Safepoint "ParallelGCFailedAllocation", Time since last: 4077115246 ns, Reaching safepoint: 8500 ns, Cleanup: 9501 ns, At safepoint: 435484773 ns, Total: 435502774 ns
[348.332s][info ][safepoint      ] Safepoint "Cleanup", Time since last: 1000095860 ns, Reaching safepoint: 6400 ns, Cleanup: 82505 ns, At safepoint: 2701 ns, Total: 91606 ns
[349.332s][info ][safepoint      ] Safepoint "Cleanup", Time since last: 1000116007 ns, Reaching safepoint: 7200 ns, Cleanup: 7801 ns, At safepoint: 2900 ns, Total: 17901 ns
[350.332s][info ][safepoint      ] Safepoint "Cleanup", Time since last: 1000118408 ns, Reaching safepoint: 7100 ns, Cleanup: 9101 ns, At safepoint: 2300 ns, Total: 18501 ns
[351.332s][info ][safepoint      ] Safepoint "Cleanup", Time since last: 1000122508 ns, Reaching safepoint: 7600 ns, Cleanup: 11101 ns, At safepoint: 2100 ns, Total: 20801 ns
[352.332s][info ][safepoint      ] Safepoint "Cleanup", Time since last: 1000108907 ns, Reaching safepoint: 6700 ns, Cleanup: 12201 ns, At safepoint: 2500 ns, Total: 21401 ns
[353.332s][info ][safepoint      ] Safepoint "Cleanup", Time since last: 1000102207 ns, Reaching safepoint: 6400 ns, Cleanup: 9701 ns, At safepoint: 2100 ns, Total: 18201 ns
[354.333s][info ][safepoint      ] Safepoint "Cleanup", Time since last: 1000103206 ns, Reaching safepoint: 8801 ns, Cleanup: 10001 ns, At safepoint: 2300 ns, Total: 21102 ns
[356.333s][info ][safepoint      ] Safepoint "Cleanup", Time since last: 2000189885 ns, Reaching safepoint: 7801 ns, Cleanup: 10600 ns, At safepoint: 2200 ns, Total: 20601 ns
[357.333s][info ][safepoint      ] Safepoint "Cleanup", Time since last: 1000132656 ns, Reaching safepoint: 6500 ns, Cleanup: 9601 ns, At safepoint: 1900 ns, Total: 18001 ns
[359.333s][info ][safepoint      ] Safepoint "Cleanup", Time since last: 2000188106 ns, Reaching safepoint: 7000 ns, Cleanup: 10201 ns, At safepoint: 2100 ns, Total: 19301 ns
[361.258s][info ][safepoint      ] Safepoint "Cleanup", Time since last: 1924720371 ns, Reaching safepoint: 7400 ns, Cleanup: 12401 ns, At safepoint: 2400 ns, Total: 22201 ns
[368.258s][info ][safepoint      ] Safepoint "Cleanup", Time since last: 7000500058 ns, Reaching safepoint: 10100 ns, Cleanup: 15001 ns, At safepoint: 2800 ns, Total: 27901 ns
[370.259s][info ][safepoint      ] Safepoint "Cleanup", Time since last: 2000165460 ns, Reaching safepoint: 7100 ns, Cleanup: 30802 ns, At safepoint: 2300 ns, Total: 40202 ns
[371.259s][info ][safepoint      ] Safepoint "Cleanup", Time since last: 1000105781 ns, Reaching safepoint: 7401 ns, Cleanup: 9600 ns, At safepoint: 2001 ns, Total: 19002 ns
[373.259s][info ][safepoint      ] Safepoint "Cleanup", Time since last: 2000190657 ns, Reaching safepoint: 9901 ns, Cleanup: 12001 ns, At safepoint: 2200 ns, Total: 24102 ns
[374.259s][info ][safepoint      ] Safepoint "Cleanup", Time since last: 1000141712 ns, Reaching safepoint: 10401 ns, Cleanup: 11801 ns, At safepoint: 8400 ns, Total: 30602 ns
[374.971s][info ][gc,start       ] GC(25) Pause Young (Allocation Failure)
[375.035s][debug][gc,phases      ] GC(25) Scavenge 63.823ms
[375.035s][debug][gc,ref         ] GC(25) ReferenceProcessor::execute queues: 1, RefProcThreadModel::Single, marks_oops_alive: false
[375.035s][debug][gc,ref         ] GC(25) Skipped KeepAliveFinalRefsPhase of Reference Processing: no references
[375.035s][debug][gc,ref         ] GC(25) ReferenceProcessor::execute queues: 1, RefProcThreadModel::Single, marks_oops_alive: false
[375.035s][debug][gc,phases      ] GC(25) Reference Processing 0.173ms
[375.035s][debug][gc,phases      ] GC(25)   VM Weak                        Min:  0.0, Avg:  0.0, Max:  0.0, Diff:  0.0, Sum:  0.0, Workers: 4
[375.035s][debug][gc,phases      ] GC(25)     Dead                           Min: 0, Avg:  0.0, Max: 0, Diff: 0, Sum: 0, Workers: 4
[375.035s][debug][gc,phases      ] GC(25)     Total                          Min: 0, Avg: 233.8, Max: 512, Diff: 512, Sum: 935, Workers: 4
[375.035s][debug][gc,phases      ] GC(25)   ObjectSynchronizer Weak        Min:  0.0, Avg:  0.0, Max:  0.0, Diff:  0.0, Sum:  0.0, Workers: 4
[375.035s][debug][gc,phases      ] GC(25)     Dead                           Min: 0, Avg:  0.0, Max: 0, Diff: 0, Sum: 0, Workers: 4
[375.035s][debug][gc,phases      ] GC(25)     Total                          Min: 0, Avg:  0.8, Max: 3, Diff: 3, Sum: 3, Workers: 4
[375.035s][debug][gc,phases      ] GC(25)   JVMTI Tag Weak OopStorage      Min:  0.0, Avg:  0.0, Max:  0.0, Diff:  0.0, Sum:  0.0, Workers: 4
[375.035s][debug][gc,phases      ] GC(25)     Dead                           Min: 0, Avg:  0.0, Max: 0, Diff: 0, Sum: 0, Workers: 4
[375.035s][debug][gc,phases      ] GC(25)     Total                          Min: 0, Avg:  0.0, Max: 0, Diff: 0, Sum: 0, Workers: 4
[375.035s][debug][gc,phases      ] GC(25)   StringTable Weak               Min:  0.0, Avg:  0.3, Max:  0.4, Diff:  0.4, Sum:  1.2, Workers: 4
[375.035s][debug][gc,phases      ] GC(25)     Dead                           Min: 0, Avg:  0.0, Max: 0, Diff: 0, Sum: 0, Workers: 4
[375.035s][debug][gc,phases      ] GC(25)     Total                          Min: 0, Avg: 11945.2, Max: 18214, Diff: 18214, Sum: 47781, Workers: 4
[375.035s][debug][gc,phases      ] GC(25)   ResolvedMethodTable Weak       Min:  0.0, Avg:  0.1, Max:  0.1, Diff:  0.1, Sum:  0.4, Workers: 4
[375.035s][debug][gc,phases      ] GC(25)     Dead                           Min: 0, Avg:  0.0, Max: 0, Diff: 0, Sum: 0, Workers: 4
[375.035s][debug][gc,phases      ] GC(25)     Total                          Min: 0, Avg: 3224.5, Max: 5312, Diff: 5312, Sum: 12898, Workers: 4
[375.035s][debug][gc,phases      ] GC(25)   JNI Weak                       Min:  0.0, Avg:  0.0, Max:  0.0, Diff:  0.0, Sum:  0.0, Workers: 4
[375.035s][debug][gc,phases      ] GC(25)     Dead                           Min: 0, Avg:  0.0, Max: 0, Diff: 0, Sum: 0, Workers: 4
[375.035s][debug][gc,phases      ] GC(25)     Total                          Min: 0, Avg: 12.0, Max: 48, Diff: 48, Sum: 48, Workers: 4
[375.035s][debug][gc,phases      ] GC(25)   StringDedup Table Weak         Min:  0.0, Avg:  0.0, Max:  0.0, Diff:  0.0, Sum:  0.0, Workers: 4
[375.035s][debug][gc,phases      ] GC(25)     Dead                           Min: 0, Avg:  0.0, Max: 0, Diff: 0, Sum: 0, Workers: 4
[375.035s][debug][gc,phases      ] GC(25)     Total                          Min: 0, Avg:  0.0, Max: 0, Diff: 0, Sum: 0, Workers: 4
[375.036s][debug][gc,phases      ] GC(25)   StringDedup Requests0 Weak     Min:  0.0, Avg:  0.0, Max:  0.0, Diff:  0.0, Sum:  0.0, Workers: 4
[375.036s][debug][gc,phases      ] GC(25)     Dead                           Min: 0, Avg:  0.0, Max: 0, Diff: 0, Sum: 0, Workers: 4
[375.036s][debug][gc,phases      ] GC(25)     Total                          Min: 0, Avg:  0.0, Max: 0, Diff: 0, Sum: 0, Workers: 4
[375.036s][debug][gc,phases      ] GC(25)   StringDedup Requests1 Weak     Min:  0.0, Avg:  0.0, Max:  0.0, Diff:  0.0, Sum:  0.0, Workers: 4
[375.036s][debug][gc,phases      ] GC(25)     Dead                           Min: 0, Avg:  0.0, Max: 0, Diff: 0, Sum: 0, Workers: 4
[375.036s][debug][gc,phases      ] GC(25)     Total                          Min: 0, Avg:  0.0, Max: 0, Diff: 0, Sum: 0, Workers: 4
[375.036s][debug][gc,phases      ] GC(25)   Weak JFR Old Object Samples    Min:  0.0, Avg:  0.0, Max:  0.0, Diff:  0.0, Sum:  0.0, Workers: 4
[375.036s][debug][gc,phases      ] GC(25)     Dead                           Min: 0, Avg:  0.0, Max: 0, Diff: 0, Sum: 0, Workers: 4
[375.036s][debug][gc,phases      ] GC(25)     Total                          Min: 0, Avg:  0.0, Max: 0, Diff: 0, Sum: 0, Workers: 4
[375.036s][debug][gc,phases      ] GC(25) Weak Processing 0.789ms
[375.036s][debug][gc,age         ] GC(25) Desired survivor size 346030080 bytes, new threshold 15 (max threshold 15)
[375.036s][info ][gc,heap        ] GC(25) PSYoungGen: 1571262K(1754112K)->147216K(1743872K) Eden: 1400832K(1400832K)->0K(1400832K) From: 170430K(353280K)->147216K(343040K)
[375.036s][info ][gc,heap        ] GC(25) ParOldGen: 85909K(150528K)->110569K(150528K)
[375.036s][info ][gc,metaspace   ] GC(25) Metaspace: 93810K(95040K)->93810K(95040K) NonClass: 79952K(80640K)->79952K(80640K) Class: 13857K(14400K)->13857K(14400K)
[375.036s][info ][gc             ] GC(25) Pause Young (Allocation Failure) 1618M->251M(1850M) 65.010ms
[375.036s][info ][gc,cpu         ] GC(25) User=0.21s Sys=0.03s Real=0.07s
[375.036s][info ][safepoint      ] Safepoint "ParallelGCFailedAllocation", Time since last: 711357707 ns, Reaching safepoint: 80305 ns, Cleanup: 12601 ns, At safepoint: 65094936 ns, Total: 65187842 ns
[376.036s][info ][safepoint      ] Safepoint "Cleanup", Time since last: 1000091009 ns, Reaching safepoint: 7501 ns, Cleanup: 11101 ns, At safepoint: 2500 ns, Total: 21102 ns
[389.037s][info ][safepoint      ] Safepoint "Cleanup", Time since last: 13001038910 ns, Reaching safepoint: 7300 ns, Cleanup: 8000 ns, At safepoint: 2901 ns, Total: 18201 ns
[390.037s][info ][safepoint      ] Safepoint "Cleanup", Time since last: 1000121177 ns, Reaching safepoint: 7000 ns, Cleanup: 15601 ns, At safepoint: 2400 ns, Total: 25001 ns
[391.037s][info ][safepoint      ] Safepoint "Cleanup", Time since last: 1000112377 ns, Reaching safepoint: 6800 ns, Cleanup: 13701 ns, At safepoint: 2500 ns, Total: 23001 ns
[393.037s][info ][safepoint      ] Safepoint "Cleanup", Time since last: 2000111247 ns, Reaching safepoint: 6300 ns, Cleanup: 6901 ns, At safepoint: 2400 ns, Total: 15601 ns
[394.037s][info ][safepoint      ] Safepoint "Cleanup", Time since last: 1000109976 ns, Reaching safepoint: 6901 ns, Cleanup: 22901 ns, At safepoint: 8000 ns, Total: 37802 ns
[401.038s][info ][safepoint      ] Safepoint "Cleanup", Time since last: 7000492794 ns, Reaching safepoint: 6800 ns, Cleanup: 10101 ns, At safepoint: 2400 ns, Total: 19301 ns
[402.038s][info ][safepoint      ] Safepoint "Cleanup", Time since last: 1000127092 ns, Reaching safepoint: 7100 ns, Cleanup: 9901 ns, At safepoint: 2100 ns, Total: 19101 ns
[404.421s][info ][gc,start       ] GC(26) Pause Young (Allocation Failure)
[404.470s][debug][gc,phases      ] GC(26) Scavenge 48.132ms
[404.470s][debug][gc,ref         ] GC(26) ReferenceProcessor::execute queues: 1, RefProcThreadModel::Single, marks_oops_alive: false
[404.470s][debug][gc,ref         ] GC(26) Skipped KeepAliveFinalRefsPhase of Reference Processing: no references
[404.470s][debug][gc,ref         ] GC(26) ReferenceProcessor::execute queues: 1, RefProcThreadModel::Single, marks_oops_alive: false
[404.470s][debug][gc,phases      ] GC(26) Reference Processing 0.132ms
[404.470s][debug][gc,phases      ] GC(26)   VM Weak                        Min:  0.0, Avg:  0.0, Max:  0.0, Diff:  0.0, Sum:  0.0, Workers: 4
[404.470s][debug][gc,phases      ] GC(26)     Dead                           Min: 0, Avg:  0.0, Max: 0, Diff: 0, Sum: 0, Workers: 4
[404.470s][debug][gc,phases      ] GC(26)     Total                          Min: 0, Avg: 233.8, Max: 423, Diff: 423, Sum: 935, Workers: 4
[404.470s][debug][gc,phases      ] GC(26)   ObjectSynchronizer Weak        Min:  0.0, Avg:  0.0, Max:  0.0, Diff:  0.0, Sum:  0.0, Workers: 4
[404.470s][debug][gc,phases      ] GC(26)     Dead                           Min: 0, Avg:  0.0, Max: 0, Diff: 0, Sum: 0, Workers: 4
[404.470s][debug][gc,phases      ] GC(26)     Total                          Min: 0, Avg:  0.8, Max: 3, Diff: 3, Sum: 3, Workers: 4
[404.470s][debug][gc,phases      ] GC(26)   JVMTI Tag Weak OopStorage      Min:  0.0, Avg:  0.0, Max:  0.0, Diff:  0.0, Sum:  0.0, Workers: 4
[404.470s][debug][gc,phases      ] GC(26)     Dead                           Min: 0, Avg:  0.0, Max: 0, Diff: 0, Sum: 0, Workers: 4
[404.470s][debug][gc,phases      ] GC(26)     Total                          Min: 0, Avg:  0.0, Max: 0, Diff: 0, Sum: 0, Workers: 4
[404.470s][debug][gc,phases      ] GC(26)   StringTable Weak               Min:  0.2, Avg:  0.2, Max:  0.2, Diff:  0.0, Sum:  0.9, Workers: 4
[404.470s][debug][gc,phases      ] GC(26)     Dead                           Min: 0, Avg:  0.0, Max: 0, Diff: 0, Sum: 0, Workers: 4
[404.470s][debug][gc,phases      ] GC(26)     Total                          Min: 10432, Avg: 11947.0, Max: 12736, Diff: 2304, Sum: 47788, Workers: 4
[404.470s][debug][gc,phases      ] GC(26)   ResolvedMethodTable Weak       Min:  0.1, Avg:  0.1, Max:  0.1, Diff:  0.0, Sum:  0.4, Workers: 4
[404.470s][debug][gc,phases      ] GC(26)     Dead                           Min: 0, Avg:  0.0, Max: 0, Diff: 0, Sum: 0, Workers: 4
[404.470s][debug][gc,phases      ] GC(26)     Total                          Min: 2677, Avg: 3224.5, Max: 3541, Diff: 864, Sum: 12898, Workers: 4
[404.470s][debug][gc,phases      ] GC(26)   JNI Weak                       Min:  0.0, Avg:  0.0, Max:  0.0, Diff:  0.0, Sum:  0.0, Workers: 4
[404.470s][debug][gc,phases      ] GC(26)     Dead                           Min: 0, Avg:  0.0, Max: 0, Diff: 0, Sum: 0, Workers: 4
[404.470s][debug][gc,phases      ] GC(26)     Total                          Min: 0, Avg: 12.0, Max: 48, Diff: 48, Sum: 48, Workers: 4
[404.470s][debug][gc,phases      ] GC(26)   StringDedup Table Weak         Min:  0.0, Avg:  0.0, Max:  0.0, Diff:  0.0, Sum:  0.0, Workers: 4
[404.470s][debug][gc,phases      ] GC(26)     Dead                           Min: 0, Avg:  0.0, Max: 0, Diff: 0, Sum: 0, Workers: 4
[404.470s][debug][gc,phases      ] GC(26)     Total                          Min: 0, Avg:  0.0, Max: 0, Diff: 0, Sum: 0, Workers: 4
[404.470s][debug][gc,phases      ] GC(26)   StringDedup Requests0 Weak     Min:  0.0, Avg:  0.0, Max:  0.0, Diff:  0.0, Sum:  0.0, Workers: 4
[404.470s][debug][gc,phases      ] GC(26)     Dead                           Min: 0, Avg:  0.0, Max: 0, Diff: 0, Sum: 0, Workers: 4
[404.470s][debug][gc,phases      ] GC(26)     Total                          Min: 0, Avg:  0.0, Max: 0, Diff: 0, Sum: 0, Workers: 4
[404.470s][debug][gc,phases      ] GC(26)   StringDedup Requests1 Weak     Min:  0.0, Avg:  0.0, Max:  0.0, Diff:  0.0, Sum:  0.0, Workers: 4
[404.470s][debug][gc,phases      ] GC(26)     Dead                           Min: 0, Avg:  0.0, Max: 0, Diff: 0, Sum: 0, Workers: 4
[404.470s][debug][gc,phases      ] GC(26)     Total                          Min: 0, Avg:  0.0, Max: 0, Diff: 0, Sum: 0, Workers: 4
[404.470s][debug][gc,phases      ] GC(26)   Weak JFR Old Object Samples    Min:  0.0, Avg:  0.0, Max:  0.0, Diff:  0.0, Sum:  0.0, Workers: 4
[404.470s][debug][gc,phases      ] GC(26)     Dead                           Min: 0, Avg:  0.0, Max: 0, Diff: 0, Sum: 0, Workers: 4
[404.470s][debug][gc,phases      ] GC(26)     Total                          Min: 0, Avg:  0.0, Max: 0, Diff: 0, Sum: 0, Workers: 4
[404.470s][debug][gc,phases      ] GC(26) Weak Processing 0.551ms
[404.470s][debug][gc,age         ] GC(26) Desired survivor size 346554368 bytes, new threshold 15 (max threshold 15)
[404.470s][info ][gc,heap        ] GC(26) PSYoungGen: 1548048K(1743872K)->107899K(1758208K) Eden: 1400832K(1400832K)->0K(1420288K) From: 147216K(343040K)->107899K(337920K)
[404.470s][info ][gc,heap        ] GC(26) ParOldGen: 110569K(150528K)->150580K(151040K)
[404.470s][info ][gc,metaspace   ] GC(26) Metaspace: 93833K(95104K)->93833K(95104K) NonClass: 79975K(80704K)->79975K(80704K) Class: 13857K(14400K)->13857K(14400K)
[404.470s][info ][gc             ] GC(26) Pause Young (Allocation Failure) 1619M->252M(1864M) 48.966ms
[404.470s][info ][gc,cpu         ] GC(26) User=0.17s Sys=0.01s Real=0.05s
[404.470s][debug][gc,phases      ] GC(27) Pre Compact 0.009ms
[404.470s][info ][gc,start       ] GC(27) Pause Full (Ergonomics)
[404.470s][info ][gc,phases,start] GC(27) Marking Phase
[404.553s][debug][gc,phases      ] GC(27) Par Mark 82.957ms
[404.554s][debug][gc,ref         ] GC(27) ReferenceProcessor::execute queues: 4, RefProcThreadModel::Multi, marks_oops_alive: false
[404.554s][debug][gc,ref         ] GC(27) Skipped KeepAliveFinalRefsPhase of Reference Processing: no references
[404.554s][debug][gc,ref         ] GC(27) ReferenceProcessor::execute queues: 1, RefProcThreadModel::Single, marks_oops_alive: false
[404.554s][debug][gc,phases      ] GC(27) Reference Processing 0.477ms
[404.554s][debug][gc,phases      ] GC(27)   VM Weak                        Min:  0.0, Avg:  0.0, Max:  0.0, Diff:  0.0, Sum:  0.0, Workers: 4
[404.554s][debug][gc,phases      ] GC(27)     Dead                           Min: 0, Avg:  0.0, Max: 0, Diff: 0, Sum: 0, Workers: 4
[404.554s][debug][gc,phases      ] GC(27)     Total                          Min: 0, Avg: 233.8, Max: 615, Diff: 615, Sum: 935, Workers: 4
[404.554s][debug][gc,phases      ] GC(27)   ObjectSynchronizer Weak        Min:  0.0, Avg:  0.0, Max:  0.0, Diff:  0.0, Sum:  0.0, Workers: 4
[404.554s][debug][gc,phases      ] GC(27)     Dead                           Min: 0, Avg:  0.0, Max: 0, Diff: 0, Sum: 0, Workers: 4
[404.554s][debug][gc,phases      ] GC(27)     Total                          Min: 0, Avg:  0.8, Max: 3, Diff: 3, Sum: 3, Workers: 4
[404.554s][debug][gc,phases      ] GC(27)   JVMTI Tag Weak OopStorage      Min:  0.0, Avg:  0.0, Max:  0.0, Diff:  0.0, Sum:  0.0, Workers: 4
[404.554s][debug][gc,phases      ] GC(27)     Dead                           Min: 0, Avg:  0.0, Max: 0, Diff: 0, Sum: 0, Workers: 4
[404.554s][debug][gc,phases      ] GC(27)     Total                          Min: 0, Avg:  0.0, Max: 0, Diff: 0, Sum: 0, Workers: 4
[404.554s][debug][gc,phases      ] GC(27)   StringTable Weak               Min:  0.0, Avg:  0.2, Max:  0.2, Diff:  0.2, Sum:  0.7, Workers: 4
[404.554s][debug][gc,phases      ] GC(27)     Dead                           Min: 0, Avg:  0.0, Max: 0, Diff: 0, Sum: 0, Workers: 4
[404.554s][debug][gc,phases      ] GC(27)     Total                          Min: 0, Avg: 11947.0, Max: 17920, Diff: 17920, Sum: 47788, Workers: 4
[404.554s][debug][gc,phases      ] GC(27)   ResolvedMethodTable Weak       Min:  0.0, Avg:  0.0, Max:  0.1, Diff:  0.1, Sum:  0.2, Workers: 4
[404.554s][debug][gc,phases      ] GC(27)     Dead                           Min: 0, Avg:  0.0, Max: 0, Diff: 0, Sum: 0, Workers: 4
[404.554s][debug][gc,phases      ] GC(27)     Total                          Min: 0, Avg: 3224.5, Max: 4891, Diff: 4891, Sum: 12898, Workers: 4
[404.554s][debug][gc,phases      ] GC(27)   JNI Weak                       Min:  0.0, Avg:  0.0, Max:  0.0, Diff:  0.0, Sum:  0.0, Workers: 4
[404.554s][debug][gc,phases      ] GC(27)     Dead                           Min: 0, Avg:  0.0, Max: 0, Diff: 0, Sum: 0, Workers: 4
[404.554s][debug][gc,phases      ] GC(27)     Total                          Min: 0, Avg: 12.0, Max: 48, Diff: 48, Sum: 48, Workers: 4
[404.554s][debug][gc,phases      ] GC(27)   StringDedup Table Weak         Min:  0.0, Avg:  0.0, Max:  0.0, Diff:  0.0, Sum:  0.0, Workers: 4
[404.554s][debug][gc,phases      ] GC(27)     Dead                           Min: 0, Avg:  0.0, Max: 0, Diff: 0, Sum: 0, Workers: 4
[404.554s][debug][gc,phases      ] GC(27)     Total                          Min: 0, Avg:  0.0, Max: 0, Diff: 0, Sum: 0, Workers: 4
[404.554s][debug][gc,phases      ] GC(27)   StringDedup Requests0 Weak     Min:  0.0, Avg:  0.0, Max:  0.0, Diff:  0.0, Sum:  0.0, Workers: 4
[404.554s][debug][gc,phases      ] GC(27)     Dead                           Min: 0, Avg:  0.0, Max: 0, Diff: 0, Sum: 0, Workers: 4
[404.554s][debug][gc,phases      ] GC(27)     Total                          Min: 0, Avg:  0.0, Max: 0, Diff: 0, Sum: 0, Workers: 4
[404.554s][debug][gc,phases      ] GC(27)   StringDedup Requests1 Weak     Min:  0.0, Avg:  0.0, Max:  0.0, Diff:  0.0, Sum:  0.0, Workers: 4
[404.554s][debug][gc,phases      ] GC(27)     Dead                           Min: 0, Avg:  0.0, Max: 0, Diff: 0, Sum: 0, Workers: 4
[404.554s][debug][gc,phases      ] GC(27)     Total                          Min: 0, Avg:  0.0, Max: 0, Diff: 0, Sum: 0, Workers: 4
[404.554s][debug][gc,phases      ] GC(27)   Weak JFR Old Object Samples    Min:  0.0, Avg:  0.0, Max:  0.0, Diff:  0.0, Sum:  0.0, Workers: 4
[404.554s][debug][gc,phases      ] GC(27)     Dead                           Min: 0, Avg:  0.0, Max: 0, Diff: 0, Sum: 0, Workers: 4
[404.554s][debug][gc,phases      ] GC(27)     Total                          Min: 0, Avg:  0.0, Max: 0, Diff: 0, Sum: 0, Workers: 4
[404.554s][debug][gc,phases      ] GC(27) Weak Processing 0.547ms
[404.555s][debug][gc,phases      ] GC(27) ClassLoaderData 0.130ms
[404.555s][debug][gc,phases      ] GC(27) Trigger cleanups 0.000ms
[404.572s][debug][gc,phases      ] GC(27) Class Unloading 17.789ms
[404.572s][debug][gc,phases      ] GC(27) Report Object Count 0.001ms
[404.572s][info ][gc,phases      ] GC(27) Marking Phase 101.889ms
[404.572s][info ][gc,phases,start] GC(27) Summary Phase
[404.572s][info ][gc,phases      ] GC(27) Summary Phase 0.010ms
[404.572s][info ][gc,phases,start] GC(27) Adjust Roots
[404.583s][info ][gc,phases      ] GC(27) Adjust Roots 10.932ms
[404.583s][info ][gc,phases,start] GC(27) Compaction Phase
[404.757s][info ][gc,phases      ] GC(27) Compaction Phase 173.838ms
[404.757s][info ][gc,phases,start] GC(27) Post Compact
[404.758s][info ][gc,phases      ] GC(27) Post Compact 1.128ms
[404.759s][info ][gc,heap        ] GC(27) PSYoungGen: 107899K(1758208K)->106279K(1758208K) Eden: 0K(1420288K)->0K(1420288K) From: 107899K(337920K)->106279K(337920K)
[404.759s][info ][gc,heap        ] GC(27) ParOldGen: 150580K(151040K)->149768K(244224K)
[404.759s][info ][gc,metaspace   ] GC(27) Metaspace: 93833K(95104K)->93833K(95104K) NonClass: 79975K(80704K)->79975K(80704K) Class: 13857K(14400K)->13857K(14400K)
[404.759s][info ][gc             ] GC(27) Pause Full (Ergonomics) 252M->250M(1955M) 288.164ms
[404.759s][info ][gc,cpu         ] GC(27) User=0.91s Sys=0.00s Real=0.29s
[404.759s][info ][safepoint      ] Safepoint "ParallelGCFailedAllocation", Time since last: 2383128245 ns, Reaching safepoint: 85805 ns, Cleanup: 4600 ns, At safepoint: 337274716 ns, Total: 337365121 ns
[408.759s][info ][safepoint      ] Safepoint "Cleanup", Time since last: 4000303746 ns, Reaching safepoint: 7300 ns, Cleanup: 13601 ns, At safepoint: 2400 ns, Total: 23301 ns
[410.759s][info ][safepoint      ] Safepoint "Cleanup", Time since last: 2000228777 ns, Reaching safepoint: 7301 ns, Cleanup: 11101 ns, At safepoint: 2200 ns, Total: 20602 ns
[411.759s][info ][safepoint      ] Safepoint "Cleanup", Time since last: 1000116039 ns, Reaching safepoint: 7100 ns, Cleanup: 13901 ns, At safepoint: 2000 ns, Total: 23001 ns
[412.759s][info ][safepoint      ] Safepoint "Cleanup", Time since last: 1000134570 ns, Reaching safepoint: 9101 ns, Cleanup: 10001 ns, At safepoint: 2600 ns, Total: 21702 ns
[415.760s][info ][safepoint      ] Safepoint "Cleanup", Time since last: 3000264273 ns, Reaching safepoint: 8901 ns, Cleanup: 7400 ns, At safepoint: 2800 ns, Total: 19101 ns
[416.760s][info ][safepoint      ] Safepoint "Cleanup", Time since last: 1000124360 ns, Reaching safepoint: 7401 ns, Cleanup: 10100 ns, At safepoint: 1901 ns, Total: 19402 ns
[419.760s][info ][safepoint      ] Safepoint "Cleanup", Time since last: 3000256973 ns, Reaching safepoint: 6000 ns, Cleanup: 9801 ns, At safepoint: 2300 ns, Total: 18101 ns
[420.760s][info ][safepoint      ] Safepoint "Cleanup", Time since last: 1000118134 ns, Reaching safepoint: 6800 ns, Cleanup: 11501 ns, At safepoint: 2600 ns, Total: 20901 ns
[421.760s][info ][safepoint      ] Safepoint "Cleanup", Time since last: 1000120710 ns, Reaching safepoint: 7201 ns, Cleanup: 13100 ns, At safepoint: 2400 ns, Total: 22701 ns
[422.761s][info ][safepoint      ] Safepoint "Cleanup", Time since last: 1000127411 ns, Reaching safepoint: 6700 ns, Cleanup: 9500 ns, At safepoint: 2101 ns, Total: 18301 ns
[425.761s][info ][safepoint      ] Safepoint "Cleanup", Time since last: 3000221860 ns, Reaching safepoint: 6300 ns, Cleanup: 11301 ns, At safepoint: 2700 ns, Total: 20301 ns
[426.761s][info ][safepoint      ] Safepoint "Cleanup", Time since last: 1000125104 ns, Reaching safepoint: 6800 ns, Cleanup: 15201 ns, At safepoint: 5100 ns, Total: 27101 ns
[428.761s][info ][safepoint      ] Safepoint "Cleanup", Time since last: 2000188251 ns, Reaching safepoint: 7200 ns, Cleanup: 14401 ns, At safepoint: 2400 ns, Total: 24001 ns
[430.761s][info ][safepoint      ] Safepoint "Cleanup", Time since last: 2000192639 ns, Reaching safepoint: 6901 ns, Cleanup: 14401 ns, At safepoint: 2400 ns, Total: 23702 ns
[432.762s][info ][safepoint      ] Safepoint "Cleanup", Time since last: 2000211740 ns, Reaching safepoint: 9500 ns, Cleanup: 22102 ns, At safepoint: 2400 ns, Total: 34002 ns
[433.521s][info ][gc,start       ] GC(28) Pause Young (Allocation Failure)
[433.567s][debug][gc,phases      ] GC(28) Scavenge 45.499ms
[433.567s][debug][gc,ref         ] GC(28) ReferenceProcessor::execute queues: 1, RefProcThreadModel::Single, marks_oops_alive: false
[433.567s][debug][gc,ref         ] GC(28) Skipped KeepAliveFinalRefsPhase of Reference Processing: no references
[433.567s][debug][gc,ref         ] GC(28) ReferenceProcessor::execute queues: 1, RefProcThreadModel::Single, marks_oops_alive: false
[433.567s][debug][gc,phases      ] GC(28) Reference Processing 0.146ms
[433.567s][debug][gc,phases      ] GC(28)   VM Weak                        Min:  0.0, Avg:  0.0, Max:  0.0, Diff:  0.0, Sum:  0.0, Workers: 4
[433.567s][debug][gc,phases      ] GC(28)     Dead                           Min: 0, Avg:  0.0, Max: 0, Diff: 0, Sum: 0, Workers: 4
[433.567s][debug][gc,phases      ] GC(28)     Total                          Min: 0, Avg: 233.8, Max: 512, Diff: 512, Sum: 935, Workers: 4
[433.567s][debug][gc,phases      ] GC(28)   ObjectSynchronizer Weak        Min:  0.0, Avg:  0.0, Max:  0.0, Diff:  0.0, Sum:  0.0, Workers: 4
[433.567s][debug][gc,phases      ] GC(28)     Dead                           Min: 0, Avg:  0.0, Max: 0, Diff: 0, Sum: 0, Workers: 4
[433.567s][debug][gc,phases      ] GC(28)     Total                          Min: 0, Avg:  1.0, Max: 4, Diff: 4, Sum: 4, Workers: 4
[433.567s][debug][gc,phases      ] GC(28)   JVMTI Tag Weak OopStorage      Min:  0.0, Avg:  0.0, Max:  0.0, Diff:  0.0, Sum:  0.0, Workers: 4
[433.567s][debug][gc,phases      ] GC(28)     Dead                           Min: 0, Avg:  0.0, Max: 0, Diff: 0, Sum: 0, Workers: 4
[433.567s][debug][gc,phases      ] GC(28)     Total                          Min: 0, Avg:  0.0, Max: 0, Diff: 0, Sum: 0, Workers: 4
[433.567s][debug][gc,phases      ] GC(28)   StringTable Weak               Min:  0.0, Avg:  0.1, Max:  0.2, Diff:  0.2, Sum:  0.5, Workers: 4
[433.567s][debug][gc,phases      ] GC(28)     Dead                           Min: 0, Avg:  0.0, Max: 0, Diff: 0, Sum: 0, Workers: 4
[433.567s][debug][gc,phases      ] GC(28)     Total                          Min: 0, Avg: 11947.8, Max: 18096, Diff: 18096, Sum: 47791, Workers: 4
[433.567s][debug][gc,phases      ] GC(28)   ResolvedMethodTable Weak       Min:  0.0, Avg:  0.0, Max:  0.1, Diff:  0.1, Sum:  0.2, Workers: 4
[433.567s][debug][gc,phases      ] GC(28)     Dead                           Min: 0, Avg:  0.0, Max: 0, Diff: 0, Sum: 0, Workers: 4
[433.567s][debug][gc,phases      ] GC(28)     Total                          Min: 0, Avg: 3224.5, Max: 4431, Diff: 4431, Sum: 12898, Workers: 4
[433.567s][debug][gc,phases      ] GC(28)   JNI Weak                       Min:  0.0, Avg:  0.0, Max:  0.0, Diff:  0.0, Sum:  0.0, Workers: 4
[433.567s][debug][gc,phases      ] GC(28)     Dead                           Min: 0, Avg:  0.0, Max: 0, Diff: 0, Sum: 0, Workers: 4
[433.567s][debug][gc,phases      ] GC(28)     Total                          Min: 0, Avg: 12.0, Max: 48, Diff: 48, Sum: 48, Workers: 4
[433.567s][debug][gc,phases      ] GC(28)   StringDedup Table Weak         Min:  0.0, Avg:  0.0, Max:  0.0, Diff:  0.0, Sum:  0.0, Workers: 4
[433.567s][debug][gc,phases      ] GC(28)     Dead                           Min: 0, Avg:  0.0, Max: 0, Diff: 0, Sum: 0, Workers: 4
[433.567s][debug][gc,phases      ] GC(28)     Total                          Min: 0, Avg:  0.0, Max: 0, Diff: 0, Sum: 0, Workers: 4
[433.567s][debug][gc,phases      ] GC(28)   StringDedup Requests0 Weak     Min:  0.0, Avg:  0.0, Max:  0.0, Diff:  0.0, Sum:  0.0, Workers: 4
[433.567s][debug][gc,phases      ] GC(28)     Dead                           Min: 0, Avg:  0.0, Max: 0, Diff: 0, Sum: 0, Workers: 4
[433.567s][debug][gc,phases      ] GC(28)     Total                          Min: 0, Avg:  0.0, Max: 0, Diff: 0, Sum: 0, Workers: 4
[433.567s][debug][gc,phases      ] GC(28)   StringDedup Requests1 Weak     Min:  0.0, Avg:  0.0, Max:  0.0, Diff:  0.0, Sum:  0.0, Workers: 4
[433.567s][debug][gc,phases      ] GC(28)     Dead                           Min: 0, Avg:  0.0, Max: 0, Diff: 0, Sum: 0, Workers: 4
[433.567s][debug][gc,phases      ] GC(28)     Total                          Min: 0, Avg:  0.0, Max: 0, Diff: 0, Sum: 0, Workers: 4
[433.567s][debug][gc,phases      ] GC(28)   Weak JFR Old Object Samples    Min:  0.0, Avg:  0.0, Max:  0.0, Diff:  0.0, Sum:  0.0, Workers: 4
[433.567s][debug][gc,phases      ] GC(28)     Dead                           Min: 0, Avg:  0.0, Max: 0, Diff: 0, Sum: 0, Workers: 4
[433.567s][debug][gc,phases      ] GC(28)     Total                          Min: 0, Avg:  0.0, Max: 0, Diff: 0, Sum: 0, Workers: 4
[433.567s][debug][gc,phases      ] GC(28) Weak Processing 0.498ms
[433.567s][debug][gc,age         ] GC(28) Desired survivor size 344457216 bytes, new threshold 15 (max threshold 15)
[433.567s][info ][gc,heap        ] GC(28) PSYoungGen: 1526567K(1758208K)->107099K(1758720K) Eden: 1420288K(1420288K)->0K(1420288K) From: 106279K(337920K)->107099K(338432K)
[433.567s][info ][gc,heap        ] GC(28) ParOldGen: 149768K(244224K)->150749K(244224K)
[433.567s][info ][gc,metaspace   ] GC(28) Metaspace: 93882K(95104K)->93882K(95104K) NonClass: 80024K(80704K)->80024K(80704K) Class: 13858K(14400K)->13858K(14400K)
[433.568s][info ][gc             ] GC(28) Pause Young (Allocation Failure) 1637M->251M(1956M) 46.288ms
[433.568s][info ][gc,cpu         ] GC(28) User=0.17s Sys=0.01s Real=0.04s
[433.568s][info ][safepoint      ] Safepoint "ParallelGCFailedAllocation", Time since last: 759445068 ns, Reaching safepoint: 65304 ns, Cleanup: 7400 ns, At safepoint: 46374962 ns, Total: 46447666 ns
[434.568s][info ][safepoint      ] Safepoint "Cleanup", Time since last: 1000085919 ns, Reaching safepoint: 6600 ns, Cleanup: 16601 ns, At safepoint: 2501 ns, Total: 25702 ns
[438.568s][info ][safepoint      ] Safepoint "Cleanup", Time since last: 4000329623 ns, Reaching safepoint: 7900 ns, Cleanup: 11501 ns, At safepoint: 2200 ns, Total: 21601 ns
[443.568s][info ][safepoint      ] Safepoint "Cleanup", Time since last: 5000391531 ns, Reaching safepoint: 6900 ns, Cleanup: 13101 ns, At safepoint: 2200 ns, Total: 22201 ns
[446.569s][info ][safepoint      ] Safepoint "Cleanup", Time since last: 3000267996 ns, Reaching safepoint: 7600 ns, Cleanup: 15401 ns, At safepoint: 2400 ns, Total: 25401 ns
[447.569s][info ][safepoint      ] Safepoint "Cleanup", Time since last: 1000118992 ns, Reaching safepoint: 84605 ns, Cleanup: 21401 ns, At safepoint: 6001 ns, Total: 112007 ns
[448.569s][info ][safepoint      ] Safepoint "Cleanup", Time since last: 1000111191 ns, Reaching safepoint: 81205 ns, Cleanup: 14200 ns, At safepoint: 6501 ns, Total: 101906 ns
[449.569s][info ][safepoint      ] Safepoint "Cleanup", Time since last: 1000119192 ns, Reaching safepoint: 79104 ns, Cleanup: 10201 ns, At safepoint: 6000 ns, Total: 95305 ns
[451.570s][info ][safepoint      ] Safepoint "Cleanup", Time since last: 2000213482 ns, Reaching safepoint: 81705 ns, Cleanup: 13301 ns, At safepoint: 6600 ns, Total: 101606 ns
[452.570s][info ][safepoint      ] Safepoint "Cleanup", Time since last: 1000123495 ns, Reaching safepoint: 86706 ns, Cleanup: 9100 ns, At safepoint: 5801 ns, Total: 101607 ns
[454.570s][info ][safepoint      ] Safepoint "Cleanup", Time since last: 2000192586 ns, Reaching safepoint: 82805 ns, Cleanup: 18801 ns, At safepoint: 6400 ns, Total: 108006 ns
[455.570s][info ][safepoint      ] Safepoint "Cleanup", Time since last: 1000125695 ns, Reaching safepoint: 94706 ns, Cleanup: 14801 ns, At safepoint: 9800 ns, Total: 119307 ns
[462.571s][info ][safepoint      ] Safepoint "Cleanup", Time since last: 7000550826 ns, Reaching safepoint: 81705 ns, Cleanup: 12001 ns, At safepoint: 7300 ns, Total: 101006 ns
[463.571s][info ][safepoint      ] Safepoint "Cleanup", Time since last: 1000135884 ns, Reaching safepoint: 80605 ns, Cleanup: 9300 ns, At safepoint: 5301 ns, Total: 95206 ns
[463.621s][info ][gc,start       ] GC(29) Pause Young (Allocation Failure)
[463.646s][debug][gc,phases      ] GC(29) Scavenge 25.713ms
[463.646s][debug][gc,ref         ] GC(29) ReferenceProcessor::execute queues: 1, RefProcThreadModel::Single, marks_oops_alive: false
[463.646s][debug][gc,ref         ] GC(29) Skipped KeepAliveFinalRefsPhase of Reference Processing: no references
[463.646s][debug][gc,ref         ] GC(29) ReferenceProcessor::execute queues: 1, RefProcThreadModel::Single, marks_oops_alive: false
[463.646s][debug][gc,phases      ] GC(29) Reference Processing 0.149ms
[463.647s][debug][gc,phases      ] GC(29)   VM Weak                        Min:  0.0, Avg:  0.0, Max:  0.0, Diff:  0.0, Sum:  0.0, Workers: 4
[463.647s][debug][gc,phases      ] GC(29)     Dead                           Min: 0, Avg:  0.0, Max: 0, Diff: 0, Sum: 0, Workers: 4
[463.647s][debug][gc,phases      ] GC(29)     Total                          Min: 0, Avg: 233.8, Max: 615, Diff: 615, Sum: 935, Workers: 4
[463.647s][debug][gc,phases      ] GC(29)   ObjectSynchronizer Weak        Min:  0.0, Avg:  0.0, Max:  0.0, Diff:  0.0, Sum:  0.0, Workers: 4
[463.647s][debug][gc,phases      ] GC(29)     Dead                           Min: 0, Avg:  0.0, Max: 0, Diff: 0, Sum: 0, Workers: 4
[463.647s][debug][gc,phases      ] GC(29)     Total                          Min: 0, Avg:  1.0, Max: 4, Diff: 4, Sum: 4, Workers: 4
[463.647s][debug][gc,phases      ] GC(29)   JVMTI Tag Weak OopStorage      Min:  0.0, Avg:  0.0, Max:  0.0, Diff:  0.0, Sum:  0.0, Workers: 4
[463.647s][debug][gc,phases      ] GC(29)     Dead                           Min: 0, Avg:  0.0, Max: 0, Diff: 0, Sum: 0, Workers: 4
[463.647s][debug][gc,phases      ] GC(29)     Total                          Min: 0, Avg:  0.0, Max: 0, Diff: 0, Sum: 0, Workers: 4
[463.647s][debug][gc,phases      ] GC(29)   StringTable Weak               Min:  0.0, Avg:  0.1, Max:  0.2, Diff:  0.2, Sum:  0.5, Workers: 4
[463.647s][debug][gc,phases      ] GC(29)     Dead                           Min: 0, Avg:  0.0, Max: 0, Diff: 0, Sum: 0, Workers: 4
[463.647s][debug][gc,phases      ] GC(29)     Total                          Min: 0, Avg: 11952.2, Max: 18305, Diff: 18305, Sum: 47809, Workers: 4
[463.647s][debug][gc,phases      ] GC(29)   ResolvedMethodTable Weak       Min:  0.0, Avg:  0.0, Max:  0.1, Diff:  0.1, Sum:  0.2, Workers: 4
[463.647s][debug][gc,phases      ] GC(29)     Dead                           Min: 0, Avg:  0.0, Max: 0, Diff: 0, Sum: 0, Workers: 4
[463.647s][debug][gc,phases      ] GC(29)     Total                          Min: 0, Avg: 3224.5, Max: 4340, Diff: 4340, Sum: 12898, Workers: 4
[463.647s][debug][gc,phases      ] GC(29)   JNI Weak                       Min:  0.0, Avg:  0.0, Max:  0.0, Diff:  0.0, Sum:  0.0, Workers: 4
[463.647s][debug][gc,phases      ] GC(29)     Dead                           Min: 0, Avg:  0.0, Max: 0, Diff: 0, Sum: 0, Workers: 4
[463.647s][debug][gc,phases      ] GC(29)     Total                          Min: 0, Avg: 12.0, Max: 48, Diff: 48, Sum: 48, Workers: 4
[463.647s][debug][gc,phases      ] GC(29)   StringDedup Table Weak         Min:  0.0, Avg:  0.0, Max:  0.0, Diff:  0.0, Sum:  0.0, Workers: 4
[463.647s][debug][gc,phases      ] GC(29)     Dead                           Min: 0, Avg:  0.0, Max: 0, Diff: 0, Sum: 0, Workers: 4
[463.647s][debug][gc,phases      ] GC(29)     Total                          Min: 0, Avg:  0.0, Max: 0, Diff: 0, Sum: 0, Workers: 4
[463.647s][debug][gc,phases      ] GC(29)   StringDedup Requests0 Weak     Min:  0.0, Avg:  0.0, Max:  0.0, Diff:  0.0, Sum:  0.0, Workers: 4
[463.647s][debug][gc,phases      ] GC(29)     Dead                           Min: 0, Avg:  0.0, Max: 0, Diff: 0, Sum: 0, Workers: 4
[463.647s][debug][gc,phases      ] GC(29)     Total                          Min: 0, Avg:  0.0, Max: 0, Diff: 0, Sum: 0, Workers: 4
[463.647s][debug][gc,phases      ] GC(29)   StringDedup Requests1 Weak     Min:  0.0, Avg:  0.0, Max:  0.0, Diff:  0.0, Sum:  0.0, Workers: 4
[463.647s][debug][gc,phases      ] GC(29)     Dead                           Min: 0, Avg:  0.0, Max: 0, Diff: 0, Sum: 0, Workers: 4
[463.647s][debug][gc,phases      ] GC(29)     Total                          Min: 0, Avg:  0.0, Max: 0, Diff: 0, Sum: 0, Workers: 4
[463.647s][debug][gc,phases      ] GC(29)   Weak JFR Old Object Samples    Min:  0.0, Avg:  0.0, Max:  0.0, Diff:  0.0, Sum:  0.0, Workers: 4
[463.647s][debug][gc,phases      ] GC(29)     Dead                           Min: 0, Avg:  0.0, Max: 0, Diff: 0, Sum: 0, Workers: 4
[463.647s][debug][gc,phases      ] GC(29)     Total                          Min: 0, Avg:  0.0, Max: 0, Diff: 0, Sum: 0, Workers: 4
[463.647s][debug][gc,phases      ] GC(29) Weak Processing 0.477ms
[463.647s][debug][gc,age         ] GC(29) Desired survivor size 340787200 bytes, new threshold 15 (max threshold 15)
[463.647s][info ][gc,heap        ] GC(29) PSYoungGen: 1527387K(1758720K)->106411K(1764352K) Eden: 1420288K(1420288K)->0K(1427968K) From: 107099K(338432K)->106411K(336384K)
[463.647s][info ][gc,heap        ] GC(29) ParOldGen: 150749K(244224K)->150885K(244224K)
[463.647s][info ][gc,metaspace   ] GC(29) Metaspace: 93889K(95104K)->93889K(95104K) NonClass: 80030K(80704K)->80030K(80704K) Class: 13858K(14400K)->13858K(14400K)
[463.647s][info ][gc             ] GC(29) Pause Young (Allocation Failure) 1638M->251M(1961M) 26.485ms
[463.647s][info ][gc,cpu         ] GC(29) User=0.10s Sys=0.00s Real=0.02s
[463.647s][info ][safepoint      ] Safepoint "ParallelGCFailedAllocation", Time since last: 49066279 ns, Reaching safepoint: 87005 ns, Cleanup: 3600 ns, At safepoint: 26575359 ns, Total: 26665964 ns
[466.647s][info ][safepoint      ] Safepoint "Cleanup", Time since last: 3000234742 ns, Reaching safepoint: 6900 ns, Cleanup: 9701 ns, At safepoint: 2400 ns, Total: 19001 ns
[470.648s][info ][safepoint      ] Safepoint "Cleanup", Time since last: 4000282326 ns, Reaching safepoint: 7800 ns, Cleanup: 9701 ns, At safepoint: 2500 ns, Total: 20001 ns
[471.648s][info ][safepoint      ] Safepoint "Cleanup", Time since last: 1000133812 ns, Reaching safepoint: 6900 ns, Cleanup: 9801 ns, At safepoint: 2000 ns, Total: 18701 ns
[472.648s][info ][safepoint      ] Safepoint "Cleanup", Time since last: 1000316423 ns, Reaching safepoint: 6800 ns, Cleanup: 8801 ns, At safepoint: 2000 ns, Total: 17601 ns
[475.648s][info ][safepoint      ] Safepoint "Cleanup", Time since last: 3000243526 ns, Reaching safepoint: 7300 ns, Cleanup: 10301 ns, At safepoint: 2300 ns, Total: 19901 ns
[477.649s][info ][safepoint      ] Safepoint "Cleanup", Time since last: 2000163904 ns, Reaching safepoint: 8700 ns, Cleanup: 9101 ns, At safepoint: 2200 ns, Total: 20001 ns
[478.649s][info ][safepoint      ] Safepoint "Cleanup", Time since last: 1000116934 ns, Reaching safepoint: 7200 ns, Cleanup: 11801 ns, At safepoint: 2100 ns, Total: 21101 ns
[481.294s][info ][safepoint      ] Safepoint "Cleanup", Time since last: 2645364146 ns, Reaching safepoint: 7500 ns, Cleanup: 9801 ns, At safepoint: 2400 ns, Total: 19701 ns
[483.294s][info ][safepoint      ] Safepoint "Cleanup", Time since last: 2000187265 ns, Reaching safepoint: 7201 ns, Cleanup: 10201 ns, At safepoint: 2300 ns, Total: 19702 ns
[495.176s][info ][gc,start       ] GC(30) Pause Young (Allocation Failure)
[495.204s][debug][gc,phases      ] GC(30) Scavenge 28.647ms
[495.205s][debug][gc,ref         ] GC(30) ReferenceProcessor::execute queues: 1, RefProcThreadModel::Single, marks_oops_alive: false
[495.205s][debug][gc,ref         ] GC(30) Skipped KeepAliveFinalRefsPhase of Reference Processing: no references
[495.205s][debug][gc,ref         ] GC(30) ReferenceProcessor::execute queues: 1, RefProcThreadModel::Single, marks_oops_alive: false
[495.205s][debug][gc,phases      ] GC(30) Reference Processing 0.138ms
[495.205s][debug][gc,phases      ] GC(30)   VM Weak                        Min:  0.0, Avg:  0.0, Max:  0.0, Diff:  0.0, Sum:  0.0, Workers: 4
[495.205s][debug][gc,phases      ] GC(30)     Dead                           Min: 0, Avg:  0.0, Max: 0, Diff: 0, Sum: 0, Workers: 4
[495.205s][debug][gc,phases      ] GC(30)     Total                          Min: 0, Avg: 233.8, Max: 384, Diff: 384, Sum: 935, Workers: 4
[495.205s][debug][gc,phases      ] GC(30)   ObjectSynchronizer Weak        Min:  0.0, Avg:  0.0, Max:  0.0, Diff:  0.0, Sum:  0.0, Workers: 4
[495.205s][debug][gc,phases      ] GC(30)     Dead                           Min: 0, Avg:  0.0, Max: 0, Diff: 0, Sum: 0, Workers: 4
[495.205s][debug][gc,phases      ] GC(30)     Total                          Min: 0, Avg:  0.8, Max: 3, Diff: 3, Sum: 3, Workers: 4
[495.205s][debug][gc,phases      ] GC(30)   JVMTI Tag Weak OopStorage      Min:  0.0, Avg:  0.0, Max:  0.0, Diff:  0.0, Sum:  0.0, Workers: 4
[495.205s][debug][gc,phases      ] GC(30)     Dead                           Min: 0, Avg:  0.0, Max: 0, Diff: 0, Sum: 0, Workers: 4
[495.205s][debug][gc,phases      ] GC(30)     Total                          Min: 0, Avg:  0.0, Max: 0, Diff: 0, Sum: 0, Workers: 4
[495.205s][debug][gc,phases      ] GC(30)   StringTable Weak               Min:  0.1, Avg:  0.1, Max:  0.1, Diff:  0.0, Sum:  0.6, Workers: 4
[495.205s][debug][gc,phases      ] GC(30)     Dead                           Min: 0, Avg:  0.0, Max: 0, Diff: 0, Sum: 0, Workers: 4
[495.205s][debug][gc,phases      ] GC(30)     Total                          Min: 10944, Avg: 11952.5, Max: 12416, Diff: 1472, Sum: 47810, Workers: 4
[495.205s][debug][gc,phases      ] GC(30)   ResolvedMethodTable Weak       Min:  0.0, Avg:  0.0, Max:  0.0, Diff:  0.0, Sum:  0.2, Workers: 4
[495.205s][debug][gc,phases      ] GC(30)     Dead                           Min: 0, Avg:  0.0, Max: 0, Diff: 0, Sum: 0, Workers: 4
[495.205s][debug][gc,phases      ] GC(30)     Total                          Min: 2907, Avg: 3224.5, Max: 3502, Diff: 595, Sum: 12898, Workers: 4
[495.205s][debug][gc,phases      ] GC(30)   JNI Weak                       Min:  0.0, Avg:  0.0, Max:  0.0, Diff:  0.0, Sum:  0.0, Workers: 4
[495.205s][debug][gc,phases      ] GC(30)     Dead                           Min: 0, Avg:  0.0, Max: 0, Diff: 0, Sum: 0, Workers: 4
[495.205s][debug][gc,phases      ] GC(30)     Total                          Min: 0, Avg: 12.0, Max: 48, Diff: 48, Sum: 48, Workers: 4
[495.205s][debug][gc,phases      ] GC(30)   StringDedup Table Weak         Min:  0.0, Avg:  0.0, Max:  0.0, Diff:  0.0, Sum:  0.0, Workers: 4
[495.205s][debug][gc,phases      ] GC(30)     Dead                           Min: 0, Avg:  0.0, Max: 0, Diff: 0, Sum: 0, Workers: 4
[495.205s][debug][gc,phases      ] GC(30)     Total                          Min: 0, Avg:  0.0, Max: 0, Diff: 0, Sum: 0, Workers: 4
[495.205s][debug][gc,phases      ] GC(30)   StringDedup Requests0 Weak     Min:  0.0, Avg:  0.0, Max:  0.0, Diff:  0.0, Sum:  0.0, Workers: 4
[495.205s][debug][gc,phases      ] GC(30)     Dead                           Min: 0, Avg:  0.0, Max: 0, Diff: 0, Sum: 0, Workers: 4
[495.205s][debug][gc,phases      ] GC(30)     Total                          Min: 0, Avg:  0.0, Max: 0, Diff: 0, Sum: 0, Workers: 4
[495.205s][debug][gc,phases      ] GC(30)   StringDedup Requests1 Weak     Min:  0.0, Avg:  0.0, Max:  0.0, Diff:  0.0, Sum:  0.0, Workers: 4
[495.205s][debug][gc,phases      ] GC(30)     Dead                           Min: 0, Avg:  0.0, Max: 0, Diff: 0, Sum: 0, Workers: 4
[495.205s][debug][gc,phases      ] GC(30)     Total                          Min: 0, Avg:  0.0, Max: 0, Diff: 0, Sum: 0, Workers: 4
[495.205s][debug][gc,phases      ] GC(30)   Weak JFR Old Object Samples    Min:  0.0, Avg:  0.0, Max:  0.0, Diff:  0.0, Sum:  0.0, Workers: 4
[495.205s][debug][gc,phases      ] GC(30)     Dead                           Min: 0, Avg:  0.0, Max: 0, Diff: 0, Sum: 0, Workers: 4
[495.205s][debug][gc,phases      ] GC(30)     Total                          Min: 0, Avg:  0.0, Max: 0, Diff: 0, Sum: 0, Workers: 4
[495.205s][debug][gc,phases      ] GC(30) Weak Processing 0.427ms
[495.205s][debug][gc,age         ] GC(30) Desired survivor size 339738624 bytes, new threshold 15 (max threshold 15)
[495.205s][info ][gc,heap        ] GC(30) PSYoungGen: 1534379K(1764352K)->82224K(1760768K) Eden: 1427968K(1427968K)->0K(1427968K) From: 106411K(336384K)->82224K(332800K)
[495.205s][info ][gc,heap        ] GC(30) ParOldGen: 150885K(244224K)->176571K(244224K)
[495.205s][info ][gc,metaspace   ] GC(30) Metaspace: 93890K(95168K)->93890K(95168K) NonClass: 80031K(80768K)->80031K(80768K) Class: 13858K(14400K)->13858K(14400K)
[495.205s][info ][gc             ] GC(30) Pause Young (Allocation Failure) 1645M->252M(1958M) 29.364ms
[495.205s][info ][gc,cpu         ] GC(30) User=0.08s Sys=0.02s Real=0.02s
[495.205s][info ][safepoint      ] Safepoint "ParallelGCFailedAllocation", Time since last: 11881309762 ns, Reaching safepoint: 8900 ns, Cleanup: 3800 ns, At safepoint: 29446779 ns, Total: 29459479 ns
[498.205s][info ][safepoint      ] Safepoint "Cleanup", Time since last: 3000207643 ns, Reaching safepoint: 9201 ns, Cleanup: 12501 ns, At safepoint: 2400 ns, Total: 24102 ns
[499.205s][info ][safepoint      ] Safepoint "Cleanup", Time since last: 1000116417 ns, Reaching safepoint: 6700 ns, Cleanup: 8801 ns, At safepoint: 2200 ns, Total: 17701 ns
[501.206s][info ][safepoint      ] Safepoint "Cleanup", Time since last: 2000180007 ns, Reaching safepoint: 8901 ns, Cleanup: 8700 ns, At safepoint: 2401 ns, Total: 20002 ns
[503.206s][info ][safepoint      ] Safepoint "Cleanup", Time since last: 2000187794 ns, Reaching safepoint: 6900 ns, Cleanup: 10701 ns, At safepoint: 2200 ns, Total: 19801 ns
[504.206s][info ][safepoint      ] Safepoint "Cleanup", Time since last: 1000117448 ns, Reaching safepoint: 80805 ns, Cleanup: 9400 ns, At safepoint: 6101 ns, Total: 96306 ns
[509.206s][info ][safepoint      ] Safepoint "Cleanup", Time since last: 5000381013 ns, Reaching safepoint: 7200 ns, Cleanup: 9801 ns, At safepoint: 2200 ns, Total: 19201 ns
[510.207s][info ][safepoint      ] Safepoint "Cleanup", Time since last: 1000113533 ns, Reaching safepoint: 6700 ns, Cleanup: 10501 ns, At safepoint: 2100 ns, Total: 19301 ns
[512.207s][info ][safepoint      ] Safepoint "Cleanup", Time since last: 2000194763 ns, Reaching safepoint: 7600 ns, Cleanup: 10501 ns, At safepoint: 33102 ns, Total: 51203 ns
[513.207s][info ][safepoint      ] Safepoint "Cleanup", Time since last: 1000109032 ns, Reaching safepoint: 6400 ns, Cleanup: 7701 ns, At safepoint: 2100 ns, Total: 16201 ns
[517.207s][info ][safepoint      ] Safepoint "Cleanup", Time since last: 4000334076 ns, Reaching safepoint: 6801 ns, Cleanup: 9600 ns, At safepoint: 2400 ns, Total: 18801 ns
[518.207s][info ][safepoint      ] Safepoint "Cleanup", Time since last: 1000109489 ns, Reaching safepoint: 6700 ns, Cleanup: 21402 ns, At safepoint: 2400 ns, Total: 30502 ns
[524.208s][info ][safepoint      ] Safepoint "Cleanup", Time since last: 6000432016 ns, Reaching safepoint: 7901 ns, Cleanup: 11300 ns, At safepoint: 6901 ns, Total: 26102 ns
[526.208s][info ][safepoint      ] Safepoint "Cleanup", Time since last: 2000192685 ns, Reaching safepoint: 5900 ns, Cleanup: 11701 ns, At safepoint: 2500 ns, Total: 20101 ns
[526.378s][info ][gc,start       ] GC(31) Pause Young (Allocation Failure)
[526.406s][debug][gc,phases      ] GC(31) Scavenge 28.576ms
[526.406s][debug][gc,ref         ] GC(31) ReferenceProcessor::execute queues: 1, RefProcThreadModel::Single, marks_oops_alive: false
[526.406s][debug][gc,ref         ] GC(31) Skipped KeepAliveFinalRefsPhase of Reference Processing: no references
[526.406s][debug][gc,ref         ] GC(31) Skipped PhantomRefsPhase of Reference Processing: no references
[526.406s][debug][gc,phases      ] GC(31) Reference Processing 0.125ms
[526.407s][debug][gc,phases      ] GC(31)   VM Weak                        Min:  0.0, Avg:  0.0, Max:  0.0, Diff:  0.0, Sum:  0.0, Workers: 4
[526.407s][debug][gc,phases      ] GC(31)     Dead                           Min: 0, Avg:  0.0, Max: 0, Diff: 0, Sum: 0, Workers: 4
[526.407s][debug][gc,phases      ] GC(31)     Total                          Min: 0, Avg: 233.8, Max: 615, Diff: 615, Sum: 935, Workers: 4
[526.407s][debug][gc,phases      ] GC(31)   ObjectSynchronizer Weak        Min:  0.0, Avg:  0.0, Max:  0.0, Diff:  0.0, Sum:  0.0, Workers: 4
[526.407s][debug][gc,phases      ] GC(31)     Dead                           Min: 0, Avg:  0.0, Max: 0, Diff: 0, Sum: 0, Workers: 4
[526.407s][debug][gc,phases      ] GC(31)     Total                          Min: 0, Avg:  0.8, Max: 3, Diff: 3, Sum: 3, Workers: 4
[526.407s][debug][gc,phases      ] GC(31)   JVMTI Tag Weak OopStorage      Min:  0.0, Avg:  0.0, Max:  0.0, Diff:  0.0, Sum:  0.0, Workers: 4
[526.407s][debug][gc,phases      ] GC(31)     Dead                           Min: 0, Avg:  0.0, Max: 0, Diff: 0, Sum: 0, Workers: 4
[526.407s][debug][gc,phases      ] GC(31)     Total                          Min: 0, Avg:  0.0, Max: 0, Diff: 0, Sum: 0, Workers: 4
[526.407s][debug][gc,phases      ] GC(31)   StringTable Weak               Min:  0.0, Avg:  0.1, Max:  0.2, Diff:  0.2, Sum:  0.5, Workers: 4
[526.407s][debug][gc,phases      ] GC(31)     Dead                           Min: 0, Avg:  0.0, Max: 0, Diff: 0, Sum: 0, Workers: 4
[526.407s][debug][gc,phases      ] GC(31)     Total                          Min: 0, Avg: 11952.5, Max: 16386, Diff: 16386, Sum: 47810, Workers: 4
[526.407s][debug][gc,phases      ] GC(31)   ResolvedMethodTable Weak       Min:  0.0, Avg:  0.0, Max:  0.0, Diff:  0.0, Sum:  0.1, Workers: 4
[526.407s][debug][gc,phases      ] GC(31)     Dead                           Min: 0, Avg:  0.0, Max: 0, Diff: 0, Sum: 0, Workers: 4
[526.407s][debug][gc,phases      ] GC(31)     Total                          Min: 0, Avg: 3224.5, Max: 4487, Diff: 4487, Sum: 12898, Workers: 4
[526.407s][debug][gc,phases      ] GC(31)   JNI Weak                       Min:  0.0, Avg:  0.0, Max:  0.0, Diff:  0.0, Sum:  0.0, Workers: 4
[526.407s][debug][gc,phases      ] GC(31)     Dead                           Min: 0, Avg:  0.0, Max: 0, Diff: 0, Sum: 0, Workers: 4
[526.407s][debug][gc,phases      ] GC(31)     Total                          Min: 0, Avg: 12.0, Max: 48, Diff: 48, Sum: 48, Workers: 4
[526.407s][debug][gc,phases      ] GC(31)   StringDedup Table Weak         Min:  0.0, Avg:  0.0, Max:  0.0, Diff:  0.0, Sum:  0.0, Workers: 4
[526.407s][debug][gc,phases      ] GC(31)     Dead                           Min: 0, Avg:  0.0, Max: 0, Diff: 0, Sum: 0, Workers: 4
[526.407s][debug][gc,phases      ] GC(31)     Total                          Min: 0, Avg:  0.0, Max: 0, Diff: 0, Sum: 0, Workers: 4
[526.407s][debug][gc,phases      ] GC(31)   StringDedup Requests0 Weak     Min:  0.0, Avg:  0.0, Max:  0.0, Diff:  0.0, Sum:  0.0, Workers: 4
[526.407s][debug][gc,phases      ] GC(31)     Dead                           Min: 0, Avg:  0.0, Max: 0, Diff: 0, Sum: 0, Workers: 4
[526.407s][debug][gc,phases      ] GC(31)     Total                          Min: 0, Avg:  0.0, Max: 0, Diff: 0, Sum: 0, Workers: 4
[526.407s][debug][gc,phases      ] GC(31)   StringDedup Requests1 Weak     Min:  0.0, Avg:  0.0, Max:  0.0, Diff:  0.0, Sum:  0.0, Workers: 4
[526.407s][debug][gc,phases      ] GC(31)     Dead                           Min: 0, Avg:  0.0, Max: 0, Diff: 0, Sum: 0, Workers: 4
[526.407s][debug][gc,phases      ] GC(31)     Total                          Min: 0, Avg:  0.0, Max: 0, Diff: 0, Sum: 0, Workers: 4
[526.407s][debug][gc,phases      ] GC(31)   Weak JFR Old Object Samples    Min:  0.0, Avg:  0.0, Max:  0.0, Diff:  0.0, Sum:  0.0, Workers: 4
[526.407s][debug][gc,phases      ] GC(31)     Dead                           Min: 0, Avg:  0.0, Max: 0, Diff: 0, Sum: 0, Workers: 4
[526.407s][debug][gc,phases      ] GC(31)     Total                          Min: 0, Avg:  0.0, Max: 0, Diff: 0, Sum: 0, Workers: 4
[526.407s][debug][gc,phases      ] GC(31) Weak Processing 0.466ms
[526.407s][debug][gc,age         ] GC(31) Desired survivor size 347602944 bytes, new threshold 15 (max threshold 15)
[526.407s][info ][gc,heap        ] GC(31) PSYoungGen: 1510192K(1760768K)->17472K(1750016K) Eden: 1427968K(1427968K)->0K(1418240K) From: 82224K(332800K)->17472K(331776K)
[526.407s][info ][gc,heap        ] GC(31) ParOldGen: 176571K(244224K)->246992K(247296K)
[526.407s][info ][gc,metaspace   ] GC(31) Metaspace: 93897K(95168K)->93897K(95168K) NonClass: 80038K(80768K)->80038K(80768K) Class: 13858K(14400K)->13858K(14400K)
[526.407s][info ][gc             ] GC(31) Pause Young (Allocation Failure) 1647M->258M(1950M) 29.304ms
[526.407s][info ][gc,cpu         ] GC(31) User=0.07s Sys=0.04s Real=0.02s
[526.407s][debug][gc,phases      ] GC(32) Pre Compact 0.014ms
[526.407s][info ][gc,start       ] GC(32) Pause Full (Ergonomics)
[526.407s][info ][gc,phases,start] GC(32) Marking Phase
[526.495s][debug][gc,phases      ] GC(32) Par Mark 87.616ms
[526.495s][debug][gc,ref         ] GC(32) ReferenceProcessor::execute queues: 4, RefProcThreadModel::Multi, marks_oops_alive: false
[526.495s][debug][gc,ref         ] GC(32) Skipped KeepAliveFinalRefsPhase of Reference Processing: no references
[526.495s][debug][gc,ref         ] GC(32) ReferenceProcessor::execute queues: 1, RefProcThreadModel::Single, marks_oops_alive: false
[526.495s][debug][gc,phases      ] GC(32) Reference Processing 0.487ms
[526.496s][debug][gc,phases      ] GC(32)   VM Weak                        Min:  0.0, Avg:  0.0, Max:  0.0, Diff:  0.0, Sum:  0.0, Workers: 4
[526.496s][debug][gc,phases      ] GC(32)     Dead                           Min: 0, Avg:  0.0, Max: 0, Diff: 0, Sum: 0, Workers: 4
[526.496s][debug][gc,phases      ] GC(32)     Total                          Min: 0, Avg: 233.8, Max: 487, Diff: 487, Sum: 935, Workers: 4
[526.496s][debug][gc,phases      ] GC(32)   ObjectSynchronizer Weak        Min:  0.0, Avg:  0.0, Max:  0.0, Diff:  0.0, Sum:  0.0, Workers: 4
[526.496s][debug][gc,phases      ] GC(32)     Dead                           Min: 0, Avg:  0.0, Max: 0, Diff: 0, Sum: 0, Workers: 4
[526.496s][debug][gc,phases      ] GC(32)     Total                          Min: 0, Avg:  0.8, Max: 3, Diff: 3, Sum: 3, Workers: 4
[526.496s][debug][gc,phases      ] GC(32)   JVMTI Tag Weak OopStorage      Min:  0.0, Avg:  0.0, Max:  0.0, Diff:  0.0, Sum:  0.0, Workers: 4
[526.496s][debug][gc,phases      ] GC(32)     Dead                           Min: 0, Avg:  0.0, Max: 0, Diff: 0, Sum: 0, Workers: 4
[526.496s][debug][gc,phases      ] GC(32)     Total                          Min: 0, Avg:  0.0, Max: 0, Diff: 0, Sum: 0, Workers: 4
[526.496s][debug][gc,phases      ] GC(32)   StringTable Weak               Min:  0.0, Avg:  0.2, Max:  0.2, Diff:  0.2, Sum:  0.7, Workers: 4
[526.496s][debug][gc,phases      ] GC(32)     Dead                           Min: 0, Avg:  0.0, Max: 0, Diff: 0, Sum: 0, Workers: 4
[526.496s][debug][gc,phases      ] GC(32)     Total                          Min: 0, Avg: 11952.5, Max: 18496, Diff: 18496, Sum: 47810, Workers: 4
[526.496s][debug][gc,phases      ] GC(32)   ResolvedMethodTable Weak       Min:  0.0, Avg:  0.1, Max:  0.1, Diff:  0.1, Sum:  0.2, Workers: 4
[526.496s][debug][gc,phases      ] GC(32)     Dead                           Min: 0, Avg:  0.0, Max: 0, Diff: 0, Sum: 0, Workers: 4
[526.496s][debug][gc,phases      ] GC(32)     Total                          Min: 0, Avg: 3224.5, Max: 4603, Diff: 4603, Sum: 12898, Workers: 4
[526.496s][debug][gc,phases      ] GC(32)   JNI Weak                       Min:  0.0, Avg:  0.0, Max:  0.0, Diff:  0.0, Sum:  0.0, Workers: 4
[526.496s][debug][gc,phases      ] GC(32)     Dead                           Min: 0, Avg:  0.0, Max: 0, Diff: 0, Sum: 0, Workers: 4
[526.496s][debug][gc,phases      ] GC(32)     Total                          Min: 0, Avg: 12.0, Max: 48, Diff: 48, Sum: 48, Workers: 4
[526.496s][debug][gc,phases      ] GC(32)   StringDedup Table Weak         Min:  0.0, Avg:  0.0, Max:  0.0, Diff:  0.0, Sum:  0.0, Workers: 4
[526.496s][debug][gc,phases      ] GC(32)     Dead                           Min: 0, Avg:  0.0, Max: 0, Diff: 0, Sum: 0, Workers: 4
[526.496s][debug][gc,phases      ] GC(32)     Total                          Min: 0, Avg:  0.0, Max: 0, Diff: 0, Sum: 0, Workers: 4
[526.496s][debug][gc,phases      ] GC(32)   StringDedup Requests0 Weak     Min:  0.0, Avg:  0.0, Max:  0.0, Diff:  0.0, Sum:  0.0, Workers: 4
[526.496s][debug][gc,phases      ] GC(32)     Dead                           Min: 0, Avg:  0.0, Max: 0, Diff: 0, Sum: 0, Workers: 4
[526.496s][debug][gc,phases      ] GC(32)     Total                          Min: 0, Avg:  0.0, Max: 0, Diff: 0, Sum: 0, Workers: 4
[526.496s][debug][gc,phases      ] GC(32)   StringDedup Requests1 Weak     Min:  0.0, Avg:  0.0, Max:  0.0, Diff:  0.0, Sum:  0.0, Workers: 4
[526.496s][debug][gc,phases      ] GC(32)     Dead                           Min: 0, Avg:  0.0, Max: 0, Diff: 0, Sum: 0, Workers: 4
[526.496s][debug][gc,phases      ] GC(32)     Total                          Min: 0, Avg:  0.0, Max: 0, Diff: 0, Sum: 0, Workers: 4
[526.496s][debug][gc,phases      ] GC(32)   Weak JFR Old Object Samples    Min:  0.0, Avg:  0.0, Max:  0.0, Diff:  0.0, Sum:  0.0, Workers: 4
[526.496s][debug][gc,phases      ] GC(32)     Dead                           Min: 0, Avg:  0.0, Max: 0, Diff: 0, Sum: 0, Workers: 4
[526.496s][debug][gc,phases      ] GC(32)     Total                          Min: 0, Avg:  0.0, Max: 0, Diff: 0, Sum: 0, Workers: 4
[526.496s][debug][gc,phases      ] GC(32) Weak Processing 0.561ms
[526.496s][debug][gc,phases      ] GC(32) ClassLoaderData 0.126ms
[526.496s][debug][gc,phases      ] GC(32) Trigger cleanups 0.000ms
[526.519s][debug][gc,phases      ] GC(32) Class Unloading 22.779ms
[526.519s][debug][gc,phases      ] GC(32) Report Object Count 0.002ms
[526.519s][info ][gc,phases      ] GC(32) Marking Phase 111.560ms
[526.519s][info ][gc,phases,start] GC(32) Summary Phase
[526.519s][info ][gc,phases      ] GC(32) Summary Phase 0.010ms
[526.519s][info ][gc,phases,start] GC(32) Adjust Roots
[526.526s][info ][gc,phases      ] GC(32) Adjust Roots 7.653ms
[526.526s][info ][gc,phases,start] GC(32) Compaction Phase
[526.630s][info ][gc,phases      ] GC(32) Compaction Phase 103.182ms
[526.630s][info ][gc,phases,start] GC(32) Post Compact
[526.631s][info ][gc,phases      ] GC(32) Post Compact 1.236ms
[526.631s][info ][gc,heap        ] GC(32) PSYoungGen: 17472K(1750016K)->8570K(1750016K) Eden: 0K(1418240K)->0K(1418240K) From: 17472K(331776K)->8570K(331776K)
[526.631s][info ][gc,heap        ] GC(32) ParOldGen: 246992K(247296K)->247181K(382976K)
[526.631s][info ][gc,metaspace   ] GC(32) Metaspace: 93897K(95168K)->93897K(95168K) NonClass: 80038K(80768K)->80038K(80768K) Class: 13858K(14400K)->13858K(14400K)
[526.631s][info ][gc             ] GC(32) Pause Full (Ergonomics) 258M->249M(2083M) 224.083ms
[526.631s][info ][gc,cpu         ] GC(32) User=0.75s Sys=0.01s Real=0.23s
[526.631s][info ][safepoint      ] Safepoint "ParallelGCFailedAllocation", Time since last: 169457157 ns, Reaching safepoint: 87905 ns, Cleanup: 3900 ns, At safepoint: 253538496 ns, Total: 253630301 ns
[527.631s][info ][safepoint      ] Safepoint "Cleanup", Time since last: 1000088742 ns, Reaching safepoint: 6301 ns, Cleanup: 25401 ns, At safepoint: 2200 ns, Total: 33902 ns
[531.632s][info ][safepoint      ] Safepoint "Cleanup", Time since last: 4000343068 ns, Reaching safepoint: 6300 ns, Cleanup: 10901 ns, At safepoint: 6400 ns, Total: 23601 ns
[532.632s][info ][safepoint      ] Safepoint "Cleanup", Time since last: 1000123749 ns, Reaching safepoint: 6101 ns, Cleanup: 13300 ns, At safepoint: 5301 ns, Total: 24702 ns
[533.632s][info ][safepoint      ] Safepoint "Cleanup", Time since last: 1000113694 ns, Reaching safepoint: 6501 ns, Cleanup: 11000 ns, At safepoint: 2201 ns, Total: 19702 ns
[539.632s][info ][safepoint      ] Safepoint "Cleanup", Time since last: 6000402650 ns, Reaching safepoint: 8101 ns, Cleanup: 20801 ns, At safepoint: 2400 ns, Total: 31302 ns
[540.633s][info ][safepoint      ] Safepoint "Cleanup", Time since last: 1000077914 ns, Reaching safepoint: 6700 ns, Cleanup: 15101 ns, At safepoint: 2400 ns, Total: 24201 ns
[541.633s][info ][safepoint      ] Safepoint "Cleanup", Time since last: 1000112406 ns, Reaching safepoint: 6200 ns, Cleanup: 20002 ns, At safepoint: 2200 ns, Total: 28402 ns
[543.633s][info ][safepoint      ] Safepoint "Cleanup", Time since last: 2000176709 ns, Reaching safepoint: 6700 ns, Cleanup: 17401 ns, At safepoint: 2500 ns, Total: 26601 ns
[557.385s][info ][gc,start       ] GC(33) Pause Young (Allocation Failure)
[557.423s][debug][gc,phases      ] GC(33) Scavenge 37.349ms
[557.423s][debug][gc,ref         ] GC(33) ReferenceProcessor::execute queues: 1, RefProcThreadModel::Single, marks_oops_alive: false
[557.423s][debug][gc,ref         ] GC(33) Skipped KeepAliveFinalRefsPhase of Reference Processing: no references
[557.423s][debug][gc,ref         ] GC(33) Skipped PhantomRefsPhase of Reference Processing: no references
[557.423s][debug][gc,phases      ] GC(33) Reference Processing 0.114ms
[557.423s][debug][gc,phases      ] GC(33)   VM Weak                        Min:  0.0, Avg:  0.0, Max:  0.0, Diff:  0.0, Sum:  0.0, Workers: 4
[557.423s][debug][gc,phases      ] GC(33)     Dead                           Min: 0, Avg:  0.0, Max: 0, Diff: 0, Sum: 0, Workers: 4
[557.423s][debug][gc,phases      ] GC(33)     Total                          Min: 0, Avg: 233.8, Max: 576, Diff: 576, Sum: 935, Workers: 4
[557.423s][debug][gc,phases      ] GC(33)   ObjectSynchronizer Weak        Min:  0.0, Avg:  0.0, Max:  0.0, Diff:  0.0, Sum:  0.0, Workers: 4
[557.423s][debug][gc,phases      ] GC(33)     Dead                           Min: 0, Avg:  0.0, Max: 0, Diff: 0, Sum: 0, Workers: 4
[557.423s][debug][gc,phases      ] GC(33)     Total                          Min: 0, Avg:  0.8, Max: 3, Diff: 3, Sum: 3, Workers: 4
[557.423s][debug][gc,phases      ] GC(33)   JVMTI Tag Weak OopStorage      Min:  0.0, Avg:  0.0, Max:  0.0, Diff:  0.0, Sum:  0.0, Workers: 4
[557.423s][debug][gc,phases      ] GC(33)     Dead                           Min: 0, Avg:  0.0, Max: 0, Diff: 0, Sum: 0, Workers: 4
[557.423s][debug][gc,phases      ] GC(33)     Total                          Min: 0, Avg:  0.0, Max: 0, Diff: 0, Sum: 0, Workers: 4
[557.423s][debug][gc,phases      ] GC(33)   StringTable Weak               Min:  0.0, Avg:  0.1, Max:  0.2, Diff:  0.2, Sum:  0.5, Workers: 4
[557.423s][debug][gc,phases      ] GC(33)     Dead                           Min: 0, Avg:  0.0, Max: 0, Diff: 0, Sum: 0, Workers: 4
[557.423s][debug][gc,phases      ] GC(33)     Total                          Min: 0, Avg: 11952.5, Max: 16384, Diff: 16384, Sum: 47810, Workers: 4
[557.423s][debug][gc,phases      ] GC(33)   ResolvedMethodTable Weak       Min:  0.0, Avg:  0.0, Max:  0.0, Diff:  0.0, Sum:  0.1, Workers: 4
[557.423s][debug][gc,phases      ] GC(33)     Dead                           Min: 0, Avg:  0.0, Max: 0, Diff: 0, Sum: 0, Workers: 4
[557.423s][debug][gc,phases      ] GC(33)     Total                          Min: 0, Avg: 3224.5, Max: 4438, Diff: 4438, Sum: 12898, Workers: 4
[557.423s][debug][gc,phases      ] GC(33)   JNI Weak                       Min:  0.0, Avg:  0.0, Max:  0.0, Diff:  0.0, Sum:  0.0, Workers: 4
[557.423s][debug][gc,phases      ] GC(33)     Dead                           Min: 0, Avg:  0.0, Max: 0, Diff: 0, Sum: 0, Workers: 4
[557.423s][debug][gc,phases      ] GC(33)     Total                          Min: 0, Avg: 12.0, Max: 48, Diff: 48, Sum: 48, Workers: 4
[557.423s][debug][gc,phases      ] GC(33)   StringDedup Table Weak         Min:  0.0, Avg:  0.0, Max:  0.0, Diff:  0.0, Sum:  0.0, Workers: 4
[557.423s][debug][gc,phases      ] GC(33)     Dead                           Min: 0, Avg:  0.0, Max: 0, Diff: 0, Sum: 0, Workers: 4
[557.423s][debug][gc,phases      ] GC(33)     Total                          Min: 0, Avg:  0.0, Max: 0, Diff: 0, Sum: 0, Workers: 4
[557.423s][debug][gc,phases      ] GC(33)   StringDedup Requests0 Weak     Min:  0.0, Avg:  0.0, Max:  0.0, Diff:  0.0, Sum:  0.0, Workers: 4
[557.423s][debug][gc,phases      ] GC(33)     Dead                           Min: 0, Avg:  0.0, Max: 0, Diff: 0, Sum: 0, Workers: 4
[557.423s][debug][gc,phases      ] GC(33)     Total                          Min: 0, Avg:  0.0, Max: 0, Diff: 0, Sum: 0, Workers: 4
[557.423s][debug][gc,phases      ] GC(33)   StringDedup Requests1 Weak     Min:  0.0, Avg:  0.0, Max:  0.0, Diff:  0.0, Sum:  0.0, Workers: 4
[557.423s][debug][gc,phases      ] GC(33)     Dead                           Min: 0, Avg:  0.0, Max: 0, Diff: 0, Sum: 0, Workers: 4
[557.423s][debug][gc,phases      ] GC(33)     Total                          Min: 0, Avg:  0.0, Max: 0, Diff: 0, Sum: 0, Workers: 4
[557.423s][debug][gc,phases      ] GC(33)   Weak JFR Old Object Samples    Min:  0.0, Avg:  0.0, Max:  0.0, Diff:  0.0, Sum:  0.0, Workers: 4
[557.423s][debug][gc,phases      ] GC(33)     Dead                           Min: 0, Avg:  0.0, Max: 0, Diff: 0, Sum: 0, Workers: 4
[557.423s][debug][gc,phases      ] GC(33)     Total                          Min: 0, Avg:  0.0, Max: 0, Diff: 0, Sum: 0, Workers: 4
[557.423s][debug][gc,phases      ] GC(33) Weak Processing 0.452ms
[557.423s][debug][gc,age         ] GC(33) Desired survivor size 353370112 bytes, new threshold 15 (max threshold 15)
[557.423s][info ][gc,heap        ] GC(33) PSYoungGen: 1426810K(1750016K)->1392K(1419776K) Eden: 1418240K(1418240K)->0K(1418240K) From: 8570K(331776K)->1392K(1536K)
[557.423s][info ][gc,heap        ] GC(33) ParOldGen: 247181K(382976K)->255493K(382976K)
[557.423s][info ][gc,metaspace   ] GC(33) Metaspace: 93900K(95168K)->93900K(95168K) NonClass: 80042K(80768K)->80042K(80768K) Class: 13858K(14400K)->13858K(14400K)
[557.423s][info ][gc             ] GC(33) Pause Young (Allocation Failure) 1634M->250M(1760M) 38.060ms
[557.423s][info ][gc,cpu         ] GC(33) User=0.12s Sys=0.02s Real=0.04s
[557.423s][info ][safepoint      ] Safepoint "ParallelGCFailedAllocation", Time since last: 13752239682 ns, Reaching safepoint: 6000 ns, Cleanup: 3701 ns, At safepoint: 38143994 ns, Total: 38153695 ns
[558.423s][info ][safepoint      ] Safepoint "Cleanup", Time since last: 1000067152 ns, Reaching safepoint: 83005 ns, Cleanup: 14601 ns, At safepoint: 8100 ns, Total: 105706 ns
[560.424s][info ][safepoint      ] Safepoint "Cleanup", Time since last: 2000188707 ns, Reaching safepoint: 77305 ns, Cleanup: 8100 ns, At safepoint: 11101 ns, Total: 96506 ns
[561.424s][info ][safepoint      ] Safepoint "Cleanup", Time since last: 1000124255 ns, Reaching safepoint: 78705 ns, Cleanup: 12301 ns, At safepoint: 6100 ns, Total: 97106 ns
[562.424s][info ][safepoint      ] Safepoint "Cleanup", Time since last: 1000128455 ns, Reaching safepoint: 80705 ns, Cleanup: 16801 ns, At safepoint: 6001 ns, Total: 103507 ns
[563.424s][info ][safepoint      ] Safepoint "Cleanup", Time since last: 1000121555 ns, Reaching safepoint: 81205 ns, Cleanup: 19501 ns, At safepoint: 5100 ns, Total: 105806 ns
[564.425s][info ][safepoint      ] Safepoint "Cleanup", Time since last: 1000139541 ns, Reaching safepoint: 81305 ns, Cleanup: 10001 ns, At safepoint: 6200 ns, Total: 97506 ns
[567.425s][info ][safepoint      ] Safepoint "Cleanup", Time since last: 3000261547 ns, Reaching safepoint: 81004 ns, Cleanup: 10201 ns, At safepoint: 6600 ns, Total: 97805 ns
[571.425s][info ][safepoint      ] Safepoint "Cleanup", Time since last: 4000339262 ns, Reaching safepoint: 77404 ns, Cleanup: 9401 ns, At safepoint: 5400 ns, Total: 92205 ns
[572.426s][info ][safepoint      ] Safepoint "Cleanup", Time since last: 1000115512 ns, Reaching safepoint: 80305 ns, Cleanup: 10001 ns, At safepoint: 6900 ns, Total: 97206 ns
[575.426s][info ][safepoint      ] Safepoint "Cleanup", Time since last: 3000248196 ns, Reaching safepoint: 79305 ns, Cleanup: 18701 ns, At safepoint: 6400 ns, Total: 104406 ns
[576.426s][info ][safepoint      ] Safepoint "Cleanup", Time since last: 1000108001 ns, Reaching safepoint: 83505 ns, Cleanup: 16901 ns, At safepoint: 4900 ns, Total: 105306 ns
[579.427s][info ][safepoint      ] Safepoint "Cleanup", Time since last: 3000267497 ns, Reaching safepoint: 86405 ns, Cleanup: 11701 ns, At safepoint: 7200 ns, Total: 105306 ns
[581.427s][info ][safepoint      ] Safepoint "Cleanup", Time since last: 2000198821 ns, Reaching safepoint: 78305 ns, Cleanup: 10800 ns, At safepoint: 5601 ns, Total: 94706 ns
[582.427s][info ][safepoint      ] Safepoint "Cleanup", Time since last: 1000123303 ns, Reaching safepoint: 78804 ns, Cleanup: 14501 ns, At safepoint: 7301 ns, Total: 100606 ns
[585.427s][info ][safepoint      ] Safepoint "Cleanup", Time since last: 3000266604 ns, Reaching safepoint: 86405 ns, Cleanup: 12501 ns, At safepoint: 6600 ns, Total: 105506 ns
[586.392s][info ][gc,start       ] GC(34) Pause Young (Allocation Failure)
[586.394s][debug][gc,phases      ] GC(34) Scavenge 2.594ms
[586.395s][debug][gc,ref         ] GC(34) ReferenceProcessor::execute queues: 1, RefProcThreadModel::Single, marks_oops_alive: false
[586.395s][debug][gc,ref         ] GC(34) Skipped KeepAliveFinalRefsPhase of Reference Processing: no references
[586.395s][debug][gc,ref         ] GC(34) Skipped PhantomRefsPhase of Reference Processing: no references
[586.395s][debug][gc,phases      ] GC(34) Reference Processing 0.126ms
[586.395s][debug][gc,phases      ] GC(34)   VM Weak                        Min:  0.0, Avg:  0.0, Max:  0.0, Diff:  0.0, Sum:  0.0, Workers: 4
[586.395s][debug][gc,phases      ] GC(34)     Dead                           Min: 0, Avg:  0.0, Max: 0, Diff: 0, Sum: 0, Workers: 4
[586.395s][debug][gc,phases      ] GC(34)     Total                          Min: 0, Avg: 233.8, Max: 935, Diff: 935, Sum: 935, Workers: 4
[586.395s][debug][gc,phases      ] GC(34)   ObjectSynchronizer Weak        Min:  0.0, Avg:  0.0, Max:  0.0, Diff:  0.0, Sum:  0.0, Workers: 4
[586.395s][debug][gc,phases      ] GC(34)     Dead                           Min: 0, Avg:  0.0, Max: 0, Diff: 0, Sum: 0, Workers: 4
[586.395s][debug][gc,phases      ] GC(34)     Total                          Min: 0, Avg:  1.0, Max: 4, Diff: 4, Sum: 4, Workers: 4
[586.395s][debug][gc,phases      ] GC(34)   JVMTI Tag Weak OopStorage      Min:  0.0, Avg:  0.0, Max:  0.0, Diff:  0.0, Sum:  0.0, Workers: 4
[586.395s][debug][gc,phases      ] GC(34)     Dead                           Min: 0, Avg:  0.0, Max: 0, Diff: 0, Sum: 0, Workers: 4
[586.395s][debug][gc,phases      ] GC(34)     Total                          Min: 0, Avg:  0.0, Max: 0, Diff: 0, Sum: 0, Workers: 4
[586.395s][debug][gc,phases      ] GC(34)   StringTable Weak               Min:  0.0, Avg:  0.1, Max:  0.1, Diff:  0.1, Sum:  0.4, Workers: 4
[586.395s][debug][gc,phases      ] GC(34)     Dead                           Min: 0, Avg:  0.0, Max: 0, Diff: 0, Sum: 0, Workers: 4
[586.395s][debug][gc,phases      ] GC(34)     Total                          Min: 0, Avg: 11954.0, Max: 16576, Diff: 16576, Sum: 47816, Workers: 4
[586.395s][debug][gc,phases      ] GC(34)   ResolvedMethodTable Weak       Min:  0.0, Avg:  0.0, Max:  0.0, Diff:  0.0, Sum:  0.1, Workers: 4
[586.395s][debug][gc,phases      ] GC(34)     Dead                           Min: 0, Avg:  0.0, Max: 0, Diff: 0, Sum: 0, Workers: 4
[586.395s][debug][gc,phases      ] GC(34)     Total                          Min: 0, Avg: 3224.5, Max: 4607, Diff: 4607, Sum: 12898, Workers: 4
[586.395s][debug][gc,phases      ] GC(34)   JNI Weak                       Min:  0.0, Avg:  0.0, Max:  0.0, Diff:  0.0, Sum:  0.0, Workers: 4
[586.395s][debug][gc,phases      ] GC(34)     Dead                           Min: 0, Avg:  0.0, Max: 0, Diff: 0, Sum: 0, Workers: 4
[586.395s][debug][gc,phases      ] GC(34)     Total                          Min: 0, Avg: 12.0, Max: 48, Diff: 48, Sum: 48, Workers: 4
[586.395s][debug][gc,phases      ] GC(34)   StringDedup Table Weak         Min:  0.0, Avg:  0.0, Max:  0.0, Diff:  0.0, Sum:  0.0, Workers: 4
[586.395s][debug][gc,phases      ] GC(34)     Dead                           Min: 0, Avg:  0.0, Max: 0, Diff: 0, Sum: 0, Workers: 4
[586.395s][debug][gc,phases      ] GC(34)     Total                          Min: 0, Avg:  0.0, Max: 0, Diff: 0, Sum: 0, Workers: 4
[586.395s][debug][gc,phases      ] GC(34)   StringDedup Requests0 Weak     Min:  0.0, Avg:  0.0, Max:  0.0, Diff:  0.0, Sum:  0.0, Workers: 4
[586.395s][debug][gc,phases      ] GC(34)     Dead                           Min: 0, Avg:  0.0, Max: 0, Diff: 0, Sum: 0, Workers: 4
[586.395s][debug][gc,phases      ] GC(34)     Total                          Min: 0, Avg:  0.0, Max: 0, Diff: 0, Sum: 0, Workers: 4
[586.395s][debug][gc,phases      ] GC(34)   StringDedup Requests1 Weak     Min:  0.0, Avg:  0.0, Max:  0.0, Diff:  0.0, Sum:  0.0, Workers: 4
[586.395s][debug][gc,phases      ] GC(34)     Dead                           Min: 0, Avg:  0.0, Max: 0, Diff: 0, Sum: 0, Workers: 4
[586.395s][debug][gc,phases      ] GC(34)     Total                          Min: 0, Avg:  0.0, Max: 0, Diff: 0, Sum: 0, Workers: 4
[586.395s][debug][gc,phases      ] GC(34)   Weak JFR Old Object Samples    Min:  0.0, Avg:  0.0, Max:  0.0, Diff:  0.0, Sum:  0.0, Workers: 4
[586.395s][debug][gc,phases      ] GC(34)     Dead                           Min: 0, Avg:  0.0, Max: 0, Diff: 0, Sum: 0, Workers: 4
[586.395s][debug][gc,phases      ] GC(34)     Total                          Min: 0, Avg:  0.0, Max: 0, Diff: 0, Sum: 0, Workers: 4
[586.395s][debug][gc,phases      ] GC(34) Weak Processing 0.460ms
[586.395s][debug][gc,age         ] GC(34) Desired survivor size 354418688 bytes, new threshold 15 (max threshold 15)
[586.395s][info ][gc,heap        ] GC(34) PSYoungGen: 1419632K(1419776K)->2912K(1750016K) Eden: 1418240K(1418240K)->0K(1404928K) From: 1392K(1536K)->2912K(345088K)
[586.395s][info ][gc,heap        ] GC(34) ParOldGen: 255493K(382976K)->255689K(382976K)
[586.395s][info ][gc,metaspace   ] GC(34) Metaspace: 93918K(95168K)->93918K(95168K) NonClass: 80059K(80768K)->80059K(80768K) Class: 13859K(14400K)->13859K(14400K)
[586.395s][info ][gc             ] GC(34) Pause Young (Allocation Failure) 1635M->252M(2083M) 3.309ms
[586.395s][info ][gc,cpu         ] GC(34) User=0.01s Sys=0.00s Real=0.00s
[586.395s][info ][safepoint      ] Safepoint "ParallelGCFailedAllocation", Time since last: 964222762 ns, Reaching safepoint: 6100 ns, Cleanup: 11501 ns, At safepoint: 3389003 ns, Total: 3406604 ns
[589.395s][info ][safepoint      ] Safepoint "Cleanup", Time since last: 3000224557 ns, Reaching safepoint: 5800 ns, Cleanup: 11601 ns, At safepoint: 2500 ns, Total: 19901 ns
[590.395s][info ][safepoint      ] Safepoint "Cleanup", Time since last: 1000113080 ns, Reaching safepoint: 6500 ns, Cleanup: 10601 ns, At safepoint: 2600 ns, Total: 19701 ns
[594.396s][info ][safepoint      ] Safepoint "Cleanup", Time since last: 4000280309 ns, Reaching safepoint: 5400 ns, Cleanup: 10501 ns, At safepoint: 2100 ns, Total: 18001 ns
[597.396s][info ][safepoint      ] Safepoint "Cleanup", Time since last: 3000247726 ns, Reaching safepoint: 5800 ns, Cleanup: 9301 ns, At safepoint: 2000 ns, Total: 17101 ns
[602.326s][info ][safepoint      ] Safepoint "Cleanup", Time since last: 4930089410 ns, Reaching safepoint: 78205 ns, Cleanup: 9200 ns, At safepoint: 5501 ns, Total: 92906 ns
[608.327s][info ][safepoint      ] Safepoint "Cleanup", Time since last: 6000465611 ns, Reaching safepoint: 78405 ns, Cleanup: 11801 ns, At safepoint: 8400 ns, Total: 98606 ns
[611.327s][info ][safepoint      ] Safepoint "Cleanup", Time since last: 3000266190 ns, Reaching safepoint: 79905 ns, Cleanup: 9200 ns, At safepoint: 6801 ns, Total: 95906 ns
[615.771s][info ][gc,start       ] GC(35) Pause Young (Allocation Failure)
[615.773s][debug][gc,phases      ] GC(35) Scavenge 2.518ms
[615.773s][debug][gc,ref         ] GC(35) ReferenceProcessor::execute queues: 1, RefProcThreadModel::Single, marks_oops_alive: false
[615.773s][debug][gc,ref         ] GC(35) Skipped KeepAliveFinalRefsPhase of Reference Processing: no references
[615.773s][debug][gc,ref         ] GC(35) Skipped PhantomRefsPhase of Reference Processing: no references
[615.773s][debug][gc,phases      ] GC(35) Reference Processing 0.119ms
[615.774s][debug][gc,phases      ] GC(35)   VM Weak                        Min:  0.0, Avg:  0.0, Max:  0.0, Diff:  0.0, Sum:  0.0, Workers: 4
[615.774s][debug][gc,phases      ] GC(35)     Dead                           Min: 0, Avg:  0.0, Max: 0, Diff: 0, Sum: 0, Workers: 4
[615.774s][debug][gc,phases      ] GC(35)     Total                          Min: 0, Avg: 233.8, Max: 576, Diff: 576, Sum: 935, Workers: 4
[615.774s][debug][gc,phases      ] GC(35)   ObjectSynchronizer Weak        Min:  0.0, Avg:  0.0, Max:  0.0, Diff:  0.0, Sum:  0.0, Workers: 4
[615.774s][debug][gc,phases      ] GC(35)     Dead                           Min: 0, Avg:  0.0, Max: 0, Diff: 0, Sum: 0, Workers: 4
[615.774s][debug][gc,phases      ] GC(35)     Total                          Min: 0, Avg:  0.8, Max: 3, Diff: 3, Sum: 3, Workers: 4
[615.774s][debug][gc,phases      ] GC(35)   JVMTI Tag Weak OopStorage      Min:  0.0, Avg:  0.0, Max:  0.0, Diff:  0.0, Sum:  0.0, Workers: 4
[615.774s][debug][gc,phases      ] GC(35)     Dead                           Min: 0, Avg:  0.0, Max: 0, Diff: 0, Sum: 0, Workers: 4
[615.774s][debug][gc,phases      ] GC(35)     Total                          Min: 0, Avg:  0.0, Max: 0, Diff: 0, Sum: 0, Workers: 4
[615.774s][debug][gc,phases      ] GC(35)   StringTable Weak               Min:  0.0, Avg:  0.1, Max:  0.1, Diff:  0.1, Sum:  0.4, Workers: 4
[615.774s][debug][gc,phases      ] GC(35)     Dead                           Min: 0, Avg:  0.0, Max: 0, Diff: 0, Sum: 0, Workers: 4
[615.774s][debug][gc,phases      ] GC(35)     Total                          Min: 0, Avg: 11954.0, Max: 16704, Diff: 16704, Sum: 47816, Workers: 4
[615.774s][debug][gc,phases      ] GC(35)   ResolvedMethodTable Weak       Min:  0.0, Avg:  0.0, Max:  0.0, Diff:  0.0, Sum:  0.1, Workers: 4
[615.774s][debug][gc,phases      ] GC(35)     Dead                           Min: 0, Avg:  0.0, Max: 0, Diff: 0, Sum: 0, Workers: 4
[615.774s][debug][gc,phases      ] GC(35)     Total                          Min: 0, Avg: 3224.5, Max: 4433, Diff: 4433, Sum: 12898, Workers: 4
[615.774s][debug][gc,phases      ] GC(35)   JNI Weak                       Min:  0.0, Avg:  0.0, Max:  0.0, Diff:  0.0, Sum:  0.0, Workers: 4
[615.774s][debug][gc,phases      ] GC(35)     Dead                           Min: 0, Avg:  0.0, Max: 0, Diff: 0, Sum: 0, Workers: 4
[615.774s][debug][gc,phases      ] GC(35)     Total                          Min: 0, Avg: 12.0, Max: 48, Diff: 48, Sum: 48, Workers: 4
[615.774s][debug][gc,phases      ] GC(35)   StringDedup Table Weak         Min:  0.0, Avg:  0.0, Max:  0.0, Diff:  0.0, Sum:  0.0, Workers: 4
[615.774s][debug][gc,phases      ] GC(35)     Dead                           Min: 0, Avg:  0.0, Max: 0, Diff: 0, Sum: 0, Workers: 4
[615.774s][debug][gc,phases      ] GC(35)     Total                          Min: 0, Avg:  0.0, Max: 0, Diff: 0, Sum: 0, Workers: 4
[615.774s][debug][gc,phases      ] GC(35)   StringDedup Requests0 Weak     Min:  0.0, Avg:  0.0, Max:  0.0, Diff:  0.0, Sum:  0.0, Workers: 4
[615.774s][debug][gc,phases      ] GC(35)     Dead                           Min: 0, Avg:  0.0, Max: 0, Diff: 0, Sum: 0, Workers: 4
[615.774s][debug][gc,phases      ] GC(35)     Total                          Min: 0, Avg:  0.0, Max: 0, Diff: 0, Sum: 0, Workers: 4
[615.774s][debug][gc,phases      ] GC(35)   StringDedup Requests1 Weak     Min:  0.0, Avg:  0.0, Max:  0.0, Diff:  0.0, Sum:  0.0, Workers: 4
[615.774s][debug][gc,phases      ] GC(35)     Dead                           Min: 0, Avg:  0.0, Max: 0, Diff: 0, Sum: 0, Workers: 4
[615.774s][debug][gc,phases      ] GC(35)     Total                          Min: 0, Avg:  0.0, Max: 0, Diff: 0, Sum: 0, Workers: 4
[615.774s][debug][gc,phases      ] GC(35)   Weak JFR Old Object Samples    Min:  0.0, Avg:  0.0, Max:  0.0, Diff:  0.0, Sum:  0.0, Workers: 4
[615.774s][debug][gc,phases      ] GC(35)     Dead                           Min: 0, Avg:  0.0, Max: 0, Diff: 0, Sum: 0, Workers: 4
[615.774s][debug][gc,phases      ] GC(35)     Total                          Min: 0, Avg:  0.0, Max: 0, Diff: 0, Sum: 0, Workers: 4
[615.774s][debug][gc,phases      ] GC(35) Weak Processing 0.439ms
[615.774s][debug][gc,age         ] GC(35) Desired survivor size 351797248 bytes, new threshold 15 (max threshold 15)
[615.774s][info ][gc,heap        ] GC(35) PSYoungGen: 1407840K(1750016K)->3024K(1751040K) Eden: 1404928K(1404928K)->0K(1404928K) From: 2912K(345088K)->3024K(346112K)
[615.774s][info ][gc,heap        ] GC(35) ParOldGen: 255689K(382976K)->255857K(382976K)
[615.774s][info ][gc,metaspace   ] GC(35) Metaspace: 93932K(95168K)->93932K(95168K) NonClass: 80073K(80768K)->80073K(80768K) Class: 13859K(14400K)->13859K(14400K)
[615.774s][info ][gc             ] GC(35) Pause Young (Allocation Failure) 1624M->252M(2084M) 3.222ms
[615.774s][info ][gc,cpu         ] GC(35) User=0.01s Sys=0.00s Real=0.00s
[615.774s][info ][safepoint      ] Safepoint "ParallelGCFailedAllocation", Time since last: 4443299081 ns, Reaching safepoint: 86205 ns, Cleanup: 4400 ns, At safepoint: 3302697 ns, Total: 3393302 ns
[621.774s][info ][safepoint      ] Safepoint "Cleanup", Time since last: 6000453137 ns, Reaching safepoint: 83005 ns, Cleanup: 58103 ns, At safepoint: 10801 ns, Total: 151909 ns
[622.775s][info ][safepoint      ] Safepoint "Cleanup", Time since last: 1000115386 ns, Reaching safepoint: 86805 ns, Cleanup: 12101 ns, At safepoint: 7300 ns, Total: 106206 ns
[623.775s][info ][safepoint      ] Safepoint "Cleanup", Time since last: 1000132687 ns, Reaching safepoint: 61304 ns, Cleanup: 16001 ns, At safepoint: 7200 ns, Total: 84505 ns
[624.775s][info ][safepoint      ] Safepoint "Cleanup", Time since last: 1000119487 ns, Reaching safepoint: 84505 ns, Cleanup: 14301 ns, At safepoint: 7000 ns, Total: 105806 ns
[633.776s][info ][safepoint      ] Safepoint "Cleanup", Time since last: 9000696132 ns, Reaching safepoint: 79804 ns, Cleanup: 36902 ns, At safepoint: 5301 ns, Total: 122007 ns
[634.776s][info ][safepoint      ] Safepoint "Cleanup", Time since last: 1000120787 ns, Reaching safepoint: 65304 ns, Cleanup: 15701 ns, At safepoint: 7000 ns, Total: 88005 ns
[636.776s][info ][safepoint      ] Safepoint "Cleanup", Time since last: 2000185176 ns, Reaching safepoint: 77704 ns, Cleanup: 5500 ns, At safepoint: 6001 ns, Total: 89205 ns
[638.777s][info ][safepoint      ] Safepoint "Cleanup", Time since last: 2000177658 ns, Reaching safepoint: 79104 ns, Cleanup: 11001 ns, At safepoint: 5900 ns, Total: 96005 ns
[639.777s][info ][safepoint      ] Safepoint "Cleanup", Time since last: 1000121131 ns, Reaching safepoint: 80005 ns, Cleanup: 12600 ns, At safepoint: 7101 ns, Total: 99706 ns
[642.777s][info ][safepoint      ] Safepoint "Cleanup", Time since last: 3000266308 ns, Reaching safepoint: 82905 ns, Cleanup: 9901 ns, At safepoint: 7700 ns, Total: 100506 ns
[643.777s][info ][safepoint      ] Safepoint "Cleanup", Time since last: 1000121391 ns, Reaching safepoint: 79404 ns, Cleanup: 23302 ns, At safepoint: 7100 ns, Total: 109806 ns
[644.679s][info ][gc,start       ] GC(36) Pause Young (Allocation Failure)
[644.681s][debug][gc,phases      ] GC(36) Scavenge 2.244ms
[644.681s][debug][gc,ref         ] GC(36) ReferenceProcessor::execute queues: 1, RefProcThreadModel::Single, marks_oops_alive: false
[644.681s][debug][gc,ref         ] GC(36) Skipped KeepAliveFinalRefsPhase of Reference Processing: no references
[644.681s][debug][gc,ref         ] GC(36) ReferenceProcessor::execute queues: 1, RefProcThreadModel::Single, marks_oops_alive: false
[644.681s][debug][gc,phases      ] GC(36) Reference Processing 0.116ms
[644.681s][debug][gc,phases      ] GC(36)   VM Weak                        Min:  0.0, Avg:  0.0, Max:  0.0, Diff:  0.0, Sum:  0.0, Workers: 4
[644.681s][debug][gc,phases      ] GC(36)     Dead                           Min: 0, Avg:  0.0, Max: 0, Diff: 0, Sum: 0, Workers: 4
[644.681s][debug][gc,phases      ] GC(36)     Total                          Min: 0, Avg: 233.8, Max: 935, Diff: 935, Sum: 935, Workers: 4
[644.681s][debug][gc,phases      ] GC(36)   ObjectSynchronizer Weak        Min:  0.0, Avg:  0.0, Max:  0.0, Diff:  0.0, Sum:  0.0, Workers: 4
[644.681s][debug][gc,phases      ] GC(36)     Dead                           Min: 0, Avg:  0.0, Max: 0, Diff: 0, Sum: 0, Workers: 4
[644.681s][debug][gc,phases      ] GC(36)     Total                          Min: 0, Avg:  0.8, Max: 3, Diff: 3, Sum: 3, Workers: 4
[644.681s][debug][gc,phases      ] GC(36)   JVMTI Tag Weak OopStorage      Min:  0.0, Avg:  0.0, Max:  0.0, Diff:  0.0, Sum:  0.0, Workers: 4
[644.681s][debug][gc,phases      ] GC(36)     Dead                           Min: 0, Avg:  0.0, Max: 0, Diff: 0, Sum: 0, Workers: 4
[644.681s][debug][gc,phases      ] GC(36)     Total                          Min: 0, Avg:  0.0, Max: 0, Diff: 0, Sum: 0, Workers: 4
[644.681s][debug][gc,phases      ] GC(36)   StringTable Weak               Min:  0.1, Avg:  0.1, Max:  0.1, Diff:  0.0, Sum:  0.4, Workers: 4
[644.681s][debug][gc,phases      ] GC(36)     Dead                           Min: 0, Avg:  0.5, Max: 2, Diff: 2, Sum: 2, Workers: 4
[644.681s][debug][gc,phases      ] GC(36)     Total                          Min: 10368, Avg: 11960.0, Max: 13088, Diff: 2720, Sum: 47840, Workers: 4
[644.681s][debug][gc,phases      ] GC(36)   ResolvedMethodTable Weak       Min:  0.0, Avg:  0.0, Max:  0.0, Diff:  0.0, Sum:  0.1, Workers: 4
[644.681s][debug][gc,phases      ] GC(36)     Dead                           Min: 0, Avg:  1.5, Max: 3, Diff: 3, Sum: 6, Workers: 4
[644.681s][debug][gc,phases      ] GC(36)     Total                          Min: 2979, Avg: 3229.8, Max: 3567, Diff: 588, Sum: 12919, Workers: 4
[644.681s][debug][gc,phases      ] GC(36)   JNI Weak                       Min:  0.0, Avg:  0.0, Max:  0.0, Diff:  0.0, Sum:  0.0, Workers: 4
[644.681s][debug][gc,phases      ] GC(36)     Dead                           Min: 0, Avg:  0.0, Max: 0, Diff: 0, Sum: 0, Workers: 4
[644.681s][debug][gc,phases      ] GC(36)     Total                          Min: 0, Avg: 12.0, Max: 48, Diff: 48, Sum: 48, Workers: 4
[644.681s][debug][gc,phases      ] GC(36)   StringDedup Table Weak         Min:  0.0, Avg:  0.0, Max:  0.0, Diff:  0.0, Sum:  0.0, Workers: 4
[644.681s][debug][gc,phases      ] GC(36)     Dead                           Min: 0, Avg:  0.0, Max: 0, Diff: 0, Sum: 0, Workers: 4
[644.681s][debug][gc,phases      ] GC(36)     Total                          Min: 0, Avg:  0.0, Max: 0, Diff: 0, Sum: 0, Workers: 4
[644.681s][debug][gc,phases      ] GC(36)   StringDedup Requests0 Weak     Min:  0.0, Avg:  0.0, Max:  0.0, Diff:  0.0, Sum:  0.0, Workers: 4
[644.681s][debug][gc,phases      ] GC(36)     Dead                           Min: 0, Avg:  0.0, Max: 0, Diff: 0, Sum: 0, Workers: 4
[644.681s][debug][gc,phases      ] GC(36)     Total                          Min: 0, Avg:  0.0, Max: 0, Diff: 0, Sum: 0, Workers: 4
[644.681s][debug][gc,phases      ] GC(36)   StringDedup Requests1 Weak     Min:  0.0, Avg:  0.0, Max:  0.0, Diff:  0.0, Sum:  0.0, Workers: 4
[644.681s][debug][gc,phases      ] GC(36)     Dead                           Min: 0, Avg:  0.0, Max: 0, Diff: 0, Sum: 0, Workers: 4
[644.681s][debug][gc,phases      ] GC(36)     Total                          Min: 0, Avg:  0.0, Max: 0, Diff: 0, Sum: 0, Workers: 4
[644.681s][debug][gc,phases      ] GC(36)   Weak JFR Old Object Samples    Min:  0.0, Avg:  0.0, Max:  0.0, Diff:  0.0, Sum:  0.0, Workers: 4
[644.681s][debug][gc,phases      ] GC(36)     Dead                           Min: 0, Avg:  0.0, Max: 0, Diff: 0, Sum: 0, Workers: 4
[644.681s][debug][gc,phases      ] GC(36)     Total                          Min: 0, Avg:  0.0, Max: 0, Diff: 0, Sum: 0, Workers: 4
[644.681s][debug][gc,phases      ] GC(36) Weak Processing 0.403ms
[644.681s][debug][gc,age         ] GC(36) Desired survivor size 346030080 bytes, new threshold 15 (max threshold 15)
[644.681s][info ][gc,heap        ] GC(36) PSYoungGen: 1407952K(1751040K)->3248K(1759232K) Eden: 1404928K(1404928K)->0K(1415680K) From: 3024K(346112K)->3248K(343552K)
[644.681s][info ][gc,heap        ] GC(36) ParOldGen: 255857K(382976K)->255889K(382976K)
[644.681s][info ][gc,metaspace   ] GC(36) Metaspace: 93993K(95232K)->93993K(95232K) NonClass: 80126K(80832K)->80126K(80832K) Class: 13866K(14400K)->13866K(14400K)
[644.681s][info ][gc             ] GC(36) Pause Young (Allocation Failure) 1624M->253M(2092M) 2.935ms
[644.681s][info ][gc,cpu         ] GC(36) User=0.01s Sys=0.00s Real=0.00s
[644.681s][info ][safepoint      ] Safepoint "ParallelGCFailedAllocation", Time since last: 900954550 ns, Reaching safepoint: 7400 ns, Cleanup: 13601 ns, At safepoint: 3014977 ns, Total: 3035978 ns
[645.682s][info ][safepoint      ] Safepoint "Cleanup", Time since last: 1000088444 ns, Reaching safepoint: 6901 ns, Cleanup: 10200 ns, At safepoint: 2301 ns, Total: 19402 ns
[648.682s][info ][safepoint      ] Safepoint "Cleanup", Time since last: 3000263831 ns, Reaching safepoint: 7601 ns, Cleanup: 9000 ns, At safepoint: 2701 ns, Total: 19302 ns
[657.683s][info ][safepoint      ] Safepoint "Cleanup", Time since last: 9000648830 ns, Reaching safepoint: 7700 ns, Cleanup: 17201 ns, At safepoint: 2200 ns, Total: 27101 ns
[658.683s][info ][safepoint      ] Safepoint "Cleanup", Time since last: 1000120085 ns, Reaching safepoint: 8300 ns, Cleanup: 12001 ns, At safepoint: 6200 ns, Total: 26501 ns
[659.683s][info ][safepoint      ] Safepoint "Cleanup", Time since last: 1000110784 ns, Reaching safepoint: 7001 ns, Cleanup: 12500 ns, At safepoint: 2300 ns, Total: 21801 ns
[661.683s][info ][safepoint      ] Safepoint "Cleanup", Time since last: 2000184894 ns, Reaching safepoint: 7300 ns, Cleanup: 12601 ns, At safepoint: 2400 ns, Total: 22301 ns
[663.683s][info ][safepoint      ] Safepoint "Cleanup", Time since last: 2000185255 ns, Reaching safepoint: 6900 ns, Cleanup: 9001 ns, At safepoint: 2600 ns, Total: 18501 ns
[667.684s][info ][safepoint      ] Safepoint "Cleanup", Time since last: 4000266403 ns, Reaching safepoint: 5800 ns, Cleanup: 8601 ns, At safepoint: 22701 ns, Total: 37102 ns
[672.411s][info ][gc,start       ] GC(37) Pause Young (Allocation Failure)
[672.416s][debug][gc,phases      ] GC(37) Scavenge 4.171ms
[672.416s][debug][gc,ref         ] GC(37) ReferenceProcessor::execute queues: 1, RefProcThreadModel::Single, marks_oops_alive: false
[672.416s][debug][gc,ref         ] GC(37) Skipped KeepAliveFinalRefsPhase of Reference Processing: no references
[672.416s][debug][gc,ref         ] GC(37) ReferenceProcessor::execute queues: 1, RefProcThreadModel::Single, marks_oops_alive: false
[672.416s][debug][gc,phases      ] GC(37) Reference Processing 0.126ms
[672.416s][debug][gc,phases      ] GC(37)   VM Weak                        Min:  0.0, Avg:  0.0, Max:  0.0, Diff:  0.0, Sum:  0.0, Workers: 4
[672.416s][debug][gc,phases      ] GC(37)     Dead                           Min: 0, Avg:  0.0, Max: 0, Diff: 0, Sum: 0, Workers: 4
[672.416s][debug][gc,phases      ] GC(37)     Total                          Min: 0, Avg: 233.8, Max: 807, Diff: 807, Sum: 935, Workers: 4
[672.416s][debug][gc,phases      ] GC(37)   ObjectSynchronizer Weak        Min:  0.0, Avg:  0.0, Max:  0.0, Diff:  0.0, Sum:  0.0, Workers: 4
[672.416s][debug][gc,phases      ] GC(37)     Dead                           Min: 0, Avg:  0.0, Max: 0, Diff: 0, Sum: 0, Workers: 4
[672.416s][debug][gc,phases      ] GC(37)     Total                          Min: 0, Avg:  1.0, Max: 4, Diff: 4, Sum: 4, Workers: 4
[672.416s][debug][gc,phases      ] GC(37)   JVMTI Tag Weak OopStorage      Min:  0.0, Avg:  0.0, Max:  0.0, Diff:  0.0, Sum:  0.0, Workers: 4
[672.416s][debug][gc,phases      ] GC(37)     Dead                           Min: 0, Avg:  0.0, Max: 0, Diff: 0, Sum: 0, Workers: 4
[672.416s][debug][gc,phases      ] GC(37)     Total                          Min: 0, Avg:  0.0, Max: 0, Diff: 0, Sum: 0, Workers: 4
[672.416s][debug][gc,phases      ] GC(37)   StringTable Weak               Min:  0.0, Avg:  0.1, Max:  0.1, Diff:  0.1, Sum:  0.4, Workers: 4
[672.416s][debug][gc,phases      ] GC(37)     Dead                           Min: 0, Avg:  0.0, Max: 0, Diff: 0, Sum: 0, Workers: 4
[672.416s][debug][gc,phases      ] GC(37)     Total                          Min: 0, Avg: 11960.5, Max: 16226, Diff: 16226, Sum: 47842, Workers: 4
[672.416s][debug][gc,phases      ] GC(37)   ResolvedMethodTable Weak       Min:  0.0, Avg:  0.0, Max:  0.0, Diff:  0.0, Sum:  0.1, Workers: 4
[672.416s][debug][gc,phases      ] GC(37)     Dead                           Min: 0, Avg:  0.0, Max: 0, Diff: 0, Sum: 0, Workers: 4
[672.416s][debug][gc,phases      ] GC(37)     Total                          Min: 0, Avg: 3229.8, Max: 5086, Diff: 5086, Sum: 12919, Workers: 4
[672.416s][debug][gc,phases      ] GC(37)   JNI Weak                       Min:  0.0, Avg:  0.0, Max:  0.0, Diff:  0.0, Sum:  0.0, Workers: 4
[672.416s][debug][gc,phases      ] GC(37)     Dead                           Min: 0, Avg:  0.0, Max: 0, Diff: 0, Sum: 0, Workers: 4
[672.416s][debug][gc,phases      ] GC(37)     Total                          Min: 0, Avg: 12.0, Max: 48, Diff: 48, Sum: 48, Workers: 4
[672.416s][debug][gc,phases      ] GC(37)   StringDedup Table Weak         Min:  0.0, Avg:  0.0, Max:  0.0, Diff:  0.0, Sum:  0.0, Workers: 4
[672.416s][debug][gc,phases      ] GC(37)     Dead                           Min: 0, Avg:  0.0, Max: 0, Diff: 0, Sum: 0, Workers: 4
[672.416s][debug][gc,phases      ] GC(37)     Total                          Min: 0, Avg:  0.0, Max: 0, Diff: 0, Sum: 0, Workers: 4
[672.416s][debug][gc,phases      ] GC(37)   StringDedup Requests0 Weak     Min:  0.0, Avg:  0.0, Max:  0.0, Diff:  0.0, Sum:  0.0, Workers: 4
[672.416s][debug][gc,phases      ] GC(37)     Dead                           Min: 0, Avg:  0.0, Max: 0, Diff: 0, Sum: 0, Workers: 4
[672.416s][debug][gc,phases      ] GC(37)     Total                          Min: 0, Avg:  0.0, Max: 0, Diff: 0, Sum: 0, Workers: 4
[672.416s][debug][gc,phases      ] GC(37)   StringDedup Requests1 Weak     Min:  0.0, Avg:  0.0, Max:  0.0, Diff:  0.0, Sum:  0.0, Workers: 4
[672.416s][debug][gc,phases      ] GC(37)     Dead                           Min: 0, Avg:  0.0, Max: 0, Diff: 0, Sum: 0, Workers: 4
[672.416s][debug][gc,phases      ] GC(37)     Total                          Min: 0, Avg:  0.0, Max: 0, Diff: 0, Sum: 0, Workers: 4
[672.416s][debug][gc,phases      ] GC(37)   Weak JFR Old Object Samples    Min:  0.0, Avg:  0.0, Max:  0.0, Diff:  0.0, Sum:  0.0, Workers: 4
[672.416s][debug][gc,phases      ] GC(37)     Dead                           Min: 0, Avg:  0.0, Max: 0, Diff: 0, Sum: 0, Workers: 4
[672.416s][debug][gc,phases      ] GC(37)     Total                          Min: 0, Avg:  0.0, Max: 0, Diff: 0, Sum: 0, Workers: 4
[672.416s][debug][gc,phases      ] GC(37) Weak Processing 0.450ms
[672.416s][debug][gc,age         ] GC(37) Desired survivor size 337641472 bytes, new threshold 15 (max threshold 15)
[672.416s][info ][gc,heap        ] GC(37) PSYoungGen: 1418928K(1759232K)->3520K(1753600K) Eden: 1415680K(1415680K)->0K(1415680K) From: 3248K(343552K)->3520K(337920K)
[672.416s][info ][gc,heap        ] GC(37) ParOldGen: 255889K(382976K)->255921K(382976K)
[672.416s][info ][gc,metaspace   ] GC(37) Metaspace: 94002K(95232K)->94002K(95232K) NonClass: 80135K(80832K)->80135K(80832K) Class: 13866K(14400K)->13866K(14400K)
[672.416s][info ][gc             ] GC(37) Pause Young (Allocation Failure) 1635M->253M(2086M) 4.885ms
[672.416s][info ][gc,cpu         ] GC(37) User=0.01s Sys=0.00s Real=0.01s
[672.416s][info ][safepoint      ] Safepoint "ParallelGCFailedAllocation", Time since last: 4727894120 ns, Reaching safepoint: 6200 ns, Cleanup: 4201 ns, At safepoint: 4980694 ns, Total: 4991095 ns
[673.417s][info ][safepoint      ] Safepoint "Cleanup", Time since last: 1000083436 ns, Reaching safepoint: 6400 ns, Cleanup: 48703 ns, At safepoint: 2300 ns, Total: 57403 ns
[674.417s][info ][safepoint      ] Safepoint "Cleanup", Time since last: 1000117138 ns, Reaching safepoint: 6201 ns, Cleanup: 68604 ns, At safepoint: 2300 ns, Total: 77105 ns
[675.417s][info ][safepoint      ] Safepoint "Cleanup", Time since last: 1000106938 ns, Reaching safepoint: 449626 ns, Cleanup: 81305 ns, At safepoint: 9300 ns, Total: 540231 ns
[676.418s][info ][safepoint      ] Safepoint "Cleanup", Time since last: 1000105042 ns, Reaching safepoint: 6900 ns, Cleanup: 49003 ns, At safepoint: 5401 ns, Total: 61304 ns
[678.418s][info ][safepoint      ] Safepoint "Cleanup", Time since last: 2000148684 ns, Reaching safepoint: 6301 ns, Cleanup: 16201 ns, At safepoint: 2000 ns, Total: 24502 ns
[679.418s][info ][safepoint      ] Safepoint "Cleanup", Time since last: 1000056991 ns, Reaching safepoint: 6801 ns, Cleanup: 17201 ns, At safepoint: 2500 ns, Total: 26502 ns
[680.418s][info ][safepoint      ] Safepoint "Cleanup", Time since last: 1000097293 ns, Reaching safepoint: 7101 ns, Cleanup: 10300 ns, At safepoint: 2001 ns, Total: 19402 ns
[681.418s][info ][safepoint      ] Safepoint "Cleanup", Time since last: 1000108694 ns, Reaching safepoint: 6700 ns, Cleanup: 8501 ns, At safepoint: 1900 ns, Total: 17101 ns
[682.418s][info ][safepoint      ] Safepoint "Cleanup", Time since last: 1000066692 ns, Reaching safepoint: 7300 ns, Cleanup: 12201 ns, At safepoint: 2300 ns, Total: 21801 ns
[683.418s][info ][safepoint      ] Safepoint "Cleanup", Time since last: 1000101894 ns, Reaching safepoint: 6701 ns, Cleanup: 12000 ns, At safepoint: 2100 ns, Total: 20801 ns
[684.418s][info ][safepoint      ] Safepoint "Cleanup", Time since last: 1000098315 ns, Reaching safepoint: 5301 ns, Cleanup: 13600 ns, At safepoint: 2001 ns, Total: 20902 ns
[687.419s][info ][safepoint      ] Safepoint "Cleanup", Time since last: 3000235939 ns, Reaching safepoint: 6200 ns, Cleanup: 8201 ns, At safepoint: 2100 ns, Total: 16501 ns
[688.419s][info ][safepoint      ] Safepoint "Cleanup", Time since last: 1000113015 ns, Reaching safepoint: 10101 ns, Cleanup: 12301 ns, At safepoint: 2600 ns, Total: 25002 ns
[690.419s][info ][safepoint      ] Safepoint "Cleanup", Time since last: 2000174627 ns, Reaching safepoint: 80805 ns, Cleanup: 10501 ns, At safepoint: 6600 ns, Total: 97906 ns
[695.420s][info ][safepoint      ] Safepoint "Cleanup", Time since last: 5000396067 ns, Reaching safepoint: 82905 ns, Cleanup: 11701 ns, At safepoint: 6300 ns, Total: 100906 ns
[696.420s][info ][safepoint      ] Safepoint "Cleanup", Time since last: 1000133390 ns, Reaching safepoint: 83605 ns, Cleanup: 10501 ns, At safepoint: 8200 ns, Total: 102306 ns
[698.420s][info ][safepoint      ] Safepoint "Cleanup", Time since last: 2000184574 ns, Reaching safepoint: 83105 ns, Cleanup: 10201 ns, At safepoint: 6400 ns, Total: 99706 ns
[699.420s][info ][safepoint      ] Safepoint "Cleanup", Time since last: 1000104188 ns, Reaching safepoint: 77804 ns, Cleanup: 8301 ns, At safepoint: 5800 ns, Total: 91905 ns
[700.229s][info ][gc,start       ] GC(38) Pause Young (Allocation Failure)
[700.231s][debug][gc,phases      ] GC(38) Scavenge 2.728ms
[700.231s][debug][gc,ref         ] GC(38) ReferenceProcessor::execute queues: 1, RefProcThreadModel::Single, marks_oops_alive: false
[700.231s][debug][gc,ref         ] GC(38) Skipped KeepAliveFinalRefsPhase of Reference Processing: no references
[700.231s][debug][gc,ref         ] GC(38) ReferenceProcessor::execute queues: 1, RefProcThreadModel::Single, marks_oops_alive: false
[700.232s][debug][gc,phases      ] GC(38) Reference Processing 0.125ms
[700.232s][debug][gc,phases      ] GC(38)   VM Weak                        Min:  0.0, Avg:  0.0, Max:  0.0, Diff:  0.0, Sum:  0.0, Workers: 4
[700.232s][debug][gc,phases      ] GC(38)     Dead                           Min: 0, Avg:  0.0, Max: 0, Diff: 0, Sum: 0, Workers: 4
[700.232s][debug][gc,phases      ] GC(38)     Total                          Min: 0, Avg: 233.8, Max: 487, Diff: 487, Sum: 935, Workers: 4
[700.232s][debug][gc,phases      ] GC(38)   ObjectSynchronizer Weak        Min:  0.0, Avg:  0.0, Max:  0.0, Diff:  0.0, Sum:  0.0, Workers: 4
[700.232s][debug][gc,phases      ] GC(38)     Dead                           Min: 0, Avg:  0.0, Max: 0, Diff: 0, Sum: 0, Workers: 4
[700.232s][debug][gc,phases      ] GC(38)     Total                          Min: 0, Avg:  1.0, Max: 4, Diff: 4, Sum: 4, Workers: 4
[700.232s][debug][gc,phases      ] GC(38)   JVMTI Tag Weak OopStorage      Min:  0.0, Avg:  0.0, Max:  0.0, Diff:  0.0, Sum:  0.0, Workers: 4
[700.232s][debug][gc,phases      ] GC(38)     Dead                           Min: 0, Avg:  0.0, Max: 0, Diff: 0, Sum: 0, Workers: 4
[700.232s][debug][gc,phases      ] GC(38)     Total                          Min: 0, Avg:  0.0, Max: 0, Diff: 0, Sum: 0, Workers: 4
[700.232s][debug][gc,phases      ] GC(38)   StringTable Weak               Min:  0.1, Avg:  0.1, Max:  0.1, Diff:  0.1, Sum:  0.5, Workers: 4
[700.232s][debug][gc,phases      ] GC(38)     Dead                           Min: 0, Avg:  0.0, Max: 0, Diff: 0, Sum: 0, Workers: 4
[700.232s][debug][gc,phases      ] GC(38)     Total                          Min: 8163, Avg: 11960.8, Max: 13696, Diff: 5533, Sum: 47843, Workers: 4
[700.232s][debug][gc,phases      ] GC(38)   ResolvedMethodTable Weak       Min:  0.0, Avg:  0.0, Max:  0.0, Diff:  0.0, Sum:  0.1, Workers: 4
[700.232s][debug][gc,phases      ] GC(38)     Dead                           Min: 0, Avg:  0.0, Max: 0, Diff: 0, Sum: 0, Workers: 4
[700.232s][debug][gc,phases      ] GC(38)     Total                          Min: 2979, Avg: 3229.8, Max: 3414, Diff: 435, Sum: 12919, Workers: 4
[700.232s][debug][gc,phases      ] GC(38)   JNI Weak                       Min:  0.0, Avg:  0.0, Max:  0.0, Diff:  0.0, Sum:  0.0, Workers: 4
[700.232s][debug][gc,phases      ] GC(38)     Dead                           Min: 0, Avg:  0.0, Max: 0, Diff: 0, Sum: 0, Workers: 4
[700.232s][debug][gc,phases      ] GC(38)     Total                          Min: 0, Avg: 12.0, Max: 48, Diff: 48, Sum: 48, Workers: 4
[700.232s][debug][gc,phases      ] GC(38)   StringDedup Table Weak         Min:  0.0, Avg:  0.0, Max:  0.0, Diff:  0.0, Sum:  0.0, Workers: 4
[700.232s][debug][gc,phases      ] GC(38)     Dead                           Min: 0, Avg:  0.0, Max: 0, Diff: 0, Sum: 0, Workers: 4
[700.232s][debug][gc,phases      ] GC(38)     Total                          Min: 0, Avg:  0.0, Max: 0, Diff: 0, Sum: 0, Workers: 4
[700.232s][debug][gc,phases      ] GC(38)   StringDedup Requests0 Weak     Min:  0.0, Avg:  0.0, Max:  0.0, Diff:  0.0, Sum:  0.0, Workers: 4
[700.232s][debug][gc,phases      ] GC(38)     Dead                           Min: 0, Avg:  0.0, Max: 0, Diff: 0, Sum: 0, Workers: 4
[700.232s][debug][gc,phases      ] GC(38)     Total                          Min: 0, Avg:  0.0, Max: 0, Diff: 0, Sum: 0, Workers: 4
[700.232s][debug][gc,phases      ] GC(38)   StringDedup Requests1 Weak     Min:  0.0, Avg:  0.0, Max:  0.0, Diff:  0.0, Sum:  0.0, Workers: 4
[700.232s][debug][gc,phases      ] GC(38)     Dead                           Min: 0, Avg:  0.0, Max: 0, Diff: 0, Sum: 0, Workers: 4
[700.232s][debug][gc,phases      ] GC(38)     Total                          Min: 0, Avg:  0.0, Max: 0, Diff: 0, Sum: 0, Workers: 4
[700.232s][debug][gc,phases      ] GC(38)   Weak JFR Old Object Samples    Min:  0.0, Avg:  0.0, Max:  0.0, Diff:  0.0, Sum:  0.0, Workers: 4
[700.232s][debug][gc,phases      ] GC(38)     Dead                           Min: 0, Avg:  0.0, Max: 0, Diff: 0, Sum: 0, Workers: 4
[700.232s][debug][gc,phases      ] GC(38)     Total                          Min: 0, Avg:  0.0, Max: 0, Diff: 0, Sum: 0, Workers: 4
[700.232s][debug][gc,phases      ] GC(38) Weak Processing 0.407ms
[700.232s][debug][gc,age         ] GC(38) Desired survivor size 327680000 bytes, new threshold 15 (max threshold 15)
[700.232s][info ][gc,heap        ] GC(38) PSYoungGen: 1419200K(1753600K)->3504K(1777152K) Eden: 1415680K(1415680K)->0K(1447424K) From: 3520K(337920K)->3504K(329728K)
[700.232s][info ][gc,heap        ] GC(38) ParOldGen: 255921K(382976K)->255953K(382976K)
[700.232s][info ][gc,metaspace   ] GC(38) Metaspace: 94021K(95232K)->94021K(95232K) NonClass: 80154K(80832K)->80154K(80832K) Class: 13866K(14400K)->13866K(14400K)
[700.232s][info ][gc             ] GC(38) Pause Young (Allocation Failure) 1635M->253M(2109M) 3.418ms
[700.232s][info ][gc,cpu         ] GC(38) User=0.01s Sys=0.00s Real=0.00s
[700.232s][info ][safepoint      ] Safepoint "ParallelGCFailedAllocation", Time since last: 808228525 ns, Reaching safepoint: 7301 ns, Cleanup: 7500 ns, At safepoint: 3496613 ns, Total: 3511414 ns
[701.232s][info ][safepoint      ] Safepoint "Cleanup", Time since last: 1000082763 ns, Reaching safepoint: 6423 ns, Cleanup: 7728 ns, At safepoint: 2107 ns, Total: 16258 ns
[702.232s][info ][safepoint      ] Safepoint "Cleanup", Time since last: 1000112125 ns, Reaching safepoint: 7900 ns, Cleanup: 10001 ns, At safepoint: 2400 ns, Total: 20301 ns
[704.232s][info ][safepoint      ] Safepoint "Cleanup", Time since last: 2000172542 ns, Reaching safepoint: 7200 ns, Cleanup: 9801 ns, At safepoint: 2600 ns, Total: 19601 ns
[705.233s][info ][safepoint      ] Safepoint "Cleanup", Time since last: 1000118173 ns, Reaching safepoint: 6900 ns, Cleanup: 17701 ns, At safepoint: 5301 ns, Total: 29902 ns
[709.233s][info ][safepoint      ] Safepoint "Cleanup", Time since last: 4000296800 ns, Reaching safepoint: 7903 ns, Cleanup: 6103 ns, At safepoint: 2301 ns, Total: 16307 ns
[710.233s][info ][safepoint      ] Safepoint "Cleanup", Time since last: 1000122654 ns, Reaching safepoint: 7101 ns, Cleanup: 22702 ns, At safepoint: 2300 ns, Total: 32103 ns
[712.233s][info ][safepoint      ] Safepoint "Cleanup", Time since last: 2000181007 ns, Reaching safepoint: 9901 ns, Cleanup: 12501 ns, At safepoint: 3101 ns, Total: 25503 ns
[713.233s][info ][safepoint      ] Safepoint "Cleanup", Time since last: 1000118906 ns, Reaching safepoint: 6801 ns, Cleanup: 6600 ns, At safepoint: 2001 ns, Total: 15402 ns
[715.234s][info ][safepoint      ] Safepoint "Cleanup", Time since last: 2000177505 ns, Reaching safepoint: 7101 ns, Cleanup: 12202 ns, At safepoint: 2400 ns, Total: 21703 ns
[717.234s][info ][safepoint      ] Safepoint "Cleanup", Time since last: 2000154868 ns, Reaching safepoint: 6901 ns, Cleanup: 10801 ns, At safepoint: 33704 ns, Total: 51406 ns
[721.358s][info ][safepoint      ] Safepoint "Cleanup", Time since last: 4124050941 ns, Reaching safepoint: 9001 ns, Cleanup: 10501 ns, At safepoint: 2701 ns, Total: 22203 ns
[725.358s][info ][safepoint      ] Safepoint "Cleanup", Time since last: 4000327056 ns, Reaching safepoint: 7001 ns, Cleanup: 23703 ns, At safepoint: 2500 ns, Total: 33204 ns
[726.358s][info ][safepoint      ] Safepoint "Cleanup", Time since last: 1000099769 ns, Reaching safepoint: 6700 ns, Cleanup: 16102 ns, At safepoint: 2100 ns, Total: 24902 ns
[727.359s][info ][safepoint      ] Safepoint "Cleanup", Time since last: 1000119471 ns, Reaching safepoint: 9001 ns, Cleanup: 17202 ns, At safepoint: 2600 ns, Total: 28803 ns
[728.359s][info ][safepoint      ] Safepoint "Cleanup", Time since last: 1000130373 ns, Reaching safepoint: 7100 ns, Cleanup: 34504 ns, At safepoint: 6501 ns, Total: 48105 ns
[729.359s][info ][safepoint      ] Safepoint "Cleanup", Time since last: 1000115370 ns, Reaching safepoint: 82810 ns, Cleanup: 13801 ns, At safepoint: 6101 ns, Total: 102712 ns
[729.771s][info ][gc,start       ] GC(39) Pause Young (Allocation Failure)
[729.775s][debug][gc,phases      ] GC(39) Scavenge 4.225ms
[729.775s][debug][gc,ref         ] GC(39) ReferenceProcessor::execute queues: 1, RefProcThreadModel::Single, marks_oops_alive: false
[729.775s][debug][gc,ref         ] GC(39) Skipped KeepAliveFinalRefsPhase of Reference Processing: no references
[729.775s][debug][gc,ref         ] GC(39) ReferenceProcessor::execute queues: 1, RefProcThreadModel::Single, marks_oops_alive: false
[729.775s][debug][gc,phases      ] GC(39) Reference Processing 0.131ms
[729.776s][debug][gc,phases      ] GC(39)   VM Weak                        Min:  0.0, Avg:  0.0, Max:  0.0, Diff:  0.0, Sum:  0.0, Workers: 4
[729.776s][debug][gc,phases      ] GC(39)     Dead                           Min: 0, Avg:  0.0, Max: 0, Diff: 0, Sum: 0, Workers: 4
[729.776s][debug][gc,phases      ] GC(39)     Total                          Min: 0, Avg: 234.8, Max: 896, Diff: 896, Sum: 939, Workers: 4
[729.776s][debug][gc,phases      ] GC(39)   ObjectSynchronizer Weak        Min:  0.0, Avg:  0.0, Max:  0.0, Diff:  0.0, Sum:  0.0, Workers: 4
[729.776s][debug][gc,phases      ] GC(39)     Dead                           Min: 0, Avg:  0.0, Max: 0, Diff: 0, Sum: 0, Workers: 4
[729.776s][debug][gc,phases      ] GC(39)     Total                          Min: 0, Avg:  0.8, Max: 3, Diff: 3, Sum: 3, Workers: 4
[729.776s][debug][gc,phases      ] GC(39)   JVMTI Tag Weak OopStorage      Min:  0.0, Avg:  0.0, Max:  0.0, Diff:  0.0, Sum:  0.0, Workers: 4
[729.776s][debug][gc,phases      ] GC(39)     Dead                           Min: 0, Avg:  0.0, Max: 0, Diff: 0, Sum: 0, Workers: 4
[729.776s][debug][gc,phases      ] GC(39)     Total                          Min: 0, Avg:  0.0, Max: 0, Diff: 0, Sum: 0, Workers: 4
[729.776s][debug][gc,phases      ] GC(39)   StringTable Weak               Min:  0.0, Avg:  0.1, Max:  0.2, Diff:  0.2, Sum:  0.5, Workers: 4
[729.776s][debug][gc,phases      ] GC(39)     Dead                           Min: 0, Avg:  0.2, Max: 1, Diff: 1, Sum: 1, Workers: 4
[729.776s][debug][gc,phases      ] GC(39)     Total                          Min: 0, Avg: 11963.5, Max: 16448, Diff: 16448, Sum: 47854, Workers: 4
[729.776s][debug][gc,phases      ] GC(39)   ResolvedMethodTable Weak       Min:  0.0, Avg:  0.0, Max:  0.0, Diff:  0.0, Sum:  0.1, Workers: 4
[729.776s][debug][gc,phases      ] GC(39)     Dead                           Min: 0, Avg:  0.5, Max: 2, Diff: 2, Sum: 2, Workers: 4
[729.776s][debug][gc,phases      ] GC(39)     Total                          Min: 0, Avg: 3233.2, Max: 4598, Diff: 4598, Sum: 12933, Workers: 4
[729.776s][debug][gc,phases      ] GC(39)   JNI Weak                       Min:  0.0, Avg:  0.0, Max:  0.0, Diff:  0.0, Sum:  0.0, Workers: 4
[729.776s][debug][gc,phases      ] GC(39)     Dead                           Min: 0, Avg:  0.0, Max: 0, Diff: 0, Sum: 0, Workers: 4
[729.776s][debug][gc,phases      ] GC(39)     Total                          Min: 0, Avg: 12.0, Max: 48, Diff: 48, Sum: 48, Workers: 4
[729.776s][debug][gc,phases      ] GC(39)   StringDedup Table Weak         Min:  0.0, Avg:  0.0, Max:  0.0, Diff:  0.0, Sum:  0.0, Workers: 4
[729.776s][debug][gc,phases      ] GC(39)     Dead                           Min: 0, Avg:  0.0, Max: 0, Diff: 0, Sum: 0, Workers: 4
[729.776s][debug][gc,phases      ] GC(39)     Total                          Min: 0, Avg:  0.0, Max: 0, Diff: 0, Sum: 0, Workers: 4
[729.776s][debug][gc,phases      ] GC(39)   StringDedup Requests0 Weak     Min:  0.0, Avg:  0.0, Max:  0.0, Diff:  0.0, Sum:  0.0, Workers: 4
[729.776s][debug][gc,phases      ] GC(39)     Dead                           Min: 0, Avg:  0.0, Max: 0, Diff: 0, Sum: 0, Workers: 4
[729.776s][debug][gc,phases      ] GC(39)     Total                          Min: 0, Avg:  0.0, Max: 0, Diff: 0, Sum: 0, Workers: 4
[729.776s][debug][gc,phases      ] GC(39)   StringDedup Requests1 Weak     Min:  0.0, Avg:  0.0, Max:  0.0, Diff:  0.0, Sum:  0.0, Workers: 4
[729.776s][debug][gc,phases      ] GC(39)     Dead                           Min: 0, Avg:  0.0, Max: 0, Diff: 0, Sum: 0, Workers: 4
[729.776s][debug][gc,phases      ] GC(39)     Total                          Min: 0, Avg:  0.0, Max: 0, Diff: 0, Sum: 0, Workers: 4
[729.776s][debug][gc,phases      ] GC(39)   Weak JFR Old Object Samples    Min:  0.0, Avg:  0.0, Max:  0.0, Diff:  0.0, Sum:  0.0, Workers: 4
[729.776s][debug][gc,phases      ] GC(39)     Dead                           Min: 0, Avg:  0.0, Max: 0, Diff: 0, Sum: 0, Workers: 4
[729.776s][debug][gc,phases      ] GC(39)     Total                          Min: 0, Avg:  0.0, Max: 0, Diff: 0, Sum: 0, Workers: 4
[729.776s][debug][gc,phases      ] GC(39) Weak Processing 0.468ms
[729.776s][debug][gc,age         ] GC(39) Desired survivor size 316669952 bytes, new threshold 15 (max threshold 15)
[729.776s][info ][gc,heap        ] GC(39) PSYoungGen: 1450928K(1777152K)->4208K(1767424K) Eden: 1447424K(1447424K)->0K(1447424K) From: 3504K(329728K)->4208K(320000K)
[729.776s][info ][gc,heap        ] GC(39) ParOldGen: 255953K(382976K)->256041K(382976K)
[729.776s][info ][gc,metaspace   ] GC(39) Metaspace: 94085K(95296K)->94085K(95296K) NonClass: 80213K(80896K)->80213K(80896K) Class: 13872K(14400K)->13872K(14400K)
[729.776s][info ][gc             ] GC(39) Pause Young (Allocation Failure) 1666M->254M(2100M) 4.950ms
[729.776s][info ][gc,cpu         ] GC(39) User=0.02s Sys=0.00s Real=0.01s
[729.776s][info ][safepoint      ] Safepoint "ParallelGCFailedAllocation", Time since last: 412008774 ns, Reaching safepoint: 82909 ns, Cleanup: 8801 ns, At safepoint: 5029758 ns, Total: 5121468 ns
[730.776s][info ][safepoint      ] Safepoint "Cleanup", Time since last: 1000091768 ns, Reaching safepoint: 78208 ns, Cleanup: 12502 ns, At safepoint: 6201 ns, Total: 96911 ns
[734.777s][info ][safepoint      ] Safepoint "Cleanup", Time since last: 4000307861 ns, Reaching safepoint: 84810 ns, Cleanup: 10701 ns, At safepoint: 6101 ns, Total: 101612 ns
[736.777s][info ][safepoint      ] Safepoint "Cleanup", Time since last: 2000201086 ns, Reaching safepoint: 87811 ns, Cleanup: 14601 ns, At safepoint: 6701 ns, Total: 109113 ns
[747.778s][info ][safepoint      ] Safepoint "Cleanup", Time since last: 11000874220 ns, Reaching safepoint: 85510 ns, Cleanup: 13002 ns, At safepoint: 6400 ns, Total: 104912 ns
[748.778s][info ][safepoint      ] Safepoint "Cleanup", Time since last: 1000147266 ns, Reaching safepoint: 84709 ns, Cleanup: 10601 ns, At safepoint: 6301 ns, Total: 101611 ns
[749.778s][info ][safepoint      ] Safepoint "Cleanup", Time since last: 1000126040 ns, Reaching safepoint: 79708 ns, Cleanup: 8101 ns, At safepoint: 6801 ns, Total: 94610 ns
[752.779s][info ][safepoint      ] Safepoint "Cleanup", Time since last: 3000262307 ns, Reaching safepoint: 82009 ns, Cleanup: 6701 ns, At safepoint: 6100 ns, Total: 94810 ns
[753.779s][info ][safepoint      ] Safepoint "Cleanup", Time since last: 1000117640 ns, Reaching safepoint: 84709 ns, Cleanup: 25302 ns, At safepoint: 6101 ns, Total: 116112 ns
[755.198s][info ][safepoint      ] Safepoint "Cleanup", Time since last: 1419080895 ns, Reaching safepoint: 6901 ns, Cleanup: 43305 ns, At safepoint: 2700 ns, Total: 52906 ns
[756.198s][info ][safepoint      ] Safepoint "Cleanup", Time since last: 1000113239 ns, Reaching safepoint: 6700 ns, Cleanup: 17802 ns, At safepoint: 2501 ns, Total: 27003 ns
[757.198s][info ][safepoint      ] Safepoint "Cleanup", Time since last: 1000107184 ns, Reaching safepoint: 6700 ns, Cleanup: 14302 ns, At safepoint: 2300 ns, Total: 23302 ns
[757.351s][info ][gc,start       ] GC(40) Pause Young (Allocation Failure)
[757.356s][debug][gc,phases      ] GC(40) Scavenge 4.420ms
[757.356s][debug][gc,ref         ] GC(40) ReferenceProcessor::execute queues: 1, RefProcThreadModel::Single, marks_oops_alive: false
[757.356s][debug][gc,ref         ] GC(40) Skipped KeepAliveFinalRefsPhase of Reference Processing: no references
[757.356s][debug][gc,ref         ] GC(40) ReferenceProcessor::execute queues: 1, RefProcThreadModel::Single, marks_oops_alive: false
[757.356s][debug][gc,phases      ] GC(40) Reference Processing 0.119ms
[757.356s][debug][gc,phases      ] GC(40)   VM Weak                        Min:  0.0, Avg:  0.0, Max:  0.0, Diff:  0.0, Sum:  0.0, Workers: 4
[757.356s][debug][gc,phases      ] GC(40)     Dead                           Min: 0, Avg:  0.0, Max: 0, Diff: 0, Sum: 0, Workers: 4
[757.356s][debug][gc,phases      ] GC(40)     Total                          Min: 0, Avg: 237.2, Max: 896, Diff: 896, Sum: 949, Workers: 4
[757.356s][debug][gc,phases      ] GC(40)   ObjectSynchronizer Weak        Min:  0.0, Avg:  0.0, Max:  0.0, Diff:  0.0, Sum:  0.0, Workers: 4
[757.356s][debug][gc,phases      ] GC(40)     Dead                           Min: 0, Avg:  0.0, Max: 0, Diff: 0, Sum: 0, Workers: 4
[757.356s][debug][gc,phases      ] GC(40)     Total                          Min: 0, Avg:  1.0, Max: 4, Diff: 4, Sum: 4, Workers: 4
[757.356s][debug][gc,phases      ] GC(40)   JVMTI Tag Weak OopStorage      Min:  0.0, Avg:  0.0, Max:  0.0, Diff:  0.0, Sum:  0.0, Workers: 4
[757.357s][debug][gc,phases      ] GC(40)     Dead                           Min: 0, Avg:  0.0, Max: 0, Diff: 0, Sum: 0, Workers: 4
[757.357s][debug][gc,phases      ] GC(40)     Total                          Min: 0, Avg:  0.0, Max: 0, Diff: 0, Sum: 0, Workers: 4
[757.357s][debug][gc,phases      ] GC(40)   StringTable Weak               Min:  0.0, Avg:  0.1, Max:  0.2, Diff:  0.2, Sum:  0.5, Workers: 4
[757.357s][debug][gc,phases      ] GC(40)     Dead                           Min: 0, Avg:  0.0, Max: 0, Diff: 0, Sum: 0, Workers: 4
[757.357s][debug][gc,phases      ] GC(40)     Total                          Min: 0, Avg: 11966.0, Max: 24696, Diff: 24696, Sum: 47864, Workers: 4
[757.357s][debug][gc,phases      ] GC(40)   ResolvedMethodTable Weak       Min:  0.0, Avg:  0.0, Max:  0.1, Diff:  0.1, Sum:  0.1, Workers: 4
[757.357s][debug][gc,phases      ] GC(40)     Dead                           Min: 0, Avg:  0.0, Max: 0, Diff: 0, Sum: 0, Workers: 4
[757.357s][debug][gc,phases      ] GC(40)     Total                          Min: 0, Avg: 3241.8, Max: 7044, Diff: 7044, Sum: 12967, Workers: 4
[757.357s][debug][gc,phases      ] GC(40)   JNI Weak                       Min:  0.0, Avg:  0.0, Max:  0.0, Diff:  0.0, Sum:  0.0, Workers: 4
[757.357s][debug][gc,phases      ] GC(40)     Dead                           Min: 0, Avg:  0.0, Max: 0, Diff: 0, Sum: 0, Workers: 4
[757.357s][debug][gc,phases      ] GC(40)     Total                          Min: 0, Avg: 12.0, Max: 48, Diff: 48, Sum: 48, Workers: 4
[757.357s][debug][gc,phases      ] GC(40)   StringDedup Table Weak         Min:  0.0, Avg:  0.0, Max:  0.0, Diff:  0.0, Sum:  0.0, Workers: 4
[757.357s][debug][gc,phases      ] GC(40)     Dead                           Min: 0, Avg:  0.0, Max: 0, Diff: 0, Sum: 0, Workers: 4
[757.357s][debug][gc,phases      ] GC(40)     Total                          Min: 0, Avg:  0.0, Max: 0, Diff: 0, Sum: 0, Workers: 4
[757.357s][debug][gc,phases      ] GC(40)   StringDedup Requests0 Weak     Min:  0.0, Avg:  0.0, Max:  0.0, Diff:  0.0, Sum:  0.0, Workers: 4
[757.357s][debug][gc,phases      ] GC(40)     Dead                           Min: 0, Avg:  0.0, Max: 0, Diff: 0, Sum: 0, Workers: 4
[757.357s][debug][gc,phases      ] GC(40)     Total                          Min: 0, Avg:  0.0, Max: 0, Diff: 0, Sum: 0, Workers: 4
[757.357s][debug][gc,phases      ] GC(40)   StringDedup Requests1 Weak     Min:  0.0, Avg:  0.0, Max:  0.0, Diff:  0.0, Sum:  0.0, Workers: 4
[757.357s][debug][gc,phases      ] GC(40)     Dead                           Min: 0, Avg:  0.0, Max: 0, Diff: 0, Sum: 0, Workers: 4
[757.357s][debug][gc,phases      ] GC(40)     Total                          Min: 0, Avg:  0.0, Max: 0, Diff: 0, Sum: 0, Workers: 4
[757.357s][debug][gc,phases      ] GC(40)   Weak JFR Old Object Samples    Min:  0.0, Avg:  0.0, Max:  0.0, Diff:  0.0, Sum:  0.0, Workers: 4
[757.357s][debug][gc,phases      ] GC(40)     Dead                           Min: 0, Avg:  0.0, Max: 0, Diff: 0, Sum: 0, Workers: 4
[757.357s][debug][gc,phases      ] GC(40)     Total                          Min: 0, Avg:  0.0, Max: 0, Diff: 0, Sum: 0, Workers: 4
[757.357s][debug][gc,phases      ] GC(40) Weak Processing 0.552ms
[757.357s][debug][gc,age         ] GC(40) Desired survivor size 304087040 bytes, new threshold 15 (max threshold 15)
[757.357s][info ][gc,heap        ] GC(40) PSYoungGen: 1451632K(1767424K)->4512K(1800192K) Eden: 1447424K(1447424K)->0K(1490944K) From: 4208K(320000K)->4512K(309248K)
[757.357s][info ][gc,heap        ] GC(40) ParOldGen: 256041K(382976K)->256065K(382976K)
[757.357s][info ][gc,metaspace   ] GC(40) Metaspace: 94153K(95360K)->94153K(95360K) NonClass: 80270K(80960K)->80270K(80960K) Class: 13882K(14400K)->13882K(14400K)
[757.357s][info ][gc             ] GC(40) Pause Young (Allocation Failure) 1667M->254M(2132M) 5.236ms
[757.357s][info ][gc,cpu         ] GC(40) User=0.01s Sys=0.00s Real=0.01s
[757.357s][info ][safepoint      ] Safepoint "ParallelGCFailedAllocation", Time since last: 152956782 ns, Reaching safepoint: 59807 ns, Cleanup: 3500 ns, At safepoint: 5315080 ns, Total: 5378387 ns
[758.357s][info ][safepoint      ] Safepoint "Cleanup", Time since last: 1000085972 ns, Reaching safepoint: 6501 ns, Cleanup: 19102 ns, At safepoint: 2100 ns, Total: 27703 ns
[759.357s][info ][safepoint      ] Safepoint "Cleanup", Time since last: 1000110376 ns, Reaching safepoint: 6601 ns, Cleanup: 10701 ns, At safepoint: 2000 ns, Total: 19302 ns
[760.357s][info ][safepoint      ] Safepoint "Cleanup", Time since last: 1000116176 ns, Reaching safepoint: 6301 ns, Cleanup: 7200 ns, At safepoint: 2101 ns, Total: 15602 ns
[761.357s][info ][safepoint      ] Safepoint "Cleanup", Time since last: 1000106875 ns, Reaching safepoint: 6900 ns, Cleanup: 10001 ns, At safepoint: 2701 ns, Total: 19602 ns
[762.357s][info ][safepoint      ] Safepoint "Cleanup", Time since last: 1000127977 ns, Reaching safepoint: 6801 ns, Cleanup: 7501 ns, At safepoint: 2300 ns, Total: 16602 ns
[763.358s][info ][safepoint      ] Safepoint "Cleanup", Time since last: 1000110475 ns, Reaching safepoint: 7601 ns, Cleanup: 12201 ns, At safepoint: 2301 ns, Total: 22103 ns
[764.358s][info ][safepoint      ] Safepoint "Cleanup", Time since last: 1000112175 ns, Reaching safepoint: 6801 ns, Cleanup: 9001 ns, At safepoint: 2300 ns, Total: 18102 ns
[765.358s][info ][safepoint      ] Safepoint "Cleanup", Time since last: 1000118873 ns, Reaching safepoint: 6901 ns, Cleanup: 57303 ns, At safepoint: 5300 ns, Total: 69504 ns
[766.358s][info ][safepoint      ] Safepoint "Cleanup", Time since last: 1000120348 ns, Reaching safepoint: 6700 ns, Cleanup: 9800 ns, At safepoint: 2601 ns, Total: 19101 ns
[769.358s][info ][safepoint      ] Safepoint "Cleanup", Time since last: 3000223482 ns, Reaching safepoint: 6700 ns, Cleanup: 12402 ns, At safepoint: 2100 ns, Total: 21202 ns
[770.358s][info ][safepoint      ] Safepoint "Cleanup", Time since last: 1000093183 ns, Reaching safepoint: 6500 ns, Cleanup: 13702 ns, At safepoint: 2100 ns, Total: 22302 ns
[771.358s][info ][safepoint      ] Safepoint "Cleanup", Time since last: 1000121786 ns, Reaching safepoint: 6901 ns, Cleanup: 18402 ns, At safepoint: 2300 ns, Total: 27603 ns
[772.359s][info ][safepoint      ] Safepoint "Cleanup", Time since last: 1000080782 ns, Reaching safepoint: 7500 ns, Cleanup: 17702 ns, At safepoint: 2501 ns, Total: 27703 ns
[773.359s][info ][safepoint      ] Safepoint "Cleanup", Time since last: 1000111874 ns, Reaching safepoint: 7300 ns, Cleanup: 9501 ns, At safepoint: 2001 ns, Total: 18802 ns
[774.359s][info ][safepoint      ] Safepoint "Cleanup", Time since last: 1000109131 ns, Reaching safepoint: 7400 ns, Cleanup: 10802 ns, At safepoint: 2200 ns, Total: 20402 ns
[775.359s][info ][safepoint      ] Safepoint "Cleanup", Time since last: 1000117132 ns, Reaching safepoint: 8601 ns, Cleanup: 16301 ns, At safepoint: 2801 ns, Total: 27703 ns
[776.359s][info ][safepoint      ] Safepoint "Cleanup", Time since last: 1000125233 ns, Reaching safepoint: 7000 ns, Cleanup: 10101 ns, At safepoint: 2701 ns, Total: 19802 ns
[778.359s][info ][safepoint      ] Safepoint "Cleanup", Time since last: 2000188559 ns, Reaching safepoint: 9501 ns, Cleanup: 10501 ns, At safepoint: 2200 ns, Total: 22202 ns
[779.359s][info ][safepoint      ] Safepoint "Cleanup", Time since last: 1000122933 ns, Reaching safepoint: 9601 ns, Cleanup: 11201 ns, At safepoint: 2600 ns, Total: 23402 ns
[781.374s][info ][safepoint      ] Safepoint "Cleanup", Time since last: 2014755310 ns, Reaching safepoint: 79707 ns, Cleanup: 24002 ns, At safepoint: 6600 ns, Total: 110309 ns
[783.375s][info ][safepoint      ] Safepoint "Cleanup", Time since last: 2000177706 ns, Reaching safepoint: 78006 ns, Cleanup: 12601 ns, At safepoint: 5701 ns, Total: 96308 ns
[784.375s][info ][safepoint      ] Safepoint "Cleanup", Time since last: 1000103204 ns, Reaching safepoint: 80806 ns, Cleanup: 9201 ns, At safepoint: 5801 ns, Total: 95808 ns
[785.375s][info ][safepoint      ] Safepoint "Cleanup", Time since last: 1000124790 ns, Reaching safepoint: 85209 ns, Cleanup: 6201 ns, At safepoint: 6201 ns, Total: 97611 ns
[786.375s][info ][safepoint      ] Safepoint "Cleanup", Time since last: 1000106991 ns, Reaching safepoint: 79608 ns, Cleanup: 9601 ns, At safepoint: 6401 ns, Total: 95610 ns
[786.437s][info ][gc,start       ] GC(41) Pause Young (Allocation Failure)
[786.440s][debug][gc,phases      ] GC(41) Scavenge 2.860ms
[786.440s][debug][gc,ref         ] GC(41) ReferenceProcessor::execute queues: 1, RefProcThreadModel::Single, marks_oops_alive: false
[786.440s][debug][gc,ref         ] GC(41) Skipped KeepAliveFinalRefsPhase of Reference Processing: no references
[786.440s][debug][gc,ref         ] GC(41) ReferenceProcessor::execute queues: 1, RefProcThreadModel::Single, marks_oops_alive: false
[786.440s][debug][gc,phases      ] GC(41) Reference Processing 0.117ms
[786.441s][debug][gc,phases      ] GC(41)   VM Weak                        Min:  0.0, Avg:  0.0, Max:  0.0, Diff:  0.0, Sum:  0.0, Workers: 4
[786.441s][debug][gc,phases      ] GC(41)     Dead                           Min: 0, Avg:  0.0, Max: 0, Diff: 0, Sum: 0, Workers: 4
[786.441s][debug][gc,phases      ] GC(41)     Total                          Min: 0, Avg: 238.2, Max: 505, Diff: 505, Sum: 953, Workers: 4
[786.441s][debug][gc,phases      ] GC(41)   ObjectSynchronizer Weak        Min:  0.0, Avg:  0.0, Max:  0.0, Diff:  0.0, Sum:  0.0, Workers: 4
[786.441s][debug][gc,phases      ] GC(41)     Dead                           Min: 0, Avg:  0.0, Max: 0, Diff: 0, Sum: 0, Workers: 4
[786.441s][debug][gc,phases      ] GC(41)     Total                          Min: 0, Avg:  0.8, Max: 3, Diff: 3, Sum: 3, Workers: 4
[786.441s][debug][gc,phases      ] GC(41)   JVMTI Tag Weak OopStorage      Min:  0.0, Avg:  0.0, Max:  0.0, Diff:  0.0, Sum:  0.0, Workers: 4
[786.441s][debug][gc,phases      ] GC(41)     Dead                           Min: 0, Avg:  0.0, Max: 0, Diff: 0, Sum: 0, Workers: 4
[786.441s][debug][gc,phases      ] GC(41)     Total                          Min: 0, Avg:  0.0, Max: 0, Diff: 0, Sum: 0, Workers: 4
[786.441s][debug][gc,phases      ] GC(41)   StringTable Weak               Min:  0.1, Avg:  0.1, Max:  0.1, Diff:  0.0, Sum:  0.5, Workers: 4
[786.441s][debug][gc,phases      ] GC(41)     Dead                           Min: 0, Avg:  0.2, Max: 1, Diff: 1, Sum: 1, Workers: 4
[786.441s][debug][gc,phases      ] GC(41)     Total                          Min: 11647, Avg: 11972.2, Max: 12224, Diff: 577, Sum: 47889, Workers: 4
[786.441s][debug][gc,phases      ] GC(41)   ResolvedMethodTable Weak       Min:  0.0, Avg:  0.0, Max:  0.0, Diff:  0.0, Sum:  0.1, Workers: 4
[786.441s][debug][gc,phases      ] GC(41)     Dead                           Min: 0, Avg:  1.0, Max: 4, Diff: 4, Sum: 4, Workers: 4
[786.441s][debug][gc,phases      ] GC(41)     Total                          Min: 3124, Avg: 3247.5, Max: 3394, Diff: 270, Sum: 12990, Workers: 4
[786.441s][debug][gc,phases      ] GC(41)   JNI Weak                       Min:  0.0, Avg:  0.0, Max:  0.0, Diff:  0.0, Sum:  0.0, Workers: 4
[786.441s][debug][gc,phases      ] GC(41)     Dead                           Min: 0, Avg:  0.0, Max: 0, Diff: 0, Sum: 0, Workers: 4
[786.441s][debug][gc,phases      ] GC(41)     Total                          Min: 0, Avg: 12.0, Max: 48, Diff: 48, Sum: 48, Workers: 4
[786.441s][debug][gc,phases      ] GC(41)   StringDedup Table Weak         Min:  0.0, Avg:  0.0, Max:  0.0, Diff:  0.0, Sum:  0.0, Workers: 4
[786.441s][debug][gc,phases      ] GC(41)     Dead                           Min: 0, Avg:  0.0, Max: 0, Diff: 0, Sum: 0, Workers: 4
[786.441s][debug][gc,phases      ] GC(41)     Total                          Min: 0, Avg:  0.0, Max: 0, Diff: 0, Sum: 0, Workers: 4
[786.441s][debug][gc,phases      ] GC(41)   StringDedup Requests0 Weak     Min:  0.0, Avg:  0.0, Max:  0.0, Diff:  0.0, Sum:  0.0, Workers: 4
[786.441s][debug][gc,phases      ] GC(41)     Dead                           Min: 0, Avg:  0.0, Max: 0, Diff: 0, Sum: 0, Workers: 4
[786.441s][debug][gc,phases      ] GC(41)     Total                          Min: 0, Avg:  0.0, Max: 0, Diff: 0, Sum: 0, Workers: 4
[786.441s][debug][gc,phases      ] GC(41)   StringDedup Requests1 Weak     Min:  0.0, Avg:  0.0, Max:  0.0, Diff:  0.0, Sum:  0.0, Workers: 4
[786.441s][debug][gc,phases      ] GC(41)     Dead                           Min: 0, Avg:  0.0, Max: 0, Diff: 0, Sum: 0, Workers: 4
[786.441s][debug][gc,phases      ] GC(41)     Total                          Min: 0, Avg:  0.0, Max: 0, Diff: 0, Sum: 0, Workers: 4
[786.441s][debug][gc,phases      ] GC(41)   Weak JFR Old Object Samples    Min:  0.0, Avg:  0.0, Max:  0.0, Diff:  0.0, Sum:  0.0, Workers: 4
[786.441s][debug][gc,phases      ] GC(41)     Dead                           Min: 0, Avg:  0.0, Max: 0, Diff: 0, Sum: 0, Workers: 4
[786.441s][debug][gc,phases      ] GC(41)     Total                          Min: 0, Avg:  0.0, Max: 0, Diff: 0, Sum: 0, Workers: 4
[786.441s][debug][gc,phases      ] GC(41) Weak Processing 0.387ms
[786.441s][debug][gc,age         ] GC(41) Desired survivor size 290979840 bytes, new threshold 15 (max threshold 15)
[786.441s][info ][gc,heap        ] GC(41) PSYoungGen: 1495456K(1800192K)->4240K(1787904K) Eden: 1490944K(1490944K)->0K(1490944K) From: 4512K(309248K)->4240K(296960K)
[786.441s][info ][gc,heap        ] GC(41) ParOldGen: 256065K(382976K)->256105K(382976K)
[786.441s][info ][gc,metaspace   ] GC(41) Metaspace: 94262K(95424K)->94262K(95424K) NonClass: 80368K(81024K)->80368K(81024K) Class: 13894K(14400K)->13894K(14400K)
[786.441s][info ][gc             ] GC(41) Pause Young (Allocation Failure) 1710M->254M(2120M) 3.490ms
[786.441s][info ][gc,cpu         ] GC(41) User=0.01s Sys=0.00s Real=0.00s
[786.441s][info ][safepoint      ] Safepoint "ParallelGCFailedAllocation", Time since last: 61991394 ns, Reaching safepoint: 6401 ns, Cleanup: 3100 ns, At safepoint: 3571380 ns, Total: 3580881 ns
[798.442s][info ][safepoint      ] Safepoint "Cleanup", Time since last: 12000747454 ns, Reaching safepoint: 7100 ns, Cleanup: 9401 ns, At safepoint: 2401 ns, Total: 18902 ns
[802.442s][info ][safepoint      ] Safepoint "Cleanup", Time since last: 4000221786 ns, Reaching safepoint: 6900 ns, Cleanup: 8201 ns, At safepoint: 2500 ns, Total: 17601 ns
[803.442s][info ][safepoint      ] Safepoint "Cleanup", Time since last: 1000104427 ns, Reaching safepoint: 6501 ns, Cleanup: 8500 ns, At safepoint: 2401 ns, Total: 17402 ns
[804.442s][info ][safepoint      ] Safepoint "Cleanup", Time since last: 1000092425 ns, Reaching safepoint: 6000 ns, Cleanup: 10701 ns, At safepoint: 2101 ns, Total: 18802 ns
[806.442s][info ][safepoint      ] Safepoint "Cleanup", Time since last: 2000185107 ns, Reaching safepoint: 6300 ns, Cleanup: 5601 ns, At safepoint: 2200 ns, Total: 14101 ns
[807.442s][info ][safepoint      ] Safepoint "Cleanup", Time since last: 1000096678 ns, Reaching safepoint: 7101 ns, Cleanup: 8100 ns, At safepoint: 2501 ns, Total: 17702 ns
[813.443s][info ][safepoint      ] Safepoint "Cleanup", Time since last: 6000461021 ns, Reaching safepoint: 7201 ns, Cleanup: 12301 ns, At safepoint: 5301 ns, Total: 24803 ns
[817.443s][info ][safepoint      ] Safepoint "Cleanup", Time since last: 4000285382 ns, Reaching safepoint: 6900 ns, Cleanup: 10201 ns, At safepoint: 1901 ns, Total: 19002 ns
[818.444s][info ][gc,start       ] GC(42) Pause Young (Allocation Failure)
[818.447s][debug][gc,phases      ] GC(42) Scavenge 2.481ms
[818.447s][debug][gc,ref         ] GC(42) ReferenceProcessor::execute queues: 1, RefProcThreadModel::Single, marks_oops_alive: false
[818.447s][debug][gc,ref         ] GC(42) Skipped KeepAliveFinalRefsPhase of Reference Processing: no references
[818.447s][debug][gc,ref         ] GC(42) ReferenceProcessor::execute queues: 1, RefProcThreadModel::Single, marks_oops_alive: false
[818.447s][debug][gc,phases      ] GC(42) Reference Processing 0.143ms
[818.447s][debug][gc,phases      ] GC(42)   VM Weak                        Min:  0.0, Avg:  0.0, Max:  0.0, Diff:  0.0, Sum:  0.0, Workers: 4
[818.447s][debug][gc,phases      ] GC(42)     Dead                           Min: 0, Avg:  0.0, Max: 0, Diff: 0, Sum: 0, Workers: 4
[818.447s][debug][gc,phases      ] GC(42)     Total                          Min: 0, Avg: 238.2, Max: 761, Diff: 761, Sum: 953, Workers: 4
[818.447s][debug][gc,phases      ] GC(42)   ObjectSynchronizer Weak        Min:  0.0, Avg:  0.0, Max:  0.0, Diff:  0.0, Sum:  0.0, Workers: 4
[818.447s][debug][gc,phases      ] GC(42)     Dead                           Min: 0, Avg:  0.0, Max: 0, Diff: 0, Sum: 0, Workers: 4
[818.447s][debug][gc,phases      ] GC(42)     Total                          Min: 0, Avg:  0.8, Max: 3, Diff: 3, Sum: 3, Workers: 4
[818.447s][debug][gc,phases      ] GC(42)   JVMTI Tag Weak OopStorage      Min:  0.0, Avg:  0.0, Max:  0.0, Diff:  0.0, Sum:  0.0, Workers: 4
[818.447s][debug][gc,phases      ] GC(42)     Dead                           Min: 0, Avg:  0.0, Max: 0, Diff: 0, Sum: 0, Workers: 4
[818.447s][debug][gc,phases      ] GC(42)     Total                          Min: 0, Avg:  0.0, Max: 0, Diff: 0, Sum: 0, Workers: 4
[818.447s][debug][gc,phases      ] GC(42)   StringTable Weak               Min:  0.0, Avg:  0.1, Max:  0.2, Diff:  0.2, Sum:  0.5, Workers: 4
[818.447s][debug][gc,phases      ] GC(42)     Dead                           Min: 0, Avg:  0.0, Max: 0, Diff: 0, Sum: 0, Workers: 4
[818.447s][debug][gc,phases      ] GC(42)     Total                          Min: 0, Avg: 11975.5, Max: 16255, Diff: 16255, Sum: 47902, Workers: 4
[818.447s][debug][gc,phases      ] GC(42)   ResolvedMethodTable Weak       Min:  0.0, Avg:  0.0, Max:  0.0, Diff:  0.0, Sum:  0.1, Workers: 4
[818.447s][debug][gc,phases      ] GC(42)     Dead                           Min: 0, Avg:  0.0, Max: 0, Diff: 0, Sum: 0, Workers: 4
[818.447s][debug][gc,phases      ] GC(42)     Total                          Min: 0, Avg: 3247.5, Max: 4625, Diff: 4625, Sum: 12990, Workers: 4
[818.447s][debug][gc,phases      ] GC(42)   JNI Weak                       Min:  0.0, Avg:  0.0, Max:  0.0, Diff:  0.0, Sum:  0.0, Workers: 4
[818.447s][debug][gc,phases      ] GC(42)     Dead                           Min: 0, Avg:  0.0, Max: 0, Diff: 0, Sum: 0, Workers: 4
[818.447s][debug][gc,phases      ] GC(42)     Total                          Min: 0, Avg: 12.0, Max: 48, Diff: 48, Sum: 48, Workers: 4
[818.447s][debug][gc,phases      ] GC(42)   StringDedup Table Weak         Min:  0.0, Avg:  0.0, Max:  0.0, Diff:  0.0, Sum:  0.0, Workers: 4
[818.447s][debug][gc,phases      ] GC(42)     Dead                           Min: 0, Avg:  0.0, Max: 0, Diff: 0, Sum: 0, Workers: 4
[818.447s][debug][gc,phases      ] GC(42)     Total                          Min: 0, Avg:  0.0, Max: 0, Diff: 0, Sum: 0, Workers: 4
[818.447s][debug][gc,phases      ] GC(42)   StringDedup Requests0 Weak     Min:  0.0, Avg:  0.0, Max:  0.0, Diff:  0.0, Sum:  0.0, Workers: 4
[818.447s][debug][gc,phases      ] GC(42)     Dead                           Min: 0, Avg:  0.0, Max: 0, Diff: 0, Sum: 0, Workers: 4
[818.447s][debug][gc,phases      ] GC(42)     Total                          Min: 0, Avg:  0.0, Max: 0, Diff: 0, Sum: 0, Workers: 4
[818.447s][debug][gc,phases      ] GC(42)   StringDedup Requests1 Weak     Min:  0.0, Avg:  0.0, Max:  0.0, Diff:  0.0, Sum:  0.0, Workers: 4
[818.447s][debug][gc,phases      ] GC(42)     Dead                           Min: 0, Avg:  0.0, Max: 0, Diff: 0, Sum: 0, Workers: 4
[818.447s][debug][gc,phases      ] GC(42)     Total                          Min: 0, Avg:  0.0, Max: 0, Diff: 0, Sum: 0, Workers: 4
[818.447s][debug][gc,phases      ] GC(42)   Weak JFR Old Object Samples    Min:  0.0, Avg:  0.0, Max:  0.0, Diff:  0.0, Sum:  0.0, Workers: 4
[818.447s][debug][gc,phases      ] GC(42)     Dead                           Min: 0, Avg:  0.0, Max: 0, Diff: 0, Sum: 0, Workers: 4
[818.447s][debug][gc,phases      ] GC(42)     Total                          Min: 0, Avg:  0.0, Max: 0, Diff: 0, Sum: 0, Workers: 4
[818.447s][debug][gc,phases      ] GC(42) Weak Processing 0.440ms
[818.447s][debug][gc,age         ] GC(42) Desired survivor size 277872640 bytes, new threshold 15 (max threshold 15)
[818.447s][info ][gc,heap        ] GC(42) PSYoungGen: 1495184K(1787904K)->4432K(1825792K) Eden: 1490944K(1490944K)->0K(1541632K) From: 4240K(296960K)->4432K(284160K)
[818.447s][info ][gc,heap        ] GC(42) ParOldGen: 256105K(382976K)->256137K(382976K)
[818.447s][info ][gc,metaspace   ] GC(42) Metaspace: 94276K(95488K)->94276K(95488K) NonClass: 80382K(81088K)->80382K(81088K) Class: 13894K(14400K)->13894K(14400K)
[818.447s][info ][gc             ] GC(42) Pause Young (Allocation Failure) 1710M->254M(2157M) 3.191ms
[818.447s][info ][gc,cpu         ] GC(42) User=0.01s Sys=0.00s Real=0.00s
[818.447s][info ][safepoint      ] Safepoint "ParallelGCFailedAllocation", Time since last: 1000804168 ns, Reaching safepoint: 6601 ns, Cleanup: 3600 ns, At safepoint: 3268326 ns, Total: 3278527 ns
[827.448s][info ][safepoint      ] Safepoint "Cleanup", Time since last: 9000581528 ns, Reaching safepoint: 5901 ns, Cleanup: 9301 ns, At safepoint: 2400 ns, Total: 17602 ns
[828.448s][info ][safepoint      ] Safepoint "Cleanup", Time since last: 1000104153 ns, Reaching safepoint: 5600 ns, Cleanup: 8901 ns, At safepoint: 3201 ns, Total: 17702 ns
[829.448s][info ][safepoint      ] Safepoint "Cleanup", Time since last: 1000107878 ns, Reaching safepoint: 6601 ns, Cleanup: 10601 ns, At safepoint: 10901 ns, Total: 28103 ns
[832.448s][info ][safepoint      ] Safepoint "Cleanup", Time since last: 3000240696 ns, Reaching safepoint: 81508 ns, Cleanup: 15901 ns, At safepoint: 10701 ns, Total: 108110 ns
[833.449s][info ][safepoint      ] Safepoint "Cleanup", Time since last: 1000110402 ns, Reaching safepoint: 5600 ns, Cleanup: 10701 ns, At safepoint: 2201 ns, Total: 18502 ns
[835.449s][info ][safepoint      ] Safepoint "Cleanup", Time since last: 2000126294 ns, Reaching safepoint: 6901 ns, Cleanup: 9001 ns, At safepoint: 2400 ns, Total: 18302 ns
[837.449s][info ][safepoint      ] Safepoint "Cleanup", Time since last: 2000178048 ns, Reaching safepoint: 6100 ns, Cleanup: 9101 ns, At safepoint: 2200 ns, Total: 17401 ns
[838.449s][info ][safepoint      ] Safepoint "Cleanup", Time since last: 1000103433 ns, Reaching safepoint: 6201 ns, Cleanup: 10301 ns, At safepoint: 2300 ns, Total: 18802 ns
[840.449s][info ][safepoint      ] Safepoint "Cleanup", Time since last: 2000141060 ns, Reaching safepoint: 8201 ns, Cleanup: 12501 ns, At safepoint: 2300 ns, Total: 23002 ns
[841.449s][info ][safepoint      ] Safepoint "Cleanup", Time since last: 1000112533 ns, Reaching safepoint: 8401 ns, Cleanup: 9801 ns, At safepoint: 2400 ns, Total: 20602 ns
[842.449s][info ][safepoint      ] Safepoint "Cleanup", Time since last: 1000092531 ns, Reaching safepoint: 6401 ns, Cleanup: 9101 ns, At safepoint: 2200 ns, Total: 17702 ns
[847.450s][info ][safepoint      ] Safepoint "Cleanup", Time since last: 5000323794 ns, Reaching safepoint: 5800 ns, Cleanup: 11501 ns, At safepoint: 2301 ns, Total: 19602 ns
[848.450s][info ][safepoint      ] Safepoint "Cleanup", Time since last: 1000111863 ns, Reaching safepoint: 9501 ns, Cleanup: 15601 ns, At safepoint: 2400 ns, Total: 27502 ns
[850.875s][info ][gc,start       ] GC(43) Pause Young (Allocation Failure)
[850.880s][debug][gc,phases      ] GC(43) Scavenge 4.167ms
[850.880s][debug][gc,ref         ] GC(43) ReferenceProcessor::execute queues: 1, RefProcThreadModel::Single, marks_oops_alive: false
[850.880s][debug][gc,ref         ] GC(43) Skipped KeepAliveFinalRefsPhase of Reference Processing: no references
[850.880s][debug][gc,ref         ] GC(43) ReferenceProcessor::execute queues: 1, RefProcThreadModel::Single, marks_oops_alive: false
[850.880s][debug][gc,phases      ] GC(43) Reference Processing 0.119ms
[850.880s][debug][gc,phases      ] GC(43)   VM Weak                        Min:  0.0, Avg:  0.0, Max:  0.0, Diff:  0.0, Sum:  0.0, Workers: 4
[850.880s][debug][gc,phases      ] GC(43)     Dead                           Min: 0, Avg:  0.0, Max: 0, Diff: 0, Sum: 0, Workers: 4
[850.880s][debug][gc,phases      ] GC(43)     Total                          Min: 0, Avg: 238.2, Max: 832, Diff: 832, Sum: 953, Workers: 4
[850.880s][debug][gc,phases      ] GC(43)   ObjectSynchronizer Weak        Min:  0.0, Avg:  0.0, Max:  0.0, Diff:  0.0, Sum:  0.0, Workers: 4
[850.880s][debug][gc,phases      ] GC(43)     Dead                           Min: 0, Avg:  0.0, Max: 0, Diff: 0, Sum: 0, Workers: 4
[850.880s][debug][gc,phases      ] GC(43)     Total                          Min: 0, Avg:  1.0, Max: 4, Diff: 4, Sum: 4, Workers: 4
[850.880s][debug][gc,phases      ] GC(43)   JVMTI Tag Weak OopStorage      Min:  0.0, Avg:  0.0, Max:  0.0, Diff:  0.0, Sum:  0.0, Workers: 4
[850.880s][debug][gc,phases      ] GC(43)     Dead                           Min: 0, Avg:  0.0, Max: 0, Diff: 0, Sum: 0, Workers: 4
[850.880s][debug][gc,phases      ] GC(43)     Total                          Min: 0, Avg:  0.0, Max: 0, Diff: 0, Sum: 0, Workers: 4
[850.880s][debug][gc,phases      ] GC(43)   StringTable Weak               Min:  0.0, Avg:  0.1, Max:  0.1, Diff:  0.1, Sum:  0.4, Workers: 4
[850.880s][debug][gc,phases      ] GC(43)     Dead                           Min: 0, Avg:  0.2, Max: 1, Diff: 1, Sum: 1, Workers: 4
[850.880s][debug][gc,phases      ] GC(43)     Total                          Min: 0, Avg: 11980.0, Max: 17712, Diff: 17712, Sum: 47920, Workers: 4
[850.880s][debug][gc,phases      ] GC(43)   ResolvedMethodTable Weak       Min:  0.0, Avg:  0.0, Max:  0.0, Diff:  0.0, Sum:  0.1, Workers: 4
[850.880s][debug][gc,phases      ] GC(43)     Dead                           Min: 0, Avg:  0.2, Max: 1, Diff: 1, Sum: 1, Workers: 4
[850.880s][debug][gc,phases      ] GC(43)     Total                          Min: 0, Avg: 3249.2, Max: 4601, Diff: 4601, Sum: 12997, Workers: 4
[850.880s][debug][gc,phases      ] GC(43)   JNI Weak                       Min:  0.0, Avg:  0.0, Max:  0.0, Diff:  0.0, Sum:  0.0, Workers: 4
[850.880s][debug][gc,phases      ] GC(43)     Dead                           Min: 0, Avg:  0.0, Max: 0, Diff: 0, Sum: 0, Workers: 4
[850.880s][debug][gc,phases      ] GC(43)     Total                          Min: 0, Avg: 12.0, Max: 48, Diff: 48, Sum: 48, Workers: 4
[850.880s][debug][gc,phases      ] GC(43)   StringDedup Table Weak         Min:  0.0, Avg:  0.0, Max:  0.0, Diff:  0.0, Sum:  0.0, Workers: 4
[850.880s][debug][gc,phases      ] GC(43)     Dead                           Min: 0, Avg:  0.0, Max: 0, Diff: 0, Sum: 0, Workers: 4
[850.880s][debug][gc,phases      ] GC(43)     Total                          Min: 0, Avg:  0.0, Max: 0, Diff: 0, Sum: 0, Workers: 4
[850.880s][debug][gc,phases      ] GC(43)   StringDedup Requests0 Weak     Min:  0.0, Avg:  0.0, Max:  0.0, Diff:  0.0, Sum:  0.0, Workers: 4
[850.880s][debug][gc,phases      ] GC(43)     Dead                           Min: 0, Avg:  0.0, Max: 0, Diff: 0, Sum: 0, Workers: 4
[850.880s][debug][gc,phases      ] GC(43)     Total                          Min: 0, Avg:  0.0, Max: 0, Diff: 0, Sum: 0, Workers: 4
[850.880s][debug][gc,phases      ] GC(43)   StringDedup Requests1 Weak     Min:  0.0, Avg:  0.0, Max:  0.0, Diff:  0.0, Sum:  0.0, Workers: 4
[850.880s][debug][gc,phases      ] GC(43)     Dead                           Min: 0, Avg:  0.0, Max: 0, Diff: 0, Sum: 0, Workers: 4
[850.880s][debug][gc,phases      ] GC(43)     Total                          Min: 0, Avg:  0.0, Max: 0, Diff: 0, Sum: 0, Workers: 4
[850.880s][debug][gc,phases      ] GC(43)   Weak JFR Old Object Samples    Min:  0.0, Avg:  0.0, Max:  0.0, Diff:  0.0, Sum:  0.0, Workers: 4
[850.880s][debug][gc,phases      ] GC(43)     Dead                           Min: 0, Avg:  0.0, Max: 0, Diff: 0, Sum: 0, Workers: 4
[850.880s][debug][gc,phases      ] GC(43)     Total                          Min: 0, Avg:  0.0, Max: 0, Diff: 0, Sum: 0, Workers: 4
[850.880s][debug][gc,phases      ] GC(43) Weak Processing 0.434ms
[850.880s][debug][gc,age         ] GC(43) Desired survivor size 264241152 bytes, new threshold 15 (max threshold 15)
[850.880s][info ][gc,heap        ] GC(43) PSYoungGen: 1546064K(1825792K)->4528K(1812992K) Eden: 1541632K(1541632K)->0K(1541632K) From: 4432K(284160K)->4528K(271360K)
[850.880s][info ][gc,heap        ] GC(43) ParOldGen: 256137K(382976K)->256161K(382976K)
[850.880s][info ][gc,metaspace   ] GC(43) Metaspace: 94308K(95488K)->94308K(95488K) NonClass: 80409K(81088K)->80409K(81088K) Class: 13899K(14400K)->13899K(14400K)
[850.880s][info ][gc             ] GC(43) Pause Young (Allocation Failure) 1759M->254M(2144M) 5.169ms
[850.880s][info ][gc,cpu         ] GC(43) User=0.01s Sys=0.00s Real=0.01s
[850.880s][info ][safepoint      ] Safepoint "ParallelGCFailedAllocation", Time since last: 2425270395 ns, Reaching safepoint: 10401 ns, Cleanup: 4401 ns, At safepoint: 5248704 ns, Total: 5263506 ns
[852.881s][info ][safepoint      ] Safepoint "Cleanup", Time since last: 2000150853 ns, Reaching safepoint: 79607 ns, Cleanup: 135813 ns, At safepoint: 9701 ns, Total: 225121 ns
[853.881s][info ][safepoint      ] Safepoint "Cleanup", Time since last: 1000058991 ns, Reaching safepoint: 6300 ns, Cleanup: 83908 ns, At safepoint: 2201 ns, Total: 92409 ns
[854.881s][info ][safepoint      ] Safepoint "Cleanup", Time since last: 1000113495 ns, Reaching safepoint: 5901 ns, Cleanup: 15801 ns, At safepoint: 2401 ns, Total: 24103 ns
[855.881s][info ][safepoint      ] Safepoint "Cleanup", Time since last: 1000058090 ns, Reaching safepoint: 10501 ns, Cleanup: 13301 ns, At safepoint: 2901 ns, Total: 26703 ns
[856.881s][info ][safepoint      ] Safepoint "Cleanup", Time since last: 1000118796 ns, Reaching safepoint: 10101 ns, Cleanup: 13501 ns, At safepoint: 2300 ns, Total: 25902 ns
[857.882s][info ][safepoint      ] Safepoint "Cleanup", Time since last: 1000117896 ns, Reaching safepoint: 7301 ns, Cleanup: 18402 ns, At safepoint: 2400 ns, Total: 28103 ns
[858.882s][info ][safepoint      ] Safepoint "Cleanup", Time since last: 1000111396 ns, Reaching safepoint: 7400 ns, Cleanup: 7301 ns, At safepoint: 2300 ns, Total: 17001 ns
[859.882s][info ][safepoint      ] Safepoint "Cleanup", Time since last: 1000111996 ns, Reaching safepoint: 7200 ns, Cleanup: 16702 ns, At safepoint: 2600 ns, Total: 26502 ns
[860.882s][info ][safepoint      ] Safepoint "Cleanup", Time since last: 1000108266 ns, Reaching safepoint: 7100 ns, Cleanup: 29303 ns, At safepoint: 2200 ns, Total: 38603 ns
[861.882s][info ][safepoint      ] Safepoint "Cleanup", Time since last: 1000121076 ns, Reaching safepoint: 7401 ns, Cleanup: 57904 ns, At safepoint: 5201 ns, Total: 70506 ns
[862.882s][info ][safepoint      ] Safepoint "Cleanup", Time since last: 1000117876 ns, Reaching safepoint: 7100 ns, Cleanup: 11501 ns, At safepoint: 2300 ns, Total: 20901 ns
[864.922s][info ][gc,start       ] GC(44) Pause Young (Allocation Failure)
[864.934s][debug][gc,phases      ] GC(44) Scavenge 11.725ms
[864.934s][debug][gc,ref         ] GC(44) ReferenceProcessor::execute queues: 1, RefProcThreadModel::Single, marks_oops_alive: false
[864.934s][debug][gc,ref         ] GC(44) Skipped KeepAliveFinalRefsPhase of Reference Processing: no references
[864.934s][debug][gc,ref         ] GC(44) ReferenceProcessor::execute queues: 1, RefProcThreadModel::Single, marks_oops_alive: false
[864.934s][debug][gc,phases      ] GC(44) Reference Processing 0.165ms
[864.935s][debug][gc,phases      ] GC(44)   VM Weak                        Min:  0.0, Avg:  0.0, Max:  0.0, Diff:  0.0, Sum:  0.0, Workers: 4
[864.935s][debug][gc,phases      ] GC(44)     Dead                           Min: 0, Avg:  0.0, Max: 0, Diff: 0, Sum: 0, Workers: 4
[864.935s][debug][gc,phases      ] GC(44)     Total                          Min: 0, Avg: 241.2, Max: 773, Diff: 773, Sum: 965, Workers: 4
[864.935s][debug][gc,phases      ] GC(44)   ObjectSynchronizer Weak        Min:  0.0, Avg:  0.0, Max:  0.0, Diff:  0.0, Sum:  0.0, Workers: 4
[864.935s][debug][gc,phases      ] GC(44)     Dead                           Min: 0, Avg:  0.0, Max: 0, Diff: 0, Sum: 0, Workers: 4
[864.935s][debug][gc,phases      ] GC(44)     Total                          Min: 0, Avg:  1.0, Max: 4, Diff: 4, Sum: 4, Workers: 4
[864.935s][debug][gc,phases      ] GC(44)   JVMTI Tag Weak OopStorage      Min:  0.0, Avg:  0.0, Max:  0.0, Diff:  0.0, Sum:  0.0, Workers: 4
[864.935s][debug][gc,phases      ] GC(44)     Dead                           Min: 0, Avg:  0.0, Max: 0, Diff: 0, Sum: 0, Workers: 4
[864.935s][debug][gc,phases      ] GC(44)     Total                          Min: 0, Avg:  0.0, Max: 0, Diff: 0, Sum: 0, Workers: 4
[864.935s][debug][gc,phases      ] GC(44)   StringTable Weak               Min:  0.0, Avg:  0.1, Max:  0.2, Diff:  0.2, Sum:  0.4, Workers: 4
[864.935s][debug][gc,phases      ] GC(44)     Dead                           Min: 0, Avg:  0.2, Max: 1, Diff: 1, Sum: 1, Workers: 4
[864.935s][debug][gc,phases      ] GC(44)     Total                          Min: 0, Avg: 11996.0, Max: 16768, Diff: 16768, Sum: 47984, Workers: 4
[864.935s][debug][gc,phases      ] GC(44)   ResolvedMethodTable Weak       Min:  0.0, Avg:  0.0, Max:  0.0, Diff:  0.0, Sum:  0.1, Workers: 4
[864.935s][debug][gc,phases      ] GC(44)     Dead                           Min: 0, Avg:  2.2, Max: 7, Diff: 7, Sum: 9, Workers: 4
[864.935s][debug][gc,phases      ] GC(44)     Total                          Min: 0, Avg: 3265.2, Max: 4505, Diff: 4505, Sum: 13061, Workers: 4
[864.935s][debug][gc,phases      ] GC(44)   JNI Weak                       Min:  0.0, Avg:  0.0, Max:  0.0, Diff:  0.0, Sum:  0.0, Workers: 4
[864.935s][debug][gc,phases      ] GC(44)     Dead                           Min: 0, Avg:  0.0, Max: 0, Diff: 0, Sum: 0, Workers: 4
[864.935s][debug][gc,phases      ] GC(44)     Total                          Min: 0, Avg: 12.0, Max: 48, Diff: 48, Sum: 48, Workers: 4
[864.935s][debug][gc,phases      ] GC(44)   StringDedup Table Weak         Min:  0.0, Avg:  0.0, Max:  0.0, Diff:  0.0, Sum:  0.0, Workers: 4
[864.935s][debug][gc,phases      ] GC(44)     Dead                           Min: 0, Avg:  0.0, Max: 0, Diff: 0, Sum: 0, Workers: 4
[864.935s][debug][gc,phases      ] GC(44)     Total                          Min: 0, Avg:  0.0, Max: 0, Diff: 0, Sum: 0, Workers: 4
[864.935s][debug][gc,phases      ] GC(44)   StringDedup Requests0 Weak     Min:  0.0, Avg:  0.0, Max:  0.0, Diff:  0.0, Sum:  0.0, Workers: 4
[864.935s][debug][gc,phases      ] GC(44)     Dead                           Min: 0, Avg:  0.0, Max: 0, Diff: 0, Sum: 0, Workers: 4
[864.935s][debug][gc,phases      ] GC(44)     Total                          Min: 0, Avg:  0.0, Max: 0, Diff: 0, Sum: 0, Workers: 4
[864.935s][debug][gc,phases      ] GC(44)   StringDedup Requests1 Weak     Min:  0.0, Avg:  0.0, Max:  0.0, Diff:  0.0, Sum:  0.0, Workers: 4
[864.935s][debug][gc,phases      ] GC(44)     Dead                           Min: 0, Avg:  0.0, Max: 0, Diff: 0, Sum: 0, Workers: 4
[864.935s][debug][gc,phases      ] GC(44)     Total                          Min: 0, Avg:  0.0, Max: 0, Diff: 0, Sum: 0, Workers: 4
[864.935s][debug][gc,phases      ] GC(44)   Weak JFR Old Object Samples    Min:  0.0, Avg:  0.0, Max:  0.0, Diff:  0.0, Sum:  0.0, Workers: 4
[864.935s][debug][gc,phases      ] GC(44)     Dead                           Min: 0, Avg:  0.0, Max: 0, Diff: 0, Sum: 0, Workers: 4
[864.935s][debug][gc,phases      ] GC(44)     Total                          Min: 0, Avg:  0.0, Max: 0, Diff: 0, Sum: 0, Workers: 4
[864.935s][debug][gc,phases      ] GC(44) Weak Processing 0.463ms
[864.935s][debug][gc,age         ] GC(44) Desired survivor size 245891072 bytes, new threshold 15 (max threshold 15)
[864.935s][info ][gc,heap        ] GC(44) PSYoungGen: 1546160K(1812992K)->29984K(1857024K) Eden: 1541632K(1541632K)->0K(1598976K) From: 4528K(271360K)->29984K(258048K)
[864.935s][info ][gc,heap        ] GC(44) ParOldGen: 256161K(382976K)->256193K(382976K)
[864.935s][info ][gc,metaspace   ] GC(44) Metaspace: 94501K(95744K)->94501K(95744K) NonClass: 80579K(81280K)->80579K(81280K) Class: 13921K(14464K)->13921K(14464K)
[864.935s][info ][gc             ] GC(44) Pause Young (Allocation Failure) 1760M->279M(2187M) 12.508ms
[864.935s][info ][gc,cpu         ] GC(44) User=0.05s Sys=0.00s Real=0.01s
[864.935s][info ][safepoint      ] Safepoint "ParallelGCFailedAllocation", Time since last: 2039995142 ns, Reaching safepoint: 7201 ns, Cleanup: 3700 ns, At safepoint: 12603343 ns, Total: 12614244 ns
[865.935s][info ][safepoint      ] Safepoint "Cleanup", Time since last: 1000083655 ns, Reaching safepoint: 7300 ns, Cleanup: 23503 ns, At safepoint: 2100 ns, Total: 32903 ns
[866.935s][info ][safepoint      ] Safepoint "Cleanup", Time since last: 1000113939 ns, Reaching safepoint: 6401 ns, Cleanup: 17701 ns, At safepoint: 2400 ns, Total: 26502 ns
[867.935s][info ][safepoint      ] Safepoint "Cleanup", Time since last: 1000111339 ns, Reaching safepoint: 8201 ns, Cleanup: 21202 ns, At safepoint: 2400 ns, Total: 31803 ns
[869.935s][info ][safepoint      ] Safepoint "Cleanup", Time since last: 2000194194 ns, Reaching safepoint: 7601 ns, Cleanup: 9500 ns, At safepoint: 2601 ns, Total: 19702 ns
[870.936s][info ][safepoint      ] Safepoint "Cleanup", Time since last: 1000128056 ns, Reaching safepoint: 8101 ns, Cleanup: 86107 ns, At safepoint: 6001 ns, Total: 100209 ns
[871.588s][info ][safepoint      ] Safepoint "ICBufferFull", Time since last: 652006671 ns, Reaching safepoint: 9701 ns, Cleanup: 193117 ns, At safepoint: 7401 ns, Total: 210219 ns
[872.521s][info ][safepoint      ] Safepoint "ICBufferFull", Time since last: 933005140 ns, Reaching safepoint: 78907 ns, Cleanup: 146712 ns, At safepoint: 5901 ns, Total: 231520 ns
[873.521s][info ][safepoint      ] Safepoint "Cleanup", Time since last: 1000109755 ns, Reaching safepoint: 65906 ns, Cleanup: 98408 ns, At safepoint: 12301 ns, Total: 176615 ns
[874.522s][info ][safepoint      ] Safepoint "Cleanup", Time since last: 1000120156 ns, Reaching safepoint: 82607 ns, Cleanup: 45104 ns, At safepoint: 5201 ns, Total: 132912 ns
[875.522s][info ][safepoint      ] Safepoint "Cleanup", Time since last: 1000122679 ns, Reaching safepoint: 47504 ns, Cleanup: 18702 ns, At safepoint: 7001 ns, Total: 73207 ns
[876.522s][info ][safepoint      ] Safepoint "Cleanup", Time since last: 1000109318 ns, Reaching safepoint: 78407 ns, Cleanup: 32903 ns, At safepoint: 6501 ns, Total: 117811 ns
[877.522s][info ][safepoint      ] Safepoint "Cleanup", Time since last: 1000113332 ns, Reaching safepoint: 80206 ns, Cleanup: 16701 ns, At safepoint: 7001 ns, Total: 103908 ns
[878.523s][info ][safepoint      ] Safepoint "Cleanup", Time since last: 1000084084 ns, Reaching safepoint: 81706 ns, Cleanup: 10700 ns, At safepoint: 6301 ns, Total: 98707 ns
[879.523s][info ][safepoint      ] Safepoint "Cleanup", Time since last: 1000119586 ns, Reaching safepoint: 83407 ns, Cleanup: 12301 ns, At safepoint: 9400 ns, Total: 105108 ns
[880.523s][info ][safepoint      ] Safepoint "Cleanup", Time since last: 1000117387 ns, Reaching safepoint: 79806 ns, Cleanup: 17801 ns, At safepoint: 6300 ns, Total: 103907 ns
[882.430s][info ][safepoint      ] Safepoint "Cleanup", Time since last: 1907461722 ns, Reaching safepoint: 4101 ns, Cleanup: 29502 ns, At safepoint: 5001 ns, Total: 38604 ns
[882.527s][info ][gc,start       ] GC(45) Pause Young (Allocation Failure)
[882.563s][debug][gc,phases      ] GC(45) Scavenge 36.074ms
[882.563s][debug][gc,ref         ] GC(45) ReferenceProcessor::execute queues: 1, RefProcThreadModel::Single, marks_oops_alive: false
[882.563s][debug][gc,ref         ] GC(45) Skipped KeepAliveFinalRefsPhase of Reference Processing: no references
[882.563s][debug][gc,ref         ] GC(45) ReferenceProcessor::execute queues: 1, RefProcThreadModel::Single, marks_oops_alive: false
[882.563s][debug][gc,phases      ] GC(45) Reference Processing 0.170ms
[882.563s][debug][gc,phases      ] GC(45)   VM Weak                        Min:  0.0, Avg:  0.0, Max:  0.0, Diff:  0.0, Sum:  0.0, Workers: 4
[882.563s][debug][gc,phases      ] GC(45)     Dead                           Min: 0, Avg:  0.0, Max: 0, Diff: 0, Sum: 0, Workers: 4
[882.563s][debug][gc,phases      ] GC(45)     Total                          Min: 0, Avg: 243.8, Max: 911, Diff: 911, Sum: 975, Workers: 4
[882.563s][debug][gc,phases      ] GC(45)   ObjectSynchronizer Weak        Min:  0.0, Avg:  0.0, Max:  0.0, Diff:  0.0, Sum:  0.0, Workers: 4
[882.563s][debug][gc,phases      ] GC(45)     Dead                           Min: 0, Avg:  0.0, Max: 0, Diff: 0, Sum: 0, Workers: 4
[882.563s][debug][gc,phases      ] GC(45)     Total                          Min: 0, Avg:  1.5, Max: 6, Diff: 6, Sum: 6, Workers: 4
[882.563s][debug][gc,phases      ] GC(45)   JVMTI Tag Weak OopStorage      Min:  0.0, Avg:  0.0, Max:  0.0, Diff:  0.0, Sum:  0.0, Workers: 4
[882.563s][debug][gc,phases      ] GC(45)     Dead                           Min: 0, Avg:  0.0, Max: 0, Diff: 0, Sum: 0, Workers: 4
[882.563s][debug][gc,phases      ] GC(45)     Total                          Min: 0, Avg:  0.0, Max: 0, Diff: 0, Sum: 0, Workers: 4
[882.563s][debug][gc,phases      ] GC(45)   StringTable Weak               Min:  0.0, Avg:  0.1, Max:  0.2, Diff:  0.2, Sum:  0.5, Workers: 4
[882.563s][debug][gc,phases      ] GC(45)     Dead                           Min: 0, Avg:  1.0, Max: 3, Diff: 3, Sum: 4, Workers: 4
[882.563s][debug][gc,phases      ] GC(45)     Total                          Min: 0, Avg: 12050.0, Max: 16704, Diff: 16704, Sum: 48200, Workers: 4
[882.563s][debug][gc,phases      ] GC(45)   ResolvedMethodTable Weak       Min:  0.0, Avg:  0.0, Max:  0.1, Diff:  0.1, Sum:  0.1, Workers: 4
[882.563s][debug][gc,phases      ] GC(45)     Dead                           Min: 0, Avg: 19.2, Max: 31, Diff: 31, Sum: 77, Workers: 4
[882.563s][debug][gc,phases      ] GC(45)     Total                          Min: 0, Avg: 3329.5, Max: 4818, Diff: 4818, Sum: 13318, Workers: 4
[882.563s][debug][gc,phases      ] GC(45)   JNI Weak                       Min:  0.0, Avg:  0.0, Max:  0.0, Diff:  0.0, Sum:  0.0, Workers: 4
[882.563s][debug][gc,phases      ] GC(45)     Dead                           Min: 0, Avg:  0.0, Max: 0, Diff: 0, Sum: 0, Workers: 4
[882.563s][debug][gc,phases      ] GC(45)     Total                          Min: 0, Avg: 12.2, Max: 49, Diff: 49, Sum: 49, Workers: 4
[882.563s][debug][gc,phases      ] GC(45)   StringDedup Table Weak         Min:  0.0, Avg:  0.0, Max:  0.0, Diff:  0.0, Sum:  0.0, Workers: 4
[882.563s][debug][gc,phases      ] GC(45)     Dead                           Min: 0, Avg:  0.0, Max: 0, Diff: 0, Sum: 0, Workers: 4
[882.563s][debug][gc,phases      ] GC(45)     Total                          Min: 0, Avg:  0.0, Max: 0, Diff: 0, Sum: 0, Workers: 4
[882.563s][debug][gc,phases      ] GC(45)   StringDedup Requests0 Weak     Min:  0.0, Avg:  0.0, Max:  0.0, Diff:  0.0, Sum:  0.0, Workers: 4
[882.563s][debug][gc,phases      ] GC(45)     Dead                           Min: 0, Avg:  0.0, Max: 0, Diff: 0, Sum: 0, Workers: 4
[882.563s][debug][gc,phases      ] GC(45)     Total                          Min: 0, Avg:  0.0, Max: 0, Diff: 0, Sum: 0, Workers: 4
[882.563s][debug][gc,phases      ] GC(45)   StringDedup Requests1 Weak     Min:  0.0, Avg:  0.0, Max:  0.0, Diff:  0.0, Sum:  0.0, Workers: 4
[882.564s][debug][gc,phases      ] GC(45)     Dead                           Min: 0, Avg:  0.0, Max: 0, Diff: 0, Sum: 0, Workers: 4
[882.564s][debug][gc,phases      ] GC(45)     Total                          Min: 0, Avg:  0.0, Max: 0, Diff: 0, Sum: 0, Workers: 4
[882.564s][debug][gc,phases      ] GC(45)   Weak JFR Old Object Samples    Min:  0.0, Avg:  0.0, Max:  0.0, Diff:  0.0, Sum:  0.0, Workers: 4
[882.564s][debug][gc,phases      ] GC(45)     Dead                           Min: 0, Avg:  0.0, Max: 0, Diff: 0, Sum: 0, Workers: 4
[882.564s][debug][gc,phases      ] GC(45)     Total                          Min: 0, Avg:  0.0, Max: 0, Diff: 0, Sum: 0, Workers: 4
[882.564s][debug][gc,phases      ] GC(45) Weak Processing 0.464ms
[882.564s][debug][gc,age         ] GC(45) Desired survivor size 242221056 bytes, new threshold 15 (max threshold 15)
[882.564s][info ][gc,heap        ] GC(45) PSYoungGen: 1628960K(1857024K)->88539K(1839104K) Eden: 1598976K(1598976K)->0K(1598976K) From: 29984K(258048K)->88539K(240128K)
[882.564s][info ][gc,heap        ] GC(45) ParOldGen: 256193K(382976K)->256217K(382976K)
[882.564s][info ][gc,metaspace   ] GC(45) Metaspace: 95035K(96320K)->95035K(96320K) NonClass: 81015K(81728K)->81015K(81728K) Class: 14020K(14592K)->14020K(14592K)
[882.564s][info ][gc             ] GC(45) Pause Young (Allocation Failure) 1840M->336M(2170M) 36.885ms
[882.564s][info ][gc,cpu         ] GC(45) User=0.12s Sys=0.00s Real=0.04s
[882.564s][info ][safepoint      ] Safepoint "ParallelGCFailedAllocation", Time since last: 96168182 ns, Reaching safepoint: 9301 ns, Cleanup: 29203 ns, At safepoint: 36983215 ns, Total: 37021719 ns
[883.564s][info ][safepoint      ] Safepoint "Cleanup", Time since last: 1000088171 ns, Reaching safepoint: 8000 ns, Cleanup: 68107 ns, At safepoint: 2500 ns, Total: 78607 ns
[884.564s][info ][safepoint      ] Safepoint "Cleanup", Time since last: 1000105906 ns, Reaching safepoint: 7201 ns, Cleanup: 65005 ns, At safepoint: 2400 ns, Total: 74606 ns
[885.564s][info ][safepoint      ] Safepoint "Cleanup", Time since last: 1000116733 ns, Reaching safepoint: 8501 ns, Cleanup: 41203 ns, At safepoint: 2400 ns, Total: 52104 ns
[886.564s][info ][safepoint      ] Safepoint "Cleanup", Time since last: 1000111633 ns, Reaching safepoint: 7701 ns, Cleanup: 26002 ns, At safepoint: 3800 ns, Total: 37503 ns
[887.564s][info ][safepoint      ] Safepoint "Cleanup", Time since last: 1000113833 ns, Reaching safepoint: 7701 ns, Cleanup: 29002 ns, At safepoint: 2300 ns, Total: 39003 ns
[888.565s][info ][safepoint      ] Safepoint "Cleanup", Time since last: 1000109833 ns, Reaching safepoint: 8101 ns, Cleanup: 38102 ns, At safepoint: 2501 ns, Total: 48704 ns
[889.565s][info ][safepoint      ] Safepoint "Cleanup", Time since last: 1000088338 ns, Reaching safepoint: 7500 ns, Cleanup: 29703 ns, At safepoint: 6001 ns, Total: 43204 ns
[890.565s][info ][safepoint      ] Safepoint "Cleanup", Time since last: 1000108719 ns, Reaching safepoint: 7400 ns, Cleanup: 20102 ns, At safepoint: 2800 ns, Total: 30302 ns
[891.565s][info ][safepoint      ] Safepoint "Cleanup", Time since last: 1000109319 ns, Reaching safepoint: 8501 ns, Cleanup: 14401 ns, At safepoint: 2601 ns, Total: 25503 ns
[892.565s][info ][safepoint      ] Safepoint "Cleanup", Time since last: 1000115231 ns, Reaching safepoint: 7201 ns, Cleanup: 14201 ns, At safepoint: 2600 ns, Total: 24002 ns
[893.565s][info ][safepoint      ] Safepoint "Cleanup", Time since last: 1000109291 ns, Reaching safepoint: 7900 ns, Cleanup: 9701 ns, At safepoint: 2100 ns, Total: 19701 ns
[896.566s][info ][safepoint      ] Safepoint "Cleanup", Time since last: 3000241564 ns, Reaching safepoint: 8501 ns, Cleanup: 9100 ns, At safepoint: 2601 ns, Total: 20202 ns
[898.566s][info ][safepoint      ] Safepoint "Cleanup", Time since last: 2000757027 ns, Reaching safepoint: 84908 ns, Cleanup: 8800 ns, At safepoint: 13201 ns, Total: 106909 ns
[899.567s][info ][safepoint      ] Safepoint "Cleanup", Time since last: 1000117491 ns, Reaching safepoint: 7601 ns, Cleanup: 16802 ns, At safepoint: 3300 ns, Total: 27703 ns
[901.406s][info ][safepoint      ] Safepoint "Cleanup", Time since last: 1839691114 ns, Reaching safepoint: 7100 ns, Cleanup: 22202 ns, At safepoint: 2600 ns, Total: 31902 ns
[902.406s][info ][safepoint      ] Safepoint "Cleanup", Time since last: 1000112315 ns, Reaching safepoint: 7801 ns, Cleanup: 14601 ns, At safepoint: 2500 ns, Total: 24902 ns
[903.407s][info ][safepoint      ] Safepoint "Cleanup", Time since last: 1000117515 ns, Reaching safepoint: 11101 ns, Cleanup: 11301 ns, At safepoint: 2300 ns, Total: 24702 ns
[904.407s][info ][safepoint      ] Safepoint "Cleanup", Time since last: 1000112515 ns, Reaching safepoint: 7301 ns, Cleanup: 10201 ns, At safepoint: 2400 ns, Total: 19902 ns
[905.407s][info ][safepoint      ] Safepoint "Cleanup", Time since last: 1000111615 ns, Reaching safepoint: 7600 ns, Cleanup: 12501 ns, At safepoint: 2700 ns, Total: 22801 ns
[906.407s][info ][safepoint      ] Safepoint "Cleanup", Time since last: 1000110590 ns, Reaching safepoint: 7301 ns, Cleanup: 12901 ns, At safepoint: 2400 ns, Total: 22602 ns
[907.407s][info ][safepoint      ] Safepoint "Cleanup", Time since last: 1000126126 ns, Reaching safepoint: 7900 ns, Cleanup: 8701 ns, At safepoint: 2200 ns, Total: 18801 ns
[908.407s][info ][safepoint      ] Safepoint "Cleanup", Time since last: 1000108224 ns, Reaching safepoint: 7801 ns, Cleanup: 17901 ns, At safepoint: 2201 ns, Total: 27903 ns
[909.407s][info ][safepoint      ] Safepoint "Cleanup", Time since last: 1000130765 ns, Reaching safepoint: 7600 ns, Cleanup: 13502 ns, At safepoint: 2500 ns, Total: 23602 ns
[910.408s][info ][safepoint      ] Safepoint "Cleanup", Time since last: 1000117868 ns, Reaching safepoint: 7901 ns, Cleanup: 9801 ns, At safepoint: 2300 ns, Total: 20002 ns
[911.408s][info ][safepoint      ] Safepoint "Cleanup", Time since last: 1000123469 ns, Reaching safepoint: 6600 ns, Cleanup: 11001 ns, At safepoint: 2301 ns, Total: 19902 ns
[913.465s][info ][gc,start       ] GC(46) Pause Young (Allocation Failure)
[913.502s][debug][gc,phases      ] GC(46) Scavenge 37.063ms
[913.502s][debug][gc,ref         ] GC(46) ReferenceProcessor::execute queues: 1, RefProcThreadModel::Single, marks_oops_alive: false
[913.502s][debug][gc,ref         ] GC(46) Skipped KeepAliveFinalRefsPhase of Reference Processing: no references
[913.502s][debug][gc,ref         ] GC(46) ReferenceProcessor::execute queues: 1, RefProcThreadModel::Single, marks_oops_alive: false
[913.502s][debug][gc,phases      ] GC(46) Reference Processing 0.169ms
[913.503s][debug][gc,phases      ] GC(46)   VM Weak                        Min:  0.0, Avg:  0.0, Max:  0.0, Diff:  0.0, Sum:  0.0, Workers: 4
[913.503s][debug][gc,phases      ] GC(46)     Dead                           Min: 0, Avg:  0.0, Max: 0, Diff: 0, Sum: 0, Workers: 4
[913.503s][debug][gc,phases      ] GC(46)     Total                          Min: 0, Avg: 248.2, Max: 512, Diff: 512, Sum: 993, Workers: 4
[913.503s][debug][gc,phases      ] GC(46)   ObjectSynchronizer Weak        Min:  0.0, Avg:  0.0, Max:  0.0, Diff:  0.0, Sum:  0.0, Workers: 4
[913.503s][debug][gc,phases      ] GC(46)     Dead                           Min: 0, Avg:  0.0, Max: 0, Diff: 0, Sum: 0, Workers: 4
[913.503s][debug][gc,phases      ] GC(46)     Total                          Min: 0, Avg:  1.0, Max: 4, Diff: 4, Sum: 4, Workers: 4
[913.503s][debug][gc,phases      ] GC(46)   JVMTI Tag Weak OopStorage      Min:  0.0, Avg:  0.0, Max:  0.0, Diff:  0.0, Sum:  0.0, Workers: 4
[913.503s][debug][gc,phases      ] GC(46)     Dead                           Min: 0, Avg:  0.0, Max: 0, Diff: 0, Sum: 0, Workers: 4
[913.503s][debug][gc,phases      ] GC(46)     Total                          Min: 0, Avg:  0.0, Max: 0, Diff: 0, Sum: 0, Workers: 4
[913.503s][debug][gc,phases      ] GC(46)   StringTable Weak               Min:  0.0, Avg:  0.1, Max:  0.2, Diff:  0.2, Sum:  0.5, Workers: 4
[913.503s][debug][gc,phases      ] GC(46)     Dead                           Min: 0, Avg:  0.2, Max: 1, Diff: 1, Sum: 1, Workers: 4
[913.503s][debug][gc,phases      ] GC(46)     Total                          Min: 0, Avg: 12060.5, Max: 16704, Diff: 16704, Sum: 48242, Workers: 4
[913.503s][debug][gc,phases      ] GC(46)   ResolvedMethodTable Weak       Min:  0.0, Avg:  0.0, Max:  0.1, Diff:  0.1, Sum:  0.1, Workers: 4
[913.503s][debug][gc,phases      ] GC(46)     Dead                           Min: 0, Avg:  1.0, Max: 2, Diff: 2, Sum: 4, Workers: 4
[913.503s][debug][gc,phases      ] GC(46)     Total                          Min: 0, Avg: 3350.5, Max: 5018, Diff: 5018, Sum: 13402, Workers: 4
[913.503s][debug][gc,phases      ] GC(46)   JNI Weak                       Min:  0.0, Avg:  0.0, Max:  0.0, Diff:  0.0, Sum:  0.0, Workers: 4
[913.503s][debug][gc,phases      ] GC(46)     Dead                           Min: 0, Avg:  0.0, Max: 0, Diff: 0, Sum: 0, Workers: 4
[913.503s][debug][gc,phases      ] GC(46)     Total                          Min: 0, Avg: 12.0, Max: 48, Diff: 48, Sum: 48, Workers: 4
[913.503s][debug][gc,phases      ] GC(46)   StringDedup Table Weak         Min:  0.0, Avg:  0.0, Max:  0.0, Diff:  0.0, Sum:  0.0, Workers: 4
[913.503s][debug][gc,phases      ] GC(46)     Dead                           Min: 0, Avg:  0.0, Max: 0, Diff: 0, Sum: 0, Workers: 4
[913.503s][debug][gc,phases      ] GC(46)     Total                          Min: 0, Avg:  0.0, Max: 0, Diff: 0, Sum: 0, Workers: 4
[913.503s][debug][gc,phases      ] GC(46)   StringDedup Requests0 Weak     Min:  0.0, Avg:  0.0, Max:  0.0, Diff:  0.0, Sum:  0.0, Workers: 4
[913.503s][debug][gc,phases      ] GC(46)     Dead                           Min: 0, Avg:  0.0, Max: 0, Diff: 0, Sum: 0, Workers: 4
[913.503s][debug][gc,phases      ] GC(46)     Total                          Min: 0, Avg:  0.0, Max: 0, Diff: 0, Sum: 0, Workers: 4
[913.503s][debug][gc,phases      ] GC(46)   StringDedup Requests1 Weak     Min:  0.0, Avg:  0.0, Max:  0.0, Diff:  0.0, Sum:  0.0, Workers: 4
[913.503s][debug][gc,phases      ] GC(46)     Dead                           Min: 0, Avg:  0.0, Max: 0, Diff: 0, Sum: 0, Workers: 4
[913.503s][debug][gc,phases      ] GC(46)     Total                          Min: 0, Avg:  0.0, Max: 0, Diff: 0, Sum: 0, Workers: 4
[913.503s][debug][gc,phases      ] GC(46)   Weak JFR Old Object Samples    Min:  0.0, Avg:  0.0, Max:  0.0, Diff:  0.0, Sum:  0.0, Workers: 4
[913.503s][debug][gc,phases      ] GC(46)     Dead                           Min: 0, Avg:  0.0, Max: 0, Diff: 0, Sum: 0, Workers: 4
[913.503s][debug][gc,phases      ] GC(46)     Total                          Min: 0, Avg:  0.0, Max: 0, Diff: 0, Sum: 0, Workers: 4
[913.503s][debug][gc,phases      ] GC(46) Weak Processing 0.486ms
[913.503s][debug][gc,age         ] GC(46) Desired survivor size 252182528 bytes, new threshold 15 (max threshold 15)
[913.503s][info ][gc,heap        ] GC(46) PSYoungGen: 1687515K(1839104K)->128379K(1841152K) Eden: 1598976K(1598976K)->0K(1604608K) From: 88539K(240128K)->128379K(236544K)
[913.503s][info ][gc,heap        ] GC(46) ParOldGen: 256217K(382976K)->256249K(382976K)
[913.503s][info ][gc,metaspace   ] GC(46) Metaspace: 95239K(96512K)->95239K(96512K) NonClass: 81196K(81920K)->81196K(81920K) Class: 14043K(14592K)->14043K(14592K)
[913.503s][info ][gc             ] GC(46) Pause Young (Allocation Failure) 1898M->375M(2172M) 37.866ms
[913.503s][info ][gc,cpu         ] GC(46) User=0.15s Sys=0.00s Real=0.04s
[913.503s][info ][safepoint      ] Safepoint "ParallelGCFailedAllocation", Time since last: 2057292621 ns, Reaching safepoint: 7500 ns, Cleanup: 3201 ns, At safepoint: 37957216 ns, Total: 37967917 ns
[914.970s][info ][safepoint      ] Safepoint "Cleanup", Time since last: 1466634622 ns, Reaching safepoint: 80907 ns, Cleanup: 22702 ns, At safepoint: 6100 ns, Total: 109709 ns
[916.970s][info ][safepoint      ] Safepoint "Cleanup", Time since last: 2000187118 ns, Reaching safepoint: 80006 ns, Cleanup: 9001 ns, At safepoint: 6200 ns, Total: 95207 ns
[917.970s][info ][safepoint      ] Safepoint "Cleanup", Time since last: 1000136933 ns, Reaching safepoint: 101308 ns, Cleanup: 10001 ns, At safepoint: 8600 ns, Total: 119909 ns
[919.971s][info ][safepoint      ] Safepoint "Cleanup", Time since last: 2000196859 ns, Reaching safepoint: 85307 ns, Cleanup: 10001 ns, At safepoint: 6100 ns, Total: 101408 ns
[920.971s][info ][safepoint      ] Safepoint "Cleanup", Time since last: 1000115631 ns, Reaching safepoint: 80606 ns, Cleanup: 39503 ns, At safepoint: 6501 ns, Total: 126610 ns
[921.971s][info ][safepoint      ] Safepoint "Cleanup", Time since last: 1000114530 ns, Reaching safepoint: 82307 ns, Cleanup: 11101 ns, At safepoint: 11401 ns, Total: 104809 ns
[922.971s][info ][safepoint      ] Safepoint "Cleanup", Time since last: 1000129689 ns, Reaching safepoint: 79507 ns, Cleanup: 11801 ns, At safepoint: 6301 ns, Total: 97609 ns
[923.971s][info ][safepoint      ] Safepoint "Cleanup", Time since last: 1000130506 ns, Reaching safepoint: 86008 ns, Cleanup: 10401 ns, At safepoint: 6900 ns, Total: 103309 ns
[925.972s][info ][safepoint      ] Safepoint "Cleanup", Time since last: 2000147234 ns, Reaching safepoint: 79707 ns, Cleanup: 16801 ns, At safepoint: 7001 ns, Total: 103509 ns
[927.972s][info ][safepoint      ] Safepoint "Cleanup", Time since last: 2000190474 ns, Reaching safepoint: 81507 ns, Cleanup: 10201 ns, At safepoint: 6301 ns, Total: 98009 ns
[928.972s][info ][safepoint      ] Safepoint "Cleanup", Time since last: 1000130490 ns, Reaching safepoint: 79207 ns, Cleanup: 12101 ns, At safepoint: 5700 ns, Total: 97008 ns
[929.972s][info ][safepoint      ] Safepoint "Cleanup", Time since last: 1000107789 ns, Reaching safepoint: 90407 ns, Cleanup: 12301 ns, At safepoint: 6001 ns, Total: 108709 ns
[931.973s][info ][safepoint      ] Safepoint "Cleanup", Time since last: 2000197475 ns, Reaching safepoint: 84007 ns, Cleanup: 8101 ns, At safepoint: 6301 ns, Total: 98409 ns
[934.973s][info ][safepoint      ] Safepoint "Cleanup", Time since last: 3000273524 ns, Reaching safepoint: 8300 ns, Cleanup: 18202 ns, At safepoint: 5100 ns, Total: 31602 ns
[935.973s][info ][safepoint      ] Safepoint "Cleanup", Time since last: 1000123167 ns, Reaching safepoint: 7300 ns, Cleanup: 16202 ns, At safepoint: 2700 ns, Total: 26202 ns
[936.973s][info ][safepoint      ] Safepoint "Cleanup", Time since last: 1000120866 ns, Reaching safepoint: 78707 ns, Cleanup: 9801 ns, At safepoint: 5800 ns, Total: 94308 ns
[937.974s][info ][safepoint      ] Safepoint "Cleanup", Time since last: 1000102165 ns, Reaching safepoint: 86007 ns, Cleanup: 25602 ns, At safepoint: 10601 ns, Total: 122210 ns
[938.974s][info ][safepoint      ] Safepoint "Cleanup", Time since last: 1000113865 ns, Reaching safepoint: 7601 ns, Cleanup: 10501 ns, At safepoint: 2700 ns, Total: 20802 ns
[939.974s][info ][safepoint      ] Safepoint "Cleanup", Time since last: 1000117566 ns, Reaching safepoint: 11001 ns, Cleanup: 11801 ns, At safepoint: 2600 ns, Total: 25402 ns
[940.974s][info ][safepoint      ] Safepoint "Cleanup", Time since last: 1000116134 ns, Reaching safepoint: 83006 ns, Cleanup: 24902 ns, At safepoint: 9701 ns, Total: 117609 ns
[941.974s][info ][safepoint      ] Safepoint "Cleanup", Time since last: 1000113090 ns, Reaching safepoint: 7201 ns, Cleanup: 10601 ns, At safepoint: 2500 ns, Total: 20302 ns
[942.974s][info ][safepoint      ] Safepoint "Cleanup", Time since last: 1000112891 ns, Reaching safepoint: 7200 ns, Cleanup: 11801 ns, At safepoint: 3500 ns, Total: 22501 ns
[943.975s][info ][safepoint      ] Safepoint "Cleanup", Time since last: 1000116191 ns, Reaching safepoint: 7001 ns, Cleanup: 15601 ns, At safepoint: 5200 ns, Total: 27802 ns
[944.975s][info ][safepoint      ] Safepoint "Cleanup", Time since last: 1000111591 ns, Reaching safepoint: 7400 ns, Cleanup: 11501 ns, At safepoint: 2300 ns, Total: 21201 ns
[946.975s][info ][safepoint      ] Safepoint "Cleanup", Time since last: 2000192735 ns, Reaching safepoint: 7901 ns, Cleanup: 33303 ns, At safepoint: 2400 ns, Total: 43604 ns
[948.975s][info ][safepoint      ] Safepoint "Cleanup", Time since last: 2000191530 ns, Reaching safepoint: 7001 ns, Cleanup: 10901 ns, At safepoint: 2200 ns, Total: 20102 ns
[950.975s][info ][safepoint      ] Safepoint "Cleanup", Time since last: 2000188575 ns, Reaching safepoint: 7701 ns, Cleanup: 12701 ns, At safepoint: 2500 ns, Total: 22902 ns
[952.976s][info ][safepoint      ] Safepoint "Cleanup", Time since last: 2000185276 ns, Reaching safepoint: 7900 ns, Cleanup: 9401 ns, At safepoint: 2100 ns, Total: 19401 ns
[953.976s][info ][safepoint      ] Safepoint "Cleanup", Time since last: 1000098189 ns, Reaching safepoint: 7700 ns, Cleanup: 18002 ns, At safepoint: 2600 ns, Total: 28302 ns
[954.976s][info ][safepoint      ] Safepoint "Cleanup", Time since last: 1000103789 ns, Reaching safepoint: 6900 ns, Cleanup: 11201 ns, At safepoint: 7301 ns, Total: 25402 ns
[956.976s][info ][safepoint      ] Safepoint "Cleanup", Time since last: 2000188041 ns, Reaching safepoint: 9401 ns, Cleanup: 9800 ns, At safepoint: 2401 ns, Total: 21602 ns
[957.976s][info ][safepoint      ] Safepoint "Cleanup", Time since last: 1000111953 ns, Reaching safepoint: 7900 ns, Cleanup: 44604 ns, At safepoint: 2400 ns, Total: 54904 ns
[958.976s][info ][safepoint      ] Safepoint "Cleanup", Time since last: 1000117454 ns, Reaching safepoint: 7100 ns, Cleanup: 24902 ns, At safepoint: 6301 ns, Total: 38303 ns
[962.423s][info ][safepoint      ] Safepoint "Cleanup", Time since last: 3446218435 ns, Reaching safepoint: 78806 ns, Cleanup: 11301 ns, At safepoint: 6300 ns, Total: 96407 ns
[964.423s][info ][safepoint      ] Safepoint "Cleanup", Time since last: 2000190053 ns, Reaching safepoint: 81007 ns, Cleanup: 6201 ns, At safepoint: 6200 ns, Total: 93408 ns
[967.423s][info ][safepoint      ] Safepoint "Cleanup", Time since last: 3000272481 ns, Reaching safepoint: 79606 ns, Cleanup: 21202 ns, At safepoint: 6100 ns, Total: 106908 ns
[968.423s][info ][safepoint      ] Safepoint "Cleanup", Time since last: 1000118382 ns, Reaching safepoint: 7800 ns, Cleanup: 16502 ns, At safepoint: 2500 ns, Total: 26802 ns
[970.424s][info ][safepoint      ] Safepoint "Cleanup", Time since last: 2000198866 ns, Reaching safepoint: 78707 ns, Cleanup: 14501 ns, At safepoint: 5701 ns, Total: 98909 ns
[973.424s][info ][safepoint      ] Safepoint "Cleanup", Time since last: 3000221033 ns, Reaching safepoint: 7401 ns, Cleanup: 9901 ns, At safepoint: 2100 ns, Total: 19402 ns
[974.424s][info ][safepoint      ] Safepoint "Cleanup", Time since last: 1000115101 ns, Reaching safepoint: 9301 ns, Cleanup: 15501 ns, At safepoint: 6801 ns, Total: 31603 ns
[975.424s][info ][safepoint      ] Safepoint "Cleanup", Time since last: 1000119101 ns, Reaching safepoint: 7601 ns, Cleanup: 13401 ns, At safepoint: 2400 ns, Total: 23402 ns
[977.425s][info ][safepoint      ] Safepoint "Cleanup", Time since last: 2000194600 ns, Reaching safepoint: 7300 ns, Cleanup: 13101 ns, At safepoint: 2100 ns, Total: 22501 ns
[978.425s][info ][safepoint      ] Safepoint "Cleanup", Time since last: 1000118702 ns, Reaching safepoint: 8000 ns, Cleanup: 9701 ns, At safepoint: 2300 ns, Total: 20001 ns
[979.425s][info ][safepoint      ] Safepoint "Cleanup", Time since last: 1000112901 ns, Reaching safepoint: 6901 ns, Cleanup: 8601 ns, At safepoint: 2600 ns, Total: 18102 ns
[981.425s][info ][safepoint      ] Safepoint "Cleanup", Time since last: 2000191118 ns, Reaching safepoint: 8100 ns, Cleanup: 10901 ns, At safepoint: 6100 ns, Total: 25101 ns
[982.425s][info ][safepoint      ] Safepoint "Cleanup", Time since last: 1000119327 ns, Reaching safepoint: 6300 ns, Cleanup: 79805 ns, At safepoint: 2901 ns, Total: 89006 ns
[983.425s][info ][safepoint      ] Safepoint "Cleanup", Time since last: 1000109325 ns, Reaching safepoint: 6701 ns, Cleanup: 20601 ns, At safepoint: 2500 ns, Total: 29802 ns
[984.425s][info ][safepoint      ] Safepoint "Cleanup", Time since last: 1000111026 ns, Reaching safepoint: 7400 ns, Cleanup: 18402 ns, At safepoint: 2100 ns, Total: 27902 ns
[985.426s][info ][safepoint      ] Safepoint "Cleanup", Time since last: 1000121581 ns, Reaching safepoint: 6701 ns, Cleanup: 22202 ns, At safepoint: 8500 ns, Total: 37403 ns
[986.371s][info ][gc,start       ] GC(47) Pause Young (Allocation Failure)
[986.406s][debug][gc,phases      ] GC(47) Scavenge 34.787ms
[986.406s][debug][gc,ref         ] GC(47) ReferenceProcessor::execute queues: 1, RefProcThreadModel::Single, marks_oops_alive: false
[986.406s][debug][gc,ref         ] GC(47) Skipped KeepAliveFinalRefsPhase of Reference Processing: no references
[986.406s][debug][gc,ref         ] GC(47) ReferenceProcessor::execute queues: 1, RefProcThreadModel::Single, marks_oops_alive: false
[986.406s][debug][gc,phases      ] GC(47) Reference Processing 0.169ms
[986.407s][debug][gc,phases      ] GC(47)   VM Weak                        Min:  0.0, Avg:  0.0, Max:  0.0, Diff:  0.0, Sum:  0.0, Workers: 4
[986.407s][debug][gc,phases      ] GC(47)     Dead                           Min: 0, Avg:  0.0, Max: 0, Diff: 0, Sum: 0, Workers: 4
[986.407s][debug][gc,phases      ] GC(47)     Total                          Min: 0, Avg: 253.2, Max: 896, Diff: 896, Sum: 1013, Workers: 4
[986.407s][debug][gc,phases      ] GC(47)   ObjectSynchronizer Weak        Min:  0.0, Avg:  0.0, Max:  0.0, Diff:  0.0, Sum:  0.0, Workers: 4
[986.407s][debug][gc,phases      ] GC(47)     Dead                           Min: 0, Avg:  0.0, Max: 0, Diff: 0, Sum: 0, Workers: 4
[986.407s][debug][gc,phases      ] GC(47)     Total                          Min: 0, Avg:  1.0, Max: 4, Diff: 4, Sum: 4, Workers: 4
[986.407s][debug][gc,phases      ] GC(47)   JVMTI Tag Weak OopStorage      Min:  0.0, Avg:  0.0, Max:  0.0, Diff:  0.0, Sum:  0.0, Workers: 4
[986.407s][debug][gc,phases      ] GC(47)     Dead                           Min: 0, Avg:  0.0, Max: 0, Diff: 0, Sum: 0, Workers: 4
[986.407s][debug][gc,phases      ] GC(47)     Total                          Min: 0, Avg:  0.0, Max: 0, Diff: 0, Sum: 0, Workers: 4
[986.407s][debug][gc,phases      ] GC(47)   StringTable Weak               Min:  0.1, Avg:  0.1, Max:  0.1, Diff:  0.0, Sum:  0.5, Workers: 4
[986.407s][debug][gc,phases      ] GC(47)     Dead                           Min: 0, Avg:  0.2, Max: 1, Diff: 1, Sum: 1, Workers: 4
[986.407s][debug][gc,phases      ] GC(47)     Total                          Min: 11520, Avg: 12084.2, Max: 12544, Diff: 1024, Sum: 48337, Workers: 4
[986.407s][debug][gc,phases      ] GC(47)   ResolvedMethodTable Weak       Min:  0.0, Avg:  0.0, Max:  0.0, Diff:  0.0, Sum:  0.2, Workers: 4
[986.407s][debug][gc,phases      ] GC(47)     Dead                           Min: 2, Avg:  4.5, Max: 9, Diff: 7, Sum: 18, Workers: 4
[986.407s][debug][gc,phases      ] GC(47)     Total                          Min: 2127, Avg: 3387.8, Max: 3920, Diff: 1793, Sum: 13551, Workers: 4
[986.407s][debug][gc,phases      ] GC(47)   JNI Weak                       Min:  0.0, Avg:  0.0, Max:  0.0, Diff:  0.0, Sum:  0.0, Workers: 4
[986.407s][debug][gc,phases      ] GC(47)     Dead                           Min: 0, Avg:  0.0, Max: 0, Diff: 0, Sum: 0, Workers: 4
[986.407s][debug][gc,phases      ] GC(47)     Total                          Min: 0, Avg: 12.0, Max: 48, Diff: 48, Sum: 48, Workers: 4
[986.407s][debug][gc,phases      ] GC(47)   StringDedup Table Weak         Min:  0.0, Avg:  0.0, Max:  0.0, Diff:  0.0, Sum:  0.0, Workers: 4
[986.407s][debug][gc,phases      ] GC(47)     Dead                           Min: 0, Avg:  0.0, Max: 0, Diff: 0, Sum: 0, Workers: 4
[986.407s][debug][gc,phases      ] GC(47)     Total                          Min: 0, Avg:  0.0, Max: 0, Diff: 0, Sum: 0, Workers: 4
[986.407s][debug][gc,phases      ] GC(47)   StringDedup Requests0 Weak     Min:  0.0, Avg:  0.0, Max:  0.0, Diff:  0.0, Sum:  0.0, Workers: 4
[986.407s][debug][gc,phases      ] GC(47)     Dead                           Min: 0, Avg:  0.0, Max: 0, Diff: 0, Sum: 0, Workers: 4
[986.407s][debug][gc,phases      ] GC(47)     Total                          Min: 0, Avg:  0.0, Max: 0, Diff: 0, Sum: 0, Workers: 4
[986.407s][debug][gc,phases      ] GC(47)   StringDedup Requests1 Weak     Min:  0.0, Avg:  0.0, Max:  0.0, Diff:  0.0, Sum:  0.0, Workers: 4
[986.407s][debug][gc,phases      ] GC(47)     Dead                           Min: 0, Avg:  0.0, Max: 0, Diff: 0, Sum: 0, Workers: 4
[986.407s][debug][gc,phases      ] GC(47)     Total                          Min: 0, Avg:  0.0, Max: 0, Diff: 0, Sum: 0, Workers: 4
[986.407s][debug][gc,phases      ] GC(47)   Weak JFR Old Object Samples    Min:  0.0, Avg:  0.0, Max:  0.0, Diff:  0.0, Sum:  0.0, Workers: 4
[986.407s][debug][gc,phases      ] GC(47)     Dead                           Min: 0, Avg:  0.0, Max: 0, Diff: 0, Sum: 0, Workers: 4
[986.407s][debug][gc,phases      ] GC(47)     Total                          Min: 0, Avg:  0.0, Max: 0, Diff: 0, Sum: 0, Workers: 4
[986.407s][debug][gc,phases      ] GC(47) Weak Processing 0.432ms
[986.407s][debug][gc,age         ] GC(47) Desired survivor size 262668288 bytes, new threshold 15 (max threshold 15)
[986.407s][info ][gc,heap        ] GC(47) PSYoungGen: 1732987K(1841152K)->137115K(1741824K) Eden: 1604608K(1604608K)->0K(1604608K) From: 128379K(236544K)->137115K(137216K)
[986.407s][info ][gc,heap        ] GC(47) ParOldGen: 256249K(382976K)->256281K(382976K)
[986.407s][info ][gc,metaspace   ] GC(47) Metaspace: 95661K(96960K)->95661K(96960K) NonClass: 81556K(82304K)->81556K(82304K) Class: 14104K(14656K)->14104K(14656K)
[986.407s][info ][gc             ] GC(47) Pause Young (Allocation Failure) 1942M->384M(2075M) 35.541ms
[986.407s][info ][gc,cpu         ] GC(47) User=0.14s Sys=0.00s Real=0.03s
[986.407s][info ][safepoint      ] Safepoint "ParallelGCFailedAllocation", Time since last: 945496405 ns, Reaching safepoint: 52004 ns, Cleanup: 33403 ns, At safepoint: 35633883 ns, Total: 35719290 ns
[987.407s][info ][safepoint      ] Safepoint "Cleanup", Time since last: 1000091323 ns, Reaching safepoint: 6600 ns, Cleanup: 9401 ns, At safepoint: 2300 ns, Total: 18301 ns
[988.407s][info ][safepoint      ] Safepoint "Cleanup", Time since last: 1000084822 ns, Reaching safepoint: 9601 ns, Cleanup: 8000 ns, At safepoint: 7001 ns, Total: 24602 ns
[989.407s][info ][safepoint      ] Safepoint "Cleanup", Time since last: 1000116177 ns, Reaching safepoint: 6701 ns, Cleanup: 9001 ns, At safepoint: 4800 ns, Total: 20502 ns
[990.407s][info ][safepoint      ] Safepoint "Cleanup", Time since last: 1000100088 ns, Reaching safepoint: 7301 ns, Cleanup: 8601 ns, At safepoint: 2200 ns, Total: 18102 ns
[991.407s][info ][safepoint      ] Safepoint "Cleanup", Time since last: 1000131891 ns, Reaching safepoint: 6600 ns, Cleanup: 9401 ns, At safepoint: 1900 ns, Total: 17901 ns
[992.408s][info ][safepoint      ] Safepoint "Cleanup", Time since last: 1000115590 ns, Reaching safepoint: 7500 ns, Cleanup: 11701 ns, At safepoint: 2100 ns, Total: 21301 ns
[994.408s][info ][safepoint      ] Safepoint "Cleanup", Time since last: 2000183076 ns, Reaching safepoint: 6900 ns, Cleanup: 10601 ns, At safepoint: 2900 ns, Total: 20401 ns
[995.408s][info ][safepoint      ] Safepoint "Cleanup", Time since last: 1000119090 ns, Reaching safepoint: 6901 ns, Cleanup: 11600 ns, At safepoint: 2101 ns, Total: 20602 ns
[996.408s][info ][safepoint      ] Safepoint "Cleanup", Time since last: 1000121190 ns, Reaching safepoint: 7000 ns, Cleanup: 8701 ns, At safepoint: 2200 ns, Total: 17901 ns
[998.408s][info ][safepoint      ] Safepoint "Cleanup", Time since last: 2000167170 ns, Reaching safepoint: 6901 ns, Cleanup: 6800 ns, At safepoint: 2201 ns, Total: 15902 ns
[1001.409s][info ][safepoint      ] Safepoint "Cleanup", Time since last: 3000210789 ns, Reaching safepoint: 7401 ns, Cleanup: 13801 ns, At safepoint: 2100 ns, Total: 23302 ns
[1002.409s][info ][safepoint      ] Safepoint "Cleanup", Time since last: 1000110899 ns, Reaching safepoint: 7001 ns, Cleanup: 9401 ns, At safepoint: 2300 ns, Total: 18702 ns
[1003.409s][info ][safepoint      ] Safepoint "Cleanup", Time since last: 1000117169 ns, Reaching safepoint: 7100 ns, Cleanup: 10401 ns, At safepoint: 2200 ns, Total: 19701 ns
[1006.409s][info ][safepoint      ] Safepoint "Cleanup", Time since last: 3000262304 ns, Reaching safepoint: 8701 ns, Cleanup: 7901 ns, At safepoint: 2400 ns, Total: 19002 ns
[1007.409s][info ][safepoint      ] Safepoint "Cleanup", Time since last: 1000113747 ns, Reaching safepoint: 9001 ns, Cleanup: 11100 ns, At safepoint: 2901 ns, Total: 23002 ns
[1008.409s][info ][safepoint      ] Safepoint "Cleanup", Time since last: 1000116447 ns, Reaching safepoint: 6701 ns, Cleanup: 8700 ns, At safepoint: 2500 ns, Total: 17901 ns
[1010.410s][info ][safepoint      ] Safepoint "Cleanup", Time since last: 2000209493 ns, Reaching safepoint: 6501 ns, Cleanup: 9901 ns, At safepoint: 2500 ns, Total: 18902 ns
[1011.410s][info ][safepoint      ] Safepoint "Cleanup", Time since last: 1000122848 ns, Reaching safepoint: 7300 ns, Cleanup: 9501 ns, At safepoint: 2900 ns, Total: 19701 ns
[1012.410s][info ][safepoint      ] Safepoint "Cleanup", Time since last: 1000112847 ns, Reaching safepoint: 7101 ns, Cleanup: 38503 ns, At safepoint: 2500 ns, Total: 48104 ns
[1013.410s][info ][safepoint      ] Safepoint "Cleanup", Time since last: 1000118510 ns, Reaching safepoint: 6501 ns, Cleanup: 6000 ns, At safepoint: 2400 ns, Total: 14901 ns
[1014.410s][info ][safepoint      ] Safepoint "Cleanup", Time since last: 1000112176 ns, Reaching safepoint: 7701 ns, Cleanup: 11801 ns, At safepoint: 2600 ns, Total: 22102 ns
[1015.410s][info ][safepoint      ] Safepoint "Cleanup", Time since last: 1000116176 ns, Reaching safepoint: 8900 ns, Cleanup: 35803 ns, At safepoint: 2700 ns, Total: 47403 ns
[1016.410s][info ][safepoint      ] Safepoint "Cleanup", Time since last: 1000132677 ns, Reaching safepoint: 8601 ns, Cleanup: 14101 ns, At safepoint: 2500 ns, Total: 25202 ns
[1017.411s][info ][safepoint      ] Safepoint "Cleanup", Time since last: 1000132178 ns, Reaching safepoint: 7300 ns, Cleanup: 8801 ns, At safepoint: 2700 ns, Total: 18801 ns
[1018.411s][info ][safepoint      ] Safepoint "Cleanup", Time since last: 1000113776 ns, Reaching safepoint: 6800 ns, Cleanup: 28402 ns, At safepoint: 7801 ns, Total: 43003 ns
[1019.411s][info ][safepoint      ] Safepoint "Cleanup", Time since last: 1000120276 ns, Reaching safepoint: 6201 ns, Cleanup: 24402 ns, At safepoint: 2500 ns, Total: 33103 ns
[1020.411s][info ][safepoint      ] Safepoint "Cleanup", Time since last: 1000122476 ns, Reaching safepoint: 6501 ns, Cleanup: 23101 ns, At safepoint: 2301 ns, Total: 31903 ns
[1022.438s][info ][safepoint      ] Safepoint "Cleanup", Time since last: 2027239794 ns, Reaching safepoint: 7801 ns, Cleanup: 11301 ns, At safepoint: 2200 ns, Total: 21302 ns
[1023.439s][info ][safepoint      ] Safepoint "Cleanup", Time since last: 1000135854 ns, Reaching safepoint: 7800 ns, Cleanup: 27402 ns, At safepoint: 2300 ns, Total: 37502 ns
[1024.439s][info ][safepoint      ] Safepoint "Cleanup", Time since last: 1000082151 ns, Reaching safepoint: 7500 ns, Cleanup: 14201 ns, At safepoint: 28102 ns, Total: 49803 ns
[1025.439s][info ][safepoint      ] Safepoint "Cleanup", Time since last: 1000104452 ns, Reaching safepoint: 7800 ns, Cleanup: 9001 ns, At safepoint: 2100 ns, Total: 18901 ns
[1026.439s][info ][safepoint      ] Safepoint "Cleanup", Time since last: 1000119631 ns, Reaching safepoint: 7401 ns, Cleanup: 12001 ns, At safepoint: 2200 ns, Total: 21602 ns
[1027.439s][info ][safepoint      ] Safepoint "Cleanup", Time since last: 1000116119 ns, Reaching safepoint: 7401 ns, Cleanup: 13901 ns, At safepoint: 1800 ns, Total: 23102 ns
[1028.439s][info ][safepoint      ] Safepoint "Cleanup", Time since last: 1000110419 ns, Reaching safepoint: 7000 ns, Cleanup: 13801 ns, At safepoint: 2200 ns, Total: 23001 ns
[1030.439s][info ][safepoint      ] Safepoint "Cleanup", Time since last: 2000174278 ns, Reaching safepoint: 7101 ns, Cleanup: 6900 ns, At safepoint: 2401 ns, Total: 16402 ns
[1033.440s][info ][safepoint      ] Safepoint "Cleanup", Time since last: 3000246912 ns, Reaching safepoint: 7401 ns, Cleanup: 5200 ns, At safepoint: 2500 ns, Total: 15101 ns
[1035.440s][info ][safepoint      ] Safepoint "Cleanup", Time since last: 2000179810 ns, Reaching safepoint: 6900 ns, Cleanup: 9701 ns, At safepoint: 5100 ns, Total: 21701 ns
[1038.440s][info ][safepoint      ] Safepoint "Cleanup", Time since last: 3000254720 ns, Reaching safepoint: 7100 ns, Cleanup: 13601 ns, At safepoint: 2700 ns, Total: 23401 ns
[1039.440s][info ][safepoint      ] Safepoint "Cleanup", Time since last: 1000111720 ns, Reaching safepoint: 6600 ns, Cleanup: 14701 ns, At safepoint: 3000 ns, Total: 24301 ns
[1043.441s][info ][safepoint      ] Safepoint "Cleanup", Time since last: 4000306378 ns, Reaching safepoint: 6901 ns, Cleanup: 13801 ns, At safepoint: 2600 ns, Total: 23302 ns
[1044.441s][info ][safepoint      ] Safepoint "Cleanup", Time since last: 1000116451 ns, Reaching safepoint: 7901 ns, Cleanup: 10300 ns, At safepoint: 2601 ns, Total: 20802 ns
[1046.441s][info ][safepoint      ] Safepoint "Cleanup", Time since last: 2000181529 ns, Reaching safepoint: 8101 ns, Cleanup: 10600 ns, At safepoint: 2201 ns, Total: 20902 ns
[1050.441s][info ][safepoint      ] Safepoint "Cleanup", Time since last: 4000293273 ns, Reaching safepoint: 7200 ns, Cleanup: 17402 ns, At safepoint: 2700 ns, Total: 27302 ns
[1051.441s][info ][safepoint      ] Safepoint "Cleanup", Time since last: 1000116721 ns, Reaching safepoint: 6801 ns, Cleanup: 17701 ns, At safepoint: 7101 ns, Total: 31603 ns
[1052.442s][info ][safepoint      ] Safepoint "Cleanup", Time since last: 1000117321 ns, Reaching safepoint: 7201 ns, Cleanup: 14301 ns, At safepoint: 2800 ns, Total: 24302 ns
[1053.442s][info ][safepoint      ] Safepoint "Cleanup", Time since last: 1000137088 ns, Reaching safepoint: 6900 ns, Cleanup: 13701 ns, At safepoint: 2500 ns, Total: 23101 ns
[1058.442s][info ][safepoint      ] Safepoint "Cleanup", Time since last: 5000343274 ns, Reaching safepoint: 7000 ns, Cleanup: 10501 ns, At safepoint: 2700 ns, Total: 20201 ns
[1059.442s][info ][safepoint      ] Safepoint "Cleanup", Time since last: 1000113118 ns, Reaching safepoint: 6201 ns, Cleanup: 11001 ns, At safepoint: 2500 ns, Total: 19702 ns
[1059.501s][info ][gc,start       ] GC(48) Pause Young (Allocation Failure)
[1059.541s][debug][gc,phases      ] GC(48) Scavenge 39.482ms
[1059.541s][debug][gc,ref         ] GC(48) ReferenceProcessor::execute queues: 1, RefProcThreadModel::Single, marks_oops_alive: false
[1059.541s][debug][gc,ref         ] GC(48) Skipped KeepAliveFinalRefsPhase of Reference Processing: no references
[1059.541s][debug][gc,ref         ] GC(48) ReferenceProcessor::execute queues: 1, RefProcThreadModel::Single, marks_oops_alive: false
[1059.541s][debug][gc,phases      ] GC(48) Reference Processing 0.156ms
[1059.541s][debug][gc,phases      ] GC(48)   VM Weak                        Min:  0.0, Avg:  0.0, Max:  0.0, Diff:  0.0, Sum:  0.0, Workers: 4
[1059.541s][debug][gc,phases      ] GC(48)     Dead                           Min: 0, Avg:  0.0, Max: 0, Diff: 0, Sum: 0, Workers: 4
[1059.541s][debug][gc,phases      ] GC(48)     Total                          Min: 0, Avg: 254.2, Max: 512, Diff: 512, Sum: 1017, Workers: 4
[1059.541s][debug][gc,phases      ] GC(48)   ObjectSynchronizer Weak        Min:  0.0, Avg:  0.0, Max:  0.0, Diff:  0.0, Sum:  0.0, Workers: 4
[1059.541s][debug][gc,phases      ] GC(48)     Dead                           Min: 0, Avg:  0.0, Max: 0, Diff: 0, Sum: 0, Workers: 4
[1059.541s][debug][gc,phases      ] GC(48)     Total                          Min: 0, Avg:  1.0, Max: 4, Diff: 4, Sum: 4, Workers: 4
[1059.541s][debug][gc,phases      ] GC(48)   JVMTI Tag Weak OopStorage      Min:  0.0, Avg:  0.0, Max:  0.0, Diff:  0.0, Sum:  0.0, Workers: 4
[1059.541s][debug][gc,phases      ] GC(48)     Dead                           Min: 0, Avg:  0.0, Max: 0, Diff: 0, Sum: 0, Workers: 4
[1059.541s][debug][gc,phases      ] GC(48)     Total                          Min: 0, Avg:  0.0, Max: 0, Diff: 0, Sum: 0, Workers: 4
[1059.541s][debug][gc,phases      ] GC(48)   StringTable Weak               Min:  0.0, Avg:  0.1, Max:  0.2, Diff:  0.1, Sum:  0.5, Workers: 4
[1059.541s][debug][gc,phases      ] GC(48)     Dead                           Min: 0, Avg:  0.2, Max: 1, Diff: 1, Sum: 1, Workers: 4
[1059.541s][debug][gc,phases      ] GC(48)     Total                          Min: 3967, Avg: 12089.5, Max: 15271, Diff: 11304, Sum: 48358, Workers: 4
[1059.541s][debug][gc,phases      ] GC(48)   ResolvedMethodTable Weak       Min:  0.0, Avg:  0.0, Max:  0.0, Diff:  0.0, Sum:  0.2, Workers: 4
[1059.541s][debug][gc,phases      ] GC(48)     Dead                           Min: 0, Avg:  0.8, Max: 1, Diff: 1, Sum: 3, Workers: 4
[1059.541s][debug][gc,phases      ] GC(48)     Total                          Min: 3239, Avg: 3396.2, Max: 3634, Diff: 395, Sum: 13585, Workers: 4
[1059.541s][debug][gc,phases      ] GC(48)   JNI Weak                       Min:  0.0, Avg:  0.0, Max:  0.0, Diff:  0.0, Sum:  0.0, Workers: 4
[1059.541s][debug][gc,phases      ] GC(48)     Dead                           Min: 0, Avg:  0.0, Max: 0, Diff: 0, Sum: 0, Workers: 4
[1059.541s][debug][gc,phases      ] GC(48)     Total                          Min: 0, Avg: 12.0, Max: 48, Diff: 48, Sum: 48, Workers: 4
[1059.541s][debug][gc,phases      ] GC(48)   StringDedup Table Weak         Min:  0.0, Avg:  0.0, Max:  0.0, Diff:  0.0, Sum:  0.0, Workers: 4
[1059.541s][debug][gc,phases      ] GC(48)     Dead                           Min: 0, Avg:  0.0, Max: 0, Diff: 0, Sum: 0, Workers: 4
[1059.541s][debug][gc,phases      ] GC(48)     Total                          Min: 0, Avg:  0.0, Max: 0, Diff: 0, Sum: 0, Workers: 4
[1059.541s][debug][gc,phases      ] GC(48)   StringDedup Requests0 Weak     Min:  0.0, Avg:  0.0, Max:  0.0, Diff:  0.0, Sum:  0.0, Workers: 4
[1059.541s][debug][gc,phases      ] GC(48)     Dead                           Min: 0, Avg:  0.0, Max: 0, Diff: 0, Sum: 0, Workers: 4
[1059.541s][debug][gc,phases      ] GC(48)     Total                          Min: 0, Avg:  0.0, Max: 0, Diff: 0, Sum: 0, Workers: 4
[1059.541s][debug][gc,phases      ] GC(48)   StringDedup Requests1 Weak     Min:  0.0, Avg:  0.0, Max:  0.0, Diff:  0.0, Sum:  0.0, Workers: 4
[1059.541s][debug][gc,phases      ] GC(48)     Dead                           Min: 0, Avg:  0.0, Max: 0, Diff: 0, Sum: 0, Workers: 4
[1059.541s][debug][gc,phases      ] GC(48)     Total                          Min: 0, Avg:  0.0, Max: 0, Diff: 0, Sum: 0, Workers: 4
[1059.541s][debug][gc,phases      ] GC(48)   Weak JFR Old Object Samples    Min:  0.0, Avg:  0.0, Max:  0.0, Diff:  0.0, Sum:  0.0, Workers: 4
[1059.541s][debug][gc,phases      ] GC(48)     Dead                           Min: 0, Avg:  0.0, Max: 0, Diff: 0, Sum: 0, Workers: 4
[1059.541s][debug][gc,phases      ] GC(48)     Total                          Min: 0, Avg:  0.0, Max: 0, Diff: 0, Sum: 0, Workers: 4
[1059.541s][debug][gc,phases      ] GC(48) Weak Processing 0.464ms
[1059.541s][debug][gc,age         ] GC(48) Desired survivor size 271056896 bytes, new threshold 15 (max threshold 15)
[1059.541s][info ][gc,heap        ] GC(48) PSYoungGen: 1741723K(1741824K)->140027K(1824256K) Eden: 1604608K(1604608K)->0K(1567744K) From: 137115K(137216K)->140027K(256512K)
[1059.541s][info ][gc,heap        ] GC(48) ParOldGen: 256281K(382976K)->256465K(382976K)
[1059.541s][info ][gc,metaspace   ] GC(48) Metaspace: 95799K(97088K)->95799K(97088K) NonClass: 81683K(82432K)->81683K(82432K) Class: 14115K(14656K)->14115K(14656K)
[1059.541s][info ][gc             ] GC(48) Pause Young (Allocation Failure) 1951M->387M(2155M) 40.246ms
[1059.541s][info ][gc,cpu         ] GC(48) User=0.15s Sys=0.00s Real=0.04s
[1059.541s][info ][safepoint      ] Safepoint "ParallelGCFailedAllocation", Time since last: 58912407 ns, Reaching safepoint: 5900 ns, Cleanup: 3301 ns, At safepoint: 40332548 ns, Total: 40341749 ns
[1064.542s][info ][safepoint      ] Safepoint "Cleanup", Time since last: 5000369426 ns, Reaching safepoint: 38802 ns, Cleanup: 9401 ns, At safepoint: 6500 ns, Total: 54703 ns
[1069.542s][info ][safepoint      ] Safepoint "Cleanup", Time since last: 5000390691 ns, Reaching safepoint: 7200 ns, Cleanup: 12301 ns, At safepoint: 2500 ns, Total: 22001 ns
[1070.542s][info ][safepoint      ] Safepoint "Cleanup", Time since last: 1000131857 ns, Reaching safepoint: 8301 ns, Cleanup: 7100 ns, At safepoint: 2500 ns, Total: 17901 ns
[1071.543s][info ][safepoint      ] Safepoint "Cleanup", Time since last: 1000114256 ns, Reaching safepoint: 6801 ns, Cleanup: 15501 ns, At safepoint: 2200 ns, Total: 24502 ns
[1074.543s][info ][safepoint      ] Safepoint "Cleanup", Time since last: 3000249761 ns, Reaching safepoint: 6900 ns, Cleanup: 10101 ns, At safepoint: 2300 ns, Total: 19301 ns
[1077.543s][info ][safepoint      ] Safepoint "Cleanup", Time since last: 3000252905 ns, Reaching safepoint: 7400 ns, Cleanup: 14301 ns, At safepoint: 2301 ns, Total: 24002 ns
[1080.454s][info ][safepoint      ] Safepoint "Cleanup", Time since last: 2910696636 ns, Reaching safepoint: 3701 ns, Cleanup: 13000 ns, At safepoint: 5601 ns, Total: 22302 ns
[1081.454s][info ][safepoint      ] Safepoint "Cleanup", Time since last: 1000165193 ns, Reaching safepoint: 7200 ns, Cleanup: 15702 ns, At safepoint: 2300 ns, Total: 25202 ns
[1082.454s][info ][safepoint      ] Safepoint "Cleanup", Time since last: 1000112689 ns, Reaching safepoint: 7001 ns, Cleanup: 10601 ns, At safepoint: 2400 ns, Total: 20002 ns
[1083.454s][info ][safepoint      ] Safepoint "Cleanup", Time since last: 1000113468 ns, Reaching safepoint: 6600 ns, Cleanup: 9601 ns, At safepoint: 2400 ns, Total: 18601 ns
[1084.454s][info ][safepoint      ] Safepoint "Cleanup", Time since last: 1000114392 ns, Reaching safepoint: 7301 ns, Cleanup: 9700 ns, At safepoint: 2101 ns, Total: 19102 ns
[1085.455s][info ][safepoint      ] Safepoint "Cleanup", Time since last: 1000129261 ns, Reaching safepoint: 17201 ns, Cleanup: 10601 ns, At safepoint: 4400 ns, Total: 32202 ns
[1086.455s][info ][safepoint      ] Safepoint "Cleanup", Time since last: 1000114954 ns, Reaching safepoint: 7201 ns, Cleanup: 10101 ns, At safepoint: 2100 ns, Total: 19402 ns
[1088.455s][info ][safepoint      ] Safepoint "Cleanup", Time since last: 2000186405 ns, Reaching safepoint: 7401 ns, Cleanup: 9701 ns, At safepoint: 3000 ns, Total: 20102 ns
[1089.455s][info ][safepoint      ] Safepoint "Cleanup", Time since last: 1000116954 ns, Reaching safepoint: 7601 ns, Cleanup: 11601 ns, At safepoint: 2400 ns, Total: 21602 ns
[1090.455s][info ][safepoint      ] Safepoint "Cleanup", Time since last: 1000112054 ns, Reaching safepoint: 7301 ns, Cleanup: 9800 ns, At safepoint: 2501 ns, Total: 19602 ns
[1092.455s][info ][safepoint      ] Safepoint "Cleanup", Time since last: 2000189205 ns, Reaching safepoint: 8101 ns, Cleanup: 9501 ns, At safepoint: 2700 ns, Total: 20302 ns
[1094.456s][info ][safepoint      ] Safepoint "Cleanup", Time since last: 2000190754 ns, Reaching safepoint: 6400 ns, Cleanup: 9401 ns, At safepoint: 2100 ns, Total: 17901 ns
[1096.456s][info ][safepoint      ] Safepoint "Cleanup", Time since last: 2000179691 ns, Reaching safepoint: 6601 ns, Cleanup: 8900 ns, At safepoint: 2100 ns, Total: 17601 ns
[1097.456s][info ][safepoint      ] Safepoint "Cleanup", Time since last: 1000115248 ns, Reaching safepoint: 7300 ns, Cleanup: 14902 ns, At safepoint: 2300 ns, Total: 24502 ns
[1098.456s][info ][safepoint      ] Safepoint "Cleanup", Time since last: 1000109247 ns, Reaching safepoint: 6500 ns, Cleanup: 10801 ns, At safepoint: 2100 ns, Total: 19401 ns
[1099.456s][info ][safepoint      ] Safepoint "Cleanup", Time since last: 1000116548 ns, Reaching safepoint: 6900 ns, Cleanup: 8801 ns, At safepoint: 2400 ns, Total: 18101 ns
[1103.457s][info ][safepoint      ] Safepoint "Cleanup", Time since last: 4000305630 ns, Reaching safepoint: 7401 ns, Cleanup: 10501 ns, At safepoint: 2100 ns, Total: 20002 ns
[1105.457s][info ][safepoint      ] Safepoint "Cleanup", Time since last: 2000189297 ns, Reaching safepoint: 6600 ns, Cleanup: 12901 ns, At safepoint: 2601 ns, Total: 22102 ns
[1107.457s][info ][safepoint      ] Safepoint "Cleanup", Time since last: 2000197797 ns, Reaching safepoint: 7101 ns, Cleanup: 13101 ns, At safepoint: 2600 ns, Total: 22802 ns
[1110.457s][info ][safepoint      ] Safepoint "Cleanup", Time since last: 3000214594 ns, Reaching safepoint: 7201 ns, Cleanup: 10501 ns, At safepoint: 2300 ns, Total: 20002 ns
[1112.457s][info ][safepoint      ] Safepoint "Cleanup", Time since last: 2000202114 ns, Reaching safepoint: 8401 ns, Cleanup: 10201 ns, At safepoint: 2500 ns, Total: 21102 ns
[1113.458s][info ][safepoint      ] Safepoint "Cleanup", Time since last: 1000110108 ns, Reaching safepoint: 7300 ns, Cleanup: 15801 ns, At safepoint: 2200 ns, Total: 25301 ns
[1114.458s][info ][safepoint      ] Safepoint "Cleanup", Time since last: 1000104508 ns, Reaching safepoint: 6700 ns, Cleanup: 16001 ns, At safepoint: 2001 ns, Total: 24702 ns
[1115.458s][info ][safepoint      ] Safepoint "Cleanup", Time since last: 1000114808 ns, Reaching safepoint: 6800 ns, Cleanup: 13001 ns, At safepoint: 2200 ns, Total: 22001 ns
[1117.458s][info ][safepoint      ] Safepoint "Cleanup", Time since last: 2000158390 ns, Reaching safepoint: 6501 ns, Cleanup: 8300 ns, At safepoint: 2600 ns, Total: 17401 ns
[1118.458s][info ][safepoint      ] Safepoint "Cleanup", Time since last: 1000105573 ns, Reaching safepoint: 78105 ns, Cleanup: 11101 ns, At safepoint: 6000 ns, Total: 95206 ns
[1119.458s][info ][safepoint      ] Safepoint "Cleanup", Time since last: 1000112573 ns, Reaching safepoint: 6900 ns, Cleanup: 9401 ns, At safepoint: 2300 ns, Total: 18601 ns
[1119.516s][info ][gc,start       ] GC(49) Pause Young (Allocation Failure)
[1119.554s][debug][gc,phases      ] GC(49) Scavenge 38.011ms
[1119.554s][debug][gc,ref         ] GC(49) ReferenceProcessor::execute queues: 1, RefProcThreadModel::Single, marks_oops_alive: false
[1119.554s][debug][gc,ref         ] GC(49) Skipped KeepAliveFinalRefsPhase of Reference Processing: no references
[1119.554s][debug][gc,ref         ] GC(49) ReferenceProcessor::execute queues: 1, RefProcThreadModel::Single, marks_oops_alive: false
[1119.554s][debug][gc,phases      ] GC(49) Reference Processing 0.180ms
[1119.554s][debug][gc,phases      ] GC(49)   VM Weak                        Min:  0.0, Avg:  0.0, Max:  0.0, Diff:  0.0, Sum:  0.0, Workers: 4
[1119.554s][debug][gc,phases      ] GC(49)     Dead                           Min: 0, Avg:  0.0, Max: 0, Diff: 0, Sum: 0, Workers: 4
[1119.554s][debug][gc,phases      ] GC(49)     Total                          Min: 0, Avg: 254.8, Max: 448, Diff: 448, Sum: 1019, Workers: 4
[1119.554s][debug][gc,phases      ] GC(49)   ObjectSynchronizer Weak        Min:  0.0, Avg:  0.0, Max:  0.0, Diff:  0.0, Sum:  0.0, Workers: 4
[1119.554s][debug][gc,phases      ] GC(49)     Dead                           Min: 0, Avg:  0.0, Max: 0, Diff: 0, Sum: 0, Workers: 4
[1119.554s][debug][gc,phases      ] GC(49)     Total                          Min: 0, Avg:  1.0, Max: 4, Diff: 4, Sum: 4, Workers: 4
[1119.555s][debug][gc,phases      ] GC(49)   JVMTI Tag Weak OopStorage      Min:  0.0, Avg:  0.0, Max:  0.0, Diff:  0.0, Sum:  0.0, Workers: 4
[1119.555s][debug][gc,phases      ] GC(49)     Dead                           Min: 0, Avg:  0.0, Max: 0, Diff: 0, Sum: 0, Workers: 4
[1119.555s][debug][gc,phases      ] GC(49)     Total                          Min: 0, Avg:  0.0, Max: 0, Diff: 0, Sum: 0, Workers: 4
[1119.555s][debug][gc,phases      ] GC(49)   StringTable Weak               Min:  0.0, Avg:  0.1, Max:  0.2, Diff:  0.2, Sum:  0.5, Workers: 4
[1119.555s][debug][gc,phases      ] GC(49)     Dead                           Min: 0, Avg:  0.2, Max: 1, Diff: 1, Sum: 1, Workers: 4
[1119.555s][debug][gc,phases      ] GC(49)     Total                          Min: 0, Avg: 12092.5, Max: 17983, Diff: 17983, Sum: 48370, Workers: 4
[1119.555s][debug][gc,phases      ] GC(49)   ResolvedMethodTable Weak       Min:  0.0, Avg:  0.0, Max:  0.1, Diff:  0.1, Sum:  0.2, Workers: 4
[1119.555s][debug][gc,phases      ] GC(49)     Dead                           Min: 0, Avg:  0.2, Max: 1, Diff: 1, Sum: 1, Workers: 4
[1119.555s][debug][gc,phases      ] GC(49)     Total                          Min: 0, Avg: 3400.0, Max: 5088, Diff: 5088, Sum: 13600, Workers: 4
[1119.555s][debug][gc,phases      ] GC(49)   JNI Weak                       Min:  0.0, Avg:  0.0, Max:  0.0, Diff:  0.0, Sum:  0.0, Workers: 4
[1119.555s][debug][gc,phases      ] GC(49)     Dead                           Min: 0, Avg:  0.0, Max: 0, Diff: 0, Sum: 0, Workers: 4
[1119.555s][debug][gc,phases      ] GC(49)     Total                          Min: 0, Avg: 12.0, Max: 48, Diff: 48, Sum: 48, Workers: 4
[1119.555s][debug][gc,phases      ] GC(49)   StringDedup Table Weak         Min:  0.0, Avg:  0.0, Max:  0.0, Diff:  0.0, Sum:  0.0, Workers: 4
[1119.555s][debug][gc,phases      ] GC(49)     Dead                           Min: 0, Avg:  0.0, Max: 0, Diff: 0, Sum: 0, Workers: 4
[1119.555s][debug][gc,phases      ] GC(49)     Total                          Min: 0, Avg:  0.0, Max: 0, Diff: 0, Sum: 0, Workers: 4
[1119.555s][debug][gc,phases      ] GC(49)   StringDedup Requests0 Weak     Min:  0.0, Avg:  0.0, Max:  0.0, Diff:  0.0, Sum:  0.0, Workers: 4
[1119.555s][debug][gc,phases      ] GC(49)     Dead                           Min: 0, Avg:  0.0, Max: 0, Diff: 0, Sum: 0, Workers: 4
[1119.555s][debug][gc,phases      ] GC(49)     Total                          Min: 0, Avg:  0.0, Max: 0, Diff: 0, Sum: 0, Workers: 4
[1119.555s][debug][gc,phases      ] GC(49)   StringDedup Requests1 Weak     Min:  0.0, Avg:  0.0, Max:  0.0, Diff:  0.0, Sum:  0.0, Workers: 4
[1119.555s][debug][gc,phases      ] GC(49)     Dead                           Min: 0, Avg:  0.0, Max: 0, Diff: 0, Sum: 0, Workers: 4
[1119.555s][debug][gc,phases      ] GC(49)     Total                          Min: 0, Avg:  0.0, Max: 0, Diff: 0, Sum: 0, Workers: 4
[1119.555s][debug][gc,phases      ] GC(49)   Weak JFR Old Object Samples    Min:  0.0, Avg:  0.0, Max:  0.0, Diff:  0.0, Sum:  0.0, Workers: 4
[1119.555s][debug][gc,phases      ] GC(49)     Dead                           Min: 0, Avg:  0.0, Max: 0, Diff: 0, Sum: 0, Workers: 4
[1119.555s][debug][gc,phases      ] GC(49)     Total                          Min: 0, Avg:  0.0, Max: 0, Diff: 0, Sum: 0, Workers: 4
[1119.555s][debug][gc,phases      ] GC(49) Weak Processing 0.472ms
[1119.555s][debug][gc,age         ] GC(49) Desired survivor size 278921216 bytes, new threshold 15 (max threshold 15)
[1119.555s][info ][gc,heap        ] GC(49) PSYoungGen: 1707771K(1824256K)->145835K(1713664K) Eden: 1567744K(1567744K)->0K(1567744K) From: 140027K(256512K)->145835K(145920K)
[1119.555s][info ][gc,heap        ] GC(49) ParOldGen: 256465K(382976K)->256553K(382976K)
[1119.555s][info ][gc,metaspace   ] GC(49) Metaspace: 95923K(97152K)->95923K(97152K) NonClass: 81800K(82496K)->81800K(82496K) Class: 14123K(14656K)->14123K(14656K)
[1119.555s][info ][gc             ] GC(49) Pause Young (Allocation Failure) 1918M->392M(2047M) 38.806ms
[1119.555s][info ][gc,cpu         ] GC(49) User=0.15s Sys=0.00s Real=0.03s
[1119.555s][info ][safepoint      ] Safepoint "ParallelGCFailedAllocation", Time since last: 57503982 ns, Reaching safepoint: 6700 ns, Cleanup: 3200 ns, At safepoint: 38896758 ns, Total: 38906658 ns
[1121.555s][info ][safepoint      ] Safepoint "Cleanup", Time since last: 2000157242 ns, Reaching safepoint: 6800 ns, Cleanup: 9401 ns, At safepoint: 2300 ns, Total: 18501 ns
[1123.555s][info ][safepoint      ] Safepoint "Cleanup", Time since last: 2000152538 ns, Reaching safepoint: 6801 ns, Cleanup: 9200 ns, At safepoint: 2201 ns, Total: 18202 ns
[1127.555s][info ][safepoint      ] Safepoint "Cleanup", Time since last: 4000284637 ns, Reaching safepoint: 8301 ns, Cleanup: 8301 ns, At safepoint: 2300 ns, Total: 18902 ns
[1128.556s][info ][safepoint      ] Safepoint "Cleanup", Time since last: 1000111904 ns, Reaching safepoint: 8201 ns, Cleanup: 6500 ns, At safepoint: 2100 ns, Total: 16801 ns
[1131.556s][info ][safepoint      ] Safepoint "Cleanup", Time since last: 3000173702 ns, Reaching safepoint: 7401 ns, Cleanup: 7401 ns, At safepoint: 2100 ns, Total: 16902 ns
[1132.556s][info ][safepoint      ] Safepoint "Cleanup", Time since last: 1000098103 ns, Reaching safepoint: 6301 ns, Cleanup: 13701 ns, At safepoint: 2100 ns, Total: 22102 ns
[1133.556s][info ][safepoint      ] Safepoint "Cleanup", Time since last: 1000113632 ns, Reaching safepoint: 6600 ns, Cleanup: 12801 ns, At safepoint: 2300 ns, Total: 21701 ns
[1134.556s][info ][safepoint      ] Safepoint "Cleanup", Time since last: 1000076697 ns, Reaching safepoint: 6400 ns, Cleanup: 10001 ns, At safepoint: 2400 ns, Total: 18801 ns
[1135.556s][info ][safepoint      ] Safepoint "Cleanup", Time since last: 1000105798 ns, Reaching safepoint: 5801 ns, Cleanup: 8100 ns, At safepoint: 2000 ns, Total: 15901 ns
[1136.556s][info ][safepoint      ] Safepoint "Cleanup", Time since last: 1000100598 ns, Reaching safepoint: 5601 ns, Cleanup: 8900 ns, At safepoint: 2000 ns, Total: 16501 ns
[1137.556s][info ][safepoint      ] Safepoint "Cleanup", Time since last: 1000104251 ns, Reaching safepoint: 5700 ns, Cleanup: 9601 ns, At safepoint: 2300 ns, Total: 17601 ns
[1138.557s][info ][safepoint      ] Safepoint "Cleanup", Time since last: 1000096634 ns, Reaching safepoint: 6101 ns, Cleanup: 37002 ns, At safepoint: 1901 ns, Total: 45004 ns
[1141.470s][info ][safepoint      ] Safepoint "Cleanup", Time since last: 2913617080 ns, Reaching safepoint: 82105 ns, Cleanup: 13901 ns, At safepoint: 6600 ns, Total: 102606 ns
[1142.471s][info ][safepoint      ] Safepoint "Cleanup", Time since last: 1000120662 ns, Reaching safepoint: 79105 ns, Cleanup: 22701 ns, At safepoint: 7901 ns, Total: 109707 ns
[1143.471s][info ][safepoint      ] Safepoint "Cleanup", Time since last: 1000122061 ns, Reaching safepoint: 81406 ns, Cleanup: 27602 ns, At safepoint: 8000 ns, Total: 117008 ns
[1144.471s][info ][safepoint      ] Safepoint "Cleanup", Time since last: 1000124062 ns, Reaching safepoint: 83205 ns, Cleanup: 36703 ns, At safepoint: 6100 ns, Total: 126008 ns
[1146.471s][info ][safepoint      ] Safepoint "Cleanup", Time since last: 2000236222 ns, Reaching safepoint: 82306 ns, Cleanup: 27001 ns, At safepoint: 6801 ns, Total: 116108 ns
[1147.472s][info ][safepoint      ] Safepoint "Cleanup", Time since last: 1000129062 ns, Reaching safepoint: 80105 ns, Cleanup: 25402 ns, At safepoint: 6800 ns, Total: 112307 ns
[1149.472s][info ][safepoint      ] Safepoint "Cleanup", Time since last: 2000192562 ns, Reaching safepoint: 79406 ns, Cleanup: 9900 ns, At safepoint: 6201 ns, Total: 95507 ns
[1150.472s][info ][safepoint      ] Safepoint "Cleanup", Time since last: 1000116518 ns, Reaching safepoint: 65305 ns, Cleanup: 11401 ns, At safepoint: 9000 ns, Total: 85706 ns
[1151.472s][info ][safepoint      ] Safepoint "Cleanup", Time since last: 1000121719 ns, Reaching safepoint: 79406 ns, Cleanup: 13701 ns, At safepoint: 8100 ns, Total: 101207 ns
[1152.473s][info ][safepoint      ] Safepoint "Cleanup", Time since last: 1000124019 ns, Reaching safepoint: 83206 ns, Cleanup: 13901 ns, At safepoint: 10501 ns, Total: 107608 ns
[1153.473s][info ][safepoint      ] Safepoint "Cleanup", Time since last: 1000122618 ns, Reaching safepoint: 79606 ns, Cleanup: 10001 ns, At safepoint: 5700 ns, Total: 95307 ns
[1155.473s][info ][safepoint      ] Safepoint "Cleanup", Time since last: 2000185234 ns, Reaching safepoint: 80605 ns, Cleanup: 11901 ns, At safepoint: 5600 ns, Total: 98106 ns
[1156.473s][info ][safepoint      ] Safepoint "Cleanup", Time since last: 1000122519 ns, Reaching safepoint: 77606 ns, Cleanup: 9000 ns, At safepoint: 6101 ns, Total: 92707 ns
[1157.473s][info ][safepoint      ] Safepoint "Cleanup", Time since last: 1000090112 ns, Reaching safepoint: 80505 ns, Cleanup: 10301 ns, At safepoint: 33902 ns, Total: 124708 ns
[1160.474s][info ][safepoint      ] Safepoint "Cleanup", Time since last: 3000258026 ns, Reaching safepoint: 77705 ns, Cleanup: 9200 ns, At safepoint: 6101 ns, Total: 93006 ns
[1167.475s][info ][safepoint      ] Safepoint "Cleanup", Time since last: 7000818484 ns, Reaching safepoint: 86006 ns, Cleanup: 20501 ns, At safepoint: 7201 ns, Total: 113708 ns
[1168.475s][info ][safepoint      ] Safepoint "Cleanup", Time since last: 1000132220 ns, Reaching safepoint: 21502 ns, Cleanup: 56404 ns, At safepoint: 6500 ns, Total: 84406 ns
[1169.475s][info ][safepoint      ] Safepoint "Cleanup", Time since last: 1000127120 ns, Reaching safepoint: 9601 ns, Cleanup: 11701 ns, At safepoint: 3500 ns, Total: 24802 ns
[1170.475s][info ][safepoint      ] Safepoint "Cleanup", Time since last: 1000119719 ns, Reaching safepoint: 7701 ns, Cleanup: 11101 ns, At safepoint: 2100 ns, Total: 20902 ns
[1171.475s][info ][safepoint      ] Safepoint "Cleanup", Time since last: 1000128420 ns, Reaching safepoint: 7201 ns, Cleanup: 16801 ns, At safepoint: 3000 ns, Total: 27002 ns
[1172.476s][info ][safepoint      ] Safepoint "Cleanup", Time since last: 1000119119 ns, Reaching safepoint: 7501 ns, Cleanup: 14101 ns, At safepoint: 2100 ns, Total: 23702 ns
[1173.476s][info ][safepoint      ] Safepoint "Cleanup", Time since last: 1000128858 ns, Reaching safepoint: 88106 ns, Cleanup: 9301 ns, At safepoint: 5800 ns, Total: 103207 ns
[1174.476s][info ][safepoint      ] Safepoint "Cleanup", Time since last: 1000111628 ns, Reaching safepoint: 8001 ns, Cleanup: 8100 ns, At safepoint: 2101 ns, Total: 18202 ns
[1175.476s][info ][safepoint      ] Safepoint "Cleanup", Time since last: 1000114228 ns, Reaching safepoint: 7901 ns, Cleanup: 12700 ns, At safepoint: 2001 ns, Total: 22602 ns
[1177.476s][info ][safepoint      ] Safepoint "Cleanup", Time since last: 2000176953 ns, Reaching safepoint: 7300 ns, Cleanup: 9901 ns, At safepoint: 2200 ns, Total: 19401 ns
[1178.476s][info ][safepoint      ] Safepoint "Cleanup", Time since last: 1000120529 ns, Reaching safepoint: 9901 ns, Cleanup: 8300 ns, At safepoint: 2701 ns, Total: 20902 ns
[1180.477s][info ][safepoint      ] Safepoint "Cleanup", Time since last: 2000182153 ns, Reaching safepoint: 7701 ns, Cleanup: 10101 ns, At safepoint: 2300 ns, Total: 20102 ns
[1181.531s][info ][gc,start       ] GC(50) Pause Young (Allocation Failure)
[1181.572s][debug][gc,phases      ] GC(50) Scavenge 41.269ms
[1181.572s][debug][gc,ref         ] GC(50) ReferenceProcessor::execute queues: 1, RefProcThreadModel::Single, marks_oops_alive: false
[1181.572s][debug][gc,ref         ] GC(50) Skipped KeepAliveFinalRefsPhase of Reference Processing: no references
[1181.572s][debug][gc,ref         ] GC(50) ReferenceProcessor::execute queues: 1, RefProcThreadModel::Single, marks_oops_alive: false
[1181.572s][debug][gc,phases      ] GC(50) Reference Processing 0.176ms
[1181.572s][debug][gc,phases      ] GC(50)   VM Weak                        Min:  0.0, Avg:  0.0, Max:  0.0, Diff:  0.0, Sum:  0.0, Workers: 4
[1181.572s][debug][gc,phases      ] GC(50)     Dead                           Min: 0, Avg:  0.0, Max: 0, Diff: 0, Sum: 0, Workers: 4
[1181.572s][debug][gc,phases      ] GC(50)     Total                          Min: 0, Avg: 256.0, Max: 704, Diff: 704, Sum: 1024, Workers: 4
[1181.572s][debug][gc,phases      ] GC(50)   ObjectSynchronizer Weak        Min:  0.0, Avg:  0.0, Max:  0.0, Diff:  0.0, Sum:  0.0, Workers: 4
[1181.572s][debug][gc,phases      ] GC(50)     Dead                           Min: 0, Avg:  0.0, Max: 0, Diff: 0, Sum: 0, Workers: 4
[1181.572s][debug][gc,phases      ] GC(50)     Total                          Min: 0, Avg:  1.0, Max: 4, Diff: 4, Sum: 4, Workers: 4
[1181.572s][debug][gc,phases      ] GC(50)   JVMTI Tag Weak OopStorage      Min:  0.0, Avg:  0.0, Max:  0.0, Diff:  0.0, Sum:  0.0, Workers: 4
[1181.572s][debug][gc,phases      ] GC(50)     Dead                           Min: 0, Avg:  0.0, Max: 0, Diff: 0, Sum: 0, Workers: 4
[1181.572s][debug][gc,phases      ] GC(50)     Total                          Min: 0, Avg:  0.0, Max: 0, Diff: 0, Sum: 0, Workers: 4
[1181.572s][debug][gc,phases      ] GC(50)   StringTable Weak               Min:  0.1, Avg:  0.1, Max:  0.1, Diff:  0.0, Sum:  0.5, Workers: 4
[1181.572s][debug][gc,phases      ] GC(50)     Dead                           Min: 0, Avg:  0.2, Max: 1, Diff: 1, Sum: 1, Workers: 4
[1181.572s][debug][gc,phases      ] GC(50)     Total                          Min: 9152, Avg: 12093.8, Max: 13887, Diff: 4735, Sum: 48375, Workers: 4
[1181.573s][debug][gc,phases      ] GC(50)   ResolvedMethodTable Weak       Min:  0.0, Avg:  0.1, Max:  0.1, Diff:  0.0, Sum:  0.2, Workers: 4
[1181.573s][debug][gc,phases      ] GC(50)     Dead                           Min: 0, Avg:  0.2, Max: 1, Diff: 1, Sum: 1, Workers: 4
[1181.573s][debug][gc,phases      ] GC(50)     Total                          Min: 3093, Avg: 3404.0, Max: 3836, Diff: 743, Sum: 13616, Workers: 4
[1181.573s][debug][gc,phases      ] GC(50)   JNI Weak                       Min:  0.0, Avg:  0.0, Max:  0.0, Diff:  0.0, Sum:  0.0, Workers: 4
[1181.573s][debug][gc,phases      ] GC(50)     Dead                           Min: 0, Avg:  0.0, Max: 0, Diff: 0, Sum: 0, Workers: 4
[1181.573s][debug][gc,phases      ] GC(50)     Total                          Min: 0, Avg: 12.0, Max: 48, Diff: 48, Sum: 48, Workers: 4
[1181.573s][debug][gc,phases      ] GC(50)   StringDedup Table Weak         Min:  0.0, Avg:  0.0, Max:  0.0, Diff:  0.0, Sum:  0.0, Workers: 4
[1181.573s][debug][gc,phases      ] GC(50)     Dead                           Min: 0, Avg:  0.0, Max: 0, Diff: 0, Sum: 0, Workers: 4
[1181.573s][debug][gc,phases      ] GC(50)     Total                          Min: 0, Avg:  0.0, Max: 0, Diff: 0, Sum: 0, Workers: 4
[1181.573s][debug][gc,phases      ] GC(50)   StringDedup Requests0 Weak     Min:  0.0, Avg:  0.0, Max:  0.0, Diff:  0.0, Sum:  0.0, Workers: 4
[1181.573s][debug][gc,phases      ] GC(50)     Dead                           Min: 0, Avg:  0.0, Max: 0, Diff: 0, Sum: 0, Workers: 4
[1181.573s][debug][gc,phases      ] GC(50)     Total                          Min: 0, Avg:  0.0, Max: 0, Diff: 0, Sum: 0, Workers: 4
[1181.573s][debug][gc,phases      ] GC(50)   StringDedup Requests1 Weak     Min:  0.0, Avg:  0.0, Max:  0.0, Diff:  0.0, Sum:  0.0, Workers: 4
[1181.573s][debug][gc,phases      ] GC(50)     Dead                           Min: 0, Avg:  0.0, Max: 0, Diff: 0, Sum: 0, Workers: 4
[1181.573s][debug][gc,phases      ] GC(50)     Total                          Min: 0, Avg:  0.0, Max: 0, Diff: 0, Sum: 0, Workers: 4
[1181.573s][debug][gc,phases      ] GC(50)   Weak JFR Old Object Samples    Min:  0.0, Avg:  0.0, Max:  0.0, Diff:  0.0, Sum:  0.0, Workers: 4
[1181.573s][debug][gc,phases      ] GC(50)     Dead                           Min: 0, Avg:  0.0, Max: 0, Diff: 0, Sum: 0, Workers: 4
[1181.573s][debug][gc,phases      ] GC(50)     Total                          Min: 0, Avg:  0.0, Max: 0, Diff: 0, Sum: 0, Workers: 4
[1181.573s][debug][gc,phases      ] GC(50) Weak Processing 0.473ms
[1181.573s][debug][gc,age         ] GC(50) Desired survivor size 284164096 bytes, new threshold 15 (max threshold 15)
[1181.573s][info ][gc,heap        ] GC(50) PSYoungGen: 1713579K(1713664K)->147483K(1814528K) Eden: 1567744K(1567744K)->0K(1542144K) From: 145835K(145920K)->147483K(272384K)
[1181.573s][info ][gc,heap        ] GC(50) ParOldGen: 256553K(382976K)->256585K(382976K)
[1181.573s][info ][gc,metaspace   ] GC(50) Metaspace: 96030K(97344K)->96030K(97344K) NonClass: 81902K(82624K)->81902K(82624K) Class: 14128K(14720K)->14128K(14720K)
[1181.573s][info ][gc             ] GC(50) Pause Young (Allocation Failure) 1923M->394M(2146M) 42.060ms
[1181.573s][info ][gc,cpu         ] GC(50) User=0.16s Sys=0.00s Real=0.04s
[1181.573s][info ][safepoint      ] Safepoint "ParallelGCFailedAllocation", Time since last: 1053971634 ns, Reaching safepoint: 7000 ns, Cleanup: 2800 ns, At safepoint: 42148775 ns, Total: 42158575 ns
[1182.678s][info ][safepoint      ] Safepoint "Cleanup", Time since last: 1104820357 ns, Reaching safepoint: 7600 ns, Cleanup: 35102 ns, At safepoint: 2500 ns, Total: 45202 ns
[1184.678s][info ][safepoint      ] Safepoint "Cleanup", Time since last: 2000137008 ns, Reaching safepoint: 10601 ns, Cleanup: 13600 ns, At safepoint: 2801 ns, Total: 27002 ns
[1186.678s][info ][safepoint      ] Safepoint "Cleanup", Time since last: 2000184874 ns, Reaching safepoint: 10701 ns, Cleanup: 11301 ns, At safepoint: 3600 ns, Total: 25602 ns
[1191.678s][info ][safepoint      ] Safepoint "Cleanup", Time since last: 5000378758 ns, Reaching safepoint: 8300 ns, Cleanup: 18402 ns, At safepoint: 5900 ns, Total: 32602 ns
[1192.679s][info ][safepoint      ] Safepoint "Cleanup", Time since last: 1000117348 ns, Reaching safepoint: 7301 ns, Cleanup: 14801 ns, At safepoint: 2600 ns, Total: 24702 ns
[1193.679s][info ][safepoint      ] Safepoint "Cleanup", Time since last: 1000125049 ns, Reaching safepoint: 7801 ns, Cleanup: 22501 ns, At safepoint: 2200 ns, Total: 32502 ns
[1194.679s][info ][safepoint      ] Safepoint "Cleanup", Time since last: 1000118449 ns, Reaching safepoint: 7600 ns, Cleanup: 12701 ns, At safepoint: 3000 ns, Total: 23301 ns
[1196.679s][info ][safepoint      ] Safepoint "Cleanup", Time since last: 2000177493 ns, Reaching safepoint: 7801 ns, Cleanup: 10801 ns, At safepoint: 2300 ns, Total: 20902 ns
[1197.679s][info ][safepoint      ] Safepoint "Cleanup", Time since last: 1000121417 ns, Reaching safepoint: 7900 ns, Cleanup: 10401 ns, At safepoint: 2400 ns, Total: 20701 ns
[1198.679s][info ][safepoint      ] Safepoint "Cleanup", Time since last: 1000122947 ns, Reaching safepoint: 7401 ns, Cleanup: 9500 ns, At safepoint: 1900 ns, Total: 18801 ns
[1201.486s][info ][safepoint      ] Safepoint "Cleanup", Time since last: 2807066353 ns, Reaching safepoint: 7600 ns, Cleanup: 11301 ns, At safepoint: 2500 ns, Total: 21401 ns
[1203.487s][info ][safepoint      ] Safepoint "Cleanup", Time since last: 2000159189 ns, Reaching safepoint: 7200 ns, Cleanup: 9701 ns, At safepoint: 2200 ns, Total: 19101 ns
[1204.487s][info ][safepoint      ] Safepoint "Cleanup", Time since last: 1000114321 ns, Reaching safepoint: 9801 ns, Cleanup: 11001 ns, At safepoint: 6000 ns, Total: 26802 ns
[1207.355s][info ][safepoint      ] Safepoint "Cleanup", Time since last: 2868403891 ns, Reaching safepoint: 78606 ns, Cleanup: 35302 ns, At safepoint: 11201 ns, Total: 125109 ns
[1207.922s][info ][safepoint      ] Safepoint "ICBufferFull", Time since last: 566733286 ns, Reaching safepoint: 92506 ns, Cleanup: 115308 ns, At safepoint: 17301 ns, Total: 225115 ns
[1208.143s][info ][safepoint      ] Safepoint "ICBufferFull", Time since last: 220983967 ns, Reaching safepoint: 78506 ns, Cleanup: 113307 ns, At safepoint: 8901 ns, Total: 200714 ns
[1209.144s][info ][safepoint      ] Safepoint "Cleanup", Time since last: 1000108539 ns, Reaching safepoint: 7000 ns, Cleanup: 124509 ns, At safepoint: 5700 ns, Total: 137209 ns
[1210.144s][info ][safepoint      ] Safepoint "Cleanup", Time since last: 1000110039 ns, Reaching safepoint: 9801 ns, Cleanup: 18101 ns, At safepoint: 6400 ns, Total: 34302 ns
[1211.144s][info ][safepoint      ] Safepoint "Cleanup", Time since last: 1000102139 ns, Reaching safepoint: 8800 ns, Cleanup: 16501 ns, At safepoint: 2501 ns, Total: 27802 ns
[1212.144s][info ][safepoint      ] Safepoint "Cleanup", Time since last: 1000112239 ns, Reaching safepoint: 7200 ns, Cleanup: 7801 ns, At safepoint: 1900 ns, Total: 16901 ns
[1213.144s][info ][safepoint      ] Safepoint "Cleanup", Time since last: 1000114346 ns, Reaching safepoint: 7001 ns, Cleanup: 8600 ns, At safepoint: 2201 ns, Total: 17802 ns
[1214.144s][info ][safepoint      ] Safepoint "Cleanup", Time since last: 1000112249 ns, Reaching safepoint: 8501 ns, Cleanup: 14601 ns, At safepoint: 2500 ns, Total: 25602 ns
[1217.145s][info ][safepoint      ] Safepoint "Cleanup", Time since last: 3000242542 ns, Reaching safepoint: 7200 ns, Cleanup: 15401 ns, At safepoint: 2300 ns, Total: 24901 ns
[1219.145s][info ][safepoint      ] Safepoint "Cleanup", Time since last: 2000177096 ns, Reaching safepoint: 6701 ns, Cleanup: 19001 ns, At safepoint: 2200 ns, Total: 27902 ns
[1221.145s][info ][safepoint      ] Safepoint "Cleanup", Time since last: 2000154646 ns, Reaching safepoint: 6101 ns, Cleanup: 43903 ns, At safepoint: 2100 ns, Total: 52104 ns
[1222.145s][info ][safepoint      ] Safepoint "Cleanup", Time since last: 1000073681 ns, Reaching safepoint: 7300 ns, Cleanup: 12601 ns, At safepoint: 2200 ns, Total: 22101 ns
[1223.145s][info ][safepoint      ] Safepoint "Cleanup", Time since last: 1000109384 ns, Reaching safepoint: 7400 ns, Cleanup: 7701 ns, At safepoint: 2900 ns, Total: 18001 ns
[1224.145s][info ][safepoint      ] Safepoint "Cleanup", Time since last: 1000108983 ns, Reaching safepoint: 7501 ns, Cleanup: 17401 ns, At safepoint: 2700 ns, Total: 27602 ns
[1226.146s][info ][safepoint      ] Safepoint "Cleanup", Time since last: 2000172864 ns, Reaching safepoint: 7401 ns, Cleanup: 17301 ns, At safepoint: 2200 ns, Total: 26902 ns
[1227.146s][info ][safepoint      ] Safepoint "Cleanup", Time since last: 1000102283 ns, Reaching safepoint: 7400 ns, Cleanup: 11001 ns, At safepoint: 2700 ns, Total: 21101 ns
[1228.146s][info ][safepoint      ] Safepoint "Cleanup", Time since last: 1000108484 ns, Reaching safepoint: 6500 ns, Cleanup: 11701 ns, At safepoint: 2300 ns, Total: 20501 ns
[1230.146s][info ][safepoint      ] Safepoint "Cleanup", Time since last: 2000191712 ns, Reaching safepoint: 6901 ns, Cleanup: 8500 ns, At safepoint: 2101 ns, Total: 17502 ns
[1231.146s][info ][safepoint      ] Safepoint "Cleanup", Time since last: 1000112067 ns, Reaching safepoint: 6901 ns, Cleanup: 9500 ns, At safepoint: 2100 ns, Total: 18501 ns
[1232.542s][info ][gc,start       ] GC(51) Pause Young (Allocation Failure)
[1232.584s][debug][gc,phases      ] GC(51) Scavenge 41.720ms
[1232.584s][debug][gc,ref         ] GC(51) ReferenceProcessor::execute queues: 1, RefProcThreadModel::Single, marks_oops_alive: false
[1232.584s][debug][gc,ref         ] GC(51) Skipped KeepAliveFinalRefsPhase of Reference Processing: no references
[1232.584s][debug][gc,ref         ] GC(51) ReferenceProcessor::execute queues: 1, RefProcThreadModel::Single, marks_oops_alive: false
[1232.584s][debug][gc,phases      ] GC(51) Reference Processing 0.200ms
[1232.584s][debug][gc,phases      ] GC(51)   VM Weak                        Min:  0.0, Avg:  0.0, Max:  0.0, Diff:  0.0, Sum:  0.0, Workers: 4
[1232.585s][debug][gc,phases      ] GC(51)     Dead                           Min: 0, Avg:  0.0, Max: 0, Diff: 0, Sum: 0, Workers: 4
[1232.585s][debug][gc,phases      ] GC(51)     Total                          Min: 0, Avg: 258.8, Max: 779, Diff: 779, Sum: 1035, Workers: 4
[1232.585s][debug][gc,phases      ] GC(51)   ObjectSynchronizer Weak        Min:  0.0, Avg:  0.0, Max:  0.0, Diff:  0.0, Sum:  0.0, Workers: 4
[1232.585s][debug][gc,phases      ] GC(51)     Dead                           Min: 0, Avg:  0.0, Max: 0, Diff: 0, Sum: 0, Workers: 4
[1232.585s][debug][gc,phases      ] GC(51)     Total                          Min: 0, Avg:  4.0, Max: 16, Diff: 16, Sum: 16, Workers: 4
[1232.585s][debug][gc,phases      ] GC(51)   JVMTI Tag Weak OopStorage      Min:  0.0, Avg:  0.0, Max:  0.0, Diff:  0.0, Sum:  0.0, Workers: 4
[1232.585s][debug][gc,phases      ] GC(51)     Dead                           Min: 0, Avg:  0.0, Max: 0, Diff: 0, Sum: 0, Workers: 4
[1232.585s][debug][gc,phases      ] GC(51)     Total                          Min: 0, Avg:  0.0, Max: 0, Diff: 0, Sum: 0, Workers: 4
[1232.585s][debug][gc,phases      ] GC(51)   StringTable Weak               Min:  0.0, Avg:  0.1, Max:  0.2, Diff:  0.2, Sum:  0.5, Workers: 4
[1232.585s][debug][gc,phases      ] GC(51)     Dead                           Min: 0, Avg:  1.5, Max: 6, Diff: 6, Sum: 6, Workers: 4
[1232.585s][debug][gc,phases      ] GC(51)     Total                          Min: 0, Avg: 12153.5, Max: 17856, Diff: 17856, Sum: 48614, Workers: 4
[1232.585s][debug][gc,phases      ] GC(51)   ResolvedMethodTable Weak       Min:  0.0, Avg:  0.0, Max:  0.1, Diff:  0.1, Sum:  0.2, Workers: 4
[1232.585s][debug][gc,phases      ] GC(51)     Dead                           Min: 0, Avg: 15.0, Max: 36, Diff: 36, Sum: 60, Workers: 4
[1232.585s][debug][gc,phases      ] GC(51)     Total                          Min: 0, Avg: 3457.2, Max: 5197, Diff: 5197, Sum: 13829, Workers: 4
[1232.585s][debug][gc,phases      ] GC(51)   JNI Weak                       Min:  0.0, Avg:  0.0, Max:  0.0, Diff:  0.0, Sum:  0.0, Workers: 4
[1232.585s][debug][gc,phases      ] GC(51)     Dead                           Min: 0, Avg:  0.0, Max: 0, Diff: 0, Sum: 0, Workers: 4
[1232.585s][debug][gc,phases      ] GC(51)     Total                          Min: 0, Avg: 12.0, Max: 48, Diff: 48, Sum: 48, Workers: 4
[1232.585s][debug][gc,phases      ] GC(51)   StringDedup Table Weak         Min:  0.0, Avg:  0.0, Max:  0.0, Diff:  0.0, Sum:  0.0, Workers: 4
[1232.585s][debug][gc,phases      ] GC(51)     Dead                           Min: 0, Avg:  0.0, Max: 0, Diff: 0, Sum: 0, Workers: 4
[1232.585s][debug][gc,phases      ] GC(51)     Total                          Min: 0, Avg:  0.0, Max: 0, Diff: 0, Sum: 0, Workers: 4
[1232.585s][debug][gc,phases      ] GC(51)   StringDedup Requests0 Weak     Min:  0.0, Avg:  0.0, Max:  0.0, Diff:  0.0, Sum:  0.0, Workers: 4
[1232.585s][debug][gc,phases      ] GC(51)     Dead                           Min: 0, Avg:  0.0, Max: 0, Diff: 0, Sum: 0, Workers: 4
[1232.585s][debug][gc,phases      ] GC(51)     Total                          Min: 0, Avg:  0.0, Max: 0, Diff: 0, Sum: 0, Workers: 4
[1232.585s][debug][gc,phases      ] GC(51)   StringDedup Requests1 Weak     Min:  0.0, Avg:  0.0, Max:  0.0, Diff:  0.0, Sum:  0.0, Workers: 4
[1232.585s][debug][gc,phases      ] GC(51)     Dead                           Min: 0, Avg:  0.0, Max: 0, Diff: 0, Sum: 0, Workers: 4
[1232.585s][debug][gc,phases      ] GC(51)     Total                          Min: 0, Avg:  0.0, Max: 0, Diff: 0, Sum: 0, Workers: 4
[1232.585s][debug][gc,phases      ] GC(51)   Weak JFR Old Object Samples    Min:  0.0, Avg:  0.0, Max:  0.0, Diff:  0.0, Sum:  0.0, Workers: 4
[1232.585s][debug][gc,phases      ] GC(51)     Dead                           Min: 0, Avg:  0.0, Max: 0, Diff: 0, Sum: 0, Workers: 4
[1232.585s][debug][gc,phases      ] GC(51)     Total                          Min: 0, Avg:  0.0, Max: 0, Diff: 0, Sum: 0, Workers: 4
[1232.585s][debug][gc,phases      ] GC(51) Weak Processing 0.485ms
[1232.585s][debug][gc,age         ] GC(51) Desired survivor size 292028416 bytes, new threshold 15 (max threshold 15)
[1232.585s][info ][gc,heap        ] GC(51) PSYoungGen: 1689627K(1814528K)->159661K(1701888K) Eden: 1542144K(1542144K)->0K(1542144K) From: 147483K(272384K)->159661K(159744K)
[1232.585s][info ][gc,heap        ] GC(51) ParOldGen: 256585K(382976K)->256625K(382976K)
[1232.585s][info ][gc,metaspace   ] GC(51) Metaspace: 96890K(98240K)->96890K(98240K) NonClass: 82635K(83392K)->82635K(83392K) Class: 14254K(14848K)->14254K(14848K)
[1232.585s][info ][gc             ] GC(51) Pause Young (Allocation Failure) 1900M->406M(2036M) 42.549ms
[1232.585s][info ][gc,cpu         ] GC(51) User=0.16s Sys=0.00s Real=0.04s
[1232.585s][info ][safepoint      ] Safepoint "ParallelGCFailedAllocation", Time since last: 1395987417 ns, Reaching safepoint: 6301 ns, Cleanup: 3600 ns, At safepoint: 42634438 ns, Total: 42644339 ns
[1233.585s][info ][safepoint      ] Safepoint "Cleanup", Time since last: 1000097766 ns, Reaching safepoint: 9301 ns, Cleanup: 32402 ns, At safepoint: 2900 ns, Total: 44603 ns
[1234.585s][info ][safepoint      ] Safepoint "Cleanup", Time since last: 1000116968 ns, Reaching safepoint: 7401 ns, Cleanup: 15501 ns, At safepoint: 2500 ns, Total: 25402 ns
[1236.585s][info ][safepoint      ] Safepoint "Cleanup", Time since last: 2000176932 ns, Reaching safepoint: 7300 ns, Cleanup: 9901 ns, At safepoint: 2100 ns, Total: 19301 ns
[1240.586s][info ][safepoint      ] Safepoint "Cleanup", Time since last: 4000322589 ns, Reaching safepoint: 7100 ns, Cleanup: 12401 ns, At safepoint: 2200 ns, Total: 21701 ns
[1243.586s][info ][safepoint      ] Safepoint "Cleanup", Time since last: 3000242000 ns, Reaching safepoint: 7001 ns, Cleanup: 9200 ns, At safepoint: 2801 ns, Total: 19002 ns
[1244.586s][info ][safepoint      ] Safepoint "Cleanup", Time since last: 1000123215 ns, Reaching safepoint: 7201 ns, Cleanup: 13601 ns, At safepoint: 2500 ns, Total: 23302 ns
[1248.586s][info ][safepoint      ] Safepoint "Cleanup", Time since last: 4000318937 ns, Reaching safepoint: 7300 ns, Cleanup: 12801 ns, At safepoint: 2600 ns, Total: 22701 ns
[1249.586s][info ][safepoint      ] Safepoint "Cleanup", Time since last: 1000117601 ns, Reaching safepoint: 7201 ns, Cleanup: 11700 ns, At safepoint: 2401 ns, Total: 21302 ns
[1250.587s][info ][safepoint      ] Safepoint "Cleanup", Time since last: 1000114200 ns, Reaching safepoint: 9201 ns, Cleanup: 17201 ns, At safepoint: 7200 ns, Total: 33602 ns
[1252.587s][info ][safepoint      ] Safepoint "Cleanup", Time since last: 2000185799 ns, Reaching safepoint: 7200 ns, Cleanup: 10001 ns, At safepoint: 2300 ns, Total: 19501 ns
[1253.587s][info ][safepoint      ] Safepoint "Cleanup", Time since last: 1000108404 ns, Reaching safepoint: 7200 ns, Cleanup: 10001 ns, At safepoint: 2400 ns, Total: 19601 ns
[1254.587s][info ][safepoint      ] Safepoint "Cleanup", Time since last: 1000117406 ns, Reaching safepoint: 7401 ns, Cleanup: 9200 ns, At safepoint: 38103 ns, Total: 54704 ns
[1255.587s][info ][safepoint      ] Safepoint "Cleanup", Time since last: 1000109905 ns, Reaching safepoint: 7201 ns, Cleanup: 22601 ns, At safepoint: 2600 ns, Total: 32402 ns
[1256.587s][info ][safepoint      ] Safepoint "Cleanup", Time since last: 1000107506 ns, Reaching safepoint: 7400 ns, Cleanup: 18501 ns, At safepoint: 3401 ns, Total: 29302 ns
[1257.588s][info ][safepoint      ] Safepoint "Cleanup", Time since last: 1000119806 ns, Reaching safepoint: 7500 ns, Cleanup: 12201 ns, At safepoint: 3000 ns, Total: 22701 ns
[1258.588s][info ][safepoint      ] Safepoint "Cleanup", Time since last: 1000136007 ns, Reaching safepoint: 8401 ns, Cleanup: 6400 ns, At safepoint: 2001 ns, Total: 16802 ns
[1259.588s][info ][safepoint      ] Safepoint "Cleanup", Time since last: 1000102705 ns, Reaching safepoint: 6500 ns, Cleanup: 6700 ns, At safepoint: 1901 ns, Total: 15101 ns
[1261.502s][info ][safepoint      ] Safepoint "Cleanup", Time since last: 1914558374 ns, Reaching safepoint: 6100 ns, Cleanup: 27901 ns, At safepoint: 2401 ns, Total: 36402 ns
[1262.503s][info ][safepoint      ] Safepoint "Cleanup", Time since last: 1000132039 ns, Reaching safepoint: 8901 ns, Cleanup: 22601 ns, At safepoint: 2500 ns, Total: 34002 ns
[1263.503s][info ][safepoint      ] Safepoint "Cleanup", Time since last: 1000116739 ns, Reaching safepoint: 7100 ns, Cleanup: 15901 ns, At safepoint: 2200 ns, Total: 25201 ns
[1264.503s][info ][safepoint      ] Safepoint "Cleanup", Time since last: 1000111339 ns, Reaching safepoint: 6700 ns, Cleanup: 9201 ns, At safepoint: 2000 ns, Total: 17901 ns
[1265.503s][info ][safepoint      ] Safepoint "Cleanup", Time since last: 1000104849 ns, Reaching safepoint: 7401 ns, Cleanup: 18101 ns, At safepoint: 2100 ns, Total: 27602 ns
[1267.503s][info ][safepoint      ] Safepoint "Cleanup", Time since last: 2000178089 ns, Reaching safepoint: 6901 ns, Cleanup: 8900 ns, At safepoint: 2200 ns, Total: 18001 ns
[1268.503s][info ][safepoint      ] Safepoint "Cleanup", Time since last: 1000114697 ns, Reaching safepoint: 6900 ns, Cleanup: 11901 ns, At safepoint: 5200 ns, Total: 24001 ns
[1269.503s][info ][safepoint      ] Safepoint "Cleanup", Time since last: 1000072969 ns, Reaching safepoint: 7400 ns, Cleanup: 7201 ns, At safepoint: 2100 ns, Total: 16701 ns
[1270.504s][info ][safepoint      ] Safepoint "Cleanup", Time since last: 1000115139 ns, Reaching safepoint: 7500 ns, Cleanup: 13701 ns, At safepoint: 4300 ns, Total: 25501 ns
[1271.504s][info ][safepoint      ] Safepoint "Cleanup", Time since last: 1000154541 ns, Reaching safepoint: 6901 ns, Cleanup: 9701 ns, At safepoint: 2100 ns, Total: 18702 ns
[1273.504s][info ][safepoint      ] Safepoint "Cleanup", Time since last: 2000189474 ns, Reaching safepoint: 6301 ns, Cleanup: 15801 ns, At safepoint: 2300 ns, Total: 24402 ns
[1274.504s][info ][safepoint      ] Safepoint "Cleanup", Time since last: 1000106838 ns, Reaching safepoint: 5200 ns, Cleanup: 9601 ns, At safepoint: 2200 ns, Total: 17001 ns
[1275.504s][info ][safepoint      ] Safepoint "Cleanup", Time since last: 1000119839 ns, Reaching safepoint: 7000 ns, Cleanup: 12501 ns, At safepoint: 2100 ns, Total: 21601 ns
[1276.504s][info ][safepoint      ] Safepoint "Cleanup", Time since last: 1000120539 ns, Reaching safepoint: 7301 ns, Cleanup: 7400 ns, At safepoint: 2100 ns, Total: 16801 ns
[1279.505s][info ][safepoint      ] Safepoint "Cleanup", Time since last: 3000214915 ns, Reaching safepoint: 7101 ns, Cleanup: 12400 ns, At safepoint: 1901 ns, Total: 21402 ns
[1281.505s][info ][safepoint      ] Safepoint "Cleanup", Time since last: 2000184257 ns, Reaching safepoint: 6901 ns, Cleanup: 7000 ns, At safepoint: 2500 ns, Total: 16401 ns
[1283.505s][info ][safepoint      ] Safepoint "Cleanup", Time since last: 2000192358 ns, Reaching safepoint: 6901 ns, Cleanup: 8800 ns, At safepoint: 2401 ns, Total: 18102 ns
[1284.505s][info ][safepoint      ] Safepoint "Cleanup", Time since last: 1000111985 ns, Reaching safepoint: 6800 ns, Cleanup: 8601 ns, At safepoint: 2000 ns, Total: 17401 ns
[1285.922s][info ][gc,start       ] GC(52) Pause Young (Allocation Failure)
[1285.967s][debug][gc,phases      ] GC(52) Scavenge 44.842ms
[1285.967s][debug][gc,ref         ] GC(52) ReferenceProcessor::execute queues: 1, RefProcThreadModel::Single, marks_oops_alive: false
[1285.967s][debug][gc,ref         ] GC(52) Skipped KeepAliveFinalRefsPhase of Reference Processing: no references
[1285.967s][debug][gc,ref         ] GC(52) ReferenceProcessor::execute queues: 1, RefProcThreadModel::Single, marks_oops_alive: false
[1285.967s][debug][gc,phases      ] GC(52) Reference Processing 0.193ms
[1285.967s][debug][gc,phases      ] GC(52)   VM Weak                        Min:  0.0, Avg:  0.0, Max:  0.0, Diff:  0.0, Sum:  0.0, Workers: 4
[1285.967s][debug][gc,phases      ] GC(52)     Dead                           Min: 0, Avg:  0.0, Max: 0, Diff: 0, Sum: 0, Workers: 4
[1285.967s][debug][gc,phases      ] GC(52)     Total                          Min: 0, Avg: 263.5, Max: 384, Diff: 384, Sum: 1054, Workers: 4
[1285.967s][debug][gc,phases      ] GC(52)   ObjectSynchronizer Weak        Min:  0.0, Avg:  0.0, Max:  0.0, Diff:  0.0, Sum:  0.0, Workers: 4
[1285.967s][debug][gc,phases      ] GC(52)     Dead                           Min: 0, Avg:  0.0, Max: 0, Diff: 0, Sum: 0, Workers: 4
[1285.967s][debug][gc,phases      ] GC(52)     Total                          Min: 0, Avg:  1.2, Max: 5, Diff: 5, Sum: 5, Workers: 4
[1285.967s][debug][gc,phases      ] GC(52)   JVMTI Tag Weak OopStorage      Min:  0.0, Avg:  0.0, Max:  0.0, Diff:  0.0, Sum:  0.0, Workers: 4
[1285.967s][debug][gc,phases      ] GC(52)     Dead                           Min: 0, Avg:  0.0, Max: 0, Diff: 0, Sum: 0, Workers: 4
[1285.967s][debug][gc,phases      ] GC(52)     Total                          Min: 0, Avg:  0.0, Max: 0, Diff: 0, Sum: 0, Workers: 4
[1285.967s][debug][gc,phases      ] GC(52)   StringTable Weak               Min:  0.0, Avg:  0.1, Max:  0.2, Diff:  0.2, Sum:  0.5, Workers: 4
[1285.967s][debug][gc,phases      ] GC(52)     Dead                           Min: 0, Avg:  0.5, Max: 2, Diff: 2, Sum: 2, Workers: 4
[1285.967s][debug][gc,phases      ] GC(52)     Total                          Min: 384, Avg: 12159.0, Max: 16191, Diff: 15807, Sum: 48636, Workers: 4
[1285.967s][debug][gc,phases      ] GC(52)   ResolvedMethodTable Weak       Min:  0.0, Avg:  0.0, Max:  0.0, Diff:  0.0, Sum:  0.2, Workers: 4
[1285.967s][debug][gc,phases      ] GC(52)     Dead                           Min: 0, Avg:  1.0, Max: 2, Diff: 2, Sum: 4, Workers: 4
[1285.967s][debug][gc,phases      ] GC(52)     Total                          Min: 3317, Avg: 3470.0, Max: 3624, Diff: 307, Sum: 13880, Workers: 4
[1285.967s][debug][gc,phases      ] GC(52)   JNI Weak                       Min:  0.0, Avg:  0.0, Max:  0.0, Diff:  0.0, Sum:  0.0, Workers: 4
[1285.967s][debug][gc,phases      ] GC(52)     Dead                           Min: 0, Avg:  0.0, Max: 0, Diff: 0, Sum: 0, Workers: 4
[1285.967s][debug][gc,phases      ] GC(52)     Total                          Min: 0, Avg: 12.0, Max: 48, Diff: 48, Sum: 48, Workers: 4
[1285.967s][debug][gc,phases      ] GC(52)   StringDedup Table Weak         Min:  0.0, Avg:  0.0, Max:  0.0, Diff:  0.0, Sum:  0.0, Workers: 4
[1285.967s][debug][gc,phases      ] GC(52)     Dead                           Min: 0, Avg:  0.0, Max: 0, Diff: 0, Sum: 0, Workers: 4
[1285.967s][debug][gc,phases      ] GC(52)     Total                          Min: 0, Avg:  0.0, Max: 0, Diff: 0, Sum: 0, Workers: 4
[1285.967s][debug][gc,phases      ] GC(52)   StringDedup Requests0 Weak     Min:  0.0, Avg:  0.0, Max:  0.0, Diff:  0.0, Sum:  0.0, Workers: 4
[1285.967s][debug][gc,phases      ] GC(52)     Dead                           Min: 0, Avg:  0.0, Max: 0, Diff: 0, Sum: 0, Workers: 4
[1285.967s][debug][gc,phases      ] GC(52)     Total                          Min: 0, Avg:  0.0, Max: 0, Diff: 0, Sum: 0, Workers: 4
[1285.967s][debug][gc,phases      ] GC(52)   StringDedup Requests1 Weak     Min:  0.0, Avg:  0.0, Max:  0.0, Diff:  0.0, Sum:  0.0, Workers: 4
[1285.967s][debug][gc,phases      ] GC(52)     Dead                           Min: 0, Avg:  0.0, Max: 0, Diff: 0, Sum: 0, Workers: 4
[1285.967s][debug][gc,phases      ] GC(52)     Total                          Min: 0, Avg:  0.0, Max: 0, Diff: 0, Sum: 0, Workers: 4
[1285.967s][debug][gc,phases      ] GC(52)   Weak JFR Old Object Samples    Min:  0.0, Avg:  0.0, Max:  0.0, Diff:  0.0, Sum:  0.0, Workers: 4
[1285.967s][debug][gc,phases      ] GC(52)     Dead                           Min: 0, Avg:  0.0, Max: 0, Diff: 0, Sum: 0, Workers: 4
[1285.967s][debug][gc,phases      ] GC(52)     Total                          Min: 0, Avg:  0.0, Max: 0, Diff: 0, Sum: 0, Workers: 4
[1285.967s][debug][gc,phases      ] GC(52) Weak Processing 0.472ms
[1285.967s][debug][gc,age         ] GC(52) Desired survivor size 297795584 bytes, new threshold 15 (max threshold 15)
[1285.967s][info ][gc,heap        ] GC(52) PSYoungGen: 1701805K(1701888K)->161012K(1800704K) Eden: 1542144K(1542144K)->0K(1515520K) From: 159661K(159744K)->161012K(285184K)
[1285.967s][info ][gc,heap        ] GC(52) ParOldGen: 256625K(382976K)->256785K(382976K)
[1285.967s][info ][gc,metaspace   ] GC(52) Metaspace: 97073K(98432K)->97073K(98432K) NonClass: 82795K(83584K)->82795K(83584K) Class: 14278K(14848K)->14278K(14848K)
[1285.967s][info ][gc             ] GC(52) Pause Young (Allocation Failure) 1912M->408M(2132M) 45.672ms
[1285.967s][info ][gc,cpu         ] GC(52) User=0.17s Sys=0.00s Real=0.04s
[1285.967s][info ][safepoint      ] Safepoint "ParallelGCFailedAllocation", Time since last: 1416343983 ns, Reaching safepoint: 82005 ns, Cleanup: 11601 ns, At safepoint: 45761992 ns, Total: 45855598 ns
[1286.967s][info ][safepoint      ] Safepoint "Cleanup", Time since last: 1000087173 ns, Reaching safepoint: 7300 ns, Cleanup: 8901 ns, At safepoint: 2200 ns, Total: 18401 ns
[1287.968s][info ][safepoint      ] Safepoint "Cleanup", Time since last: 1000124076 ns, Reaching safepoint: 7500 ns, Cleanup: 10301 ns, At safepoint: 13501 ns, Total: 31302 ns
[1288.968s][info ][safepoint      ] Safepoint "Cleanup", Time since last: 1000120375 ns, Reaching safepoint: 10001 ns, Cleanup: 11701 ns, At safepoint: 2800 ns, Total: 24502 ns
[1290.968s][info ][safepoint      ] Safepoint "Cleanup", Time since last: 2000182747 ns, Reaching safepoint: 8101 ns, Cleanup: 22101 ns, At safepoint: 5800 ns, Total: 36002 ns
[1291.968s][info ][safepoint      ] Safepoint "Cleanup", Time since last: 1000086774 ns, Reaching safepoint: 6700 ns, Cleanup: 7401 ns, At safepoint: 1900 ns, Total: 16001 ns
[1292.968s][info ][safepoint      ] Safepoint "Cleanup", Time since last: 1000109871 ns, Reaching safepoint: 7301 ns, Cleanup: 20301 ns, At safepoint: 2500 ns, Total: 30102 ns
[1293.968s][info ][safepoint      ] Safepoint "Cleanup", Time since last: 1000113029 ns, Reaching safepoint: 7000 ns, Cleanup: 16601 ns, At safepoint: 2100 ns, Total: 25701 ns
[1295.969s][info ][safepoint      ] Safepoint "Cleanup", Time since last: 2000194355 ns, Reaching safepoint: 6901 ns, Cleanup: 10401 ns, At safepoint: 2400 ns, Total: 19702 ns
[1297.969s][info ][safepoint      ] Safepoint "Cleanup", Time since last: 2000162153 ns, Reaching safepoint: 7100 ns, Cleanup: 16101 ns, At safepoint: 2200 ns, Total: 25401 ns
[1305.969s][info ][safepoint      ] Safepoint "Cleanup", Time since last: 8000611589 ns, Reaching safepoint: 60704 ns, Cleanup: 12501 ns, At safepoint: 7901 ns, Total: 81106 ns
[1316.970s][info ][safepoint      ] Safepoint "Cleanup", Time since last: 11000791891 ns, Reaching safepoint: 78404 ns, Cleanup: 8901 ns, At safepoint: 6500 ns, Total: 93805 ns
[1318.971s][info ][safepoint      ] Safepoint "Cleanup", Time since last: 2000188501 ns, Reaching safepoint: 83206 ns, Cleanup: 10800 ns, At safepoint: 8101 ns, Total: 102107 ns
[1319.971s][info ][safepoint      ] Safepoint "Cleanup", Time since last: 1000113851 ns, Reaching safepoint: 84806 ns, Cleanup: 11700 ns, At safepoint: 6701 ns, Total: 103207 ns
[1321.518s][info ][safepoint      ] Safepoint "Cleanup", Time since last: 1547269817 ns, Reaching safepoint: 7700 ns, Cleanup: 13001 ns, At safepoint: 2400 ns, Total: 23101 ns
[1322.518s][info ][safepoint      ] Safepoint "Cleanup", Time since last: 1000113752 ns, Reaching safepoint: 7800 ns, Cleanup: 12101 ns, At safepoint: 2300 ns, Total: 22201 ns
[1323.518s][info ][safepoint      ] Safepoint "Cleanup", Time since last: 1000118452 ns, Reaching safepoint: 7001 ns, Cleanup: 9600 ns, At safepoint: 2100 ns, Total: 18701 ns
[1324.519s][info ][safepoint      ] Safepoint "Cleanup", Time since last: 1000113452 ns, Reaching safepoint: 7201 ns, Cleanup: 12400 ns, At safepoint: 2200 ns, Total: 21801 ns
[1325.519s][info ][safepoint      ] Safepoint "Cleanup", Time since last: 1000105930 ns, Reaching safepoint: 7300 ns, Cleanup: 11901 ns, At safepoint: 2400 ns, Total: 21601 ns
[1326.519s][info ][safepoint      ] Safepoint "Cleanup", Time since last: 1000121149 ns, Reaching safepoint: 79505 ns, Cleanup: 10501 ns, At safepoint: 7000 ns, Total: 97006 ns
[1327.519s][info ][safepoint      ] Safepoint "Cleanup", Time since last: 1000118848 ns, Reaching safepoint: 82206 ns, Cleanup: 10300 ns, At safepoint: 5701 ns, Total: 98207 ns
[1329.519s][info ][safepoint      ] Safepoint "Cleanup", Time since last: 2000194394 ns, Reaching safepoint: 82205 ns, Cleanup: 8701 ns, At safepoint: 5600 ns, Total: 96506 ns
[1332.520s][info ][safepoint      ] Safepoint "Cleanup", Time since last: 3000301942 ns, Reaching safepoint: 86405 ns, Cleanup: 9801 ns, At safepoint: 5900 ns, Total: 102106 ns
[1334.520s][info ][safepoint      ] Safepoint "Cleanup", Time since last: 2000182316 ns, Reaching safepoint: 52303 ns, Cleanup: 14501 ns, At safepoint: 6701 ns, Total: 73505 ns
[1335.520s][info ][safepoint      ] Safepoint "Cleanup", Time since last: 1000110573 ns, Reaching safepoint: 77905 ns, Cleanup: 10800 ns, At safepoint: 6201 ns, Total: 94906 ns
[1336.520s][info ][safepoint      ] Safepoint "Cleanup", Time since last: 1000121474 ns, Reaching safepoint: 83505 ns, Cleanup: 11001 ns, At safepoint: 6600 ns, Total: 101106 ns
[1338.521s][info ][safepoint      ] Safepoint "Cleanup", Time since last: 2000195145 ns, Reaching safepoint: 79005 ns, Cleanup: 7900 ns, At safepoint: 6001 ns, Total: 92906 ns
[1339.421s][info ][gc,start       ] GC(53) Pause Young (Allocation Failure)
[1339.464s][debug][gc,phases      ] GC(53) Scavenge 42.246ms
[1339.464s][debug][gc,ref         ] GC(53) ReferenceProcessor::execute queues: 1, RefProcThreadModel::Single, marks_oops_alive: false
[1339.464s][debug][gc,ref         ] GC(53) Skipped KeepAliveFinalRefsPhase of Reference Processing: no references
[1339.464s][debug][gc,ref         ] GC(53) ReferenceProcessor::execute queues: 1, RefProcThreadModel::Single, marks_oops_alive: false
[1339.464s][debug][gc,phases      ] GC(53) Reference Processing 0.183ms
[1339.464s][debug][gc,phases      ] GC(53)   VM Weak                        Min:  0.0, Avg:  0.0, Max:  0.0, Diff:  0.0, Sum:  0.0, Workers: 4
[1339.464s][debug][gc,phases      ] GC(53)     Dead                           Min: 0, Avg:  0.0, Max: 0, Diff: 0, Sum: 0, Workers: 4
[1339.464s][debug][gc,phases      ] GC(53)     Total                          Min: 0, Avg: 263.5, Max: 640, Diff: 640, Sum: 1054, Workers: 4
[1339.464s][debug][gc,phases      ] GC(53)   ObjectSynchronizer Weak        Min:  0.0, Avg:  0.0, Max:  0.0, Diff:  0.0, Sum:  0.0, Workers: 4
[1339.464s][debug][gc,phases      ] GC(53)     Dead                           Min: 0, Avg:  0.0, Max: 0, Diff: 0, Sum: 0, Workers: 4
[1339.464s][debug][gc,phases      ] GC(53)     Total                          Min: 0, Avg:  1.0, Max: 4, Diff: 4, Sum: 4, Workers: 4
[1339.464s][debug][gc,phases      ] GC(53)   JVMTI Tag Weak OopStorage      Min:  0.0, Avg:  0.0, Max:  0.0, Diff:  0.0, Sum:  0.0, Workers: 4
[1339.464s][debug][gc,phases      ] GC(53)     Dead                           Min: 0, Avg:  0.0, Max: 0, Diff: 0, Sum: 0, Workers: 4
[1339.464s][debug][gc,phases      ] GC(53)     Total                          Min: 0, Avg:  0.0, Max: 0, Diff: 0, Sum: 0, Workers: 4
[1339.464s][debug][gc,phases      ] GC(53)   StringTable Weak               Min:  0.0, Avg:  0.1, Max:  0.2, Diff:  0.2, Sum:  0.5, Workers: 4
[1339.464s][debug][gc,phases      ] GC(53)     Dead                           Min: 0, Avg:  0.0, Max: 0, Diff: 0, Sum: 0, Workers: 4
[1339.464s][debug][gc,phases      ] GC(53)     Total                          Min: 0, Avg: 12159.0, Max: 16765, Diff: 16765, Sum: 48636, Workers: 4
[1339.464s][debug][gc,phases      ] GC(53)   ResolvedMethodTable Weak       Min:  0.0, Avg:  0.1, Max:  0.1, Diff:  0.1, Sum:  0.2, Workers: 4
[1339.464s][debug][gc,phases      ] GC(53)     Dead                           Min: 0, Avg:  0.0, Max: 0, Diff: 0, Sum: 0, Workers: 4
[1339.464s][debug][gc,phases      ] GC(53)     Total                          Min: 0, Avg: 3470.0, Max: 5092, Diff: 5092, Sum: 13880, Workers: 4
[1339.464s][debug][gc,phases      ] GC(53)   JNI Weak                       Min:  0.0, Avg:  0.0, Max:  0.0, Diff:  0.0, Sum:  0.0, Workers: 4
[1339.464s][debug][gc,phases      ] GC(53)     Dead                           Min: 0, Avg:  0.0, Max: 0, Diff: 0, Sum: 0, Workers: 4
[1339.464s][debug][gc,phases      ] GC(53)     Total                          Min: 0, Avg: 12.0, Max: 48, Diff: 48, Sum: 48, Workers: 4
[1339.464s][debug][gc,phases      ] GC(53)   StringDedup Table Weak         Min:  0.0, Avg:  0.0, Max:  0.0, Diff:  0.0, Sum:  0.0, Workers: 4
[1339.464s][debug][gc,phases      ] GC(53)     Dead                           Min: 0, Avg:  0.0, Max: 0, Diff: 0, Sum: 0, Workers: 4
[1339.464s][debug][gc,phases      ] GC(53)     Total                          Min: 0, Avg:  0.0, Max: 0, Diff: 0, Sum: 0, Workers: 4
[1339.464s][debug][gc,phases      ] GC(53)   StringDedup Requests0 Weak     Min:  0.0, Avg:  0.0, Max:  0.0, Diff:  0.0, Sum:  0.0, Workers: 4
[1339.464s][debug][gc,phases      ] GC(53)     Dead                           Min: 0, Avg:  0.0, Max: 0, Diff: 0, Sum: 0, Workers: 4
[1339.464s][debug][gc,phases      ] GC(53)     Total                          Min: 0, Avg:  0.0, Max: 0, Diff: 0, Sum: 0, Workers: 4
[1339.464s][debug][gc,phases      ] GC(53)   StringDedup Requests1 Weak     Min:  0.0, Avg:  0.0, Max:  0.0, Diff:  0.0, Sum:  0.0, Workers: 4
[1339.464s][debug][gc,phases      ] GC(53)     Dead                           Min: 0, Avg:  0.0, Max: 0, Diff: 0, Sum: 0, Workers: 4
[1339.464s][debug][gc,phases      ] GC(53)     Total                          Min: 0, Avg:  0.0, Max: 0, Diff: 0, Sum: 0, Workers: 4
[1339.464s][debug][gc,phases      ] GC(53)   Weak JFR Old Object Samples    Min:  0.0, Avg:  0.0, Max:  0.0, Diff:  0.0, Sum:  0.0, Workers: 4
[1339.464s][debug][gc,phases      ] GC(53)     Dead                           Min: 0, Avg:  0.0, Max: 0, Diff: 0, Sum: 0, Workers: 4
[1339.465s][debug][gc,phases      ] GC(53)     Total                          Min: 0, Avg:  0.0, Max: 0, Diff: 0, Sum: 0, Workers: 4
[1339.465s][debug][gc,phases      ] GC(53) Weak Processing 0.504ms
[1339.465s][debug][gc,age         ] GC(53) Desired survivor size 300941312 bytes, new threshold 15 (max threshold 15)
[1339.465s][info ][gc,heap        ] GC(53) PSYoungGen: 1676532K(1800704K)->160826K(1676800K) Eden: 1515520K(1515520K)->0K(1515520K) From: 161012K(285184K)->160826K(161280K)
[1339.465s][info ][gc,heap        ] GC(53) ParOldGen: 256785K(382976K)->256817K(382976K)
[1339.465s][info ][gc,metaspace   ] GC(53) Metaspace: 97117K(98432K)->97117K(98432K) NonClass: 82838K(83584K)->82838K(83584K) Class: 14278K(14848K)->14278K(14848K)
[1339.465s][info ][gc             ] GC(53) Pause Young (Allocation Failure) 1888M->407M(2011M) 43.085ms
[1339.465s][info ][gc,cpu         ] GC(53) User=0.16s Sys=0.00s Real=0.04s
[1339.465s][info ][safepoint      ] Safepoint "ParallelGCFailedAllocation", Time since last: 900593127 ns, Reaching safepoint: 83505 ns, Cleanup: 4301 ns, At safepoint: 43173553 ns, Total: 43261359 ns
[1340.465s][info ][safepoint      ] Safepoint "Cleanup", Time since last: 1000093572 ns, Reaching safepoint: 79205 ns, Cleanup: 12901 ns, At safepoint: 6600 ns, Total: 98706 ns
[1342.465s][info ][safepoint      ] Safepoint "Cleanup", Time since last: 2000174304 ns, Reaching safepoint: 7400 ns, Cleanup: 9201 ns, At safepoint: 2400 ns, Total: 19001 ns
[1345.465s][info ][safepoint      ] Safepoint "Cleanup", Time since last: 3000260157 ns, Reaching safepoint: 7701 ns, Cleanup: 17001 ns, At safepoint: 2200 ns, Total: 26902 ns
[1346.465s][info ][safepoint      ] Safepoint "Cleanup", Time since last: 1000109125 ns, Reaching safepoint: 7700 ns, Cleanup: 10801 ns, At safepoint: 2000 ns, Total: 20501 ns
[1355.466s][info ][safepoint      ] Safepoint "Cleanup", Time since last: 9000623441 ns, Reaching safepoint: 6900 ns, Cleanup: 9301 ns, At safepoint: 2300 ns, Total: 18501 ns
[1359.466s][info ][safepoint      ] Safepoint "Cleanup", Time since last: 4000314230 ns, Reaching safepoint: 7301 ns, Cleanup: 13700 ns, At safepoint: 2101 ns, Total: 23102 ns
[1360.467s][info ][safepoint      ] Safepoint "Cleanup", Time since last: 1000129207 ns, Reaching safepoint: 7301 ns, Cleanup: 10100 ns, At safepoint: 2200 ns, Total: 19601 ns
[1367.467s][info ][safepoint      ] Safepoint "Cleanup", Time since last: 7000482949 ns, Reaching safepoint: 7501 ns, Cleanup: 12501 ns, At safepoint: 2200 ns, Total: 22202 ns
[1372.467s][info ][safepoint      ] Safepoint "Cleanup", Time since last: 5000378227 ns, Reaching safepoint: 6600 ns, Cleanup: 9601 ns, At safepoint: 5000 ns, Total: 21201 ns
[1378.468s][info ][safepoint      ] Safepoint "Cleanup", Time since last: 6000431020 ns, Reaching safepoint: 7000 ns, Cleanup: 11501 ns, At safepoint: 2400 ns, Total: 20901 ns
[1384.534s][info ][safepoint      ] Safepoint "Cleanup", Time since last: 6066567435 ns, Reaching safepoint: 6200 ns, Cleanup: 8401 ns, At safepoint: 2300 ns, Total: 16901 ns
[1388.535s][info ][safepoint      ] Safepoint "Cleanup", Time since last: 4000270021 ns, Reaching safepoint: 5901 ns, Cleanup: 8600 ns, At safepoint: 2100 ns, Total: 16601 ns
[1394.535s][info ][safepoint      ] Safepoint "Cleanup", Time since last: 6000422105 ns, Reaching safepoint: 7901 ns, Cleanup: 10301 ns, At safepoint: 2500 ns, Total: 20702 ns
[1397.242s][info ][gc,start       ] GC(54) Pause Young (Allocation Failure)
[1397.289s][debug][gc,phases      ] GC(54) Scavenge 47.671ms
[1397.289s][debug][gc,ref         ] GC(54) ReferenceProcessor::execute queues: 1, RefProcThreadModel::Single, marks_oops_alive: false
[1397.289s][debug][gc,ref         ] GC(54) Skipped KeepAliveFinalRefsPhase of Reference Processing: no references
[1397.289s][debug][gc,ref         ] GC(54) ReferenceProcessor::execute queues: 1, RefProcThreadModel::Single, marks_oops_alive: false
[1397.290s][debug][gc,phases      ] GC(54) Reference Processing 0.183ms
[1397.290s][debug][gc,phases      ] GC(54)   VM Weak                        Min:  0.0, Avg:  0.0, Max:  0.0, Diff:  0.0, Sum:  0.0, Workers: 4
[1397.290s][debug][gc,phases      ] GC(54)     Dead                           Min: 0, Avg:  0.0, Max: 0, Diff: 0, Sum: 0, Workers: 4
[1397.290s][debug][gc,phases      ] GC(54)     Total                          Min: 0, Avg: 263.5, Max: 832, Diff: 832, Sum: 1054, Workers: 4
[1397.290s][debug][gc,phases      ] GC(54)   ObjectSynchronizer Weak        Min:  0.0, Avg:  0.0, Max:  0.0, Diff:  0.0, Sum:  0.0, Workers: 4
[1397.290s][debug][gc,phases      ] GC(54)     Dead                           Min: 0, Avg:  0.0, Max: 0, Diff: 0, Sum: 0, Workers: 4
[1397.290s][debug][gc,phases      ] GC(54)     Total                          Min: 0, Avg:  1.0, Max: 4, Diff: 4, Sum: 4, Workers: 4
[1397.290s][debug][gc,phases      ] GC(54)   JVMTI Tag Weak OopStorage      Min:  0.0, Avg:  0.0, Max:  0.0, Diff:  0.0, Sum:  0.0, Workers: 4
[1397.290s][debug][gc,phases      ] GC(54)     Dead                           Min: 0, Avg:  0.0, Max: 0, Diff: 0, Sum: 0, Workers: 4
[1397.290s][debug][gc,phases      ] GC(54)     Total                          Min: 0, Avg:  0.0, Max: 0, Diff: 0, Sum: 0, Workers: 4
[1397.290s][debug][gc,phases      ] GC(54)   StringTable Weak               Min:  0.0, Avg:  0.1, Max:  0.2, Diff:  0.2, Sum:  0.5, Workers: 4
[1397.290s][debug][gc,phases      ] GC(54)     Dead                           Min: 0, Avg:  0.0, Max: 0, Diff: 0, Sum: 0, Workers: 4
[1397.290s][debug][gc,phases      ] GC(54)     Total                          Min: 0, Avg: 12161.5, Max: 18758, Diff: 18758, Sum: 48646, Workers: 4
[1397.290s][debug][gc,phases      ] GC(54)   ResolvedMethodTable Weak       Min:  0.0, Avg:  0.0, Max:  0.1, Diff:  0.1, Sum:  0.2, Workers: 4
[1397.290s][debug][gc,phases      ] GC(54)     Dead                           Min: 0, Avg:  0.0, Max: 0, Diff: 0, Sum: 0, Workers: 4
[1397.290s][debug][gc,phases      ] GC(54)     Total                          Min: 0, Avg: 3470.0, Max: 5906, Diff: 5906, Sum: 13880, Workers: 4
[1397.290s][debug][gc,phases      ] GC(54)   JNI Weak                       Min:  0.0, Avg:  0.0, Max:  0.0, Diff:  0.0, Sum:  0.0, Workers: 4
[1397.290s][debug][gc,phases      ] GC(54)     Dead                           Min: 0, Avg:  0.0, Max: 0, Diff: 0, Sum: 0, Workers: 4
[1397.290s][debug][gc,phases      ] GC(54)     Total                          Min: 0, Avg: 12.0, Max: 48, Diff: 48, Sum: 48, Workers: 4
[1397.290s][debug][gc,phases      ] GC(54)   StringDedup Table Weak         Min:  0.0, Avg:  0.0, Max:  0.0, Diff:  0.0, Sum:  0.0, Workers: 4
[1397.290s][debug][gc,phases      ] GC(54)     Dead                           Min: 0, Avg:  0.0, Max: 0, Diff: 0, Sum: 0, Workers: 4
[1397.290s][debug][gc,phases      ] GC(54)     Total                          Min: 0, Avg:  0.0, Max: 0, Diff: 0, Sum: 0, Workers: 4
[1397.290s][debug][gc,phases      ] GC(54)   StringDedup Requests0 Weak     Min:  0.0, Avg:  0.0, Max:  0.0, Diff:  0.0, Sum:  0.0, Workers: 4
[1397.290s][debug][gc,phases      ] GC(54)     Dead                           Min: 0, Avg:  0.0, Max: 0, Diff: 0, Sum: 0, Workers: 4
[1397.290s][debug][gc,phases      ] GC(54)     Total                          Min: 0, Avg:  0.0, Max: 0, Diff: 0, Sum: 0, Workers: 4
[1397.290s][debug][gc,phases      ] GC(54)   StringDedup Requests1 Weak     Min:  0.0, Avg:  0.0, Max:  0.0, Diff:  0.0, Sum:  0.0, Workers: 4
[1397.290s][debug][gc,phases      ] GC(54)     Dead                           Min: 0, Avg:  0.0, Max: 0, Diff: 0, Sum: 0, Workers: 4
[1397.290s][debug][gc,phases      ] GC(54)     Total                          Min: 0, Avg:  0.0, Max: 0, Diff: 0, Sum: 0, Workers: 4
[1397.290s][debug][gc,phases      ] GC(54)   Weak JFR Old Object Samples    Min:  0.0, Avg:  0.0, Max:  0.0, Diff:  0.0, Sum:  0.0, Workers: 4
[1397.290s][debug][gc,phases      ] GC(54)     Dead                           Min: 0, Avg:  0.0, Max: 0, Diff: 0, Sum: 0, Workers: 4
[1397.290s][debug][gc,phases      ] GC(54)     Total                          Min: 0, Avg:  0.0, Max: 0, Diff: 0, Sum: 0, Workers: 4
[1397.290s][debug][gc,phases      ] GC(54) Weak Processing 0.494ms
[1397.290s][debug][gc,age         ] GC(54) Desired survivor size 301989888 bytes, new threshold 15 (max threshold 15)
[1397.290s][info ][gc,heap        ] GC(54) PSYoungGen: 1676346K(1676800K)->160484K(1801216K) Eden: 1515520K(1515520K)->0K(1507328K) From: 160826K(161280K)->160484K(293888K)
[1397.290s][info ][gc,heap        ] GC(54) ParOldGen: 256817K(382976K)->256905K(382976K)
[1397.290s][info ][gc,metaspace   ] GC(54) Metaspace: 97134K(98496K)->97134K(98496K) NonClass: 82856K(83648K)->82856K(83648K) Class: 14278K(14848K)->14278K(14848K)
[1397.290s][info ][gc             ] GC(54) Pause Young (Allocation Failure) 1887M->407M(2133M) 48.504ms
[1397.290s][info ][gc,cpu         ] GC(54) User=0.16s Sys=0.00s Real=0.05s
[1397.290s][info ][safepoint      ] Safepoint "ParallelGCFailedAllocation", Time since last: 2706300962 ns, Reaching safepoint: 6500 ns, Cleanup: 4300 ns, At safepoint: 48593736 ns, Total: 48604536 ns
[1401.290s][info ][safepoint      ] Safepoint "Cleanup", Time since last: 4000262413 ns, Reaching safepoint: 81705 ns, Cleanup: 10501 ns, At safepoint: 5600 ns, Total: 97806 ns
[1402.291s][info ][safepoint      ] Safepoint "Cleanup", Time since last: 1000122807 ns, Reaching safepoint: 9801 ns, Cleanup: 18401 ns, At safepoint: 2700 ns, Total: 30902 ns
[1407.291s][info ][safepoint      ] Safepoint "Cleanup", Time since last: 5000357890 ns, Reaching safepoint: 7200 ns, Cleanup: 5700 ns, At safepoint: 2300 ns, Total: 15200 ns
[1409.291s][info ][safepoint      ] Safepoint "Cleanup", Time since last: 2000211347 ns, Reaching safepoint: 6901 ns, Cleanup: 14200 ns, At safepoint: 2001 ns, Total: 23102 ns
[1411.291s][info ][safepoint      ] Safepoint "Cleanup", Time since last: 2000135841 ns, Reaching safepoint: 6801 ns, Cleanup: 15301 ns, At safepoint: 2700 ns, Total: 24802 ns
[1429.293s][info ][safepoint      ] Safepoint "Cleanup", Time since last: 18001248539 ns, Reaching safepoint: 7900 ns, Cleanup: 12901 ns, At safepoint: 2700 ns, Total: 23501 ns
[1430.293s][info ][safepoint      ] Safepoint "Cleanup", Time since last: 1000088230 ns, Reaching safepoint: 7800 ns, Cleanup: 10801 ns, At safepoint: 2600 ns, Total: 21201 ns
[1438.293s][info ][safepoint      ] Safepoint "Cleanup", Time since last: 8000557110 ns, Reaching safepoint: 7301 ns, Cleanup: 8100 ns, At safepoint: 2201 ns, Total: 17602 ns
[1440.550s][info ][safepoint      ] Safepoint "Cleanup", Time since last: 2256574704 ns, Reaching safepoint: 2800 ns, Cleanup: 9501 ns, At safepoint: 4000 ns, Total: 16301 ns
[1447.551s][info ][safepoint      ] Safepoint "Cleanup", Time since last: 7000549624 ns, Reaching safepoint: 7200 ns, Cleanup: 8401 ns, At safepoint: 2000 ns, Total: 17601 ns
[1450.551s][info ][safepoint      ] Safepoint "Cleanup", Time since last: 3000246541 ns, Reaching safepoint: 7900 ns, Cleanup: 10101 ns, At safepoint: 2400 ns, Total: 20401 ns
[1451.551s][info ][safepoint      ] Safepoint "Cleanup", Time since last: 1000114182 ns, Reaching safepoint: 7701 ns, Cleanup: 12600 ns, At safepoint: 2301 ns, Total: 22602 ns
[1452.551s][info ][safepoint      ] Safepoint "Cleanup", Time since last: 1000114482 ns, Reaching safepoint: 6900 ns, Cleanup: 8701 ns, At safepoint: 2300 ns, Total: 17901 ns
[1453.551s][info ][safepoint      ] Safepoint "Cleanup", Time since last: 1000109438 ns, Reaching safepoint: 7601 ns, Cleanup: 10301 ns, At safepoint: 2300 ns, Total: 20202 ns
[1455.551s][info ][safepoint      ] Safepoint "Cleanup", Time since last: 2000189723 ns, Reaching safepoint: 7001 ns, Cleanup: 8900 ns, At safepoint: 2700 ns, Total: 18601 ns
[1458.552s][info ][safepoint      ] Safepoint "Cleanup", Time since last: 3000231732 ns, Reaching safepoint: 7401 ns, Cleanup: 10200 ns, At safepoint: 2200 ns, Total: 19801 ns
[1458.596s][info ][gc,start       ] GC(55) Pause Young (Allocation Failure)
[1458.638s][debug][gc,phases      ] GC(55) Scavenge 42.278ms
[1458.638s][debug][gc,ref         ] GC(55) ReferenceProcessor::execute queues: 1, RefProcThreadModel::Single, marks_oops_alive: false
[1458.638s][debug][gc,ref         ] GC(55) Skipped KeepAliveFinalRefsPhase of Reference Processing: no references
[1458.638s][debug][gc,ref         ] GC(55) ReferenceProcessor::execute queues: 1, RefProcThreadModel::Single, marks_oops_alive: false
[1458.638s][debug][gc,phases      ] GC(55) Reference Processing 0.187ms
[1458.638s][debug][gc,phases      ] GC(55)   VM Weak                        Min:  0.0, Avg:  0.0, Max:  0.0, Diff:  0.0, Sum:  0.0, Workers: 4
[1458.638s][debug][gc,phases      ] GC(55)     Dead                           Min: 0, Avg:  0.0, Max: 0, Diff: 0, Sum: 0, Workers: 4
[1458.638s][debug][gc,phases      ] GC(55)     Total                          Min: 0, Avg: 263.5, Max: 542, Diff: 542, Sum: 1054, Workers: 4
[1458.638s][debug][gc,phases      ] GC(55)   ObjectSynchronizer Weak        Min:  0.0, Avg:  0.0, Max:  0.0, Diff:  0.0, Sum:  0.0, Workers: 4
[1458.638s][debug][gc,phases      ] GC(55)     Dead                           Min: 0, Avg:  0.0, Max: 0, Diff: 0, Sum: 0, Workers: 4
[1458.638s][debug][gc,phases      ] GC(55)     Total                          Min: 0, Avg:  1.0, Max: 4, Diff: 4, Sum: 4, Workers: 4
[1458.638s][debug][gc,phases      ] GC(55)   JVMTI Tag Weak OopStorage      Min:  0.0, Avg:  0.0, Max:  0.0, Diff:  0.0, Sum:  0.0, Workers: 4
[1458.638s][debug][gc,phases      ] GC(55)     Dead                           Min: 0, Avg:  0.0, Max: 0, Diff: 0, Sum: 0, Workers: 4
[1458.638s][debug][gc,phases      ] GC(55)     Total                          Min: 0, Avg:  0.0, Max: 0, Diff: 0, Sum: 0, Workers: 4
[1458.638s][debug][gc,phases      ] GC(55)   StringTable Weak               Min:  0.0, Avg:  0.1, Max:  0.2, Diff:  0.2, Sum:  0.5, Workers: 4
[1458.638s][debug][gc,phases      ] GC(55)     Dead                           Min: 0, Avg:  0.2, Max: 1, Diff: 1, Sum: 1, Workers: 4
[1458.639s][debug][gc,phases      ] GC(55)     Total                          Min: 0, Avg: 12163.8, Max: 16896, Diff: 16896, Sum: 48655, Workers: 4
[1458.639s][debug][gc,phases      ] GC(55)   ResolvedMethodTable Weak       Min:  0.0, Avg:  0.0, Max:  0.1, Diff:  0.1, Sum:  0.2, Workers: 4
[1458.639s][debug][gc,phases      ] GC(55)     Dead                           Min: 0, Avg:  0.5, Max: 2, Diff: 2, Sum: 2, Workers: 4
[1458.639s][debug][gc,phases      ] GC(55)     Total                          Min: 0, Avg: 3471.5, Max: 5264, Diff: 5264, Sum: 13886, Workers: 4
[1458.639s][debug][gc,phases      ] GC(55)   JNI Weak                       Min:  0.0, Avg:  0.0, Max:  0.0, Diff:  0.0, Sum:  0.0, Workers: 4
[1458.639s][debug][gc,phases      ] GC(55)     Dead                           Min: 0, Avg:  0.0, Max: 0, Diff: 0, Sum: 0, Workers: 4
[1458.639s][debug][gc,phases      ] GC(55)     Total                          Min: 0, Avg: 12.0, Max: 48, Diff: 48, Sum: 48, Workers: 4
[1458.639s][debug][gc,phases      ] GC(55)   StringDedup Table Weak         Min:  0.0, Avg:  0.0, Max:  0.0, Diff:  0.0, Sum:  0.0, Workers: 4
[1458.639s][debug][gc,phases      ] GC(55)     Dead                           Min: 0, Avg:  0.0, Max: 0, Diff: 0, Sum: 0, Workers: 4
[1458.639s][debug][gc,phases      ] GC(55)     Total                          Min: 0, Avg:  0.0, Max: 0, Diff: 0, Sum: 0, Workers: 4
[1458.639s][debug][gc,phases      ] GC(55)   StringDedup Requests0 Weak     Min:  0.0, Avg:  0.0, Max:  0.0, Diff:  0.0, Sum:  0.0, Workers: 4
[1458.639s][debug][gc,phases      ] GC(55)     Dead                           Min: 0, Avg:  0.0, Max: 0, Diff: 0, Sum: 0, Workers: 4
[1458.639s][debug][gc,phases      ] GC(55)     Total                          Min: 0, Avg:  0.0, Max: 0, Diff: 0, Sum: 0, Workers: 4
[1458.639s][debug][gc,phases      ] GC(55)   StringDedup Requests1 Weak     Min:  0.0, Avg:  0.0, Max:  0.0, Diff:  0.0, Sum:  0.0, Workers: 4
[1458.639s][debug][gc,phases      ] GC(55)     Dead                           Min: 0, Avg:  0.0, Max: 0, Diff: 0, Sum: 0, Workers: 4
[1458.639s][debug][gc,phases      ] GC(55)     Total                          Min: 0, Avg:  0.0, Max: 0, Diff: 0, Sum: 0, Workers: 4
[1458.639s][debug][gc,phases      ] GC(55)   Weak JFR Old Object Samples    Min:  0.0, Avg:  0.0, Max:  0.0, Diff:  0.0, Sum:  0.0, Workers: 4
[1458.639s][debug][gc,phases      ] GC(55)     Dead                           Min: 0, Avg:  0.0, Max: 0, Diff: 0, Sum: 0, Workers: 4
[1458.639s][debug][gc,phases      ] GC(55)     Total                          Min: 0, Avg:  0.0, Max: 0, Diff: 0, Sum: 0, Workers: 4
[1458.639s][debug][gc,phases      ] GC(55) Weak Processing 0.501ms
[1458.639s][debug][gc,age         ] GC(55) Desired survivor size 301465600 bytes, new threshold 15 (max threshold 15)
[1458.639s][info ][gc,heap        ] GC(55) PSYoungGen: 1667812K(1801216K)->160932K(1802240K) Eden: 1507328K(1507328K)->0K(1507328K) From: 160484K(293888K)->160932K(294912K)
[1458.639s][info ][gc,heap        ] GC(55) ParOldGen: 256905K(382976K)->257017K(382976K)
[1458.639s][info ][gc,metaspace   ] GC(55) Metaspace: 97161K(98496K)->97161K(98496K) NonClass: 82881K(83648K)->82881K(83648K) Class: 14280K(14848K)->14280K(14848K)
[1458.639s][info ][gc             ] GC(55) Pause Young (Allocation Failure) 1879M->408M(2134M) 43.121ms
[1458.639s][info ][gc,cpu         ] GC(55) User=0.16s Sys=0.01s Real=0.05s
[1458.639s][info ][safepoint      ] Safepoint "ParallelGCFailedAllocation", Time since last: 43873699 ns, Reaching safepoint: 5900 ns, Cleanup: 3600 ns, At safepoint: 43226559 ns, Total: 43236059 ns
[1460.639s][info ][safepoint      ] Safepoint "Cleanup", Time since last: 2000156521 ns, Reaching safepoint: 7401 ns, Cleanup: 15101 ns, At safepoint: 2400 ns, Total: 24902 ns
[1461.639s][info ][safepoint      ] Safepoint "Cleanup", Time since last: 1000115285 ns, Reaching safepoint: 8100 ns, Cleanup: 7401 ns, At safepoint: 2700 ns, Total: 18201 ns
[1462.639s][info ][safepoint      ] Safepoint "Cleanup", Time since last: 1000107274 ns, Reaching safepoint: 6300 ns, Cleanup: 26502 ns, At safepoint: 2400 ns, Total: 35202 ns
[1468.640s][info ][safepoint      ] Safepoint "Cleanup", Time since last: 6000442279 ns, Reaching safepoint: 7601 ns, Cleanup: 9201 ns, At safepoint: 2100 ns, Total: 18902 ns
[1469.640s][info ][safepoint      ] Safepoint "Cleanup", Time since last: 1000118307 ns, Reaching safepoint: 6700 ns, Cleanup: 12801 ns, At safepoint: 2400 ns, Total: 21901 ns
[1473.640s][info ][safepoint      ] Safepoint "Cleanup", Time since last: 4000321882 ns, Reaching safepoint: 6800 ns, Cleanup: 16701 ns, At safepoint: 2601 ns, Total: 26102 ns
[1476.641s][info ][safepoint      ] Safepoint "Cleanup", Time since last: 3000388995 ns, Reaching safepoint: 8500 ns, Cleanup: 12401 ns, At safepoint: 2700 ns, Total: 23601 ns
[1482.641s][info ][safepoint      ] Safepoint "Cleanup", Time since last: 6000442918 ns, Reaching safepoint: 7301 ns, Cleanup: 12401 ns, At safepoint: 2800 ns, Total: 22502 ns
[1491.642s][info ][safepoint      ] Safepoint "Cleanup", Time since last: 9000641541 ns, Reaching safepoint: 6800 ns, Cleanup: 9701 ns, At safepoint: 2000 ns, Total: 18501 ns
[1493.642s][info ][safepoint      ] Safepoint "Cleanup", Time since last: 2000198336 ns, Reaching safepoint: 7001 ns, Cleanup: 12401 ns, At safepoint: 2600 ns, Total: 22002 ns
[1502.566s][info ][safepoint      ] Safepoint "Cleanup", Time since last: 8924086563 ns, Reaching safepoint: 6901 ns, Cleanup: 16301 ns, At safepoint: 2400 ns, Total: 25602 ns
[1505.566s][info ][safepoint      ] Safepoint "Cleanup", Time since last: 3000244710 ns, Reaching safepoint: 7500 ns, Cleanup: 9001 ns, At safepoint: 28302 ns, Total: 44803 ns
[1507.567s][info ][safepoint      ] Safepoint "Cleanup", Time since last: 2000178140 ns, Reaching safepoint: 6601 ns, Cleanup: 8800 ns, At safepoint: 2300 ns, Total: 17701 ns
[1509.567s][info ][safepoint      ] Safepoint "Cleanup", Time since last: 2000203099 ns, Reaching safepoint: 6001 ns, Cleanup: 8500 ns, At safepoint: 2100 ns, Total: 16601 ns
[1514.567s][info ][safepoint      ] Safepoint "Cleanup", Time since last: 5000358677 ns, Reaching safepoint: 6401 ns, Cleanup: 13700 ns, At safepoint: 2601 ns, Total: 22702 ns
[1520.609s][info ][gc,start       ] GC(56) Pause Young (Allocation Failure)
[1520.655s][debug][gc,phases      ] GC(56) Scavenge 45.968ms
[1520.655s][debug][gc,ref         ] GC(56) ReferenceProcessor::execute queues: 1, RefProcThreadModel::Single, marks_oops_alive: false
[1520.655s][debug][gc,ref         ] GC(56) Skipped KeepAliveFinalRefsPhase of Reference Processing: no references
[1520.655s][debug][gc,ref         ] GC(56) ReferenceProcessor::execute queues: 1, RefProcThreadModel::Single, marks_oops_alive: false
[1520.655s][debug][gc,phases      ] GC(56) Reference Processing 0.174ms
[1520.656s][debug][gc,phases      ] GC(56)   VM Weak                        Min:  0.0, Avg:  0.0, Max:  0.0, Diff:  0.0, Sum:  0.0, Workers: 4
[1520.656s][debug][gc,phases      ] GC(56)     Dead                           Min: 0, Avg:  0.0, Max: 0, Diff: 0, Sum: 0, Workers: 4
[1520.656s][debug][gc,phases      ] GC(56)     Total                          Min: 0, Avg: 263.5, Max: 704, Diff: 704, Sum: 1054, Workers: 4
[1520.656s][debug][gc,phases      ] GC(56)   ObjectSynchronizer Weak        Min:  0.0, Avg:  0.0, Max:  0.0, Diff:  0.0, Sum:  0.0, Workers: 4
[1520.656s][debug][gc,phases      ] GC(56)     Dead                           Min: 0, Avg:  0.0, Max: 0, Diff: 0, Sum: 0, Workers: 4
[1520.656s][debug][gc,phases      ] GC(56)     Total                          Min: 0, Avg:  1.2, Max: 5, Diff: 5, Sum: 5, Workers: 4
[1520.656s][debug][gc,phases      ] GC(56)   JVMTI Tag Weak OopStorage      Min:  0.0, Avg:  0.0, Max:  0.0, Diff:  0.0, Sum:  0.0, Workers: 4
[1520.656s][debug][gc,phases      ] GC(56)     Dead                           Min: 0, Avg:  0.0, Max: 0, Diff: 0, Sum: 0, Workers: 4
[1520.656s][debug][gc,phases      ] GC(56)     Total                          Min: 0, Avg:  0.0, Max: 0, Diff: 0, Sum: 0, Workers: 4
[1520.656s][debug][gc,phases      ] GC(56)   StringTable Weak               Min:  0.1, Avg:  0.1, Max:  0.2, Diff:  0.0, Sum:  0.6, Workers: 4
[1520.656s][debug][gc,phases      ] GC(56)     Dead                           Min: 0, Avg:  0.0, Max: 0, Diff: 0, Sum: 0, Workers: 4
[1520.656s][debug][gc,phases      ] GC(56)     Total                          Min: 11072, Avg: 12165.5, Max: 13079, Diff: 2007, Sum: 48662, Workers: 4
[1520.656s][debug][gc,phases      ] GC(56)   ResolvedMethodTable Weak       Min:  0.1, Avg:  0.1, Max:  0.1, Diff:  0.0, Sum:  0.2, Workers: 4
[1520.656s][debug][gc,phases      ] GC(56)     Dead                           Min: 0, Avg:  0.0, Max: 0, Diff: 0, Sum: 0, Workers: 4
[1520.656s][debug][gc,phases      ] GC(56)     Total                          Min: 2057, Avg: 3471.5, Max: 4579, Diff: 2522, Sum: 13886, Workers: 4
[1520.656s][debug][gc,phases      ] GC(56)   JNI Weak                       Min:  0.0, Avg:  0.0, Max:  0.0, Diff:  0.0, Sum:  0.0, Workers: 4
[1520.656s][debug][gc,phases      ] GC(56)     Dead                           Min: 0, Avg:  0.0, Max: 0, Diff: 0, Sum: 0, Workers: 4
[1520.656s][debug][gc,phases      ] GC(56)     Total                          Min: 0, Avg: 12.0, Max: 48, Diff: 48, Sum: 48, Workers: 4
[1520.656s][debug][gc,phases      ] GC(56)   StringDedup Table Weak         Min:  0.0, Avg:  0.0, Max:  0.0, Diff:  0.0, Sum:  0.0, Workers: 4
[1520.656s][debug][gc,phases      ] GC(56)     Dead                           Min: 0, Avg:  0.0, Max: 0, Diff: 0, Sum: 0, Workers: 4
[1520.656s][debug][gc,phases      ] GC(56)     Total                          Min: 0, Avg:  0.0, Max: 0, Diff: 0, Sum: 0, Workers: 4
[1520.656s][debug][gc,phases      ] GC(56)   StringDedup Requests0 Weak     Min:  0.0, Avg:  0.0, Max:  0.0, Diff:  0.0, Sum:  0.0, Workers: 4
[1520.656s][debug][gc,phases      ] GC(56)     Dead                           Min: 0, Avg:  0.0, Max: 0, Diff: 0, Sum: 0, Workers: 4
[1520.656s][debug][gc,phases      ] GC(56)     Total                          Min: 0, Avg:  0.0, Max: 0, Diff: 0, Sum: 0, Workers: 4
[1520.656s][debug][gc,phases      ] GC(56)   StringDedup Requests1 Weak     Min:  0.0, Avg:  0.0, Max:  0.0, Diff:  0.0, Sum:  0.0, Workers: 4
[1520.656s][debug][gc,phases      ] GC(56)     Dead                           Min: 0, Avg:  0.0, Max: 0, Diff: 0, Sum: 0, Workers: 4
[1520.656s][debug][gc,phases      ] GC(56)     Total                          Min: 0, Avg:  0.0, Max: 0, Diff: 0, Sum: 0, Workers: 4
[1520.656s][debug][gc,phases      ] GC(56)   Weak JFR Old Object Samples    Min:  0.0, Avg:  0.0, Max:  0.0, Diff:  0.0, Sum:  0.0, Workers: 4
[1520.656s][debug][gc,phases      ] GC(56)     Dead                           Min: 0, Avg:  0.0, Max: 0, Diff: 0, Sum: 0, Workers: 4
[1520.656s][debug][gc,phases      ] GC(56)     Total                          Min: 0, Avg:  0.0, Max: 0, Diff: 0, Sum: 0, Workers: 4
[1520.656s][debug][gc,phases      ] GC(56) Weak Processing 0.461ms
[1520.656s][debug][gc,age         ] GC(56) Desired survivor size 299892736 bytes, new threshold 15 (max threshold 15)
[1520.656s][info ][gc,heap        ] GC(56) PSYoungGen: 1668260K(1802240K)->161444K(1804288K) Eden: 1507328K(1507328K)->0K(1509888K) From: 160932K(294912K)->161444K(294400K)
[1520.656s][info ][gc,heap        ] GC(56) ParOldGen: 257017K(382976K)->257065K(382976K)
[1520.656s][info ][gc,metaspace   ] GC(56) Metaspace: 97217K(98560K)->97217K(98560K) NonClass: 82936K(83712K)->82936K(83712K) Class: 14280K(14848K)->14280K(14848K)
[1520.656s][info ][gc             ] GC(56) Pause Young (Allocation Failure) 1880M->408M(2136M) 46.777ms
[1520.656s][info ][gc,cpu         ] GC(56) User=0.17s Sys=0.00s Real=0.05s
[1520.656s][info ][safepoint      ] Safepoint "ParallelGCFailedAllocation", Time since last: 6042096835 ns, Reaching safepoint: 9200 ns, Cleanup: 4100 ns, At safepoint: 46867849 ns, Total: 46881149 ns
[1521.656s][info ][safepoint      ] Safepoint "Cleanup", Time since last: 1000090458 ns, Reaching safepoint: 8700 ns, Cleanup: 13401 ns, At safepoint: 2500 ns, Total: 24601 ns
[1530.657s][info ][safepoint      ] Safepoint "Cleanup", Time since last: 9000648518 ns, Reaching safepoint: 8901 ns, Cleanup: 8500 ns, At safepoint: 2201 ns, Total: 19602 ns
[1541.658s][info ][safepoint      ] Safepoint "Cleanup", Time since last: 11000729417 ns, Reaching safepoint: 99406 ns, Cleanup: 15401 ns, At safepoint: 15301 ns, Total: 130108 ns
[1542.658s][info ][safepoint      ] Safepoint "Cleanup", Time since last: 1000120166 ns, Reaching safepoint: 7101 ns, Cleanup: 58303 ns, At safepoint: 2400 ns, Total: 67804 ns
[1543.658s][info ][safepoint      ] Safepoint "Cleanup", Time since last: 1000100065 ns, Reaching safepoint: 6900 ns, Cleanup: 11901 ns, At safepoint: 2200 ns, Total: 21001 ns
[1544.658s][info ][safepoint      ] Safepoint "Cleanup", Time since last: 1000107265 ns, Reaching safepoint: 6801 ns, Cleanup: 6900 ns, At safepoint: 2600 ns, Total: 16301 ns
[1546.658s][info ][safepoint      ] Safepoint "Cleanup", Time since last: 2000176428 ns, Reaching safepoint: 7001 ns, Cleanup: 10100 ns, At safepoint: 2601 ns, Total: 19702 ns
[1547.659s][info ][safepoint      ] Safepoint "Cleanup", Time since last: 1000143367 ns, Reaching safepoint: 9800 ns, Cleanup: 16901 ns, At safepoint: 3001 ns, Total: 29702 ns
[1558.660s][info ][safepoint      ] Safepoint "Cleanup", Time since last: 11000983389 ns, Reaching safepoint: 9600 ns, Cleanup: 11501 ns, At safepoint: 2600 ns, Total: 23701 ns
[1563.920s][info ][gc,start       ] GC(57) Pause Young (Allocation Failure)
[1563.964s][debug][gc,phases      ] GC(57) Scavenge 44.049ms
[1563.964s][debug][gc,ref         ] GC(57) ReferenceProcessor::execute queues: 1, RefProcThreadModel::Single, marks_oops_alive: false
[1563.964s][debug][gc,ref         ] GC(57) Skipped KeepAliveFinalRefsPhase of Reference Processing: no references
[1563.964s][debug][gc,ref         ] GC(57) ReferenceProcessor::execute queues: 1, RefProcThreadModel::Single, marks_oops_alive: false
[1563.964s][debug][gc,phases      ] GC(57) Reference Processing 0.180ms
[1563.964s][debug][gc,phases      ] GC(57)   VM Weak                        Min:  0.0, Avg:  0.0, Max:  0.0, Diff:  0.0, Sum:  0.0, Workers: 4
[1563.964s][debug][gc,phases      ] GC(57)     Dead                           Min: 0, Avg:  0.0, Max: 0, Diff: 0, Sum: 0, Workers: 4
[1563.964s][debug][gc,phases      ] GC(57)     Total                          Min: 0, Avg: 263.5, Max: 734, Diff: 734, Sum: 1054, Workers: 4
[1563.964s][debug][gc,phases      ] GC(57)   ObjectSynchronizer Weak        Min:  0.0, Avg:  0.0, Max:  0.0, Diff:  0.0, Sum:  0.0, Workers: 4
[1563.964s][debug][gc,phases      ] GC(57)     Dead                           Min: 0, Avg:  0.0, Max: 0, Diff: 0, Sum: 0, Workers: 4
[1563.964s][debug][gc,phases      ] GC(57)     Total                          Min: 0, Avg:  0.8, Max: 3, Diff: 3, Sum: 3, Workers: 4
[1563.964s][debug][gc,phases      ] GC(57)   JVMTI Tag Weak OopStorage      Min:  0.0, Avg:  0.0, Max:  0.0, Diff:  0.0, Sum:  0.0, Workers: 4
[1563.964s][debug][gc,phases      ] GC(57)     Dead                           Min: 0, Avg:  0.0, Max: 0, Diff: 0, Sum: 0, Workers: 4
[1563.964s][debug][gc,phases      ] GC(57)     Total                          Min: 0, Avg:  0.0, Max: 0, Diff: 0, Sum: 0, Workers: 4
[1563.964s][debug][gc,phases      ] GC(57)   StringTable Weak               Min:  0.0, Avg:  0.1, Max:  0.2, Diff:  0.2, Sum:  0.5, Workers: 4
[1563.964s][debug][gc,phases      ] GC(57)     Dead                           Min: 0, Avg:  0.0, Max: 0, Diff: 0, Sum: 0, Workers: 4
[1563.964s][debug][gc,phases      ] GC(57)     Total                          Min: 0, Avg: 12166.0, Max: 17369, Diff: 17369, Sum: 48664, Workers: 4
[1563.964s][debug][gc,phases      ] GC(57)   ResolvedMethodTable Weak       Min:  0.0, Avg:  0.0, Max:  0.1, Diff:  0.1, Sum:  0.2, Workers: 4
[1563.964s][debug][gc,phases      ] GC(57)     Dead                           Min: 0, Avg:  0.0, Max: 0, Diff: 0, Sum: 0, Workers: 4
[1563.964s][debug][gc,phases      ] GC(57)     Total                          Min: 0, Avg: 3471.5, Max: 5141, Diff: 5141, Sum: 13886, Workers: 4
[1563.964s][debug][gc,phases      ] GC(57)   JNI Weak                       Min:  0.0, Avg:  0.0, Max:  0.0, Diff:  0.0, Sum:  0.0, Workers: 4
[1563.964s][debug][gc,phases      ] GC(57)     Dead                           Min: 0, Avg:  0.0, Max: 0, Diff: 0, Sum: 0, Workers: 4
[1563.964s][debug][gc,phases      ] GC(57)     Total                          Min: 0, Avg: 12.0, Max: 48, Diff: 48, Sum: 48, Workers: 4
[1563.964s][debug][gc,phases      ] GC(57)   StringDedup Table Weak         Min:  0.0, Avg:  0.0, Max:  0.0, Diff:  0.0, Sum:  0.0, Workers: 4
[1563.964s][debug][gc,phases      ] GC(57)     Dead                           Min: 0, Avg:  0.0, Max: 0, Diff: 0, Sum: 0, Workers: 4
[1563.964s][debug][gc,phases      ] GC(57)     Total                          Min: 0, Avg:  0.0, Max: 0, Diff: 0, Sum: 0, Workers: 4
[1563.964s][debug][gc,phases      ] GC(57)   StringDedup Requests0 Weak     Min:  0.0, Avg:  0.0, Max:  0.0, Diff:  0.0, Sum:  0.0, Workers: 4
[1563.964s][debug][gc,phases      ] GC(57)     Dead                           Min: 0, Avg:  0.0, Max: 0, Diff: 0, Sum: 0, Workers: 4
[1563.964s][debug][gc,phases      ] GC(57)     Total                          Min: 0, Avg:  0.0, Max: 0, Diff: 0, Sum: 0, Workers: 4
[1563.964s][debug][gc,phases      ] GC(57)   StringDedup Requests1 Weak     Min:  0.0, Avg:  0.0, Max:  0.0, Diff:  0.0, Sum:  0.0, Workers: 4
[1563.964s][debug][gc,phases      ] GC(57)     Dead                           Min: 0, Avg:  0.0, Max: 0, Diff: 0, Sum: 0, Workers: 4
[1563.964s][debug][gc,phases      ] GC(57)     Total                          Min: 0, Avg:  0.0, Max: 0, Diff: 0, Sum: 0, Workers: 4
[1563.964s][debug][gc,phases      ] GC(57)   Weak JFR Old Object Samples    Min:  0.0, Avg:  0.0, Max:  0.0, Diff:  0.0, Sum:  0.0, Workers: 4
[1563.964s][debug][gc,phases      ] GC(57)     Dead                           Min: 0, Avg:  0.0, Max: 0, Diff: 0, Sum: 0, Workers: 4
[1563.964s][debug][gc,phases      ] GC(57)     Total                          Min: 0, Avg:  0.0, Max: 0, Diff: 0, Sum: 0, Workers: 4
[1563.964s][debug][gc,phases      ] GC(57) Weak Processing 0.486ms
[1563.964s][debug][gc,age         ] GC(57) Desired survivor size 295174144 bytes, new threshold 15 (max threshold 15)
[1563.964s][info ][gc,heap        ] GC(57) PSYoungGen: 1671332K(1804288K)->155531K(1802752K) Eden: 1509888K(1509888K)->0K(1509888K) From: 161444K(294400K)->155531K(292864K)
[1563.964s][info ][gc,heap        ] GC(57) ParOldGen: 257065K(382976K)->257161K(382976K)
[1563.965s][info ][gc,metaspace   ] GC(57) Metaspace: 97233K(98560K)->97233K(98560K) NonClass: 82953K(83712K)->82953K(83712K) Class: 14280K(14848K)->14280K(14848K)
[1563.965s][info ][gc             ] GC(57) Pause Young (Allocation Failure) 1883M->403M(2134M) 44.868ms
[1563.965s][info ][gc,cpu         ] GC(57) User=0.16s Sys=0.00s Real=0.04s
[1563.965s][info ][safepoint      ] Safepoint "ParallelGCFailedAllocation", Time since last: 5260058991 ns, Reaching safepoint: 8000 ns, Cleanup: 4000 ns, At safepoint: 44949331 ns, Total: 44961331 ns
[1583.966s][info ][safepoint      ] Safepoint "Cleanup", Time since last: 20001217327 ns, Reaching safepoint: 7100 ns, Cleanup: 17401 ns, At safepoint: 2101 ns, Total: 26602 ns
[1584.966s][info ][safepoint      ] Safepoint "Cleanup", Time since last: 1000073749 ns, Reaching safepoint: 7100 ns, Cleanup: 10401 ns, At safepoint: 2600 ns, Total: 20101 ns
[1587.966s][info ][safepoint      ] Safepoint "Cleanup", Time since last: 3000273650 ns, Reaching safepoint: 7301 ns, Cleanup: 10000 ns, At safepoint: 2300 ns, Total: 19601 ns
[1590.966s][info ][safepoint      ] Safepoint "Cleanup", Time since last: 3000250413 ns, Reaching safepoint: 10300 ns, Cleanup: 11101 ns, At safepoint: 6700 ns, Total: 28101 ns
[1593.967s][info ][safepoint      ] Safepoint "Cleanup", Time since last: 3000252674 ns, Reaching safepoint: 6500 ns, Cleanup: 7801 ns, At safepoint: 2700 ns, Total: 17001 ns
[1594.967s][info ][safepoint      ] Safepoint "Cleanup", Time since last: 1000122093 ns, Reaching safepoint: 7501 ns, Cleanup: 10900 ns, At safepoint: 2500 ns, Total: 20901 ns
[1595.967s][info ][safepoint      ] Safepoint "Cleanup", Time since last: 1000114193 ns, Reaching safepoint: 7401 ns, Cleanup: 8700 ns, At safepoint: 2800 ns, Total: 18901 ns
[1596.967s][info ][safepoint      ] Safepoint "Cleanup", Time since last: 1000117393 ns, Reaching safepoint: 5701 ns, Cleanup: 9400 ns, At safepoint: 2600 ns, Total: 17701 ns
[1597.967s][info ][safepoint      ] Safepoint "Cleanup", Time since last: 1000106710 ns, Reaching safepoint: 7200 ns, Cleanup: 14601 ns, At safepoint: 2400 ns, Total: 24201 ns
[1601.968s][info ][safepoint      ] Safepoint "Cleanup", Time since last: 4000318655 ns, Reaching safepoint: 6601 ns, Cleanup: 12300 ns, At safepoint: 2600 ns, Total: 21501 ns
[1602.968s][info ][safepoint      ] Safepoint "Cleanup", Time since last: 1000062938 ns, Reaching safepoint: 7101 ns, Cleanup: 11600 ns, At safepoint: 3001 ns, Total: 21702 ns
[1608.968s][info ][safepoint      ] Safepoint "Cleanup", Time since last: 6000479246 ns, Reaching safepoint: 7001 ns, Cleanup: 11300 ns, At safepoint: 2400 ns, Total: 20701 ns
[1609.968s][info ][safepoint      ] Safepoint "Cleanup", Time since last: 1000136290 ns, Reaching safepoint: 9201 ns, Cleanup: 10900 ns, At safepoint: 2601 ns, Total: 22702 ns
[1616.969s][info ][safepoint      ] Safepoint "Cleanup", Time since last: 7000475129 ns, Reaching safepoint: 82905 ns, Cleanup: 10100 ns, At safepoint: 6501 ns, Total: 99506 ns
[1620.598s][info ][safepoint      ] Safepoint "Cleanup", Time since last: 3629415356 ns, Reaching safepoint: 3700 ns, Cleanup: 8701 ns, At safepoint: 4300 ns, Total: 16701 ns
[1625.621s][info ][gc,start       ] GC(58) Pause Young (Allocation Failure)
[1625.667s][debug][gc,phases      ] GC(58) Scavenge 46.219ms
[1625.667s][debug][gc,ref         ] GC(58) ReferenceProcessor::execute queues: 1, RefProcThreadModel::Single, marks_oops_alive: false
[1625.668s][debug][gc,ref         ] GC(58) Skipped KeepAliveFinalRefsPhase of Reference Processing: no references
[1625.668s][debug][gc,ref         ] GC(58) ReferenceProcessor::execute queues: 1, RefProcThreadModel::Single, marks_oops_alive: false
[1625.668s][debug][gc,phases      ] GC(58) Reference Processing 0.176ms
[1625.668s][debug][gc,phases      ] GC(58)   VM Weak                        Min:  0.0, Avg:  0.0, Max:  0.0, Diff:  0.0, Sum:  0.1, Workers: 4
[1625.668s][debug][gc,phases      ] GC(58)     Dead                           Min: 0, Avg:  0.0, Max: 0, Diff: 0, Sum: 0, Workers: 4
[1625.668s][debug][gc,phases      ] GC(58)     Total                          Min: 0, Avg: 263.5, Max: 896, Diff: 896, Sum: 1054, Workers: 4
[1625.668s][debug][gc,phases      ] GC(58)   ObjectSynchronizer Weak        Min:  0.0, Avg:  0.0, Max:  0.0, Diff:  0.0, Sum:  0.0, Workers: 4
[1625.668s][debug][gc,phases      ] GC(58)     Dead                           Min: 0, Avg:  0.0, Max: 0, Diff: 0, Sum: 0, Workers: 4
[1625.668s][debug][gc,phases      ] GC(58)     Total                          Min: 0, Avg:  0.8, Max: 3, Diff: 3, Sum: 3, Workers: 4
[1625.668s][debug][gc,phases      ] GC(58)   JVMTI Tag Weak OopStorage      Min:  0.0, Avg:  0.0, Max:  0.0, Diff:  0.0, Sum:  0.0, Workers: 4
[1625.668s][debug][gc,phases      ] GC(58)     Dead                           Min: 0, Avg:  0.0, Max: 0, Diff: 0, Sum: 0, Workers: 4
[1625.668s][debug][gc,phases      ] GC(58)     Total                          Min: 0, Avg:  0.0, Max: 0, Diff: 0, Sum: 0, Workers: 4
[1625.668s][debug][gc,phases      ] GC(58)   StringTable Weak               Min:  0.0, Avg:  0.1, Max:  0.2, Diff:  0.2, Sum:  0.5, Workers: 4
[1625.668s][debug][gc,phases      ] GC(58)     Dead                           Min: 0, Avg:  0.0, Max: 0, Diff: 0, Sum: 0, Workers: 4
[1625.668s][debug][gc,phases      ] GC(58)     Total                          Min: 0, Avg: 12166.2, Max: 17114, Diff: 17114, Sum: 48665, Workers: 4
[1625.668s][debug][gc,phases      ] GC(58)   ResolvedMethodTable Weak       Min:  0.0, Avg:  0.0, Max:  0.1, Diff:  0.1, Sum:  0.2, Workers: 4
[1625.668s][debug][gc,phases      ] GC(58)     Dead                           Min: 0, Avg:  0.0, Max: 0, Diff: 0, Sum: 0, Workers: 4
[1625.668s][debug][gc,phases      ] GC(58)     Total                          Min: 0, Avg: 3471.5, Max: 5015, Diff: 5015, Sum: 13886, Workers: 4
[1625.668s][debug][gc,phases      ] GC(58)   JNI Weak                       Min:  0.0, Avg:  0.0, Max:  0.0, Diff:  0.0, Sum:  0.0, Workers: 4
[1625.668s][debug][gc,phases      ] GC(58)     Dead                           Min: 0, Avg:  0.0, Max: 0, Diff: 0, Sum: 0, Workers: 4
[1625.668s][debug][gc,phases      ] GC(58)     Total                          Min: 0, Avg: 12.0, Max: 48, Diff: 48, Sum: 48, Workers: 4
[1625.668s][debug][gc,phases      ] GC(58)   StringDedup Table Weak         Min:  0.0, Avg:  0.0, Max:  0.0, Diff:  0.0, Sum:  0.0, Workers: 4
[1625.668s][debug][gc,phases      ] GC(58)     Dead                           Min: 0, Avg:  0.0, Max: 0, Diff: 0, Sum: 0, Workers: 4
[1625.668s][debug][gc,phases      ] GC(58)     Total                          Min: 0, Avg:  0.0, Max: 0, Diff: 0, Sum: 0, Workers: 4
[1625.668s][debug][gc,phases      ] GC(58)   StringDedup Requests0 Weak     Min:  0.0, Avg:  0.0, Max:  0.0, Diff:  0.0, Sum:  0.0, Workers: 4
[1625.668s][debug][gc,phases      ] GC(58)     Dead                           Min: 0, Avg:  0.0, Max: 0, Diff: 0, Sum: 0, Workers: 4
[1625.668s][debug][gc,phases      ] GC(58)     Total                          Min: 0, Avg:  0.0, Max: 0, Diff: 0, Sum: 0, Workers: 4
[1625.668s][debug][gc,phases      ] GC(58)   StringDedup Requests1 Weak     Min:  0.0, Avg:  0.0, Max:  0.0, Diff:  0.0, Sum:  0.0, Workers: 4
[1625.668s][debug][gc,phases      ] GC(58)     Dead                           Min: 0, Avg:  0.0, Max: 0, Diff: 0, Sum: 0, Workers: 4
[1625.668s][debug][gc,phases      ] GC(58)     Total                          Min: 0, Avg:  0.0, Max: 0, Diff: 0, Sum: 0, Workers: 4
[1625.668s][debug][gc,phases      ] GC(58)   Weak JFR Old Object Samples    Min:  0.0, Avg:  0.0, Max:  0.0, Diff:  0.0, Sum:  0.0, Workers: 4
[1625.668s][debug][gc,phases      ] GC(58)     Dead                           Min: 0, Avg:  0.0, Max: 0, Diff: 0, Sum: 0, Workers: 4
[1625.668s][debug][gc,phases      ] GC(58)     Total                          Min: 0, Avg:  0.0, Max: 0, Diff: 0, Sum: 0, Workers: 4
[1625.668s][debug][gc,phases      ] GC(58) Weak Processing 0.510ms
[1625.668s][debug][gc,age         ] GC(58) Desired survivor size 290979840 bytes, new threshold 15 (max threshold 15)
[1625.668s][info ][gc,heap        ] GC(58) PSYoungGen: 1665419K(1802752K)->157768K(1812992K) Eden: 1509888K(1509888K)->0K(1524736K) From: 155531K(292864K)->157768K(288256K)
[1625.668s][info ][gc,heap        ] GC(58) ParOldGen: 257161K(382976K)->257385K(382976K)
[1625.668s][info ][gc,metaspace   ] GC(58) Metaspace: 97246K(98560K)->97246K(98560K) NonClass: 82966K(83712K)->82966K(83712K) Class: 14280K(14848K)->14280K(14848K)
[1625.668s][info ][gc             ] GC(58) Pause Young (Allocation Failure) 1877M->405M(2144M) 47.068ms
[1625.668s][info ][gc,cpu         ] GC(58) User=0.16s Sys=0.01s Real=0.05s
[1625.668s][info ][safepoint      ] Safepoint "ParallelGCFailedAllocation", Time since last: 5022610813 ns, Reaching safepoint: 7900 ns, Cleanup: 4100 ns, At safepoint: 47162073 ns, Total: 47174073 ns
[1629.668s][info ][safepoint      ] Safepoint "Cleanup", Time since last: 4000302468 ns, Reaching safepoint: 6801 ns, Cleanup: 11800 ns, At safepoint: 2401 ns, Total: 21002 ns
[1630.669s][info ][safepoint      ] Safepoint "Cleanup", Time since last: 1000112435 ns, Reaching safepoint: 7200 ns, Cleanup: 9201 ns, At safepoint: 2100 ns, Total: 18501 ns
[1631.669s][info ][safepoint      ] Safepoint "Cleanup", Time since last: 1000128836 ns, Reaching safepoint: 79004 ns, Cleanup: 10401 ns, At safepoint: 6200 ns, Total: 95605 ns
[1643.670s][info ][safepoint      ] Safepoint "Cleanup", Time since last: 12000887827 ns, Reaching safepoint: 80805 ns, Cleanup: 9601 ns, At safepoint: 33902 ns, Total: 124308 ns
[1645.670s][info ][safepoint      ] Safepoint "Cleanup", Time since last: 2000183352 ns, Reaching safepoint: 84205 ns, Cleanup: 17601 ns, At safepoint: 6701 ns, Total: 108507 ns
[1654.671s][info ][safepoint      ] Safepoint "Cleanup", Time since last: 9000704198 ns, Reaching safepoint: 104506 ns, Cleanup: 18801 ns, At safepoint: 7901 ns, Total: 131208 ns
[1662.672s][info ][safepoint      ] Safepoint "Cleanup", Time since last: 8000633631 ns, Reaching safepoint: 82305 ns, Cleanup: 10400 ns, At safepoint: 7201 ns, Total: 99906 ns
[1664.672s][info ][safepoint      ] Safepoint "Cleanup", Time since last: 2000172907 ns, Reaching safepoint: 61204 ns, Cleanup: 15601 ns, At safepoint: 7900 ns, Total: 84705 ns
[1676.673s][info ][safepoint      ] Safepoint "Cleanup", Time since last: 12000887572 ns, Reaching safepoint: 82105 ns, Cleanup: 7601 ns, At safepoint: 7200 ns, Total: 96906 ns
[1677.673s][info ][safepoint      ] Safepoint "Cleanup", Time since last: 1000141450 ns, Reaching safepoint: 84505 ns, Cleanup: 14501 ns, At safepoint: 7500 ns, Total: 106506 ns
[1679.674s][info ][safepoint      ] Safepoint "Cleanup", Time since last: 2000179240 ns, Reaching safepoint: 78404 ns, Cleanup: 10001 ns, At safepoint: 34202 ns, Total: 122607 ns
[1683.192s][info ][gc,start       ] GC(59) Pause Young (Allocation Failure)
[1683.235s][debug][gc,phases      ] GC(59) Scavenge 43.023ms
[1683.235s][debug][gc,ref         ] GC(59) ReferenceProcessor::execute queues: 1, RefProcThreadModel::Single, marks_oops_alive: false
[1683.235s][debug][gc,ref         ] GC(59) Skipped KeepAliveFinalRefsPhase of Reference Processing: no references
[1683.235s][debug][gc,ref         ] GC(59) ReferenceProcessor::execute queues: 1, RefProcThreadModel::Single, marks_oops_alive: false
[1683.235s][debug][gc,phases      ] GC(59) Reference Processing 0.165ms
[1683.235s][debug][gc,phases      ] GC(59)   VM Weak                        Min:  0.0, Avg:  0.0, Max:  0.0, Diff:  0.0, Sum:  0.0, Workers: 4
[1683.235s][debug][gc,phases      ] GC(59)     Dead                           Min: 0, Avg:  0.0, Max: 0, Diff: 0, Sum: 0, Workers: 4
[1683.235s][debug][gc,phases      ] GC(59)     Total                          Min: 0, Avg: 263.5, Max: 576, Diff: 576, Sum: 1054, Workers: 4
[1683.235s][debug][gc,phases      ] GC(59)   ObjectSynchronizer Weak        Min:  0.0, Avg:  0.0, Max:  0.0, Diff:  0.0, Sum:  0.0, Workers: 4
[1683.235s][debug][gc,phases      ] GC(59)     Dead                           Min: 0, Avg:  0.0, Max: 0, Diff: 0, Sum: 0, Workers: 4
[1683.235s][debug][gc,phases      ] GC(59)     Total                          Min: 0, Avg:  1.0, Max: 4, Diff: 4, Sum: 4, Workers: 4
[1683.235s][debug][gc,phases      ] GC(59)   JVMTI Tag Weak OopStorage      Min:  0.0, Avg:  0.0, Max:  0.0, Diff:  0.0, Sum:  0.0, Workers: 4
[1683.235s][debug][gc,phases      ] GC(59)     Dead                           Min: 0, Avg:  0.0, Max: 0, Diff: 0, Sum: 0, Workers: 4
[1683.235s][debug][gc,phases      ] GC(59)     Total                          Min: 0, Avg:  0.0, Max: 0, Diff: 0, Sum: 0, Workers: 4
[1683.235s][debug][gc,phases      ] GC(59)   StringTable Weak               Min:  0.1, Avg:  0.1, Max:  0.1, Diff:  0.0, Sum:  0.5, Workers: 4
[1683.235s][debug][gc,phases      ] GC(59)     Dead                           Min: 0, Avg:  0.0, Max: 0, Diff: 0, Sum: 0, Workers: 4
[1683.235s][debug][gc,phases      ] GC(59)     Total                          Min: 11549, Avg: 12167.0, Max: 12608, Diff: 1059, Sum: 48668, Workers: 4
[1683.235s][debug][gc,phases      ] GC(59)   ResolvedMethodTable Weak       Min:  0.1, Avg:  0.1, Max:  0.1, Diff:  0.0, Sum:  0.2, Workers: 4
[1683.235s][debug][gc,phases      ] GC(59)     Dead                           Min: 0, Avg:  0.0, Max: 0, Diff: 0, Sum: 0, Workers: 4
[1683.235s][debug][gc,phases      ] GC(59)     Total                          Min: 2559, Avg: 3471.5, Max: 4070, Diff: 1511, Sum: 13886, Workers: 4
[1683.235s][debug][gc,phases      ] GC(59)   JNI Weak                       Min:  0.0, Avg:  0.0, Max:  0.0, Diff:  0.0, Sum:  0.0, Workers: 4
[1683.235s][debug][gc,phases      ] GC(59)     Dead                           Min: 0, Avg:  0.0, Max: 0, Diff: 0, Sum: 0, Workers: 4
[1683.235s][debug][gc,phases      ] GC(59)     Total                          Min: 0, Avg: 12.0, Max: 48, Diff: 48, Sum: 48, Workers: 4
[1683.235s][debug][gc,phases      ] GC(59)   StringDedup Table Weak         Min:  0.0, Avg:  0.0, Max:  0.0, Diff:  0.0, Sum:  0.0, Workers: 4
[1683.235s][debug][gc,phases      ] GC(59)     Dead                           Min: 0, Avg:  0.0, Max: 0, Diff: 0, Sum: 0, Workers: 4
[1683.235s][debug][gc,phases      ] GC(59)     Total                          Min: 0, Avg:  0.0, Max: 0, Diff: 0, Sum: 0, Workers: 4
[1683.235s][debug][gc,phases      ] GC(59)   StringDedup Requests0 Weak     Min:  0.0, Avg:  0.0, Max:  0.0, Diff:  0.0, Sum:  0.0, Workers: 4
[1683.235s][debug][gc,phases      ] GC(59)     Dead                           Min: 0, Avg:  0.0, Max: 0, Diff: 0, Sum: 0, Workers: 4
[1683.235s][debug][gc,phases      ] GC(59)     Total                          Min: 0, Avg:  0.0, Max: 0, Diff: 0, Sum: 0, Workers: 4
[1683.235s][debug][gc,phases      ] GC(59)   StringDedup Requests1 Weak     Min:  0.0, Avg:  0.0, Max:  0.0, Diff:  0.0, Sum:  0.0, Workers: 4
[1683.235s][debug][gc,phases      ] GC(59)     Dead                           Min: 0, Avg:  0.0, Max: 0, Diff: 0, Sum: 0, Workers: 4
[1683.235s][debug][gc,phases      ] GC(59)     Total                          Min: 0, Avg:  0.0, Max: 0, Diff: 0, Sum: 0, Workers: 4
[1683.235s][debug][gc,phases      ] GC(59)   Weak JFR Old Object Samples    Min:  0.0, Avg:  0.0, Max:  0.0, Diff:  0.0, Sum:  0.0, Workers: 4
[1683.235s][debug][gc,phases      ] GC(59)     Dead                           Min: 0, Avg:  0.0, Max: 0, Diff: 0, Sum: 0, Workers: 4
[1683.235s][debug][gc,phases      ] GC(59)     Total                          Min: 0, Avg:  0.0, Max: 0, Diff: 0, Sum: 0, Workers: 4
[1683.235s][debug][gc,phases      ] GC(59) Weak Processing 0.432ms
[1683.235s][debug][gc,age         ] GC(59) Desired survivor size 278396928 bytes, new threshold 15 (max threshold 15)
[1683.236s][info ][gc,heap        ] GC(59) PSYoungGen: 1682504K(1812992K)->138144K(1808896K) Eden: 1524736K(1524736K)->0K(1524736K) From: 157768K(288256K)->138144K(284160K)
[1683.236s][info ][gc,heap        ] GC(59) ParOldGen: 257385K(382976K)->279302K(382976K)
[1683.236s][info ][gc,metaspace   ] GC(59) Metaspace: 97271K(98624K)->97271K(98624K) NonClass: 82988K(83776K)->82988K(83776K) Class: 14282K(14848K)->14282K(14848K)
[1683.236s][info ][gc             ] GC(59) Pause Young (Allocation Failure) 1894M->407M(2140M) 43.774ms
[1683.236s][info ][gc,cpu         ] GC(59) User=0.14s Sys=0.02s Real=0.04s
[1683.236s][info ][safepoint      ] Safepoint "ParallelGCFailedAllocation", Time since last: 3518148761 ns, Reaching safepoint: 62603 ns, Cleanup: 4401 ns, At safepoint: 43859121 ns, Total: 43926125 ns
[1689.236s][info ][safepoint      ] Safepoint "Cleanup", Time since last: 6000464845 ns, Reaching safepoint: 10401 ns, Cleanup: 12400 ns, At safepoint: 35602 ns, Total: 58403 ns
[1706.237s][info ][safepoint      ] Safepoint "Cleanup", Time since last: 17001046379 ns, Reaching safepoint: 5900 ns, Cleanup: 54703 ns, At safepoint: 6101 ns, Total: 66704 ns
[1716.238s][info ][safepoint      ] Safepoint "Cleanup", Time since last: 10000724448 ns, Reaching safepoint: 7700 ns, Cleanup: 6201 ns, At safepoint: 2400 ns, Total: 16301 ns
[1745.631s][info ][safepoint      ] Safepoint "Cleanup", Time since last: 29392977417 ns, Reaching safepoint: 8301 ns, Cleanup: 11002 ns, At safepoint: 2300 ns, Total: 21603 ns
[1766.632s][info ][safepoint      ] Safepoint "Cleanup", Time since last: 21001471235 ns, Reaching safepoint: 7001 ns, Cleanup: 10501 ns, At safepoint: 28603 ns, Total: 46105 ns
[1821.638s][info ][safepoint      ] Safepoint "Cleanup", Time since last: 55005630267 ns, Reaching safepoint: 7501 ns, Cleanup: 21902 ns, At safepoint: 2300 ns, Total: 31703 ns
[1826.930s][info ][safepoint      ] Safepoint "Cleanup", Time since last: 5291717397 ns, Reaching safepoint: 4001 ns, Cleanup: 7500 ns, At safepoint: 6301 ns, Total: 17802 ns
[1826.947s][info ][safepoint      ] Safepoint "JFRCheckpoint", Time since last: 16895121 ns, Reaching safepoint: 3500 ns, Cleanup: 9301 ns, At safepoint: 32203 ns, Total: 45004 ns
[1826.949s][info ][gc,heap,exit   ] Heap
[1826.949s][info ][gc,heap,exit   ]  PSYoungGen      total 1808896K, used 807859K [0x0000000780000000, 0x0000000800000000, 0x0000000800000000)
[1826.949s][info ][gc,heap,exit   ]   eden space 1524736K, 43% used [0x0000000780000000,0x00000007a8e04ca0,0x00000007dd100000)
[1826.949s][info ][gc,heap,exit   ]   from space 284160K, 48% used [0x00000007dd100000,0x00000007e57e8068,0x00000007ee680000)
[1826.949s][info ][gc,heap,exit   ]   to   space 271872K, 0% used [0x00000007ef680000,0x00000007ef680000,0x0000000800000000)
[1826.949s][info ][gc,heap,exit   ]  ParOldGen       total 382976K, used 279302K [0x00000006c0000000, 0x00000006d7600000, 0x0000000780000000)
[1826.949s][info ][gc,heap,exit   ]   object space 382976K, 72% used [0x00000006c0000000,0x00000006d10c19e8,0x00000006d7600000)
[1826.949s][info ][gc,heap,exit   ]  Metaspace       used 97411K, committed 98752K, reserved 1179648K
[1826.949s][info ][gc,heap,exit   ]   class space    used 14304K, committed 14848K, reserved 1048576K
